Attaching to jupiter-layout_juno-admin_1
[36mjuno-admin_1  |[0m starting juno-admin...
[36mjuno-admin_1  |[0m 2022-10-08 11:16:20.011544 I | read config: /root/juno/config/install.toml
[36mjuno-admin_1  |[0m 2022-10-08 11:16:20.011705 I | load config successfully
[36mjuno-admin_1  |[0m 2022-10-08 11:16:20.011713 I | hook config, init loggers
[36mjuno-admin_1  |[0m 2022-10-08 11:16:20.011718 I | hook config, init runtime(governor)
[36mjuno-admin_1  |[0m 2022-10-08 11:16:20.011721 I | hook config, init sentinel rules
[36mjuno-admin_1  |[0m 2022-10-08 11:16:20.011723 I | hook config, init registry
[36mjuno-admin_1  |[0m 2022-10-08 11:16:20.011753 I | hook config, read registry config failed: jupiter.registry: invalid key, maybe not exist in config
[36mjuno-admin_1  |[0m 2022-10-08 11:16:20.011762 I | load config from datasource[/root/juno/config/install.toml] completely!
[36mjuno-admin_1  |[0m [32m
[36mjuno-admin_1  |[0m    (_)_   _ _ __ (_) |_ ___ _ __
[36mjuno-admin_1  |[0m    | | | | | '_ \| | __/ _ \ '__|
[36mjuno-admin_1  |[0m    | | |_| | |_) | | ||  __/ |
[36mjuno-admin_1  |[0m   _/ |\__,_| .__/|_|\__\___|_|
[36mjuno-admin_1  |[0m  |__/      |_|
[36mjuno-admin_1  |[0m 
[36mjuno-admin_1  |[0m  Welcome to jupiter, starting application ...
[36mjuno-admin_1  |[0m [0m
[36mjuno-admin_1  |[0m 
[36mjuno-admin_1  |[0m [35m(/home/runner/work/juno/juno/app/adminengine/engine_install.go:126)[0m 
[36mjuno-admin_1  |[0m [33m[2022-10-08 11:16:20][0m  [36;1m[222.22ms][0m  CREATE TABLE `app` (`aid` int AUTO_INCREMENT NOT NULL,`gid` int NOT NULL  COMMENT 'gitlab id',`name` varchar(255) NOT NULL  COMMENT '项目中文名',`app_name` varchar(255) NOT NULL  COMMENT '项目英文唯一标识名',`create_time` bigint NOT NULL  COMMENT '创建时间',`update_time` bigint NOT NULL  COMMENT '更新时间',`level` int NOT NULL  COMMENT '层级',`lang` varchar(255) NOT NULL  COMMENT '语言',`biz_domain` varchar(255) NOT NULL  COMMENT '业务类型',`created_by` int NOT NULL  COMMENT '创建者',`updated_by` int NOT NULL  COMMENT '更新者',`http_port` varchar(255) NOT NULL  COMMENT 'HTTP端口号',`rpc_port` varchar(255) NOT NULL  COMMENT 'RPC端口号',`govern_port` varchar(255) NOT NULL  COMMENT '治理端口号',`hook_id` int NOT NULL  COMMENT '钩子',`users` json NOT NULL  COMMENT '业务负责人',`web_url` varchar(255) NOT NULL,`proto_dir` varchar(255) NOT NULL,`git_url` varchar(255) NOT NULL , PRIMARY KEY (`aid`)) ENGINE=InnoDB  
[36mjuno-admin_1  |[0m [36;31m[0 rows affected or returned ][0m 
[36mjuno-admin_1  |[0m 
[36mjuno-admin_1  |[0m [35m(/home/runner/work/juno/juno/app/adminengine/engine_install.go:126)[0m 
[36mjuno-admin_1  |[0m [33m[2022-10-08 11:16:20][0m  [36;1m[222.93ms][0m  CREATE INDEX idx_app_name ON `app`(`name`)   
[36mjuno-admin_1  |[0m [36;31m[0 rows affected or returned ][0m 
[36mjuno-admin_1  |[0m 
[36mjuno-admin_1  |[0m [35m(/home/runner/work/juno/juno/app/adminengine/engine_install.go:126)[0m 
[36mjuno-admin_1  |[0m [33m[2022-10-08 11:16:20][0m  [36;1m[205.77ms][0m  CREATE INDEX idx_app_app_name ON `app`(app_name)   
[36mjuno-admin_1  |[0m [36;31m[0 rows affected or returned ][0m 
[36mjuno-admin_1  |[0m 
[36mjuno-admin_1  |[0m [35m(/home/runner/work/juno/juno/app/adminengine/engine_install.go:126)[0m 
[36mjuno-admin_1  |[0m [33m[2022-10-08 11:16:20][0m  [36;1m[264.96ms][0m  CREATE TABLE `app_change_map` (`id` int AUTO_INCREMENT NOT NULL,`app_name` varchar(255) NOT NULL,`md5` varchar(255) NOT NULL,`updated_at` bigint NOT NULL , PRIMARY KEY (`id`)) ENGINE=InnoDB  
[36mjuno-admin_1  |[0m [36;31m[0 rows affected or returned ][0m 
[36mjuno-admin_1  |[0m 
[36mjuno-admin_1  |[0m [35m(/home/runner/work/juno/juno/app/adminengine/engine_install.go:126)[0m 
[36mjuno-admin_1  |[0m [33m[2022-10-08 11:16:21][0m  [36;1m[190.74ms][0m  CREATE INDEX idx_app_change_map_app_name ON `app_change_map`(app_name)   
[36mjuno-admin_1  |[0m [36;31m[0 rows affected or returned ][0m 
[36mjuno-admin_1  |[0m 
[36mjuno-admin_1  |[0m [35m(/home/runner/work/juno/juno/app/adminengine/engine_install.go:126)[0m 
[36mjuno-admin_1  |[0m [33m[2022-10-08 11:16:21][0m  [36;1m[240.64ms][0m  CREATE INDEX idx_app_change_map_md5 ON `app_change_map`(`md5`)   
[36mjuno-admin_1  |[0m [36;31m[0 rows affected or returned ][0m 
[36mjuno-admin_1  |[0m 
[36mjuno-admin_1  |[0m [35m(/home/runner/work/juno/juno/app/adminengine/engine_install.go:126)[0m 
[36mjuno-admin_1  |[0m [33m[2022-10-08 11:16:21][0m  [36;1m[206.65ms][0m  CREATE TABLE `app_topology` (`id` int AUTO_INCREMENT NOT NULL,`aid` int NOT NULL,`app_name` varchar(255) NOT NULL,`region_code` varchar(255) NOT NULL,`zone_code` varchar(255) NOT NULL,`env` varchar(255) NOT NULL,`file_name` varchar(255) NOT NULL,`addr` varchar(255) NOT NULL,`ip` varchar(255) NOT NULL,`port` varchar(255) NOT NULL,`name` varchar(255) NOT NULL,`type` varchar(255) NOT NULL,`info` varchar(255) NOT NULL,`update_time` bigint NOT NULL,`updated_by` int NOT NULL,`extra` text NOT NULL , PRIMARY KEY (`id`)) ENGINE=InnoDB  
[36mjuno-admin_1  |[0m [36;31m[0 rows affected or returned ][0m 
[36mjuno-admin_1  |[0m 
[36mjuno-admin_1  |[0m [35m(/home/runner/work/juno/juno/app/adminengine/engine_install.go:126)[0m 
[36mjuno-admin_1  |[0m [33m[2022-10-08 11:16:21][0m  [36;1m[248.84ms][0m  CREATE TABLE `app_event` (`id` int AUTO_INCREMENT,`app_name` varchar(255) NOT NULL,`aid` int NOT NULL,`zone_code` varchar(255) NOT NULL,`env` varchar(255) NOT NULL,`host_name` varchar(255) NOT NULL,`operator_type` varchar(255) NOT NULL  DEFAULT 'user',`user_name` varchar(255) NOT NULL,`uid` int NOT NULL,`operation` varchar(255) NOT NULL,`create_time` bigint,`source` varchar(255) NOT NULL,`metadata` text NOT NULL , PRIMARY KEY (`id`)) ENGINE=InnoDB  
[36mjuno-admin_1  |[0m [36;31m[0 rows affected or returned ][0m 
[36mjuno-admin_1  |[0m 
[36mjuno-admin_1  |[0m [35m(/home/runner/work/juno/juno/app/adminengine/engine_install.go:126)[0m 
[36mjuno-admin_1  |[0m [33m[2022-10-08 11:16:22][0m  [36;1m[183.02ms][0m  CREATE INDEX idx_aid ON `app_event`(`aid`)   
[36mjuno-admin_1  |[0m [36;31m[0 rows affected or returned ][0m 
[36mjuno-admin_1  |[0m 
[36mjuno-admin_1  |[0m [35m(/home/runner/work/juno/juno/app/adminengine/engine_install.go:126)[0m 
[36mjuno-admin_1  |[0m [33m[2022-10-08 11:16:22][0m  [36;1m[207.16ms][0m  CREATE INDEX idx_zone_code ON `app_event`(zone_code)   
[36mjuno-admin_1  |[0m [36;31m[0 rows affected or returned ][0m 
[36mjuno-admin_1  |[0m 
[36mjuno-admin_1  |[0m [35m(/home/runner/work/juno/juno/app/adminengine/engine_install.go:126)[0m 
[36mjuno-admin_1  |[0m [33m[2022-10-08 11:16:22][0m  [36;1m[240.82ms][0m  CREATE INDEX idx_env ON `app_event`(`env`)   
[36mjuno-admin_1  |[0m [36;31m[0 rows affected or returned ][0m 
[36mjuno-admin_1  |[0m 
[36mjuno-admin_1  |[0m [35m(/home/runner/work/juno/juno/app/adminengine/engine_install.go:126)[0m 
[36mjuno-admin_1  |[0m [33m[2022-10-08 11:16:22][0m  [36;1m[190.57ms][0m  CREATE INDEX idx_operation ON `app_event`(`operation`)   
[36mjuno-admin_1  |[0m [36;31m[0 rows affected or returned ][0m 
[36mjuno-admin_1  |[0m 
[36mjuno-admin_1  |[0m [35m(/home/runner/work/juno/juno/app/adminengine/engine_install.go:126)[0m 
[36mjuno-admin_1  |[0m [33m[2022-10-08 11:16:22][0m  [36;1m[190.65ms][0m  CREATE INDEX idx_source ON `app_event`(`source`)   
[36mjuno-admin_1  |[0m [36;31m[0 rows affected or returned ][0m 
[36mjuno-admin_1  |[0m 
[36mjuno-admin_1  |[0m [35m(/home/runner/work/juno/juno/app/adminengine/engine_install.go:126)[0m 
[36mjuno-admin_1  |[0m [33m[2022-10-08 11:16:23][0m  [36;1m[165.61ms][0m  CREATE INDEX idx_app_name ON `app_event`(app_name)   
[36mjuno-admin_1  |[0m [36;31m[0 rows affected or returned ][0m 
[36mjuno-admin_1  |[0m 
[36mjuno-admin_1  |[0m [35m(/home/runner/work/juno/juno/app/adminengine/engine_install.go:126)[0m 
[36mjuno-admin_1  |[0m [33m[2022-10-08 11:16:23][0m  [36;1m[272.98ms][0m  CREATE TABLE `app_log` (`id` int AUTO_INCREMENT NOT NULL  COMMENT '应用id',`aid` int NOT NULL  COMMENT '应用id',`gid` int NOT NULL  COMMENT 'gitlab id',`name` varchar(255) NOT NULL  COMMENT '项目中文名',`app_name` varchar(255) NOT NULL  COMMENT '项目英文唯一标识名',`create_time` bigint NOT NULL  COMMENT '创建时间',`update_time` bigint NOT NULL  COMMENT '更新时间',`level` int NOT NULL  COMMENT '层级',`lang` varchar(255) NOT NULL  COMMENT '语言',`biz_domain` varchar(255) NOT NULL,`created_by` int NOT NULL  COMMENT '创建者',`updated_by` int NOT NULL  COMMENT '更新者',`http_port` varchar(255) NOT NULL,`rpc_port` varchar(255) NOT NULL,`health_port` varchar(255) NOT NULL,`hook_id` int NOT NULL  COMMENT '钩子',`users` json NOT NULL,`web_url` varchar(255) NOT NULL,`action` varchar(32) COMMENT '动作',`created_at` DATETIME NULL COMMENT '记录创建时间' , PRIMARY KEY (`id`)) ENGINE=InnoDB  
[36mjuno-admin_1  |[0m [36;31m[0 rows affected or returned ][0m 
[36mjuno-admin_1  |[0m 
[36mjuno-admin_1  |[0m [35m(/home/runner/work/juno/juno/app/adminengine/engine_install.go:126)[0m 
[36mjuno-admin_1  |[0m [33m[2022-10-08 11:16:23][0m  [36;1m[208.29ms][0m  CREATE INDEX idx_app_log_app_name ON `app_log`(app_name)   
[36mjuno-admin_1  |[0m [36;31m[0 rows affected or returned ][0m 
[36mjuno-admin_1  |[0m 
[36mjuno-admin_1  |[0m [35m(/home/runner/work/juno/juno/app/adminengine/engine_install.go:126)[0m 
[36mjuno-admin_1  |[0m [33m[2022-10-08 11:16:23][0m  [36;1m[223.28ms][0m  CREATE INDEX idx_app_log_name ON `app_log`(`name`)   
[36mjuno-admin_1  |[0m [36;31m[0 rows affected or returned ][0m 
[36mjuno-admin_1  |[0m 
[36mjuno-admin_1  |[0m [35m(/home/runner/work/juno/juno/app/adminengine/engine_install.go:126)[0m 
[36mjuno-admin_1  |[0m [33m[2022-10-08 11:16:24][0m  [36;1m[256.82ms][0m  CREATE TABLE `app_node` (`id` int AUTO_INCREMENT NOT NULL,`app_name` varchar(255) NOT NULL,`aid` int NOT NULL,`host_name` varchar(255) NOT NULL,`ip` varchar(255) NOT NULL,`device_id` int NOT NULL,`env` varchar(255) NOT NULL,`region_code` varchar(255) NOT NULL,`region_name` varchar(255) NOT NULL,`zone_code` varchar(255) NOT NULL,`zone_name` varchar(255) NOT NULL,`create_time` bigint NOT NULL,`update_time` bigint NOT NULL , PRIMARY KEY (`id`)) ENGINE=InnoDB  
[36mjuno-admin_1  |[0m [36;31m[0 rows affected or returned ][0m 
[36mjuno-admin_1  |[0m 
[36mjuno-admin_1  |[0m [35m(/home/runner/work/juno/juno/app/adminengine/engine_install.go:126)[0m 
[36mjuno-admin_1  |[0m [33m[2022-10-08 11:16:24][0m  [36;1m[207.52ms][0m  CREATE INDEX idx_app_node_ip ON `app_node`(`ip`)   
[36mjuno-admin_1  |[0m [36;31m[0 rows affected or returned ][0m 
[36mjuno-admin_1  |[0m 
[36mjuno-admin_1  |[0m [35m(/home/runner/work/juno/juno/app/adminengine/engine_install.go:126)[0m 
[36mjuno-admin_1  |[0m [33m[2022-10-08 11:16:24][0m  [36;1m[349.31ms][0m  CREATE TABLE `node` (`id` int AUTO_INCREMENT NOT NULL,`host_name` varchar(255) NOT NULL,`ip` varchar(255) NOT NULL,`create_time` bigint NOT NULL,`update_time` bigint NOT NULL,`env` varchar(255) NOT NULL,`region_code` varchar(255) NOT NULL,`region_name` varchar(255) NOT NULL,`zone_code` varchar(255) NOT NULL,`zone_name` varchar(255) NOT NULL,`agent_heartbeat_time` bigint NOT NULL,`proxy_heartbeat_time` bigint NOT NULL,`node_type` int NOT NULL,`agent_type` int NOT NULL,`agent_version` varchar(255) NOT NULL,`proxy_type` int NOT NULL,`proxy_version` varchar(255) NOT NULL , PRIMARY KEY (`id`)) ENGINE=InnoDB  
[36mjuno-admin_1  |[0m [36;31m[0 rows affected or returned ][0m 
[36mjuno-admin_1  |[0m 
[36mjuno-admin_1  |[0m [35m(/home/runner/work/juno/juno/app/adminengine/engine_install.go:126)[0m 
[36mjuno-admin_1  |[0m [33m[2022-10-08 11:16:24][0m  [36;1m[257.85ms][0m  CREATE TABLE `app_node_map` (`id` int AUTO_INCREMENT,`aid` int,`app_name` varchar(255),`md5` varchar(255) , PRIMARY KEY (`id`)) ENGINE=InnoDB  
[36mjuno-admin_1  |[0m [36;31m[0 rows affected or returned ][0m 
[36mjuno-admin_1  |[0m 
[36mjuno-admin_1  |[0m [35m(/home/runner/work/juno/juno/app/adminengine/engine_install.go:126)[0m 
[36mjuno-admin_1  |[0m [33m[2022-10-08 11:16:25][0m  [36;1m[213.59ms][0m  CREATE TABLE `app_package` (`id` int AUTO_INCREMENT NOT NULL,`aid` int NOT NULL,`name` varchar(255) NOT NULL,`branch` varchar(255) NOT NULL,`version` varchar(255) NOT NULL,`revision` varchar(255) NOT NULL,`packages` text NOT NULL,`update_time` bigint NOT NULL , PRIMARY KEY (`id`)) ENGINE=InnoDB  
[36mjuno-admin_1  |[0m [36;31m[0 rows affected or returned ][0m 
[36mjuno-admin_1  |[0m 
[36mjuno-admin_1  |[0m [35m(/home/runner/work/juno/juno/app/adminengine/engine_install.go:126)[0m 
[36mjuno-admin_1  |[0m [33m[2022-10-08 11:16:25][0m  [36;1m[300.78ms][0m  CREATE TABLE `app_statics` (`aid` int NOT NULL,`app_name` varchar(255) NOT NULL,`git_push` int NOT NULL,`git_tag_push` int NOT NULL,`git_issue` int NOT NULL,`git_merge_request` int NOT NULL,`git_wiki_page` int NOT NULL,`git_pipeline` int NOT NULL,`git_job` int NOT NULL,`cmc_create` int NOT NULL,`cmc_update` int NOT NULL,`cmc_delete` int NOT NULL,`app_create` int NOT NULL,`app_update` int NOT NULL,`app_delete` int NOT NULL,`node_create` int NOT NULL,`node_update` int NOT NULL,`node_delete` int NOT NULL,`pprof_create` int NOT NULL,`devops_update` int NOT NULL,`devops_register` int NOT NULL,`devops_unregister` int NOT NULL,`devops_start` int NOT NULL,`devops_restart` int NOT NULL,`devops_stop` int NOT NULL,`devops_deploy` int NOT NULL,`devops_rollback` int NOT NULL,`updated_at` DATETIME NULL,`created_at` DATETIME NULL ) ENGINE=InnoDB  
[36mjuno-admin_1  |[0m [36;31m[0 rows affected or returned ][0m 
[36mjuno-admin_1  |[0m 
[36mjuno-admin_1  |[0m [35m(/home/runner/work/juno/juno/app/adminengine/engine_install.go:126)[0m 
[36mjuno-admin_1  |[0m [33m[2022-10-08 11:16:25][0m  [36;1m[340.83ms][0m  CREATE TABLE `app_user_relation` (`id` int AUTO_INCREMENT NOT NULL,`app_name` varchar(255) NOT NULL,`user_name` varchar(255) NOT NULL,`updated_at` bigint NOT NULL , PRIMARY KEY (`id`)) ENGINE=InnoDB  
[36mjuno-admin_1  |[0m [36;31m[0 rows affected or returned ][0m 
[36mjuno-admin_1  |[0m 
[36mjuno-admin_1  |[0m [35m(/home/runner/work/juno/juno/app/adminengine/engine_install.go:126)[0m 
[36mjuno-admin_1  |[0m [33m[2022-10-08 11:16:25][0m  [36;1m[290.80ms][0m  CREATE TABLE `app_view_history` (`id` int unsigned AUTO_INCREMENT,`created_at` DATETIME NULL,`updated_at` DATETIME NULL,`deleted_at` DATETIME NULL,`uid` int unsigned,`aid` int unsigned,`app_name` varchar(255) , PRIMARY KEY (`id`)) ENGINE=InnoDB  
[36mjuno-admin_1  |[0m [36;31m[0 rows affected or returned ][0m 
[36mjuno-admin_1  |[0m 
[36mjuno-admin_1  |[0m [35m(/home/runner/work/juno/juno/app/adminengine/engine_install.go:126)[0m 
[36mjuno-admin_1  |[0m [33m[2022-10-08 11:16:26][0m  [36;1m[190.91ms][0m  CREATE INDEX idx_app_view_history_deleted_at ON `app_view_history`(deleted_at)   
[36mjuno-admin_1  |[0m [36;31m[0 rows affected or returned ][0m 
[36mjuno-admin_1  |[0m 
[36mjuno-admin_1  |[0m [35m(/home/runner/work/juno/juno/app/adminengine/engine_install.go:126)[0m 
[36mjuno-admin_1  |[0m [33m[2022-10-08 11:16:26][0m  [36;1m[248.33ms][0m  CREATE TABLE `board` (`id` int AUTO_INCREMENT NOT NULL,`name` varchar(255) NOT NULL,`src` varchar(255) NOT NULL,`meta_data` json NOT NULL,`is_enable` boolean NOT NULL,`is_common` boolean NOT NULL,`created_at` bigint NOT NULL,`updated_at` bigint NOT NULL,`deleted_at` DATETIME NULL , PRIMARY KEY (`id`)) ENGINE=InnoDB  
[36mjuno-admin_1  |[0m [36;31m[0 rows affected or returned ][0m 
[36mjuno-admin_1  |[0m 
[36mjuno-admin_1  |[0m [35m(/home/runner/work/juno/juno/app/adminengine/engine_install.go:126)[0m 
[36mjuno-admin_1  |[0m [33m[2022-10-08 11:16:26][0m  [36;1m[183.03ms][0m  CREATE INDEX idx_board_deleted_at ON `board`(deleted_at)   
[36mjuno-admin_1  |[0m [36;31m[0 rows affected or returned ][0m 
[36mjuno-admin_1  |[0m 
[36mjuno-admin_1  |[0m [35m(/home/runner/work/juno/juno/app/adminengine/engine_install.go:126)[0m 
[36mjuno-admin_1  |[0m [33m[2022-10-08 11:16:26][0m  [36;1m[215.00ms][0m  CREATE TABLE `board_auth` (`id` int AUTO_INCREMENT NOT NULL,`did` int NOT NULL,`uid` int NOT NULL,`created_at` bigint NOT NULL , PRIMARY KEY (`id`)) ENGINE=InnoDB  
[36mjuno-admin_1  |[0m [36;31m[0 rows affected or returned ][0m 
[36mjuno-admin_1  |[0m 
[36mjuno-admin_1  |[0m [35m(/home/runner/work/juno/juno/app/adminengine/engine_install.go:126)[0m 
[36mjuno-admin_1  |[0m [33m[2022-10-08 11:16:27][0m  [36;1m[198.92ms][0m  CREATE TABLE `cmc_tpl` (`id` int AUTO_INCREMENT NOT NULL,`tpl_type` varchar(255) NOT NULL,`content` longtext NOT NULL,`create_time` bigint NOT NULL,`update_time` bigint NOT NULL , PRIMARY KEY (`id`)) ENGINE=InnoDB  
[36mjuno-admin_1  |[0m [36;31m[0 rows affected or returned ][0m 
[36mjuno-admin_1  |[0m 
[36mjuno-admin_1  |[0m [35m(/home/runner/work/juno/juno/app/adminengine/engine_install.go:126)[0m 
[36mjuno-admin_1  |[0m [33m[2022-10-08 11:16:27][0m  [36;1m[282.48ms][0m  CREATE TABLE `zone` (`id` int AUTO_INCREMENT NOT NULL  COMMENT '注释',`env` varchar(255) NOT NULL,`region_code` varchar(255) NOT NULL,`region_name` varchar(255) NOT NULL,`zone_code` varchar(255) NOT NULL,`zone_name` varchar(255) NOT NULL,`create_time` bigint NOT NULL  COMMENT '注释',`update_time` bigint NOT NULL  COMMENT '注释',`created_by` int NOT NULL  COMMENT '注释',`updated_by` int NOT NULL  COMMENT '注释' , PRIMARY KEY (`id`)) ENGINE=InnoDB  
[36mjuno-admin_1  |[0m [36;31m[0 rows affected or returned ][0m 
[36mjuno-admin_1  |[0m 
[36mjuno-admin_1  |[0m [35m(/home/runner/work/juno/juno/app/adminengine/engine_install.go:126)[0m 
[36mjuno-admin_1  |[0m [33m[2022-10-08 11:16:27][0m  [36;1m[273.46ms][0m  CREATE TABLE `ops_supervisor_config` (`id` int AUTO_INCREMENT,`aid` int,`app_name` varchar(255),`ops_app_name` varchar(255),`zone_code` varchar(255),`access_key` varchar(255),`access_secret` varchar(255),`create_time` bigint,`update_time` bigint , PRIMARY KEY (`id`)) ENGINE=InnoDB  
[36mjuno-admin_1  |[0m [36;31m[0 rows affected or returned ][0m 
[36mjuno-admin_1  |[0m 
[36mjuno-admin_1  |[0m [35m(/home/runner/work/juno/juno/app/adminengine/engine_install.go:126)[0m 
[36mjuno-admin_1  |[0m [33m[2022-10-08 11:16:27][0m  [36;1m[284.10ms][0m  CREATE TABLE `pprof` (`id` int AUTO_INCREMENT NOT NULL,`type` varchar(255) NOT NULL,`scene_id` varchar(255) NOT NULL,`app_name` varchar(255) NOT NULL,`aid` int NOT NULL,`file_info` varchar(255) NOT NULL,`zone_code` varchar(255) NOT NULL,`env` varchar(255) NOT NULL,`ext` varchar(255) NOT NULL,`remark` varchar(255) NOT NULL,`host_name` varchar(255) NOT NULL,`create_time` bigint,`update_time` bigint,`delete_time` bigint , PRIMARY KEY (`id`)) ENGINE=InnoDB  
[36mjuno-admin_1  |[0m [36;31m[0 rows affected or returned ][0m 
[36mjuno-admin_1  |[0m 
[36mjuno-admin_1  |[0m [35m(/home/runner/work/juno/juno/app/adminengine/engine_install.go:126)[0m 
[36mjuno-admin_1  |[0m [33m[2022-10-08 11:16:28][0m  [36;1m[199.09ms][0m  CREATE INDEX idx_pprof_delete_time ON `pprof`(delete_time)   
[36mjuno-admin_1  |[0m [36;31m[0 rows affected or returned ][0m 
[36mjuno-admin_1  |[0m 
[36mjuno-admin_1  |[0m [35m(/home/runner/work/juno/juno/app/adminengine/engine_install.go:126)[0m 
[36mjuno-admin_1  |[0m [33m[2022-10-08 11:16:28][0m  [36;1m[223.26ms][0m  CREATE TABLE `tool` (`id` bigint unsigned AUTO_INCREMENT NOT NULL  COMMENT 'id',`name` varchar(255) NOT NULL  COMMENT '工具名',`url` varchar(255) NOT NULL  COMMENT '工具地址',`pic_url` varchar(255) NOT NULL  COMMENT '图片地址',`desc` varchar(255) NOT NULL  COMMENT '工具描述',`create_time` bigint NOT NULL  COMMENT '创建时间' , PRIMARY KEY (`id`)) ENGINE=InnoDB  
[36mjuno-admin_1  |[0m [36;31m[0 rows affected or returned ][0m 
[36mjuno-admin_1  |[0m 
[36mjuno-admin_1  |[0m [35m(/home/runner/work/juno/juno/app/adminengine/engine_install.go:126)[0m 
[36mjuno-admin_1  |[0m [33m[2022-10-08 11:16:28][0m  [36;1m[231.66ms][0m  CREATE TABLE `user` (`uid` int AUTO_INCREMENT NOT NULL,`oaid` int NOT NULL  COMMENT 'oa uid',`username` varchar(255) NOT NULL  COMMENT '用户名',`nickname` varchar(255) NOT NULL  COMMENT '昵称',`secret` varchar(255) NOT NULL  COMMENT '秘钥',`email` varchar(255) NOT NULL  COMMENT 'email',`avatar` varchar(255) NOT NULL  COMMENT 'avatart',`web_url` varchar(255) NOT NULL  COMMENT '注释',`state` varchar(255) NOT NULL  COMMENT '注释',`hash` varchar(255) NOT NULL  COMMENT '注释',`create_time` bigint NOT NULL  COMMENT '注释',`update_time` bigint NOT NULL  COMMENT '注释',`oauth` varchar(255) NOT NULL,`oauth_id` varchar(255) NOT NULL,`password` varchar(255) NOT NULL  COMMENT '注释',`current_authority` varchar(255),`access` varchar(255),`oauth_token` json COMMENT 'OAuth Token 信息' , PRIMARY KEY (`uid`)) ENGINE=InnoDB  
[36mjuno-admin_1  |[0m [36;31m[0 rows affected or returned ][0m 
[36mjuno-admin_1  |[0m 
[36mjuno-admin_1  |[0m [35m(/home/runner/work/juno/juno/app/adminengine/engine_install.go:126)[0m 
[36mjuno-admin_1  |[0m [33m[2022-10-08 11:16:28][0m  [36;1m[259.59ms][0m  CREATE TABLE `user_relation` (`id` int AUTO_INCREMENT NOT NULL  COMMENT '注释',`uid` int NOT NULL  COMMENT '注释',`bid` int NOT NULL  COMMENT '注释',`type` int NOT NULL  COMMENT '注释',`create_time` bigint NOT NULL  COMMENT '注释',`update_time` bigint NOT NULL  COMMENT '注释',`delete_time` bigint NOT NULL  COMMENT '注释' , PRIMARY KEY (`id`)) ENGINE=InnoDB  
[36mjuno-admin_1  |[0m [36;31m[0 rows affected or returned ][0m 
[36mjuno-admin_1  |[0m 
[36mjuno-admin_1  |[0m [35m(/home/runner/work/juno/juno/app/adminengine/engine_install.go:126)[0m 
[36mjuno-admin_1  |[0m [33m[2022-10-08 11:16:29][0m  [36;1m[257.27ms][0m  CREATE TABLE `option` (`id` int AUTO_INCREMENT NOT NULL,`option_title` varchar(255) NOT NULL,`option_name` varchar(255) NOT NULL,`option_value` varchar(255) NOT NULL,`create_time` bigint NOT NULL  COMMENT '创建时间',`update_time` bigint NOT NULL  COMMENT '更新时间' , PRIMARY KEY (`id`)) ENGINE=InnoDB  
[36mjuno-admin_1  |[0m [36;31m[0 rows affected or returned ][0m 
[36mjuno-admin_1  |[0m 
[36mjuno-admin_1  |[0m [35m(/home/runner/work/juno/juno/app/adminengine/engine_install.go:126)[0m 
[36mjuno-admin_1  |[0m [33m[2022-10-08 11:16:29][0m  [36;1m[232.33ms][0m  CREATE TABLE `system_config` (`name` varchar(50) NOT NULL,`content` longtext NOT NULL,`create_time` bigint NOT NULL,`update_time` bigint NOT NULL , PRIMARY KEY (`name`)) ENGINE=InnoDB  
[36mjuno-admin_1  |[0m [36;31m[0 rows affected or returned ][0m 
[36mjuno-admin_1  |[0m 
[36mjuno-admin_1  |[0m [35m(/home/runner/work/juno/juno/app/adminengine/engine_install.go:126)[0m 
[36mjuno-admin_1  |[0m [33m[2022-10-08 11:16:29][0m  [36;1m[282.37ms][0m  CREATE TABLE `configuration` (`id` int unsigned AUTO_INCREMENT,`aid` int unsigned,`name` varchar(32),`content` longtext,`format` varchar(20),`env` varchar(20),`zone` varchar(50),`version` varchar(50),`created_at` DATETIME NULL,`access_token_id` int unsigned,`uid` int unsigned,`updated_at` DATETIME NULL,`deleted_at` DATETIME NULL,`published_at` DATETIME NULL,`lock_uid` int unsigned,`lock_at` DATETIME NULL , PRIMARY KEY (`id`)) ENGINE=InnoDB  
[36mjuno-admin_1  |[0m [36;31m[0 rows affected or returned ][0m 
[36mjuno-admin_1  |[0m 
[36mjuno-admin_1  |[0m [35m(/home/runner/work/juno/juno/app/adminengine/engine_install.go:126)[0m 
[36mjuno-admin_1  |[0m [33m[2022-10-08 11:16:29][0m  [36;1m[231.97ms][0m  CREATE TABLE `configuration_publish` (`id` int unsigned AUTO_INCREMENT,`uid` int unsigned,`access_token_id` int unsigned,`configuration_id` int unsigned,`configuration_history_id` int unsigned,`apply_instance` varchar(255),`file_path` varchar(255),`created_at` DATETIME NULL , PRIMARY KEY (`id`)) ENGINE=InnoDB  
[36mjuno-admin_1  |[0m [36;31m[0 rows affected or returned ][0m 
[36mjuno-admin_1  |[0m 
[36mjuno-admin_1  |[0m [35m(/home/runner/work/juno/juno/app/adminengine/engine_install.go:126)[0m 
[36mjuno-admin_1  |[0m [33m[2022-10-08 11:16:30][0m  [36;1m[265.82ms][0m  CREATE TABLE `configuration_history` (`id` int unsigned AUTO_INCREMENT,`access_token_id` int unsigned,`uid` int unsigned,`configuration_id` int unsigned,`change_log` longtext,`content` longtext,`version` varchar(50),`created_at` DATETIME NULL,`deleted_at` DATETIME NULL , PRIMARY KEY (`id`)) ENGINE=InnoDB  
[36mjuno-admin_1  |[0m [36;31m[0 rows affected or returned ][0m 
[36mjuno-admin_1  |[0m 
[36mjuno-admin_1  |[0m [35m(/home/runner/work/juno/juno/app/adminengine/engine_install.go:126)[0m 
[36mjuno-admin_1  |[0m [33m[2022-10-08 11:16:30][0m  [36;1m[323.79ms][0m  CREATE TABLE `configuration_status` (`id` int unsigned AUTO_INCREMENT,`configuration_id` int unsigned,`configuration_publish_id` int unsigned,`host_name` varchar(255),`used` int unsigned,`synced` int unsigned,`take_effect` int unsigned,`created_at` DATETIME NULL,`update_at` DATETIME NULL , PRIMARY KEY (`id`)) ENGINE=InnoDB  
[36mjuno-admin_1  |[0m [36;31m[0 rows affected or returned ][0m 
[36mjuno-admin_1  |[0m 
[36mjuno-admin_1  |[0m [35m(/home/runner/work/juno/juno/app/adminengine/engine_install.go:126)[0m 
[36mjuno-admin_1  |[0m [33m[2022-10-08 11:16:30][0m  [36;1m[265.83ms][0m  CREATE TABLE `configuration_resource_relation` (`id` int unsigned AUTO_INCREMENT,`created_at` DATETIME NULL,`deleted_at` DATETIME NULL,`configuration_history_id` int unsigned,`config_resource_value_id` int unsigned , PRIMARY KEY (`id`)) ENGINE=InnoDB  
[36mjuno-admin_1  |[0m [36;31m[0 rows affected or returned ][0m 
[36mjuno-admin_1  |[0m 
[36mjuno-admin_1  |[0m [35m(/home/runner/work/juno/juno/app/adminengine/engine_install.go:126)[0m 
[36mjuno-admin_1  |[0m [33m[2022-10-08 11:16:30][0m  [36;1m[207.65ms][0m  CREATE TABLE `config_resource` (`id` int unsigned AUTO_INCREMENT,`uid` int unsigned,`is_global` boolean,`name` varchar(50),`env` varchar(30),`zone_code` varchar(50),`description` varchar(255),`visible` boolean , PRIMARY KEY (`id`)) ENGINE=InnoDB  
[36mjuno-admin_1  |[0m [36;31m[0 rows affected or returned ][0m 
[36mjuno-admin_1  |[0m 
[36mjuno-admin_1  |[0m [35m(/home/runner/work/juno/juno/app/adminengine/engine_install.go:126)[0m 
[36mjuno-admin_1  |[0m [33m[2022-10-08 11:16:31][0m  [36;1m[240.68ms][0m  CREATE TABLE `config_resource_tag` (`id` int unsigned AUTO_INCREMENT,`config_resource_id` int unsigned,`value` varchar(30) , PRIMARY KEY (`id`)) ENGINE=InnoDB  
[36mjuno-admin_1  |[0m [36;31m[0 rows affected or returned ][0m 
[36mjuno-admin_1  |[0m 
[36mjuno-admin_1  |[0m [35m(/home/runner/work/juno/juno/app/adminengine/engine_install.go:126)[0m 
[36mjuno-admin_1  |[0m [33m[2022-10-08 11:16:31][0m  [36;1m[240.74ms][0m  CREATE TABLE `config_resource_value` (`id` int unsigned AUTO_INCREMENT,`config_resource_id` int unsigned,`value` text,`created_at` DATETIME NULL,`deleted_at` DATETIME NULL , PRIMARY KEY (`id`)) ENGINE=InnoDB  
[36mjuno-admin_1  |[0m [36;31m[0 rows affected or returned ][0m 
[36mjuno-admin_1  |[0m 
[36mjuno-admin_1  |[0m [35m(/home/runner/work/juno/juno/app/adminengine/engine_install.go:126)[0m 
[36mjuno-admin_1  |[0m [33m[2022-10-08 11:16:31][0m  [36;1m[248.85ms][0m  CREATE TABLE `casbin_policy_auth` (`id` int unsigned AUTO_INCREMENT,`created_at` DATETIME NULL,`updated_at` DATETIME NULL,`deleted_at` DATETIME NULL,`sub` varchar(255) NOT NULL,`obj` varchar(255) NOT NULL,`act` varchar(255) NOT NULL,`type` varchar(255) NOT NULL , PRIMARY KEY (`id`)) ENGINE=InnoDB  
[36mjuno-admin_1  |[0m [36;31m[0 rows affected or returned ][0m 
[36mjuno-admin_1  |[0m 
[36mjuno-admin_1  |[0m [35m(/home/runner/work/juno/juno/app/adminengine/engine_install.go:126)[0m 
[36mjuno-admin_1  |[0m [33m[2022-10-08 11:16:31][0m  [36;1m[257.38ms][0m  CREATE INDEX idx_casbin_policy_auth_deleted_at ON `casbin_policy_auth`(deleted_at)   
[36mjuno-admin_1  |[0m [36;31m[0 rows affected or returned ][0m 
[36mjuno-admin_1  |[0m 
[36mjuno-admin_1  |[0m [35m(/home/runner/work/juno/juno/app/adminengine/engine_install.go:126)[0m 
[36mjuno-admin_1  |[0m [33m[2022-10-08 11:16:32][0m  [36;1m[264.53ms][0m  CREATE TABLE `casbin_policy_group` (`id` int unsigned AUTO_INCREMENT,`created_at` DATETIME NULL,`updated_at` DATETIME NULL,`deleted_at` DATETIME NULL,`group_name` varchar(30) NOT NULL,`uid` int NOT NULL,`app_name` varchar(255) NOT NULL,`app_env` varchar(30) NOT NULL,`url` varchar(255) NOT NULL,`type` varchar(255) NOT NULL , PRIMARY KEY (`id`)) ENGINE=InnoDB  
[36mjuno-admin_1  |[0m [36;31m[0 rows affected or returned ][0m 
[36mjuno-admin_1  |[0m 
[36mjuno-admin_1  |[0m [35m(/home/runner/work/juno/juno/app/adminengine/engine_install.go:126)[0m 
[36mjuno-admin_1  |[0m [33m[2022-10-08 11:16:32][0m  [36;1m[275.47ms][0m  CREATE INDEX idx_casbin_policy_group_deleted_at ON `casbin_policy_group`(deleted_at)   
[36mjuno-admin_1  |[0m [36;31m[0 rows affected or returned ][0m 
[36mjuno-admin_1  |[0m 
[36mjuno-admin_1  |[0m [35m(/home/runner/work/juno/juno/app/adminengine/engine_install.go:126)[0m 
[36mjuno-admin_1  |[0m [33m[2022-10-08 11:16:32][0m  [36;1m[223.62ms][0m  CREATE INDEX idx_casbin_policy_group_uid ON `casbin_policy_group`(`uid`)   
[36mjuno-admin_1  |[0m [36;31m[0 rows affected or returned ][0m 
[36mjuno-admin_1  |[0m 
[36mjuno-admin_1  |[0m [35m(/home/runner/work/juno/juno/app/adminengine/engine_install.go:126)[0m 
[36mjuno-admin_1  |[0m [33m[2022-10-08 11:16:32][0m  [36;1m[301.10ms][0m  CREATE TABLE `access_token` (`id` int unsigned AUTO_INCREMENT,`created_at` DATETIME NULL,`updated_at` DATETIME NULL,`deleted_at` DATETIME NULL,`name` varchar(32) UNIQUE,`app_id` varchar(32) UNIQUE,`secret` varchar(64) , PRIMARY KEY (`id`)) ENGINE=InnoDB  
[36mjuno-admin_1  |[0m [36;31m[0 rows affected or returned ][0m 
[36mjuno-admin_1  |[0m 
[36mjuno-admin_1  |[0m [35m(/home/runner/work/juno/juno/app/adminengine/engine_install.go:126)[0m 
[36mjuno-admin_1  |[0m [33m[2022-10-08 11:16:33][0m  [36;1m[233.37ms][0m  CREATE INDEX idx_access_token_deleted_at ON `access_token`(deleted_at)   
[36mjuno-admin_1  |[0m [36;31m[0 rows affected or returned ][0m 
[36mjuno-admin_1  |[0m 
[36mjuno-admin_1  |[0m [35m(/home/runner/work/juno/juno/app/adminengine/engine_install.go:126)[0m 
[36mjuno-admin_1  |[0m [33m[2022-10-08 11:16:33][0m  [36;1m[197.93ms][0m  CREATE TABLE `grpc_test_case` (`id` int unsigned AUTO_INCREMENT,`created_at` DATETIME NULL,`updated_at` DATETIME NULL,`deleted_at` DATETIME NULL,`method_id` int unsigned,`uid` int unsigned,`name` varchar(255),`input` longtext,`metadata` longtext,`script` longtext , PRIMARY KEY (`id`)) ENGINE=InnoDB  
[36mjuno-admin_1  |[0m [36;31m[0 rows affected or returned ][0m 
[36mjuno-admin_1  |[0m 
[36mjuno-admin_1  |[0m [35m(/home/runner/work/juno/juno/app/adminengine/engine_install.go:126)[0m 
[36mjuno-admin_1  |[0m [33m[2022-10-08 11:16:33][0m  [36;1m[207.40ms][0m  CREATE INDEX idx_grpc_test_case_deleted_at ON `grpc_test_case`(deleted_at)   
[36mjuno-admin_1  |[0m [36;31m[0 rows affected or returned ][0m 
[36mjuno-admin_1  |[0m 
[36mjuno-admin_1  |[0m [35m(/home/runner/work/juno/juno/app/adminengine/engine_install.go:126)[0m 
[36mjuno-admin_1  |[0m [33m[2022-10-08 11:16:33][0m  [36;1m[197.85ms][0m  CREATE TABLE `grpc_test_log` (`id` int unsigned AUTO_INCREMENT,`created_at` DATETIME NULL,`updated_at` DATETIME NULL,`deleted_at` DATETIME NULL,`method_id` int unsigned,`operator_type` varchar(255),`operator_id` int unsigned,`input` longtext,`output` longtext,`status` varchar(20),`error` longtext,`time_cost` int unsigned,`addr` varchar(30),`metadata` longtext,`script` longtext,`test_passed` boolean , PRIMARY KEY (`id`)) ENGINE=InnoDB  
[36mjuno-admin_1  |[0m [36;31m[0 rows affected or returned ][0m 
[36mjuno-admin_1  |[0m 
[36mjuno-admin_1  |[0m [35m(/home/runner/work/juno/juno/app/adminengine/engine_install.go:126)[0m 
[36mjuno-admin_1  |[0m [33m[2022-10-08 11:16:34][0m  [36;1m[232.68ms][0m  CREATE INDEX idx_grpc_test_log_deleted_at ON `grpc_test_log`(deleted_at)   
[36mjuno-admin_1  |[0m [36;31m[0 rows affected or returned ][0m 
[36mjuno-admin_1  |[0m 
[36mjuno-admin_1  |[0m [35m(/home/runner/work/juno/juno/app/adminengine/engine_install.go:126)[0m 
[36mjuno-admin_1  |[0m [33m[2022-10-08 11:16:34][0m  [36;1m[248.14ms][0m  CREATE TABLE `grpc_proto` (`id` int unsigned AUTO_INCREMENT,`created_at` DATETIME NULL,`updated_at` DATETIME NULL,`deleted_at` DATETIME NULL,`app_name` varchar(255),`file_name` varchar(255),`package_name` varchar(255) , PRIMARY KEY (`id`)) ENGINE=InnoDB  
[36mjuno-admin_1  |[0m [36;31m[0 rows affected or returned ][0m 
[36mjuno-admin_1  |[0m 
[36mjuno-admin_1  |[0m [35m(/home/runner/work/juno/juno/app/adminengine/engine_install.go:126)[0m 
[36mjuno-admin_1  |[0m [33m[2022-10-08 11:16:34][0m  [36;1m[223.59ms][0m  CREATE INDEX idx_grpc_proto_deleted_at ON `grpc_proto`(deleted_at)   
[36mjuno-admin_1  |[0m [36;31m[0 rows affected or returned ][0m 
[36mjuno-admin_1  |[0m 
[36mjuno-admin_1  |[0m [35m(/home/runner/work/juno/juno/app/adminengine/engine_install.go:126)[0m 
[36mjuno-admin_1  |[0m [33m[2022-10-08 11:16:34][0m  [36;1m[291.28ms][0m  CREATE TABLE `grpc_proto_service` (`id` int unsigned AUTO_INCREMENT,`created_at` DATETIME NULL,`updated_at` DATETIME NULL,`deleted_at` DATETIME NULL,`proto_id` int unsigned,`name` varchar(255) , PRIMARY KEY (`id`)) ENGINE=InnoDB  
[36mjuno-admin_1  |[0m [36;31m[0 rows affected or returned ][0m 
[36mjuno-admin_1  |[0m 
[36mjuno-admin_1  |[0m [35m(/home/runner/work/juno/juno/app/adminengine/engine_install.go:126)[0m 
[36mjuno-admin_1  |[0m [33m[2022-10-08 11:16:35][0m  [36;1m[215.66ms][0m  CREATE INDEX idx_grpc_proto_service_deleted_at ON `grpc_proto_service`(deleted_at)   
[36mjuno-admin_1  |[0m [36;31m[0 rows affected or returned ][0m 
[36mjuno-admin_1  |[0m 
[36mjuno-admin_1  |[0m [35m(/home/runner/work/juno/juno/app/adminengine/engine_install.go:126)[0m 
[36mjuno-admin_1  |[0m [33m[2022-10-08 11:16:35][0m  [36;1m[309.04ms][0m  CREATE TABLE `grpc_service_method` (`id` int unsigned AUTO_INCREMENT,`created_at` DATETIME NULL,`updated_at` DATETIME NULL,`deleted_at` DATETIME NULL,`service_id` int unsigned,`name` varchar(255) NOT NULL,`method_comment` varchar(255),`input_name` varchar(255) NOT NULL,`input_type` json NOT NULL,`output_type` json NOT NULL,`output_name` varchar(255) NOT NULL , PRIMARY KEY (`id`)) ENGINE=InnoDB  
[36mjuno-admin_1  |[0m [36;31m[0 rows affected or returned ][0m 
[36mjuno-admin_1  |[0m 
[36mjuno-admin_1  |[0m [35m(/home/runner/work/juno/juno/app/adminengine/engine_install.go:126)[0m 
[36mjuno-admin_1  |[0m [33m[2022-10-08 11:16:35][0m  [36;1m[215.55ms][0m  CREATE INDEX idx_grpc_service_method_deleted_at ON `grpc_service_method`(deleted_at)   
[36mjuno-admin_1  |[0m [36;31m[0 rows affected or returned ][0m 
[36mjuno-admin_1  |[0m 
[36mjuno-admin_1  |[0m [35m(/home/runner/work/juno/juno/app/adminengine/engine_install.go:126)[0m 
[36mjuno-admin_1  |[0m [33m[2022-10-08 11:16:35][0m  [36;1m[331.66ms][0m  CREATE TABLE `http_test_log` (`id` int unsigned AUTO_INCREMENT,`created_at` DATETIME NULL,`updated_at` DATETIME NULL,`deleted_at` DATETIME NULL,`operator_type` varchar(255),`operator_id` int unsigned,`app_name` varchar(255),`name` varchar(255),`url` varchar(255),`method` varchar(255),`query` json,`headers` json,`content_type` varchar(255),`body` longtext,`response_body` longtext,`response_headers` json,`size` bigint,`cost` bigint,`code` int,`status` varchar(255),`error` varchar(255),`test_logs` json , PRIMARY KEY (`id`)) ENGINE=InnoDB  
[36mjuno-admin_1  |[0m [36;31m[0 rows affected or returned ][0m 
[36mjuno-admin_1  |[0m 
[36mjuno-admin_1  |[0m [35m(/home/runner/work/juno/juno/app/adminengine/engine_install.go:126)[0m 
[36mjuno-admin_1  |[0m [33m[2022-10-08 11:16:36][0m  [36;1m[198.96ms][0m  CREATE INDEX idx_http_test_log_deleted_at ON `http_test_log`(deleted_at)   
[36mjuno-admin_1  |[0m [36;31m[0 rows affected or returned ][0m 
[36mjuno-admin_1  |[0m 
[36mjuno-admin_1  |[0m [35m(/home/runner/work/juno/juno/app/adminengine/engine_install.go:126)[0m 
[36mjuno-admin_1  |[0m [33m[2022-10-08 11:16:36][0m  [36;1m[256.45ms][0m  CREATE TABLE `http_test_case` (`id` int unsigned AUTO_INCREMENT,`created_at` DATETIME NULL,`updated_at` DATETIME NULL,`deleted_at` DATETIME NULL,`collection_id` int unsigned,`name` varchar(255),`url` varchar(255),`method` varchar(255),`query` json,`headers` json,`content_type` varchar(255),`body` varchar(255),`script` longtext , PRIMARY KEY (`id`)) ENGINE=InnoDB  
[36mjuno-admin_1  |[0m [36;31m[0 rows affected or returned ][0m 
[36mjuno-admin_1  |[0m 
[36mjuno-admin_1  |[0m [35m(/home/runner/work/juno/juno/app/adminengine/engine_install.go:126)[0m 
[36mjuno-admin_1  |[0m [33m[2022-10-08 11:16:36][0m  [36;1m[265.67ms][0m  CREATE INDEX idx_http_test_case_deleted_at ON `http_test_case`(deleted_at)   
[36mjuno-admin_1  |[0m [36;31m[0 rows affected or returned ][0m 
[36mjuno-admin_1  |[0m 
[36mjuno-admin_1  |[0m [35m(/home/runner/work/juno/juno/app/adminengine/engine_install.go:126)[0m 
[36mjuno-admin_1  |[0m [33m[2022-10-08 11:16:36][0m  [36;1m[289.92ms][0m  CREATE TABLE `http_test_collection` (`id` int unsigned AUTO_INCREMENT,`created_at` DATETIME NULL,`updated_at` DATETIME NULL,`deleted_at` DATETIME NULL,`created_by` int unsigned,`app_name` varchar(255),`name` varchar(255) , PRIMARY KEY (`id`)) ENGINE=InnoDB  
[36mjuno-admin_1  |[0m [36;31m[0 rows affected or returned ][0m 
[36mjuno-admin_1  |[0m 
[36mjuno-admin_1  |[0m [35m(/home/runner/work/juno/juno/app/adminengine/engine_install.go:126)[0m 
[36mjuno-admin_1  |[0m [33m[2022-10-08 11:16:37][0m  [36;1m[190.58ms][0m  CREATE INDEX idx_http_test_collection_deleted_at ON `http_test_collection`(deleted_at)   
[36mjuno-admin_1  |[0m [36;31m[0 rows affected or returned ][0m 
[36mjuno-admin_1  |[0m 
[36mjuno-admin_1  |[0m [35m(/home/runner/work/juno/juno/app/adminengine/engine_install.go:126)[0m 
[36mjuno-admin_1  |[0m [33m[2022-10-08 11:16:37][0m  [36;1m[239.95ms][0m  CREATE TABLE `test_pipeline` (`id` int unsigned AUTO_INCREMENT,`created_at` DATETIME NULL,`updated_at` DATETIME NULL,`deleted_at` DATETIME NULL,`name` varchar(255),`app_name` varchar(255),`env` varchar(32),`zone_code` varchar(255),`branch` varchar(255),`code_check` boolean,`unit_test` boolean,`http_test_collection` int,`grpc_test_addr` varchar(255),`grpc_test_cases` json,`created_by` int unsigned,`updated_by` int unsigned , PRIMARY KEY (`id`)) ENGINE=InnoDB  
[36mjuno-admin_1  |[0m [36;31m[0 rows affected or returned ][0m 
[36mjuno-admin_1  |[0m 
[36mjuno-admin_1  |[0m [35m(/home/runner/work/juno/juno/app/adminengine/engine_install.go:126)[0m 
[36mjuno-admin_1  |[0m [33m[2022-10-08 11:16:37][0m  [36;1m[266.33ms][0m  CREATE INDEX idx_test_pipeline_deleted_at ON `test_pipeline`(deleted_at)   
[36mjuno-admin_1  |[0m [36;31m[0 rows affected or returned ][0m 
[36mjuno-admin_1  |[0m 
[36mjuno-admin_1  |[0m [35m(/home/runner/work/juno/juno/app/adminengine/engine_install.go:126)[0m 
[36mjuno-admin_1  |[0m [33m[2022-10-08 11:16:37][0m  [36;1m[222.86ms][0m  CREATE TABLE `test_pipeline_task` (`id` int unsigned AUTO_INCREMENT,`created_at` DATETIME NULL,`updated_at` DATETIME NULL,`deleted_at` DATETIME NULL,`pipeline_id` int unsigned,`name` varchar(255),`app_name` varchar(255),`branch` varchar(255),`env` varchar(32),`zone_code` varchar(32),`desc` json,`status` varchar(255),`logs` longtext,`created_by` int unsigned , PRIMARY KEY (`id`)) ENGINE=InnoDB  
[36mjuno-admin_1  |[0m [36;31m[0 rows affected or returned ][0m 
[36mjuno-admin_1  |[0m 
[36mjuno-admin_1  |[0m [35m(/home/runner/work/juno/juno/app/adminengine/engine_install.go:126)[0m 
[36mjuno-admin_1  |[0m [33m[2022-10-08 11:16:38][0m  [36;1m[215.99ms][0m  CREATE INDEX idx_test_pipeline_task_deleted_at ON `test_pipeline_task`(deleted_at)   
[36mjuno-admin_1  |[0m [36;31m[0 rows affected or returned ][0m 
[36mjuno-admin_1  |[0m 
[36mjuno-admin_1  |[0m [35m(/home/runner/work/juno/juno/app/adminengine/engine_install.go:126)[0m 
[36mjuno-admin_1  |[0m [33m[2022-10-08 11:16:38][0m  [36;1m[239.90ms][0m  CREATE TABLE `test_pipeline_step_status` (`id` int unsigned AUTO_INCREMENT,`created_at` DATETIME NULL,`updated_at` DATETIME NULL,`deleted_at` DATETIME NULL,`task_id` int unsigned,`step_name` varchar(255),`status` varchar(255),`logs` longtext , PRIMARY KEY (`id`)) ENGINE=InnoDB  
[36mjuno-admin_1  |[0m [36;31m[0 rows affected or returned ][0m 
[36mjuno-admin_1  |[0m 
[36mjuno-admin_1  |[0m [35m(/home/runner/work/juno/juno/app/adminengine/engine_install.go:126)[0m 
[36mjuno-admin_1  |[0m [33m[2022-10-08 11:16:38][0m  [36;1m[408.34ms][0m  CREATE INDEX idx_test_pipeline_step_status_deleted_at ON `test_pipeline_step_status`(deleted_at)   
[36mjuno-admin_1  |[0m [36;31m[0 rows affected or returned ][0m 
[36mjuno-admin_1  |[0m 
[36mjuno-admin_1  |[0m [35m(/home/runner/work/juno/juno/app/adminengine/engine_install.go:126)[0m 
[36mjuno-admin_1  |[0m [33m[2022-10-08 11:16:39][0m  [36;1m[587.94ms][0m  CREATE TABLE `worker_node` (`id` int unsigned AUTO_INCREMENT,`created_at` DATETIME NULL,`updated_at` DATETIME NULL,`deleted_at` DATETIME NULL,`host_name` varchar(255),`region_code` varchar(255),`region_name` varchar(255),`zone_code` varchar(255),`zone_name` varchar(255),`ip` varchar(255),`port` int,`env` varchar(255),`last_heartbeat` DATETIME NULL , PRIMARY KEY (`id`)) ENGINE=InnoDB  
[36mjuno-admin_1  |[0m [36;31m[0 rows affected or returned ][0m 
[36mjuno-admin_1  |[0m 
[36mjuno-admin_1  |[0m [35m(/home/runner/work/juno/juno/app/adminengine/engine_install.go:126)[0m 
[36mjuno-admin_1  |[0m [33m[2022-10-08 11:16:40][0m  [36;1m[822.53ms][0m  CREATE INDEX idx_worker_node_deleted_at ON `worker_node`(deleted_at)   
[36mjuno-admin_1  |[0m [36;31m[0 rows affected or returned ][0m 
[36mjuno-admin_1  |[0m 
[36mjuno-admin_1  |[0m [35m(/home/runner/work/juno/juno/app/adminengine/engine_install.go:126)[0m 
[36mjuno-admin_1  |[0m [33m[2022-10-08 11:16:40][0m  [36;1m[532.35ms][0m  CREATE TABLE `cron_job` (`id` int unsigned AUTO_INCREMENT,`created_at` DATETIME NULL,`updated_at` DATETIME NULL,`deleted_at` DATETIME NULL,`name` varchar(255),`uid` int unsigned,`app_name` varchar(255),`env` varchar(255),`zone` varchar(255),`timeout` int unsigned,`retry_count` int unsigned,`retry_interval` int unsigned,`script` varchar(255),`enable` boolean,`nodes` json,`job_type` int , PRIMARY KEY (`id`)) ENGINE=InnoDB  
[36mjuno-admin_1  |[0m [36;31m[0 rows affected or returned ][0m 
[36mjuno-admin_1  |[0m 
[36mjuno-admin_1  |[0m [35m(/home/runner/work/juno/juno/app/adminengine/engine_install.go:126)[0m 
[36mjuno-admin_1  |[0m [33m[2022-10-08 11:16:41][0m  [36;1m[377.12ms][0m  CREATE INDEX idx_cron_job_deleted_at ON `cron_job`(deleted_at)   
[36mjuno-admin_1  |[0m [36;31m[0 rows affected or returned ][0m 
[36mjuno-admin_1  |[0m 
[36mjuno-admin_1  |[0m [35m(/home/runner/work/juno/juno/app/adminengine/engine_install.go:126)[0m 
[36mjuno-admin_1  |[0m [33m[2022-10-08 11:16:41][0m  [36;1m[281.54ms][0m  CREATE TABLE `cron_task` (`id` bigint unsigned AUTO_INCREMENT,`job_id` int unsigned,`node` varchar(255),`env` varchar(255),`zone` varchar(255),`status` varchar(255),`timeout` int unsigned,`executed_at` DATETIME NULL,`finished_at` DATETIME NULL,`retry_count` int unsigned,`log` longtext,`script` varchar(255),`execute_type` int,`created_at` DATETIME NULL,`updated_at` DATETIME NULL,`deleted_at` DATETIME NULL , PRIMARY KEY (`id`)) ENGINE=InnoDB  
[36mjuno-admin_1  |[0m [36;31m[0 rows affected or returned ][0m 
[36mjuno-admin_1  |[0m 
[36mjuno-admin_1  |[0m [35m(/home/runner/work/juno/juno/app/adminengine/engine_install.go:126)[0m 
[36mjuno-admin_1  |[0m [33m[2022-10-08 11:16:41][0m  [36;1m[360.38ms][0m  CREATE INDEX idx_cron_task_job_id ON `cron_task`(job_id)   
[36mjuno-admin_1  |[0m [36;31m[0 rows affected or returned ][0m 
[36mjuno-admin_1  |[0m 
[36mjuno-admin_1  |[0m [35m(/home/runner/work/juno/juno/app/adminengine/engine_install.go:126)[0m 
[36mjuno-admin_1  |[0m [33m[2022-10-08 11:16:42][0m  [36;1m[416.65ms][0m  CREATE INDEX idx_cron_task_deleted_at ON `cron_task`(deleted_at)   
[36mjuno-admin_1  |[0m [36;31m[0 rows affected or returned ][0m 
[36mjuno-admin_1  |[0m 
[36mjuno-admin_1  |[0m [35m(/home/runner/work/juno/juno/app/adminengine/engine_install.go:126)[0m 
[36mjuno-admin_1  |[0m [33m[2022-10-08 11:16:42][0m  [36;1m[315.32ms][0m  CREATE TABLE `cron_job_timer` (`id` int unsigned AUTO_INCREMENT,`created_at` DATETIME NULL,`updated_at` DATETIME NULL,`deleted_at` DATETIME NULL,`job_id` int unsigned,`cron` varchar(255) , PRIMARY KEY (`id`)) ENGINE=InnoDB  
[36mjuno-admin_1  |[0m [36;31m[0 rows affected or returned ][0m 
[36mjuno-admin_1  |[0m 
[36mjuno-admin_1  |[0m [35m(/home/runner/work/juno/juno/app/adminengine/engine_install.go:126)[0m 
[36mjuno-admin_1  |[0m [33m[2022-10-08 11:16:43][0m  [36;1m[569.18ms][0m  CREATE INDEX idx_cron_job_timer_deleted_at ON `cron_job_timer`(deleted_at)   
[36mjuno-admin_1  |[0m [36;31m[0 rows affected or returned ][0m 
[36mjuno-admin_1  |[0m 
[36mjuno-admin_1  |[0m [35m(/home/runner/work/juno/juno/app/adminengine/engine_install.go:126)[0m 
[36mjuno-admin_1  |[0m [33m[2022-10-08 11:16:43][0m  [36;1m[315.22ms][0m  CREATE TABLE `k8s_pod` (`pod_name` varchar(255),`env` varchar(255),`namespace` varchar(255),`host_ip` varchar(255),`pod_ip` varchar(255),`node_name` varchar(255),`start_time` DATETIME NULL,`update_time` DATETIME NULL,`image` varchar(255),`status` varchar(255),`instance_group_id` varchar(255),`instance_group_name` varchar(255),`md5` varchar(255),`is_del` int,`aid` int,`app_name` varchar(255),`zone_code` varchar(255),`domain` varchar(255) , PRIMARY KEY (`pod_name`)) ENGINE=InnoDB  
[36mjuno-admin_1  |[0m [36;31m[0 rows affected or returned ][0m 
[36mjuno-admin_1  |[0m 
[36mjuno-admin_1  |[0m [35m(/home/runner/work/juno/juno/app/adminengine/engine_install.go:126)[0m 
[36mjuno-admin_1  |[0m [33m[2022-10-08 11:16:44][0m  [36;1m[378.46ms][0m  CREATE INDEX idx_node_name ON `k8s_pod`(node_name)   
[36mjuno-admin_1  |[0m [36;31m[0 rows affected or returned ][0m 
[36mjuno-admin_1  |[0m 
[36mjuno-admin_1  |[0m [35m(/home/runner/work/juno/juno/app/adminengine/engine_install.go:126)[0m 
[36mjuno-admin_1  |[0m [33m[2022-10-08 11:16:44][0m  [36;1m[482.15ms][0m  CREATE INDEX idx_md5 ON `k8s_pod`(`md5`)   
[36mjuno-admin_1  |[0m [36;31m[0 rows affected or returned ][0m 
[36mjuno-admin_1  |[0m 
[36mjuno-admin_1  |[0m [35m(/home/runner/work/juno/juno/app/adminengine/engine_install.go:126)[0m 
[36mjuno-admin_1  |[0m [33m[2022-10-08 11:16:44][0m  [36;1m[434.51ms][0m  CREATE INDEX idx_aid ON `k8s_pod`(`aid`)   
[36mjuno-admin_1  |[0m [36;31m[0 rows affected or returned ][0m 
[36mjuno-admin_1  |[0m 
[36mjuno-admin_1  |[0m [35m(/home/runner/work/juno/juno/app/adminengine/engine_install.go:126)[0m 
[36mjuno-admin_1  |[0m [33m[2022-10-08 11:16:45][0m  [36;1m[719.33ms][0m  CREATE INDEX idx_appname ON `k8s_pod`(app_name)   
[36mjuno-admin_1  |[0m [36;31m[0 rows affected or returned ][0m 
[36mjuno-admin_1  |[0m 
[36mjuno-admin_1  |[0m [35m(/home/runner/work/juno/juno/app/adminengine/engine_install.go:126)[0m 
[36mjuno-admin_1  |[0m [33m[2022-10-08 11:16:46][0m  [36;1m[632.53ms][0m  CREATE TABLE `configuration_cluster_status` (`id` int unsigned AUTO_INCREMENT,`configuration_id` int unsigned,`configuration_publish_id` int unsigned,`cluster_name` varchar(255),`used` int unsigned,`synced` int unsigned,`take_effect` int unsigned,`created_at` DATETIME NULL,`update_at` DATETIME NULL , PRIMARY KEY (`id`)) ENGINE=InnoDB  
[36mjuno-admin_1  |[0m [36;31m[0 rows affected or returned ][0m 
[36mjuno-admin_1  |[0m 
[36mjuno-admin_1  |[0m [35m(/home/runner/work/juno/juno/app/adminengine/engine_install.go:126)[0m 
[36mjuno-admin_1  |[0m [33m[2022-10-08 11:16:46][0m  [36;1m[299.37ms][0m  CREATE TABLE `user_config` (`id` bigint unsigned AUTO_INCREMENT NOT NULL,`uid` int NOT NULL  COMMENT '用户id',`aid` int NOT NULL  COMMENT '应用id',`content` longtext NOT NULL,`create_time` bigint NOT NULL,`update_time` bigint NOT NULL , PRIMARY KEY (`id`)) ENGINE=InnoDB  
[36mjuno-admin_1  |[0m [36;31m[0 rows affected or returned ][0m 
[36mjuno-admin_1  |[0m 
[36mjuno-admin_1  |[0m [35m(/home/runner/work/juno/juno/app/adminengine/engine_install.go:126)[0m 
[36mjuno-admin_1  |[0m [33m[2022-10-08 11:16:46][0m  [36;1m[290.65ms][0m  CREATE TABLE `user_visit` (`id` bigint unsigned AUTO_INCREMENT NOT NULL,`uid` int NOT NULL  COMMENT '用户id',`aid` int NOT NULL  COMMENT '应用id',`app_name` varchar(255) NOT NULL,`zone_code` varchar(255) NOT NULL,`env` varchar(255) NOT NULL,`tab` varchar(255) NOT NULL,`url` varchar(255) NOT NULL,`ts` bigint NOT NULL , PRIMARY KEY (`id`)) ENGINE=InnoDB  
[36mjuno-admin_1  |[0m [36;31m[0 rows affected or returned ][0m 
[36mjuno-admin_1  |[0m 
[36mjuno-admin_1  |[0m [35m(/home/runner/work/juno/juno/app/adminengine/engine_install.go:126)[0m 
[36mjuno-admin_1  |[0m [33m[2022-10-08 11:16:47][0m  [36;1m[511.26ms][0m  CREATE INDEX idx_zone_code ON `user_visit`(zone_code)   
[36mjuno-admin_1  |[0m [36;31m[0 rows affected or returned ][0m 
[36mjuno-admin_1  |[0m 
[36mjuno-admin_1  |[0m [35m(/home/runner/work/juno/juno/app/adminengine/engine_install.go:126)[0m 
[36mjuno-admin_1  |[0m [33m[2022-10-08 11:16:48][0m  [36;1m[734.52ms][0m  CREATE INDEX idx_env ON `user_visit`(`env`)   
[36mjuno-admin_1  |[0m [36;31m[0 rows affected or returned ][0m 
[36mjuno-admin_1  |[0m 
[36mjuno-admin_1  |[0m [35m(/home/runner/work/juno/juno/app/adminengine/engine_install.go:126)[0m 
[36mjuno-admin_1  |[0m [33m[2022-10-08 11:16:48][0m  [36;1m[344.58ms][0m  CREATE INDEX tx ON `user_visit`(`ts`)   
[36mjuno-admin_1  |[0m [36;31m[0 rows affected or returned ][0m 
[36mjuno-admin_1  |[0m 
[36mjuno-admin_1  |[0m [35m(/home/runner/work/juno/juno/app/adminengine/engine_install.go:126)[0m 
[36mjuno-admin_1  |[0m [33m[2022-10-08 11:16:49][0m  [36;1m[397.27ms][0m  CREATE INDEX idx_uid ON `user_visit`(`uid`)   
[36mjuno-admin_1  |[0m [36;31m[0 rows affected or returned ][0m 
[36mjuno-admin_1  |[0m 1665227780	[32mINFO[0m	InitCfg                         	{"config": {"AppURL":"http://localhost:50000/","AppSubURL":"","AuthProxyEnabled":false,"DisableUserSignUp":false,"App":{"Mode":"","SecretKey":"","ProductionEnvs":null},"Auth":{"LoginCookieName":"juno_session","LoginMaximumInactiveLifetimeDays":7,"LoginMaximumLifetimeDays":30,"TokenRotationIntervalMinutes":10,"DisableLoginForm":false,"DisableSignoutMenu":false,"SignoutRedirectUrl":"","OauthAutoLogin":false,"OauthStateCookieMaxAge":60,"ApiKeyMaxSecondsToLive":-1},"Server":{"Http":{"Host":"0.0.0.0","Port":50000,"Domain":"","RootUrl":"http://localhost:50000/","StaticRootPath":"","EnableGzip":false},"Govern":{"Host":"0.0.0.0","Port":50001,"Domain":"","RootUrl":"","StaticRootPath":"","EnableGzip":false}},"GrafanaProxy":{"Enable":false,"Name":"grafana"},"Gateway":{"Enable":false,"Name":"gateway"},"ClientProxy":{"HttpRouter":{"GovernConfig":"/configs"},"SingleProxy":{"DefaultEtcd":{"enable":false,"listenAddr":"127.0.0.1:5379","endpoints":["127.0.0.1:2379"],"namespace":"","timeout":0,"tls":{"cert":"","key":"","cacert":""},"basicAuth":false,"password":"","userName":""},"RegisterEtcd":{"enable":false,"listenAddr":"127.0.0.1:62379","endpoints":["127.0.0.1:2379"],"namespace":"","timeout":0,"tls":{"cert":"","key":"","cacert":""},"basicAuth":false,"password":"","userName":""}},"MultiProxy":[{"Env":"dev","ZoneCode":"test","Stream":{"Enable":false,"ProxyAddr":null,"Debug":false},"HTTP":{"Enable":true,"ListenAddr":"127.0.0.1:50000","Scheme":"http","Backend":"","DisableKeepAlives":true,"MaxIdleConns":30,"MaxIdelPerHost":60,"Timeout":3},"DefaultEtcd":{"enable":false,"listenAddr":"","endpoints":null,"namespace":"","timeout":0,"tls":{"cert":"","key":"","cacert":""},"basicAuth":false,"password":"","userName":""},"RegisterEtcd":{"enable":false,"listenAddr":"","endpoints":null,"namespace":"","timeout":0,"tls":{"cert":"","key":"","cacert":""},"basicAuth":false,"password":"","userName":""}}]},"ServerProxy":{"Name":"_","Stream":{"Enable":false,"ProxyAddr":null,"Debug":false},"HTTPServer":{"Host":"","Port":0,"Domain":"","RootUrl":"","StaticRootPath":"","EnableGzip":false},"GrpcServer":{"Host":"","Port":0,"Domain":"","RootUrl":"","StaticRootPath":"","EnableGzip":false},"GovernServer":{"Host":"","Port":0,"Domain":"","RootUrl":"","StaticRootPath":"","EnableGzip":false},"HeartBeat":{"enable":true,"debug":false,"addr":"stream","internal":60000000000,"host_name":"fc64d73a2328","region_code":"","region_name":"","zone_code":"","zone_name":"","env":""},"DefaultEtcd":{"enable":false,"listenAddr":"","endpoints":null,"namespace":"","timeout":0,"tls":{"cert":"","key":"","cacert":""},"basicAuth":false,"password":"","userName":""},"RegisterEtcd":{"enable":false,"listenAddr":"","endpoints":null,"namespace":"","timeout":0,"tls":{"cert":"","key":"","cacert":""},"basicAuth":false,"password":"","userName":""},"Prometheus":{"Enable":true,"ListenAddr":"127.0.0.1:59090","Scheme":"","Backend":"127.0.0.1:9090","DisableKeepAlives":true,"MaxIdleConns":30,"MaxIdelPerHost":60,"Timeout":3}},"Database":{"Enable":true,"dsn":"root:root@tcp(mysql:3306)/juno?charset=utf8&parseTime=True&loc=Local&readTimeout=1s&timeout=1s&writeTimeout=3s","debug":true,"maxIdleConns":50,"maxOpenConns":100,"connMaxLifetime":300000000000,"level":"","slowThreshold":0,"dialTimeout":0,"disableMetric":false,"disableTrace":false},"Configure":{"dirs":["/tmp/www/server"],"prefixes":["juno-agent"],"agent":{"port":0}},"Agent":{"Port":0,"Secret":""},"Casbin":{"Enable":false,"Debug":true,"Model":"./config/model.conf","AutoLoad":false,"AutoLoadInternal":0,"ResourceFile":"./config/resource.yaml"},"Pprof":{"TmpPath":"/tmp","TokenHeader":"X-JUNO-PPROF","Token":"juno666","Timeout":120000000000,"Debug":false,"StorePath":"data/pprof"},"Register":{"Enable":false,"Endpoints":null,"connectTimeout":0,"secure":false,"basicAuth":false,"password":"","userName":""},"Logger":{"Biz":{"Dir":"./","Name":"biz.json","Level":"debug","Fields":null,"AddCaller":false,"Interval":0,"CallerSkip":0,"Async":false,"Debug":false},"System":{"Dir":"./","Name":"system.json","Level":"debug","Fields":null,"AddCaller":false,"Interval":0,"CallerSkip":0,"Async":false,"Debug":false}},"Assist":{"Action":{"Enable":false,"URL":""}},"AppLog":{"Enable":true,"Mode":"default","Aliyun":{"Key":"","Secret":"","RoleArn":"","RoleSessionName":"","regionId":"","loginUrl":""},"Default":{"DashboardUrl":"","LogStoreUrl":"","Project":[{"Project":"","Env":[""],"LogStoreConsole":"","LogStoreJupiter":"","LogStoreBiz":""}]}},"GrpcTest":{"Enable":false,"ProtoDir":""},"ProxyAuth":{"Token":""},"CodePlatform":{"Token":""},"TestPlatform":{"Enable":false,"Worker":{"LocalQueueDir":"","HeartbeatTimeout":0}},"Notice":{"Email":{"serverHost":"","serverPort":0,"fromEmail":"","fromPasswd":"","subject":"","templatePath":"","toers":null,"cCers":null},"ding":{"webHook":""}},"JunoEvent":{"Rocketmq":{"Enable":false,"Addr":null,"Topic":"","Group":"","Retry":0,"DialTimeout":0}},"UserVisit":{"CleanDay":90},"LabelAid":"aid","Enable":false,"Prefix":[],"ExcludeSuffix":null,"Doc":""}}
[36mjuno-admin_1  |[0m 
[36mjuno-admin_1  |[0m [35m(/home/runner/work/juno/juno/app/adminengine/engine_install.go:126)[0m 
[36mjuno-admin_1  |[0m [33m[2022-10-08 11:16:50][0m  [36;1m[877.77ms][0m  CREATE INDEX idx_aid ON `user_visit`(`aid`)   
[36mjuno-admin_1  |[0m [36;31m[0 rows affected or returned ][0m 
[36mjuno-admin_1  |[0m 
[36mjuno-admin_1  |[0m [35m(/home/runner/work/juno/juno/app/adminengine/engine_install.go:126)[0m 
[36mjuno-admin_1  |[0m [33m[2022-10-08 11:16:50][0m  [36;1m[265.69ms][0m  CREATE TABLE `proxy_menu` (`id` int AUTO_INCREMENT,`panel_type` varchar(255) NOT NULL,`proxy_url` varchar(255) NOT NULL,`key` varchar(255) NOT NULL,`create_time` bigint NOT NULL  DEFAULT 0,`update_time` bigint NOT NULL  DEFAULT 0,`delete_time` bigint NOT NULL  DEFAULT 0,`uid` int NOT NULL  DEFAULT 0,`title` varchar(255) NOT NULL , PRIMARY KEY (`id`)) ENGINE=InnoDB  
[36mjuno-admin_1  |[0m [36;31m[0 rows affected or returned ][0m 
[36mjuno-admin_1  |[0m 
[36mjuno-admin_1  |[0m [35m(/home/runner/work/juno/juno/app/adminengine/engine_install.go:126)[0m 
[36mjuno-admin_1  |[0m [33m[2022-10-08 11:16:50][0m  [36;1m[475.00ms][0m  CREATE TABLE `proxy_manage` (`id` int AUTO_INCREMENT,`title` varchar(255) NOT NULL,`sub_path` varchar(255) NOT NULL,`is_rewrite` int NOT NULL  DEFAULT 0,`proxy_addr` varchar(255) NOT NULL,`create_time` bigint NOT NULL  DEFAULT 0,`update_time` bigint NOT NULL  DEFAULT 0,`delete_time` bigint NOT NULL  DEFAULT 0,`uid` int NOT NULL  DEFAULT 0 , PRIMARY KEY (`id`)) ENGINE=InnoDB  
[36mjuno-admin_1  |[0m [36;31m[0 rows affected or returned ][0m 
[36mjuno-admin_1  |[0m 
[36mjuno-admin_1  |[0m [35m(/home/runner/work/juno/juno/app/adminengine/engine_install.go:127)[0m 
[36mjuno-admin_1  |[0m [33m[2022-10-08 11:16:51][0m  [36;1m[451.13ms][0m  CREATE UNIQUE INDEX idx_unique_name ON `access_token`(`name`)   
[36mjuno-admin_1  |[0m [36;31m[0 rows affected or returned ][0m 
[36mjuno-admin_1  |[0m create table ok
[36mjuno-admin_1  |[0m 
[36mjuno-admin_1  |[0m [33m[2022-10-08 11:16:51][0m [35m[info] replacing callback `gorm:delete` from /home/runner/go/pkg/mod/github.com/douyu/jupiter@v0.3.3-0.20210826091832-c7a43d560176/pkg/store/gorm/orm.go:112[0m [31;1m [0m
[36mjuno-admin_1  |[0m 
[36mjuno-admin_1  |[0m [33m[2022-10-08 11:16:51][0m [35m[info] replacing callback `gorm:update` from /home/runner/go/pkg/mod/github.com/douyu/jupiter@v0.3.3-0.20210826091832-c7a43d560176/pkg/store/gorm/orm.go:112[0m [31;1m [0m
[36mjuno-admin_1  |[0m 
[36mjuno-admin_1  |[0m [33m[2022-10-08 11:16:51][0m [35m[info] replacing callback `gorm:create` from /home/runner/go/pkg/mod/github.com/douyu/jupiter@v0.3.3-0.20210826091832-c7a43d560176/pkg/store/gorm/orm.go:112[0m [31;1m [0m
[36mjuno-admin_1  |[0m 
[36mjuno-admin_1  |[0m [33m[2022-10-08 11:16:51][0m [35m[info] replacing callback `gorm:query` from /home/runner/go/pkg/mod/github.com/douyu/jupiter@v0.3.3-0.20210826091832-c7a43d560176/pkg/store/gorm/orm.go:112[0m [31;1m [0m
[36mjuno-admin_1  |[0m 
[36mjuno-admin_1  |[0m [33m[2022-10-08 11:16:51][0m [35m[info] replacing callback `gorm:row_query` from /home/runner/go/pkg/mod/github.com/douyu/jupiter@v0.3.3-0.20210826091832-c7a43d560176/pkg/store/gorm/orm.go:112[0m [31;1m [0m
[36mjuno-admin_1  |[0m 
[36mjuno-admin_1  |[0m [35m(/home/runner/go/pkg/mod/github.com/douyu/jupiter@v0.3.3-0.20210826091832-c7a43d560176/pkg/store/gorm/interceptor.go:120)[0m 
[36mjuno-admin_1  |[0m [33m[2022-10-08 11:16:51][0m  [36;1m[0.49ms][0m  SELECT * FROM `proxy_manage`  WHERE (delete_time = 0)  
[36mjuno-admin_1  |[0m [36;31m[0 rows affected or returned ][0m 
[36mjuno-admin_1  |[0m 
[36mjuno-admin_1  |[0m [35m(/home/runner/go/pkg/mod/github.com/douyu/jupiter@v0.3.3-0.20210826091832-c7a43d560176/pkg/store/gorm/interceptor.go:120)[0m 
[36mjuno-admin_1  |[0m [33m[2022-10-08 11:16:51][0m  [36;1m[0.26ms][0m  SELECT * FROM `system_config`    
[36mjuno-admin_1  |[0m [36;31m[0 rows affected or returned ][0m 
[36mjuno-admin_1  |[0m 
[36mjuno-admin_1  |[0m [35m(/home/runner/go/pkg/mod/github.com/douyu/jupiter@v0.3.3-0.20210826091832-c7a43d560176/pkg/store/gorm/interceptor.go:120)[0m 
[36mjuno-admin_1  |[0m [33m[2022-10-08 11:16:51][0m  [36;1m[0.21ms][0m  SELECT * FROM `access_token`  WHERE `access_token`.`deleted_at` IS NULL  
[36mjuno-admin_1  |[0m [36;31m[0 rows affected or returned ][0m 
[36mjuno-admin_1  |[0m 
[36mjuno-admin_1  |[0m [35m(/home/runner/go/pkg/mod/github.com/douyu/jupiter@v0.3.3-0.20210826091832-c7a43d560176/pkg/store/gorm/interceptor.go:120)[0m 
[36mjuno-admin_1  |[0m [33m[2022-10-08 11:16:51][0m  [36;1m[0.28ms][0m  SELECT * FROM `system_config`  WHERE (name = 'test_platform') ORDER BY `system_config`.`name` ASC LIMIT 1  
[36mjuno-admin_1  |[0m [36;31m[0 rows affected or returned ][0m 
[36mjuno-admin_1  |[0m 
[36mjuno-admin_1  |[0m [35m(/home/runner/go/pkg/mod/github.com/douyu/jupiter@v0.3.3-0.20210826091832-c7a43d560176/pkg/store/gorm/interceptor.go:120)[0m 
[36mjuno-admin_1  |[0m [33m[2022-10-08 11:16:51][0m  [36;1m[0.30ms][0m  SELECT * FROM `worker_node`  WHERE `worker_node`.`deleted_at` IS NULL AND ((last_heartbeat >= '2022-10-08 11:16:51'))  
[36mjuno-admin_1  |[0m [36;31m[0 rows affected or returned ][0m 
[36mjuno-admin_1  |[0m 
[36mjuno-admin_1  |[0m [35m(/home/runner/go/pkg/mod/github.com/douyu/jupiter@v0.3.3-0.20210826091832-c7a43d560176/pkg/store/gorm/interceptor.go:120)[0m 
[36mjuno-admin_1  |[0m [33m[2022-10-08 11:16:51][0m  [36;1m[0.57ms][0m  SELECT * FROM `system_config`  WHERE (name = 'version') ORDER BY `system_config`.`name` ASC LIMIT 1  
[36mjuno-admin_1  |[0m [36;31m[0 rows affected or returned ][0m 
[36mjuno-admin_1  |[0m 
[36mjuno-admin_1  |[0m [35m(/home/runner/go/pkg/mod/github.com/douyu/jupiter@v0.3.3-0.20210826091832-c7a43d560176/pkg/store/gorm/interceptor.go:120)[0m 
[36mjuno-admin_1  |[0m [33m[2022-10-08 11:16:51][0m  [36;1m[0.65ms][0m  SELECT * FROM `cron_job`  WHERE `cron_job`.`deleted_at` IS NULL AND ((enable = true))  
[36mjuno-admin_1  |[0m [36;31m[0 rows affected or returned ][0m 
[36mjuno-admin_1  |[0m 
[36mjuno-admin_1  |[0m [35m(/home/runner/go/pkg/mod/github.com/douyu/jupiter@v0.3.3-0.20210826091832-c7a43d560176/pkg/store/gorm/interceptor.go:120)[0m 
[36mjuno-admin_1  |[0m [33m[2022-10-08 11:16:51][0m  [36;1m[0.25ms][0m  SELECT * FROM `test_pipeline_task`  WHERE `test_pipeline_task`.`deleted_at` IS NULL AND ((status = 'running') AND (updated_at < '2022-10-08 10:46:51'))  
[36mjuno-admin_1  |[0m [36;31m[0 rows affected or returned ][0m 
[36mjuno-admin_1  |[0m 
[36mjuno-admin_1  |[0m [35m(/home/runner/go/pkg/mod/github.com/douyu/jupiter@v0.3.3-0.20210826091832-c7a43d560176/pkg/store/gorm/interceptor.go:120)[0m 
[36mjuno-admin_1  |[0m [33m[2022-10-08 11:16:51][0m  [36;1m[0.17ms][0m  INSERT INTO `system_config` (`name`,`content`,`create_time`,`update_time`) VALUES ('version','[{"name":"jupiter1.0","version":"v1.0","versionKey":"jupiter1.0","host":"http://127.0.0.1:3000","header_name":"X-WEBAUTH-USER","dashboards":[{"name":"API监控面板地址","value":"/grafana/d/api"},{"name":"实例监控面板","value":"/grafana/d/instance"},{"name":"概览监控面板","value":"/grafana/d/overview"}]}]',1665227811,0)  
[36mjuno-admin_1  |[0m [36;31m[1 rows affected or returned ][0m 
[36mjuno-admin_1  |[0m mockSystemSet version result:
[36mjuno-admin_1  |[0m  {"code":0,"msg":"Success","data":""}
[36mjuno-admin_1  |[0m 
[36mjuno-admin_1  |[0m 
[36mjuno-admin_1  |[0m [35m(/home/runner/go/pkg/mod/github.com/douyu/jupiter@v0.3.3-0.20210826091832-c7a43d560176/pkg/store/gorm/interceptor.go:120)[0m 
[36mjuno-admin_1  |[0m [33m[2022-10-08 11:16:51][0m  [36;1m[1.36ms][0m  SELECT * FROM `system_config`  WHERE (name = 'etcd') ORDER BY `system_config`.`name` ASC LIMIT 1  
[36mjuno-admin_1  |[0m [36;31m[0 rows affected or returned ][0m 
[36mjuno-admin_1  |[0m 
[36mjuno-admin_1  |[0m [35m(/home/runner/go/pkg/mod/github.com/douyu/jupiter@v0.3.3-0.20210826091832-c7a43d560176/pkg/store/gorm/interceptor.go:120)[0m 
[36mjuno-admin_1  |[0m [33m[2022-10-08 11:16:51][0m  [36;1m[1.21ms][0m  INSERT INTO `system_config` (`name`,`content`,`create_time`,`update_time`) VALUES ('etcd','[{"prefix":"/prometheus/job/","info":"监控查询"}]',1665227811,0)  
[36mjuno-admin_1  |[0m [36;31m[1 rows affected or returned ][0m 
[36mjuno-admin_1  |[0m mockSystemSet etcd result:
[36mjuno-admin_1  |[0m  {"code":0,"msg":"Success","data":""}
[36mjuno-admin_1  |[0m 
[36mjuno-admin_1  |[0m 
[36mjuno-admin_1  |[0m [35m(/home/runner/go/pkg/mod/github.com/douyu/jupiter@v0.3.3-0.20210826091832-c7a43d560176/pkg/store/gorm/interceptor.go:120)[0m 
[36mjuno-admin_1  |[0m [33m[2022-10-08 11:16:51][0m  [36;1m[50.79ms][0m  SELECT * FROM `system_config`  WHERE (name = 'grafana') ORDER BY `system_config`.`name` ASC LIMIT 1  
[36mjuno-admin_1  |[0m [36;31m[0 rows affected or returned ][0m 
[36mjuno-admin_1  |[0m 
[36mjuno-admin_1  |[0m [35m(/home/runner/go/pkg/mod/github.com/douyu/jupiter@v0.3.3-0.20210826091832-c7a43d560176/pkg/store/gorm/interceptor.go:120)[0m 
[36mjuno-admin_1  |[0m [33m[2022-10-08 11:16:51][0m  [36;1m[0.34ms][0m  INSERT INTO `system_config` (`name`,`content`,`create_time`,`update_time`) VALUES ('grafana','{"host":"http://127.0.0.1:3000","header_name":"X-WEBAUTH-USER","scheme":"http"}',1665227811,0)  
[36mjuno-admin_1  |[0m [36;31m[1 rows affected or returned ][0m 
[36mjuno-admin_1  |[0m {"code":0,"msg":"Success","data":""}
[36mjuno-admin_1  |[0m 
[36mjuno-admin_1  |[0m 
[36mjuno-admin_1  |[0m [35m(/home/runner/go/pkg/mod/github.com/douyu/jupiter@v0.3.3-0.20210826091832-c7a43d560176/pkg/store/gorm/interceptor.go:120)[0m 
[36mjuno-admin_1  |[0m [33m[2022-10-08 11:16:51][0m  [36;1m[150.95ms][0m  SELECT * FROM `user`  WHERE (uid = 1)  
[36mjuno-admin_1  |[0m [36;31m[0 rows affected or returned ][0m 
[36mjuno-admin_1  |[0m 2022-10-08 11:16:51.707093 I | read config: /root/juno/config/install.toml
[36mjuno-admin_1  |[0m 2022-10-08 11:16:51.707248 I | load config successfully
[36mjuno-admin_1  |[0m 2022-10-08 11:16:51.707253 I | hook config, init loggers
[36mjuno-admin_1  |[0m 2022-10-08 11:16:51.707259 I | hook config, init runtime(governor)
[36mjuno-admin_1  |[0m 2022-10-08 11:16:51.707261 I | hook config, init sentinel rules
[36mjuno-admin_1  |[0m 2022-10-08 11:16:51.707264 I | hook config, init registry
[36mjuno-admin_1  |[0m 2022-10-08 11:16:51.707292 I | hook config, read registry config failed: jupiter.registry: invalid key, maybe not exist in config
[36mjuno-admin_1  |[0m 2022-10-08 11:16:51.707298 I | load config from datasource[/root/juno/config/install.toml] completely!
[36mjuno-admin_1  |[0m [32m
[36mjuno-admin_1  |[0m    (_)_   _ _ __ (_) |_ ___ _ __
[36mjuno-admin_1  |[0m    | | | | | '_ \| | __/ _ \ '__|
[36mjuno-admin_1  |[0m    | | |_| | |_) | | ||  __/ |
[36mjuno-admin_1  |[0m   _/ |\__,_| .__/|_|\__\___|_|
[36mjuno-admin_1  |[0m  |__/      |_|
[36mjuno-admin_1  |[0m 
[36mjuno-admin_1  |[0m  Welcome to jupiter, starting application ...
[36mjuno-admin_1  |[0m [0m
[36mjuno-admin_1  |[0m 
[36mjuno-admin_1  |[0m [33m[2022-10-08 11:16:51][0m [35m[info] replacing callback `gorm:delete` from /home/runner/go/pkg/mod/github.com/douyu/jupiter@v0.3.3-0.20210826091832-c7a43d560176/pkg/store/gorm/orm.go:112[0m [31;1m [0m
[36mjuno-admin_1  |[0m 
[36mjuno-admin_1  |[0m [33m[2022-10-08 11:16:51][0m [35m[info] replacing callback `gorm:update` from /home/runner/go/pkg/mod/github.com/douyu/jupiter@v0.3.3-0.20210826091832-c7a43d560176/pkg/store/gorm/orm.go:112[0m [31;1m [0m
[36mjuno-admin_1  |[0m 
[36mjuno-admin_1  |[0m [33m[2022-10-08 11:16:51][0m [35m[info] replacing callback `gorm:create` from /home/runner/go/pkg/mod/github.com/douyu/jupiter@v0.3.3-0.20210826091832-c7a43d560176/pkg/store/gorm/orm.go:112[0m [31;1m [0m
[36mjuno-admin_1  |[0m 
[36mjuno-admin_1  |[0m [33m[2022-10-08 11:16:51][0m [35m[info] replacing callback `gorm:query` from /home/runner/go/pkg/mod/github.com/douyu/jupiter@v0.3.3-0.20210826091832-c7a43d560176/pkg/store/gorm/orm.go:112[0m [31;1m [0m
[36mjuno-admin_1  |[0m 
[36mjuno-admin_1  |[0m [33m[2022-10-08 11:16:51][0m [35m[info] replacing callback `gorm:row_query` from /home/runner/go/pkg/mod/github.com/douyu/jupiter@v0.3.3-0.20210826091832-c7a43d560176/pkg/store/gorm/orm.go:112[0m [31;1m [0m
[36mjuno-admin_1  |[0m 
[36mjuno-admin_1  |[0m [35m(/home/runner/go/pkg/mod/github.com/douyu/jupiter@v0.3.3-0.20210826091832-c7a43d560176/pkg/store/gorm/interceptor.go:120)[0m 
[36mjuno-admin_1  |[0m [33m[2022-10-08 11:16:51][0m  [36;1m[0.33ms][0m  SELECT * FROM `proxy_manage`  WHERE (delete_time = 0)  
[36mjuno-admin_1  |[0m [36;31m[0 rows affected or returned ][0m 
[36mjuno-admin_1  |[0m 
[36mjuno-admin_1  |[0m [35m(/home/runner/go/pkg/mod/github.com/douyu/jupiter@v0.3.3-0.20210826091832-c7a43d560176/pkg/store/gorm/interceptor.go:120)[0m 
[36mjuno-admin_1  |[0m [33m[2022-10-08 11:16:51][0m  [36;1m[0.19ms][0m  SELECT * FROM `system_config`    
[36mjuno-admin_1  |[0m [36;31m[3 rows affected or returned ][0m 
[36mjuno-admin_1  |[0m 
[36mjuno-admin_1  |[0m [35m(/home/runner/go/pkg/mod/github.com/douyu/jupiter@v0.3.3-0.20210826091832-c7a43d560176/pkg/store/gorm/interceptor.go:120)[0m 
[36mjuno-admin_1  |[0m [33m[2022-10-08 11:16:51][0m  [36;1m[0.19ms][0m  SELECT * FROM `access_token`  WHERE `access_token`.`deleted_at` IS NULL  
[36mjuno-admin_1  |[0m [36;31m[0 rows affected or returned ][0m 
[36mjuno-admin_1  |[0m 
[36mjuno-admin_1  |[0m [35m(/home/runner/go/pkg/mod/github.com/douyu/jupiter@v0.3.3-0.20210826091832-c7a43d560176/pkg/store/gorm/interceptor.go:120)[0m 
[36mjuno-admin_1  |[0m [33m[2022-10-08 11:16:51][0m  [36;1m[0.19ms][0m  SELECT * FROM `system_config`  WHERE (name = 'test_platform') ORDER BY `system_config`.`name` ASC LIMIT 1  
[36mjuno-admin_1  |[0m [36;31m[0 rows affected or returned ][0m 
[36mjuno-admin_1  |[0m 
[36mjuno-admin_1  |[0m [35m(/home/runner/go/pkg/mod/github.com/douyu/jupiter@v0.3.3-0.20210826091832-c7a43d560176/pkg/store/gorm/interceptor.go:120)[0m 
[36mjuno-admin_1  |[0m [33m[2022-10-08 11:16:51][0m  [36;1m[0.39ms][0m  SELECT * FROM `worker_node`  WHERE `worker_node`.`deleted_at` IS NULL AND ((last_heartbeat >= '2022-10-08 11:16:51'))  
[36mjuno-admin_1  |[0m [36;31m[0 rows affected or returned ][0m 
[36mjuno-admin_1  |[0m 
[36mjuno-admin_1  |[0m [35m(/home/runner/work/juno/juno/internal/pkg/service/resource/app.go:45)[0m 
[36mjuno-admin_1  |[0m [33m[2022-10-08 11:16:51][0m  [36;1m[0.28ms][0m  SELECT count(*) FROM `app_change_map`  WHERE (app_name = 'jupiter-demo' AND md5 = '23de0483bcc83e69d2f83a9583572b8c')  
[36mjuno-admin_1  |[0m [36;31m[0 rows affected or returned ][0m 
[36mjuno-admin_1  |[0m 
[36mjuno-admin_1  |[0m [35m(/home/runner/go/pkg/mod/github.com/douyu/jupiter@v0.3.3-0.20210826091832-c7a43d560176/pkg/store/gorm/interceptor.go:120)[0m 
[36mjuno-admin_1  |[0m [33m[2022-10-08 11:16:51][0m  [36;1m[0.42ms][0m  SELECT * FROM `test_pipeline_task`  WHERE `test_pipeline_task`.`deleted_at` IS NULL AND ((status = 'running') AND (updated_at < '2022-10-08 10:46:51'))  
[36mjuno-admin_1  |[0m [36;31m[0 rows affected or returned ][0m 
[36mjuno-admin_1  |[0m 
[36mjuno-admin_1  |[0m [35m(/home/runner/go/pkg/mod/github.com/douyu/jupiter@v0.3.3-0.20210826091832-c7a43d560176/pkg/store/gorm/interceptor.go:120)[0m 
[36mjuno-admin_1  |[0m [33m[2022-10-08 11:16:51][0m  [36;1m[0.17ms][0m  DELETE FROM `app_change_map`  WHERE (app_name = 'jupiter-demo')  
[36mjuno-admin_1  |[0m [36;31m[0 rows affected or returned ][0m 
[36mjuno-admin_1  |[0m 
[36mjuno-admin_1  |[0m [35m(/home/runner/go/pkg/mod/github.com/douyu/jupiter@v0.3.3-0.20210826091832-c7a43d560176/pkg/store/gorm/interceptor.go:120)[0m 
[36mjuno-admin_1  |[0m [33m[2022-10-08 11:16:51][0m  [36;1m[0.97ms][0m  SELECT * FROM `cron_job`  WHERE `cron_job`.`deleted_at` IS NULL AND ((enable = true))  
[36mjuno-admin_1  |[0m [36;31m[0 rows affected or returned ][0m 
[36mjuno-admin_1  |[0m 
[36mjuno-admin_1  |[0m [35m(/home/runner/go/pkg/mod/github.com/douyu/jupiter@v0.3.3-0.20210826091832-c7a43d560176/pkg/store/gorm/interceptor.go:120)[0m 
[36mjuno-admin_1  |[0m [33m[2022-10-08 11:16:51][0m  [36;1m[0.20ms][0m  INSERT INTO `app_change_map` (`app_name`,`md5`,`updated_at`) VALUES ('jupiter-demo','23de0483bcc83e69d2f83a9583572b8c',1665227811)  
[36mjuno-admin_1  |[0m [36;31m[1 rows affected or returned ][0m 
[36mjuno-admin_1  |[0m 
[36mjuno-admin_1  |[0m [35m(/home/runner/work/juno/juno/internal/pkg/service/resource/app.go:394)[0m 
[36mjuno-admin_1  |[0m [33m[2022-10-08 11:16:51][0m  [36;1m[1.24ms][0m  SELECT count(*) FROM `app`  WHERE (app_name = 'jupiter-demo')  
[36mjuno-admin_1  |[0m [36;31m[0 rows affected or returned ][0m 
[36mjuno-admin_1  |[0m 
[36mjuno-admin_1  |[0m [35m(/home/runner/go/pkg/mod/github.com/douyu/jupiter@v0.3.3-0.20210826091832-c7a43d560176/pkg/store/gorm/interceptor.go:120)[0m 
[36mjuno-admin_1  |[0m [33m[2022-10-08 11:16:51][0m  [36;1m[0.69ms][0m  INSERT INTO `app` (`gid`,`name`,`app_name`,`create_time`,`update_time`,`level`,`lang`,`biz_domain`,`created_by`,`updated_by`,`http_port`,`rpc_port`,`govern_port`,`hook_id`,`users`,`web_url`,`proto_dir`,`git_url`) VALUES (1,'jupiter-demo','jupiter-demo',1665227811,1665227811,1,'go','直播系统',0,0,'8011','8012','9999',0,'["askuy","lvchao","duminxiang"]','https://github.com/douyu/jupiter-demo','','git@github.com/douyu/jupiter-demo.git')  
[36mjuno-admin_1  |[0m [36;31m[1 rows affected or returned ][0m 
[36mjuno-admin_1  |[0m 
[36mjuno-admin_1  |[0m [35m(/home/runner/go/pkg/mod/github.com/douyu/jupiter@v0.3.3-0.20210826091832-c7a43d560176/pkg/store/gorm/interceptor.go:120)[0m 
[36mjuno-admin_1  |[0m [33m[2022-10-08 11:16:51][0m  [36;1m[84.33ms][0m  DELETE FROM `app_user_relation`  WHERE (app_name = 'jupiter-demo' )  
[36mjuno-admin_1  |[0m [36;31m[0 rows affected or returned ][0m 
[36mjuno-admin_1  |[0m 
[36mjuno-admin_1  |[0m [35m(/home/runner/go/pkg/mod/github.com/douyu/jupiter@v0.3.3-0.20210826091832-c7a43d560176/pkg/store/gorm/interceptor.go:120)[0m 
[36mjuno-admin_1  |[0m [33m[2022-10-08 11:16:52][0m  [36;1m[98.61ms][0m  INSERT INTO `app_user_relation` (`app_name`,`user_name`,`updated_at`) VALUES ('jupiter-demo','askuy',1665227811)  
[36mjuno-admin_1  |[0m [36;31m[1 rows affected or returned ][0m 
[36mjuno-admin_1  |[0m 
[36mjuno-admin_1  |[0m [35m(/home/runner/go/pkg/mod/github.com/douyu/jupiter@v0.3.3-0.20210826091832-c7a43d560176/pkg/store/gorm/interceptor.go:120)[0m 
[36mjuno-admin_1  |[0m [33m[2022-10-08 11:16:52][0m  [36;1m[1.15ms][0m  INSERT INTO `app_user_relation` (`app_name`,`user_name`,`updated_at`) VALUES ('jupiter-demo','lvchao',1665227812)  
[36mjuno-admin_1  |[0m [36;31m[1 rows affected or returned ][0m 
[36mjuno-admin_1  |[0m 
[36mjuno-admin_1  |[0m [35m(/home/runner/go/pkg/mod/github.com/douyu/jupiter@v0.3.3-0.20210826091832-c7a43d560176/pkg/store/gorm/interceptor.go:120)[0m 
[36mjuno-admin_1  |[0m [33m[2022-10-08 11:16:52][0m  [36;1m[0.30ms][0m  INSERT INTO `app_user_relation` (`app_name`,`user_name`,`updated_at`) VALUES ('jupiter-demo','duminxiang',1665227812)  
[36mjuno-admin_1  |[0m [36;31m[1 rows affected or returned ][0m 
[36mjuno-admin_1  |[0m 
[36mjuno-admin_1  |[0m [35m(/home/runner/work/juno/juno/internal/pkg/service/resource/app.go:45)[0m 
[36mjuno-admin_1  |[0m [33m[2022-10-08 11:16:52][0m  [36;1m[1.50ms][0m  SELECT count(*) FROM `app_change_map`  WHERE (app_name = 'juno-admin' AND md5 = 'af66bc40d197e6b69c37a956d312dd5e')  
[36mjuno-admin_1  |[0m [36;31m[0 rows affected or returned ][0m 
[36mjuno-admin_1  |[0m 
[36mjuno-admin_1  |[0m [35m(/home/runner/go/pkg/mod/github.com/douyu/jupiter@v0.3.3-0.20210826091832-c7a43d560176/pkg/store/gorm/interceptor.go:120)[0m 
[36mjuno-admin_1  |[0m [33m[2022-10-08 11:16:52][0m  [36;1m[40.44ms][0m  DELETE FROM `app_change_map`  WHERE (app_name = 'juno-admin')  
[36mjuno-admin_1  |[0m [36;31m[0 rows affected or returned ][0m 
[36mjuno-admin_1  |[0m 
[36mjuno-admin_1  |[0m [35m(/home/runner/go/pkg/mod/github.com/douyu/jupiter@v0.3.3-0.20210826091832-c7a43d560176/pkg/store/gorm/interceptor.go:120)[0m 
[36mjuno-admin_1  |[0m [33m[2022-10-08 11:16:52][0m  [36;1m[0.99ms][0m  INSERT INTO `app_change_map` (`app_name`,`md5`,`updated_at`) VALUES ('juno-admin','af66bc40d197e6b69c37a956d312dd5e',1665227812)  
[36mjuno-admin_1  |[0m [36;31m[1 rows affected or returned ][0m 
[36mjuno-admin_1  |[0m 
[36mjuno-admin_1  |[0m [35m(/home/runner/work/juno/juno/internal/pkg/service/resource/app.go:394)[0m 
[36mjuno-admin_1  |[0m [33m[2022-10-08 11:16:52][0m  [36;1m[1.56ms][0m  SELECT count(*) FROM `app`  WHERE (app_name = 'juno-admin')  
[36mjuno-admin_1  |[0m [36;31m[0 rows affected or returned ][0m 
[36mjuno-admin_1  |[0m 
[36mjuno-admin_1  |[0m [35m(/home/runner/go/pkg/mod/github.com/douyu/jupiter@v0.3.3-0.20210826091832-c7a43d560176/pkg/store/gorm/interceptor.go:120)[0m 
[36mjuno-admin_1  |[0m [33m[2022-10-08 11:16:52][0m  [36;1m[1.31ms][0m  INSERT INTO `app` (`gid`,`name`,`app_name`,`create_time`,`update_time`,`level`,`lang`,`biz_domain`,`created_by`,`updated_by`,`http_port`,`rpc_port`,`govern_port`,`hook_id`,`users`,`web_url`,`proto_dir`,`git_url`) VALUES (2,'juno-admin','juno-admin',1665227812,1665227812,1,'go','直播系统',0,0,'50000','0','50004',0,'["askuy","mex"]','https://github.com/douyu/juno','','git@github.com/douyu/juno.git')  
[36mjuno-admin_1  |[0m [36;31m[1 rows affected or returned ][0m 
[36mjuno-admin_1  |[0m 
[36mjuno-admin_1  |[0m [35m(/home/runner/go/pkg/mod/github.com/douyu/jupiter@v0.3.3-0.20210826091832-c7a43d560176/pkg/store/gorm/interceptor.go:120)[0m 
[36mjuno-admin_1  |[0m [33m[2022-10-08 11:16:52][0m  [36;1m[1.11ms][0m  DELETE FROM `app_user_relation`  WHERE (app_name = 'juno-admin' )  
[36mjuno-admin_1  |[0m [36;31m[0 rows affected or returned ][0m 
[36mjuno-admin_1  |[0m 
[36mjuno-admin_1  |[0m [35m(/home/runner/go/pkg/mod/github.com/douyu/jupiter@v0.3.3-0.20210826091832-c7a43d560176/pkg/store/gorm/interceptor.go:120)[0m 
[36mjuno-admin_1  |[0m [33m[2022-10-08 11:16:52][0m  [36;1m[1.14ms][0m  INSERT INTO `app_user_relation` (`app_name`,`user_name`,`updated_at`) VALUES ('juno-admin','askuy',1665227812)  
[36mjuno-admin_1  |[0m [36;31m[1 rows affected or returned ][0m 
[36mjuno-admin_1  |[0m 
[36mjuno-admin_1  |[0m [35m(/home/runner/go/pkg/mod/github.com/douyu/jupiter@v0.3.3-0.20210826091832-c7a43d560176/pkg/store/gorm/interceptor.go:120)[0m 
[36mjuno-admin_1  |[0m [33m[2022-10-08 11:16:52][0m  [36;1m[0.43ms][0m  INSERT INTO `app_user_relation` (`app_name`,`user_name`,`updated_at`) VALUES ('juno-admin','mex',1665227812)  
[36mjuno-admin_1  |[0m [36;31m[1 rows affected or returned ][0m 
[36mjuno-admin_1  |[0m {"code":0,"msg":"success","data":""}
[36mjuno-admin_1  |[0m 
[36mjuno-admin_1  |[0m 
[36mjuno-admin_1  |[0m [35m(/home/runner/go/pkg/mod/github.com/douyu/jupiter@v0.3.3-0.20210826091832-c7a43d560176/pkg/store/gorm/interceptor.go:120)[0m 
[36mjuno-admin_1  |[0m [33m[2022-10-08 11:16:52][0m  [36;1m[25.24ms][0m  SELECT * FROM `app`  WHERE (app_name = 'douyu-demo')  
[36mjuno-admin_1  |[0m [36;31m[0 rows affected or returned ][0m 
[36mjuno-admin_1  |[0m {"code":1,"msg":"record not found","data":""}
[36mjuno-admin_1  |[0m 
[36mjuno-admin_1  |[0m 
[36mjuno-admin_1  |[0m [35m(/home/runner/go/pkg/mod/github.com/douyu/jupiter@v0.3.3-0.20210826091832-c7a43d560176/pkg/store/gorm/interceptor.go:120)[0m 
[36mjuno-admin_1  |[0m [33m[2022-10-08 11:16:52][0m  [36;1m[0.48ms][0m  SELECT * FROM `app`  WHERE (app_name = 'juno-admin')  
[36mjuno-admin_1  |[0m [36;31m[1 rows affected or returned ][0m 
[36mjuno-admin_1  |[0m 
[36mjuno-admin_1  |[0m [35m(/home/runner/go/pkg/mod/github.com/douyu/jupiter@v0.3.3-0.20210826091832-c7a43d560176/pkg/store/gorm/interceptor.go:120)[0m 
[36mjuno-admin_1  |[0m [33m[2022-10-08 11:16:52][0m  [36;1m[0.49ms][0m  SELECT * FROM `app_node_map`  WHERE (app_name = 'juno-admin' AND md5 = 'd41d8cd98f00b204e9800998ecf8427e') ORDER BY `app_node_map`.`id` ASC LIMIT 1  
[36mjuno-admin_1  |[0m [36;31m[0 rows affected or returned ][0m 
[36mjuno-admin_1  |[0m 
[36mjuno-admin_1  |[0m [35m(/home/runner/go/pkg/mod/github.com/douyu/jupiter@v0.3.3-0.20210826091832-c7a43d560176/pkg/store/gorm/interceptor.go:120)[0m 
[36mjuno-admin_1  |[0m [33m[2022-10-08 11:16:52][0m  [36;1m[0.28ms][0m  DELETE FROM `app_node_map`  WHERE (app_name = 'juno-admin')  
[36mjuno-admin_1  |[0m [36;31m[0 rows affected or returned ][0m 
[36mjuno-admin_1  |[0m 
[36mjuno-admin_1  |[0m [35m(/home/runner/go/pkg/mod/github.com/douyu/jupiter@v0.3.3-0.20210826091832-c7a43d560176/pkg/store/gorm/interceptor.go:120)[0m 
[36mjuno-admin_1  |[0m [33m[2022-10-08 11:16:52][0m  [36;1m[0.40ms][0m  INSERT INTO `app_node_map` (`aid`,`app_name`,`md5`) VALUES (2,'juno-admin','d41d8cd98f00b204e9800998ecf8427e')  
[36mjuno-admin_1  |[0m [36;31m[1 rows affected or returned ][0m 
[36mjuno-admin_1  |[0m 
[36mjuno-admin_1  |[0m [35m(/home/runner/go/pkg/mod/github.com/douyu/jupiter@v0.3.3-0.20210826091832-c7a43d560176/pkg/store/gorm/interceptor.go:120)[0m 
[36mjuno-admin_1  |[0m [33m[2022-10-08 11:16:52][0m  [36;1m[0.40ms][0m  SELECT * FROM `app_node`  WHERE (`app_node`.`app_name` = 'juno-admin')  
[36mjuno-admin_1  |[0m [36;31m[0 rows affected or returned ][0m 
[36mjuno-admin_1  |[0m {"code":1,"msg":"all nodes in app_node already exist","data":""}
[36mjuno-admin_1  |[0m 
[36mjuno-admin_1  |[0m 
[36mjuno-admin_1  |[0m [35m(/home/runner/go/pkg/mod/github.com/douyu/jupiter@v0.3.3-0.20210826091832-c7a43d560176/pkg/store/gorm/interceptor.go:120)[0m 
[36mjuno-admin_1  |[0m [33m[2022-10-08 11:16:52][0m  [36;1m[1.65ms][0m  SELECT * FROM `system_config`  WHERE (name = 'version') ORDER BY `system_config`.`name` ASC LIMIT 1  
[36mjuno-admin_1  |[0m [36;31m[1 rows affected or returned ][0m 
[36mjuno-admin_1  |[0m mockSystemSet version result:
[36mjuno-admin_1  |[0m  {"code":0,"msg":"Success","data":""}
[36mjuno-admin_1  |[0m 
[36mjuno-admin_1  |[0m 
[36mjuno-admin_1  |[0m [35m(/home/runner/go/pkg/mod/github.com/douyu/jupiter@v0.3.3-0.20210826091832-c7a43d560176/pkg/store/gorm/interceptor.go:120)[0m 
[36mjuno-admin_1  |[0m [33m[2022-10-08 11:16:52][0m  [36;1m[1.38ms][0m  SELECT * FROM `system_config`  WHERE (name = 'etcd') ORDER BY `system_config`.`name` ASC LIMIT 1  
[36mjuno-admin_1  |[0m [36;31m[1 rows affected or returned ][0m 
[36mjuno-admin_1  |[0m mockSystemSet etcd result:
[36mjuno-admin_1  |[0m  {"code":0,"msg":"Success","data":""}
[36mjuno-admin_1  |[0m 
[36mjuno-admin_1  |[0m 
[36mjuno-admin_1  |[0m [35m(/home/runner/go/pkg/mod/github.com/douyu/jupiter@v0.3.3-0.20210826091832-c7a43d560176/pkg/store/gorm/interceptor.go:120)[0m 
[36mjuno-admin_1  |[0m [33m[2022-10-08 11:16:52][0m  [36;1m[76.05ms][0m  SELECT * FROM `user`  WHERE (username = 'admin')  
[36mjuno-admin_1  |[0m [36;31m[0 rows affected or returned ][0m 
[36mjuno-admin_1  |[0m 
[36mjuno-admin_1  |[0m [35m(/home/runner/go/pkg/mod/github.com/douyu/jupiter@v0.3.3-0.20210826091832-c7a43d560176/pkg/store/gorm/interceptor.go:120)[0m 
[36mjuno-admin_1  |[0m [33m[2022-10-08 11:16:52][0m  [36;1m[75.45ms][0m  INSERT INTO `user` (`oaid`,`username`,`nickname`,`secret`,`email`,`avatar`,`web_url`,`state`,`hash`,`create_time`,`update_time`,`oauth`,`oauth_id`,`password`,`current_authority`,`access`,`oauth_token`) VALUES (0,'admin','admin','','','','','','',1665227812,1665227812,'','','$2a$10$PQsq2ID69mSQ54ZFldUUxOvu.VLv1RJHgRGKpGr65UJeFflOrG0V6','','admin','{}')  
[36mjuno-admin_1  |[0m [36;31m[1 rows affected or returned ][0m 
[36mjuno-admin_1  |[0m 
[36mjuno-admin_1  |[0m [35m(/home/runner/go/pkg/mod/github.com/douyu/jupiter@v0.3.3-0.20210826091832-c7a43d560176/pkg/store/gorm/interceptor.go:120)[0m 
[36mjuno-admin_1  |[0m [33m[2022-10-08 11:16:52][0m  [36;1m[83.20ms][0m  INSERT INTO `casbin_policy_group` (`created_at`,`updated_at`,`deleted_at`,`group_name`,`uid`,`app_name`,`app_env`,`url`,`type`) VALUES ('2022-10-08 11:16:52','2022-10-08 11:16:52',NULL,'admin',1,'','','','user')  
[36mjuno-admin_1  |[0m [36;31m[1 rows affected or returned ][0m 
[36mjuno-admin_1  |[0m {"code":0,"msg":"success","data":""}
[36mjuno-admin_1  |[0m 
[36mjuno-admin_1  |[0m 
[36mjuno-admin_1  |[0m [35m(/home/runner/go/pkg/mod/github.com/douyu/jupiter@v0.3.3-0.20210826091832-c7a43d560176/pkg/store/gorm/interceptor.go:120)[0m 
[36mjuno-admin_1  |[0m [33m[2022-10-08 11:16:53][0m  [36;1m[0.41ms][0m  SELECT * FROM `user`  WHERE (username = 'default')  
[36mjuno-admin_1  |[0m [36;31m[0 rows affected or returned ][0m 
[36mjuno-admin_1  |[0m 
[36mjuno-admin_1  |[0m [35m(/home/runner/go/pkg/mod/github.com/douyu/jupiter@v0.3.3-0.20210826091832-c7a43d560176/pkg/store/gorm/interceptor.go:120)[0m 
[36mjuno-admin_1  |[0m [33m[2022-10-08 11:16:53][0m  [36;1m[30.09ms][0m  INSERT INTO `user` (`oaid`,`username`,`nickname`,`secret`,`email`,`avatar`,`web_url`,`state`,`hash`,`create_time`,`update_time`,`oauth`,`oauth_id`,`password`,`current_authority`,`access`,`oauth_token`) VALUES (0,'default','default','','','','','','',1665227813,1665227813,'','','$2a$10$ADbJe6xJt1FhEZ1g34uS8OdQRbrbeZSaNKNppq2Bda1OmH06xj07K','','user','{}')  
[36mjuno-admin_1  |[0m [36;31m[1 rows affected or returned ][0m 
[36mjuno-admin_1  |[0m 
[36mjuno-admin_1  |[0m [35m(/home/runner/go/pkg/mod/github.com/douyu/jupiter@v0.3.3-0.20210826091832-c7a43d560176/pkg/store/gorm/interceptor.go:120)[0m 
[36mjuno-admin_1  |[0m [33m[2022-10-08 11:16:53][0m  [36;1m[83.80ms][0m  INSERT INTO `app_event` (`app_name`,`aid`,`zone_code`,`env`,`host_name`,`user_name`,`uid`,`operation`,`create_time`,`source`,`metadata`) VALUES ('',0,'','','','',0,'cmdb_user_create',1665227812,'cmdb','{"uid":1,"id":0,"username":"admin","nickname":"admin","secret":"","email":"","avatar":"","webUrl":"","state":"","hash":"","createTime":1665227812,"updateTime":1665227812,"oauth":"","oauthId":"","password":"$2a$10$PQsq2ID69mSQ54ZFldUUxOvu.VLv1RJHgRGKpGr65UJeFflOrG0V6","currentAuthority":"","access":"admin"}')  
[36mjuno-admin_1  |[0m [36;31m[1 rows affected or returned ][0m 
[36mjuno-admin_1  |[0m 
[36mjuno-admin_1  |[0m [35m(/home/runner/go/pkg/mod/github.com/douyu/jupiter@v0.3.3-0.20210826091832-c7a43d560176/pkg/store/gorm/interceptor.go:120)[0m 
[36mjuno-admin_1  |[0m [33m[2022-10-08 11:16:53][0m  [36;1m[0.78ms][0m  SELECT `id`, `operator_type` FROM `app_event`  WHERE (id = 1)  
[36mjuno-admin_1  |[0m [36;31m[1 rows affected or returned ][0m 
[36mjuno-admin_1  |[0m 
[36mjuno-admin_1  |[0m [35m(/home/runner/go/pkg/mod/github.com/douyu/jupiter@v0.3.3-0.20210826091832-c7a43d560176/pkg/store/gorm/interceptor.go:120)[0m 
[36mjuno-admin_1  |[0m [33m[2022-10-08 11:16:53][0m  [36;1m[66.58ms][0m  INSERT INTO `casbin_policy_group` (`created_at`,`updated_at`,`deleted_at`,`group_name`,`uid`,`app_name`,`app_env`,`url`,`type`) VALUES ('2022-10-08 11:16:53','2022-10-08 11:16:53',NULL,'default',2,'','','','user')  
[36mjuno-admin_1  |[0m [36;31m[1 rows affected or returned ][0m 
[36mjuno-admin_1  |[0m 2022-10-08 11:16:53.346477 I | read config: /root/juno/config/single-region-admin.toml
[36mjuno-admin_1  |[0m 2022-10-08 11:16:53.346893 I | load config successfully
[36mjuno-admin_1  |[0m 2022-10-08 11:16:53.346899 I | hook config, init loggers
[36mjuno-admin_1  |[0m 2022-10-08 11:16:53.346908 I | hook config, init runtime(governor)
[36mjuno-admin_1  |[0m 2022-10-08 11:16:53.346913 I | hook config, init sentinel rules
[36mjuno-admin_1  |[0m 2022-10-08 11:16:53.346917 I | hook config, init registry
[36mjuno-admin_1  |[0m 2022-10-08 11:16:53.346950 I | hook config, read registry config failed: jupiter.registry: invalid key, maybe not exist in config
[36mjuno-admin_1  |[0m 2022-10-08 11:16:53.346957 I | load config from datasource[/root/juno/config/single-region-admin.toml] completely!
[36mjuno-admin_1  |[0m [32m
[36mjuno-admin_1  |[0m    (_)_   _ _ __ (_) |_ ___ _ __
[36mjuno-admin_1  |[0m    | | | | | '_ \| | __/ _ \ '__|
[36mjuno-admin_1  |[0m    | | |_| | |_) | | ||  __/ |
[36mjuno-admin_1  |[0m   _/ |\__,_| .__/|_|\__\___|_|
[36mjuno-admin_1  |[0m  |__/      |_|
[36mjuno-admin_1  |[0m 
[36mjuno-admin_1  |[0m  Welcome to jupiter, starting application ...
[36mjuno-admin_1  |[0m [0m
[36mjuno-admin_1  |[0m 1665227813	[32mINFO[0m	gorm/config.go:117	client mysql start              	{"aid": "1234567890", "iid": "3dfa3a4ea3049ea77ecf5bcfd59b2055", "mod": "gorm", "addr": "mysql:3306", "name": "juno"}
[36mjuno-admin_1  |[0m 
[36mjuno-admin_1  |[0m [33m[2022-10-08 11:16:53][0m [35m[info] replacing callback `gorm:delete` from /home/runner/go/pkg/mod/github.com/douyu/jupiter@v0.3.3-0.20210826091832-c7a43d560176/pkg/store/gorm/orm.go:112[0m [31;1m [0m
[36mjuno-admin_1  |[0m 
[36mjuno-admin_1  |[0m [33m[2022-10-08 11:16:53][0m [35m[info] replacing callback `gorm:update` from /home/runner/go/pkg/mod/github.com/douyu/jupiter@v0.3.3-0.20210826091832-c7a43d560176/pkg/store/gorm/orm.go:112[0m [31;1m [0m
[36mjuno-admin_1  |[0m 
[36mjuno-admin_1  |[0m [33m[2022-10-08 11:16:53][0m [35m[info] replacing callback `gorm:create` from /home/runner/go/pkg/mod/github.com/douyu/jupiter@v0.3.3-0.20210826091832-c7a43d560176/pkg/store/gorm/orm.go:112[0m [31;1m [0m
[36mjuno-admin_1  |[0m 
[36mjuno-admin_1  |[0m [33m[2022-10-08 11:16:53][0m [35m[info] replacing callback `gorm:query` from /home/runner/go/pkg/mod/github.com/douyu/jupiter@v0.3.3-0.20210826091832-c7a43d560176/pkg/store/gorm/orm.go:112[0m [31;1m [0m
[36mjuno-admin_1  |[0m 
[36mjuno-admin_1  |[0m [33m[2022-10-08 11:16:53][0m [35m[info] replacing callback `gorm:row_query` from /home/runner/go/pkg/mod/github.com/douyu/jupiter@v0.3.3-0.20210826091832-c7a43d560176/pkg/store/gorm/orm.go:112[0m [31;1m [0m
[36mjuno-admin_1  |[0m 
[36mjuno-admin_1  |[0m [35m(/home/runner/go/pkg/mod/github.com/douyu/jupiter@v0.3.3-0.20210826091832-c7a43d560176/pkg/store/gorm/interceptor.go:120)[0m 
[36mjuno-admin_1  |[0m [33m[2022-10-08 11:16:53][0m  [36;1m[13.52ms][0m  SELECT * FROM `proxy_manage`  WHERE (delete_time = 0)  
[36mjuno-admin_1  |[0m [36;31m[0 rows affected or returned ][0m 
[36mjuno-admin_1  |[0m 
[36mjuno-admin_1  |[0m [35m(/home/runner/go/pkg/mod/github.com/douyu/jupiter@v0.3.3-0.20210826091832-c7a43d560176/pkg/store/gorm/interceptor.go:120)[0m 
[36mjuno-admin_1  |[0m [33m[2022-10-08 11:16:53][0m  [36;1m[0.26ms][0m  SELECT * FROM `system_config`    
[36mjuno-admin_1  |[0m [36;31m[3 rows affected or returned ][0m 
[36mjuno-admin_1  |[0m 
[36mjuno-admin_1  |[0m [35m(/home/runner/go/pkg/mod/github.com/douyu/jupiter@v0.3.3-0.20210826091832-c7a43d560176/pkg/store/gorm/interceptor.go:120)[0m 
[36mjuno-admin_1  |[0m [33m[2022-10-08 11:16:53][0m  [36;1m[0.20ms][0m  SELECT * FROM `access_token`  WHERE `access_token`.`deleted_at` IS NULL  
[36mjuno-admin_1  |[0m [36;31m[0 rows affected or returned ][0m 
[36mjuno-admin_1  |[0m 
[36mjuno-admin_1  |[0m [35m(/home/runner/go/pkg/mod/github.com/douyu/jupiter@v0.3.3-0.20210826091832-c7a43d560176/pkg/store/gorm/interceptor.go:120)[0m 
[36mjuno-admin_1  |[0m [33m[2022-10-08 11:16:53][0m  [36;1m[0.24ms][0m  SELECT * FROM `system_config`  WHERE (name = 'test_platform') ORDER BY `system_config`.`name` ASC LIMIT 1  
[36mjuno-admin_1  |[0m [36;31m[0 rows affected or returned ][0m 
[36mjuno-admin_1  |[0m 1665227813	[33mWARN[0m	gorm/interceptor.go:63	record not found                	{"aid": "1234567890", "iid": "3dfa3a4ea3049ea77ecf5bcfd59b2055", "error": "record not found", "name": "juno.system_config", "method": "gorm:query"}
[36mjuno-admin_1  |[0m 1665227813	[32mINFO[0m	xlog/api.go:45	newAppLogD                      	{"aid": "1234567890", "iid": "3dfa3a4ea3049ea77ecf5bcfd59b2055", "data": {"":{"Project":"","LogStoreConsole":"","LogStoreJupiter":"","LogStoreBiz":""}}, "project": [{"Project":"","Env":[""],"LogStoreConsole":"","LogStoreJupiter":"","LogStoreBiz":""}]}
[36mjuno-admin_1  |[0m 1665227813	[33mWARN[0m	xlog/api.go:55	k8sWork                         	{"aid": "1234567890", "iid": "3dfa3a4ea3049ea77ecf5bcfd59b2055", "step": "init", "cfg.Cfg.K8s": {"LabelAid":"aid","Enable":false,"Prefix":[],"ExcludeSuffix":null,"Doc":""}}
[36mjuno-admin_1  |[0m 1665227813	[32mINFO[0m	xlog/api.go:45	NewSessionStore                 	{"aid": "1234567890", "iid": "3dfa3a4ea3049ea77ecf5bcfd59b2055", "cookie": "ldfgoqnf935nvav34"}
[36mjuno-admin_1  |[0m 
[36mjuno-admin_1  |[0m [35m(/home/runner/go/pkg/mod/github.com/douyu/jupiter@v0.3.3-0.20210826091832-c7a43d560176/pkg/store/gorm/interceptor.go:120)[0m 
[36mjuno-admin_1  |[0m [33m[2022-10-08 11:16:53][0m  [36;1m[0.45ms][0m  SELECT * FROM `worker_node`  WHERE `worker_node`.`deleted_at` IS NULL AND ((last_heartbeat >= '2022-10-08 11:16:53'))  
[36mjuno-admin_1  |[0m [36;31m[0 rows affected or returned ][0m 
[36mjuno-admin_1  |[0m 
[36mjuno-admin_1  |[0m [35m(/home/runner/go/pkg/mod/github.com/douyu/jupiter@v0.3.3-0.20210826091832-c7a43d560176/pkg/store/gorm/interceptor.go:120)[0m 
[36mjuno-admin_1  |[0m [33m[2022-10-08 11:16:53][0m  [36;1m[0.29ms][0m  SELECT * FROM `test_pipeline_task`  WHERE `test_pipeline_task`.`deleted_at` IS NULL AND ((status = 'running') AND (updated_at < '2022-10-08 10:46:53'))  
[36mjuno-admin_1  |[0m [36;31m[0 rows affected or returned ][0m 
[36mjuno-admin_1  |[0m 1665227813	[32mINFO[0m	etcdv3/client.go:116	dial etcd server                	{"aid": "1234567890", "iid": "3dfa3a4ea3049ea77ecf5bcfd59b2055", "mod": "client.etcd", "addr": ["http://etcd:2379"]}
[36mjuno-admin_1  |[0m 1665227813	[32mINFO[0m	etcdv3/client.go:116	dial etcd server                	{"aid": "1234567890", "iid": "3dfa3a4ea3049ea77ecf5bcfd59b2055", "mod": "client.etcd", "addr": ["http://etcd:2379"]}
[36mjuno-admin_1  |[0m 1665227813	[32mINFO[0m	xcron/cron.go:112	add job                         	{"aid": "1234567890", "iid": "3dfa3a4ea3049ea77ecf5bcfd59b2055", "mod": "worker.cron", "name": "github.com/douyu/juno/internal/pkg/service/proxyintegrat.RefreshProxyConfig"}
[36mjuno-admin_1  |[0m 1665227813	[32mINFO[0m	init listen signal              	{"mod": "app", "event": "init"}
[36mjuno-admin_1  |[0m 1665227813	[32mINFO[0m	xcron/cron.go:139	run worker                      	{"aid": "1234567890", "iid": "3dfa3a4ea3049ea77ecf5bcfd59b2055", "mod": "worker.cron", "number of scheduled jobs": 1}
[36mjuno-admin_1  |[0m 1665227813	[32mINFO[0m	xcron/config.go:149	cron start                      	{"aid": "1234567890", "iid": "3dfa3a4ea3049ea77ecf5bcfd59b2055", "mod": "worker.cron"}
[36mjuno-admin_1  |[0m 1665227813	[32mINFO[0m	xcron/config.go:149	cron schedule                   	{"aid": "1234567890", "iid": "3dfa3a4ea3049ea77ecf5bcfd59b2055", "mod": "worker.cron", "now": 1665227813, "entry": 1, "next": 1665227873}
[36mjuno-admin_1  |[0m 1665227813	[32mINFO[0m	xlog/api.go:45	register service locally        	{"aid": "1234567890", "iid": "3dfa3a4ea3049ea77ecf5bcfd59b2055", "mod": "registry", "name": "juno-admin", "addr": "http://127.0.0.1:50002"}
[36mjuno-admin_1  |[0m 1665227813	[32mINFO[0m	xlog/api.go:45	register service locally        	{"aid": "1234567890", "iid": "3dfa3a4ea3049ea77ecf5bcfd59b2055", "mod": "registry", "name": "juno-admin", "addr": "http://0.0.0.0:50004"}
[36mjuno-admin_1  |[0m 1665227813	[32mINFO[0m	start server                    	{"mod": "app", "event": "init", "name": "juno-admin", "addr": "http://127.0.0.1:50002", "scheme": "http"}
[36mjuno-admin_1  |[0m 1665227813	[32mINFO[0m	start server                    	{"mod": "app", "event": "init", "name": "juno-admin", "addr": "http://0.0.0.0:50004", "scheme": "http"}
[36mjuno-admin_1  |[0m 1665227813	[32mINFO[0m	xecho/server.go:75	add route                       	{"aid": "1234567890", "iid": "3dfa3a4ea3049ea77ecf5bcfd59b2055", "mod": "server.echo", "method": "GET", "path": "/api/v1/pprof/config/list"}
[36mjuno-admin_1  |[0m 1665227813	[32mINFO[0m	xecho/server.go:75	add route                       	{"aid": "1234567890", "iid": "3dfa3a4ea3049ea77ecf5bcfd59b2055", "mod": "server.echo", "method": "POST", "path": "/api/admin/*"}
[36mjuno-admin_1  |[0m 1665227813	[32mINFO[0m	xecho/server.go:75	add route                       	{"aid": "1234567890", "iid": "3dfa3a4ea3049ea77ecf5bcfd59b2055", "mod": "server.echo", "method": "OPTIONS", "path": "/api/admin/resource"}
[36mjuno-admin_1  |[0m 1665227813	[32mINFO[0m	xecho/server.go:75	add route                       	{"aid": "1234567890", "iid": "3dfa3a4ea3049ea77ecf5bcfd59b2055", "mod": "server.echo", "method": "TRACE", "path": "/api/admin/etcd"}
[36mjuno-admin_1  |[0m 1665227813	[32mINFO[0m	xecho/server.go:75	add route                       	{"aid": "1234567890", "iid": "3dfa3a4ea3049ea77ecf5bcfd59b2055", "mod": "server.echo", "method": "OPTIONS", "path": "/api/v1/pprof"}
[36mjuno-admin_1  |[0m 1665227813	[32mINFO[0m	xecho/server.go:75	add route                       	{"aid": "1234567890", "iid": "3dfa3a4ea3049ea77ecf5bcfd59b2055", "mod": "server.echo", "method": "OPTIONS", "path": "/api/admin/logger"}
[36mjuno-admin_1  |[0m 1665227813	[32mINFO[0m	xecho/server.go:75	add route                       	{"aid": "1234567890", "iid": "3dfa3a4ea3049ea77ecf5bcfd59b2055", "mod": "server.echo", "method": "POST", "path": "/api/v1/system"}
[36mjuno-admin_1  |[0m 1665227813	[32mINFO[0m	xecho/server.go:75	add route                       	{"aid": "1234567890", "iid": "3dfa3a4ea3049ea77ecf5bcfd59b2055", "mod": "server.echo", "method": "DELETE", "path": "/proxy/*"}
[36mjuno-admin_1  |[0m 1665227813	[32mINFO[0m	xecho/server.go:75	add route                       	{"aid": "1234567890", "iid": "3dfa3a4ea3049ea77ecf5bcfd59b2055", "mod": "server.echo", "method": "POST", "path": "/api/admin/user/login"}
[36mjuno-admin_1  |[0m 1665227813	[32mINFO[0m	xecho/server.go:75	add route                       	{"aid": "1234567890", "iid": "3dfa3a4ea3049ea77ecf5bcfd59b2055", "mod": "server.echo", "method": "GET", "path": "/api/admin/resource/*"}
[36mjuno-admin_1  |[0m 1665227813	[32mINFO[0m	xecho/server.go:75	add route                       	{"aid": "1234567890", "iid": "3dfa3a4ea3049ea77ecf5bcfd59b2055", "mod": "server.echo", "method": "HEAD", "path": "/api/admin/grpc/*"}
[36mjuno-admin_1  |[0m 1665227813	[32mINFO[0m	xecho/server.go:75	add route                       	{"aid": "1234567890", "iid": "3dfa3a4ea3049ea77ecf5bcfd59b2055", "mod": "server.echo", "method": "PATCH", "path": "/api/v1/pprof/*"}
[36mjuno-admin_1  |[0m 1665227813	[32mINFO[0m	xecho/server.go:75	add route                       	{"aid": "1234567890", "iid": "3dfa3a4ea3049ea77ecf5bcfd59b2055", "mod": "server.echo", "method": "POST", "path": "/api/v1/etcd"}
[36mjuno-admin_1  |[0m 1665227813	[32mINFO[0m	xecho/server.go:75	add route                       	{"aid": "1234567890", "iid": "3dfa3a4ea3049ea77ecf5bcfd59b2055", "mod": "server.echo", "method": "REPORT", "path": "/api/admin/user"}
[36mjuno-admin_1  |[0m 1665227813	[32mINFO[0m	xecho/server.go:75	add route                       	{"aid": "1234567890", "iid": "3dfa3a4ea3049ea77ecf5bcfd59b2055", "mod": "server.echo", "method": "GET", "path": "/api/admin/resource/app_node/info"}
[36mjuno-admin_1  |[0m 1665227813	[32mINFO[0m	xecho/server.go:75	add route                       	{"aid": "1234567890", "iid": "3dfa3a4ea3049ea77ecf5bcfd59b2055", "mod": "server.echo", "method": "PATCH", "path": "/api/admin/system/*"}
[36mjuno-admin_1  |[0m 1665227813	[32mINFO[0m	xecho/server.go:75	add route                       	{"aid": "1234567890", "iid": "3dfa3a4ea3049ea77ecf5bcfd59b2055", "mod": "server.echo", "method": "OPTIONS", "path": "/api/admin/pprof"}
[36mjuno-admin_1  |[0m 1665227813	[32mINFO[0m	xecho/server.go:75	add route                       	{"aid": "1234567890", "iid": "3dfa3a4ea3049ea77ecf5bcfd59b2055", "mod": "server.echo", "method": "PATCH", "path": "/api/v1/resource"}
[36mjuno-admin_1  |[0m 1665227813	[32mINFO[0m	xecho/server.go:75	add route                       	{"aid": "1234567890", "iid": "3dfa3a4ea3049ea77ecf5bcfd59b2055", "mod": "server.echo", "method": "GET", "path": "/api/v1/pprof/list"}
[36mjuno-admin_1  |[0m 1665227813	[32mINFO[0m	xecho/server.go:75	add route                       	{"aid": "1234567890", "iid": "3dfa3a4ea3049ea77ecf5bcfd59b2055", "mod": "server.echo", "method": "POST", "path": "/api/admin/confgov2/resource"}
[36mjuno-admin_1  |[0m 1665227813	[32mINFO[0m	xecho/server.go:75	add route                       	{"aid": "1234567890", "iid": "3dfa3a4ea3049ea77ecf5bcfd59b2055", "mod": "server.echo", "method": "GET", "path": "/api/admin/event/*"}
[36mjuno-admin_1  |[0m 1665227813	[32mINFO[0m	xecho/server.go:75	add route                       	{"aid": "1234567890", "iid": "3dfa3a4ea3049ea77ecf5bcfd59b2055", "mod": "server.echo", "method": "OPTIONS", "path": "/api/v1"}
[36mjuno-admin_1  |[0m 1665227813	[32mINFO[0m	xecho/server.go:75	add route                       	{"aid": "1234567890", "iid": "3dfa3a4ea3049ea77ecf5bcfd59b2055", "mod": "server.echo", "method": "CONNECT", "path": "/api/v1/system"}
[36mjuno-admin_1  |[0m 1665227813	[32mINFO[0m	xecho/server.go:75	add route                       	{"aid": "1234567890", "iid": "3dfa3a4ea3049ea77ecf5bcfd59b2055", "mod": "server.echo", "method": "OPTIONS", "path": "/api/admin/etcd/*"}
[36mjuno-admin_1  |[0m 1665227813	[32mINFO[0m	xecho/server.go:75	add route                       	{"aid": "1234567890", "iid": "3dfa3a4ea3049ea77ecf5bcfd59b2055", "mod": "server.echo", "method": "HEAD", "path": "/api/v1/system/*"}
[36mjuno-admin_1  |[0m 1665227813	[32mINFO[0m	xecho/server.go:75	add route                       	{"aid": "1234567890", "iid": "3dfa3a4ea3049ea77ecf5bcfd59b2055", "mod": "server.echo", "method": "GET", "path": "/api/v1/system"}
[36mjuno-admin_1  |[0m 1665227813	[32mINFO[0m	xecho/server.go:75	add route                       	{"aid": "1234567890", "iid": "3dfa3a4ea3049ea77ecf5bcfd59b2055", "mod": "server.echo", "method": "OPTIONS", "path": "/api/admin/pprof/*"}
[36mjuno-admin_1  |[0m 1665227813	[32mINFO[0m	xecho/server.go:75	add route                       	{"aid": "1234567890", "iid": "3dfa3a4ea3049ea77ecf5bcfd59b2055", "mod": "server.echo", "method": "GET", "path": "/api/admin/system/setting/list"}
[36mjuno-admin_1  |[0m 1665227813	[32mINFO[0m	xecho/server.go:75	add route                       	{"aid": "1234567890", "iid": "3dfa3a4ea3049ea77ecf5bcfd59b2055", "mod": "server.echo", "method": "POST", "path": "/api/admin/permission/user/group/setApiPermission"}
[36mjuno-admin_1  |[0m 1665227813	[32mINFO[0m	xecho/server.go:75	add route                       	{"aid": "1234567890", "iid": "3dfa3a4ea3049ea77ecf5bcfd59b2055", "mod": "server.echo", "method": "POST", "path": "/api/v1/*"}
[36mjuno-admin_1  |[0m 1665227813	[32mINFO[0m	xecho/server.go:75	add route                       	{"aid": "1234567890", "iid": "3dfa3a4ea3049ea77ecf5bcfd59b2055", "mod": "server.echo", "method": "PUT", "path": "/api/v1/etcd/*"}
[36mjuno-admin_1  |[0m 1665227813	[32mINFO[0m	xecho/server.go:75	add route                       	{"aid": "1234567890", "iid": "3dfa3a4ea3049ea77ecf5bcfd59b2055", "mod": "server.echo", "method": "GET", "path": "/api/admin/test/grpc/appServiceTree"}
[36mjuno-admin_1  |[0m 1665227813	[32mINFO[0m	xecho/server.go:75	add route                       	{"aid": "1234567890", "iid": "3dfa3a4ea3049ea77ecf5bcfd59b2055", "mod": "server.echo", "method": "PUT", "path": "/api/admin/test/grpc"}
[36mjuno-admin_1  |[0m 1665227813	[32mINFO[0m	xecho/server.go:75	add route                       	{"aid": "1234567890", "iid": "3dfa3a4ea3049ea77ecf5bcfd59b2055", "mod": "server.echo", "method": "POST", "path": "/api/admin/cronjob/*"}
[36mjuno-admin_1  |[0m 1665227813	[32mINFO[0m	xecho/server.go:75	add route                       	{"aid": "1234567890", "iid": "3dfa3a4ea3049ea77ecf5bcfd59b2055", "mod": "server.echo", "method": "DELETE", "path": "/api/admin/etcd/*"}
[36mjuno-admin_1  |[0m 1665227813	[32mINFO[0m	xecho/server.go:75	add route                       	{"aid": "1234567890", "iid": "3dfa3a4ea3049ea77ecf5bcfd59b2055", "mod": "server.echo", "method": "REPORT", "path": "/api/admin/grpc"}
[36mjuno-admin_1  |[0m 1665227813	[32mINFO[0m	xecho/server.go:75	add route                       	{"aid": "1234567890", "iid": "3dfa3a4ea3049ea77ecf5bcfd59b2055", "mod": "server.echo", "method": "OPTIONS", "path": "/grafana/*"}
[36mjuno-admin_1  |[0m 1665227813	[32mINFO[0m	xecho/server.go:75	add route                       	{"aid": "1234567890", "iid": "3dfa3a4ea3049ea77ecf5bcfd59b2055", "mod": "server.echo", "method": "PUT", "path": "/api/admin/user"}
[36mjuno-admin_1  |[0m 1665227813	[32mINFO[0m	xecho/server.go:75	add route                       	{"aid": "1234567890", "iid": "3dfa3a4ea3049ea77ecf5bcfd59b2055", "mod": "server.echo", "method": "GET", "path": "/api/admin/confgov2/config/diff"}
[36mjuno-admin_1  |[0m 1665227813	[32mINFO[0m	xecho/server.go:75	add route                       	{"aid": "1234567890", "iid": "3dfa3a4ea3049ea77ecf5bcfd59b2055", "mod": "server.echo", "method": "POST", "path": "/api/admin/confgov2/resource/createVersion"}
[36mjuno-admin_1  |[0m 1665227813	[32mINFO[0m	xecho/server.go:75	add route                       	{"aid": "1234567890", "iid": "3dfa3a4ea3049ea77ecf5bcfd59b2055", "mod": "server.echo", "method": "PATCH", "path": "/api/admin/confgov2/*"}
[36mjuno-admin_1  |[0m 1665227813	[32mINFO[0m	xecho/server.go:75	add route                       	{"aid": "1234567890", "iid": "3dfa3a4ea3049ea77ecf5bcfd59b2055", "mod": "server.echo", "method": "CONNECT", "path": "/api/admin/openAuth"}
[36mjuno-admin_1  |[0m 1665227813	[32mINFO[0m	xecho/server.go:75	add route                       	{"aid": "1234567890", "iid": "3dfa3a4ea3049ea77ecf5bcfd59b2055", "mod": "server.echo", "method": "GET", "path": "/proxy/"}
[36mjuno-admin_1  |[0m 1665227813	[32mINFO[0m	xecho/server.go:75	add route                       	{"aid": "1234567890", "iid": "3dfa3a4ea3049ea77ecf5bcfd59b2055", "mod": "server.echo", "method": "PUT", "path": "/api/admin/public/*"}
[36mjuno-admin_1  |[0m 1665227813	[32mINFO[0m	xecho/server.go:75	add route                       	{"aid": "1234567890", "iid": "3dfa3a4ea3049ea77ecf5bcfd59b2055", "mod": "server.echo", "method": "TRACE", "path": "/api/admin/confgo"}
[36mjuno-admin_1  |[0m 1665227813	[32mINFO[0m	xecho/server.go:75	add route                       	{"aid": "1234567890", "iid": "3dfa3a4ea3049ea77ecf5bcfd59b2055", "mod": "server.echo", "method": "CONNECT", "path": "/api/admin/system/*"}
[36mjuno-admin_1  |[0m 1665227813	[32mINFO[0m	xecho/server.go:75	add route                       	{"aid": "1234567890", "iid": "3dfa3a4ea3049ea77ecf5bcfd59b2055", "mod": "server.echo", "method": "CONNECT", "path": "/api/v1/etcd/*"}
[36mjuno-admin_1  |[0m 1665227813	[32mINFO[0m	xecho/server.go:75	add route                       	{"aid": "1234567890", "iid": "3dfa3a4ea3049ea77ecf5bcfd59b2055", "mod": "server.echo", "method": "PATCH", "path": "/api/admin/*"}
[36mjuno-admin_1  |[0m 1665227813	[32mINFO[0m	xecho/server.go:75	add route                       	{"aid": "1234567890", "iid": "3dfa3a4ea3049ea77ecf5bcfd59b2055", "mod": "server.echo", "method": "POST", "path": "/api/admin/user"}
[36mjuno-admin_1  |[0m 1665227813	[32mINFO[0m	xecho/server.go:75	add route                       	{"aid": "1234567890", "iid": "3dfa3a4ea3049ea77ecf5bcfd59b2055", "mod": "server.echo", "method": "GET", "path": "/api/admin/permission/user/list"}
[36mjuno-admin_1  |[0m 1665227813	[32mINFO[0m	xecho/server.go:75	add route                       	{"aid": "1234567890", "iid": "3dfa3a4ea3049ea77ecf5bcfd59b2055", "mod": "server.echo", "method": "POST", "path": "/api/v1/system/option/update"}
[36mjuno-admin_1  |[0m 1665227813	[32mINFO[0m	xecho/server.go:75	add route                       	{"aid": "1234567890", "iid": "3dfa3a4ea3049ea77ecf5bcfd59b2055", "mod": "server.echo", "method": "TRACE", "path": "/grafana"}
[36mjuno-admin_1  |[0m 1665227813	[32mINFO[0m	xecho/server.go:75	add route                       	{"aid": "1234567890", "iid": "3dfa3a4ea3049ea77ecf5bcfd59b2055", "mod": "server.echo", "method": "CONNECT", "path": "/api/admin/user"}
[36mjuno-admin_1  |[0m 1665227813	[32mINFO[0m	xecho/server.go:75	add route                       	{"aid": "1234567890", "iid": "3dfa3a4ea3049ea77ecf5bcfd59b2055", "mod": "server.echo", "method": "OPTIONS", "path": "/api/admin/confgov2/*"}
[36mjuno-admin_1  |[0m 1665227813	[32mINFO[0m	xecho/server.go:75	add route                       	{"aid": "1234567890", "iid": "3dfa3a4ea3049ea77ecf5bcfd59b2055", "mod": "server.echo", "method": "DELETE", "path": "/api/v1/pprof/*"}
[36mjuno-admin_1  |[0m 1665227813	[32mINFO[0m	xecho/server.go:75	add route                       	{"aid": "1234567890", "iid": "3dfa3a4ea3049ea77ecf5bcfd59b2055", "mod": "server.echo", "method": "POST", "path": "/grafana/"}
[36mjuno-admin_1  |[0m 1665227813	[32mINFO[0m	xecho/server.go:75	add route                       	{"aid": "1234567890", "iid": "3dfa3a4ea3049ea77ecf5bcfd59b2055", "mod": "server.echo", "method": "REPORT", "path": "/api/admin/public/*"}
[36mjuno-admin_1  |[0m 1665227813	[32mINFO[0m	xecho/server.go:75	add route                       	{"aid": "1234567890", "iid": "3dfa3a4ea3049ea77ecf5bcfd59b2055", "mod": "server.echo", "method": "PROPFIND", "path": "/api/admin/test/http"}
[36mjuno-admin_1  |[0m 1665227813	[32mINFO[0m	xecho/server.go:75	add route                       	{"aid": "1234567890", "iid": "3dfa3a4ea3049ea77ecf5bcfd59b2055", "mod": "server.echo", "method": "DELETE", "path": "/api/admin/pprof"}
[36mjuno-admin_1  |[0m 1665227813	[32mINFO[0m	xecho/server.go:75	add route                       	{"aid": "1234567890", "iid": "3dfa3a4ea3049ea77ecf5bcfd59b2055", "mod": "server.echo", "method": "POST", "path": "/api/admin/resource/node/create"}
[36mjuno-admin_1  |[0m 1665227813	[32mINFO[0m	xecho/server.go:75	add route                       	{"aid": "1234567890", "iid": "3dfa3a4ea3049ea77ecf5bcfd59b2055", "mod": "server.echo", "method": "POST", "path": "/api/admin/etcd"}
[36mjuno-admin_1  |[0m 1665227813	[32mINFO[0m	xecho/server.go:75	add route                       	{"aid": "1234567890", "iid": "3dfa3a4ea3049ea77ecf5bcfd59b2055", "mod": "server.echo", "method": "PUT", "path": "/api/v1/pprof/*"}
[36mjuno-admin_1  |[0m 1665227813	[32mINFO[0m	xecho/server.go:75	add route                       	{"aid": "1234567890", "iid": "3dfa3a4ea3049ea77ecf5bcfd59b2055", "mod": "server.echo", "method": "PROPFIND", "path": "/api/admin/resource/*"}
[36mjuno-admin_1  |[0m 1665227813	[32mINFO[0m	xecho/server.go:75	add route                       	{"aid": "1234567890", "iid": "3dfa3a4ea3049ea77ecf5bcfd59b2055", "mod": "server.echo", "method": "PUT", "path": "/api/admin/test/grpc/*"}
[36mjuno-admin_1  |[0m 1665227813	[32mINFO[0m	xecho/server.go:75	add route                       	{"aid": "1234567890", "iid": "3dfa3a4ea3049ea77ecf5bcfd59b2055", "mod": "server.echo", "method": "POST", "path": "/api/v1/event/*"}
[36mjuno-admin_1  |[0m 1665227813	[32mINFO[0m	xecho/server.go:75	add route                       	{"aid": "1234567890", "iid": "3dfa3a4ea3049ea77ecf5bcfd59b2055", "mod": "server.echo", "method": "PATCH", "path": "/api/v1/resource/*"}
[36mjuno-admin_1  |[0m 1665227813	[32mINFO[0m	xecho/server.go:75	add route                       	{"aid": "1234567890", "iid": "3dfa3a4ea3049ea77ecf5bcfd59b2055", "mod": "server.echo", "method": "PATCH", "path": "/api/admin"}
[36mjuno-admin_1  |[0m 1665227813	[32mINFO[0m	xecho/server.go:75	add route                       	{"aid": "1234567890", "iid": "3dfa3a4ea3049ea77ecf5bcfd59b2055", "mod": "server.echo", "method": "PATCH", "path": "/api/admin/test/platform/*"}
[36mjuno-admin_1  |[0m 1665227813	[32mINFO[0m	xecho/server.go:75	add route                       	{"aid": "1234567890", "iid": "3dfa3a4ea3049ea77ecf5bcfd59b2055", "mod": "server.echo", "method": "HEAD", "path": "/api/admin/cronjob/task"}
[36mjuno-admin_1  |[0m 1665227813	[32mINFO[0m	xecho/server.go:75	add route                       	{"aid": "1234567890", "iid": "3dfa3a4ea3049ea77ecf5bcfd59b2055", "mod": "server.echo", "method": "CONNECT", "path": "/api/admin/system"}
[36mjuno-admin_1  |[0m 1665227813	[32mINFO[0m	xecho/server.go:75	add route                       	{"aid": "1234567890", "iid": "3dfa3a4ea3049ea77ecf5bcfd59b2055", "mod": "server.echo", "method": "POST", "path": "/proxy/*"}
[36mjuno-admin_1  |[0m 1665227813	[32mINFO[0m	xecho/server.go:75	add route                       	{"aid": "1234567890", "iid": "3dfa3a4ea3049ea77ecf5bcfd59b2055", "mod": "server.echo", "method": "OPTIONS", "path": "/api/admin/test/http"}
[36mjuno-admin_1  |[0m 1665227813	[32mINFO[0m	xecho/server.go:75	add route                       	{"aid": "1234567890", "iid": "3dfa3a4ea3049ea77ecf5bcfd59b2055", "mod": "server.echo", "method": "REPORT", "path": "/api/admin/cronjob/*"}
[36mjuno-admin_1  |[0m 1665227813	[32mINFO[0m	xecho/server.go:75	add route                       	{"aid": "1234567890", "iid": "3dfa3a4ea3049ea77ecf5bcfd59b2055", "mod": "server.echo", "method": "HEAD", "path": "/api/admin/grpc"}
[36mjuno-admin_1  |[0m 1665227813	[32mINFO[0m	xecho/server.go:75	add route                       	{"aid": "1234567890", "iid": "3dfa3a4ea3049ea77ecf5bcfd59b2055", "mod": "server.echo", "method": "OPTIONS", "path": "/api/v1/analysis"}
[36mjuno-admin_1  |[0m 1665227813	[32mINFO[0m	xecho/server.go:75	add route                       	{"aid": "1234567890", "iid": "3dfa3a4ea3049ea77ecf5bcfd59b2055", "mod": "server.echo", "method": "POST", "path": "/proxy/"}
[36mjuno-admin_1  |[0m 1665227813	[32mINFO[0m	xecho/server.go:75	add route                       	{"aid": "1234567890", "iid": "3dfa3a4ea3049ea77ecf5bcfd59b2055", "mod": "server.echo", "method": "PROPFIND", "path": "/api/admin/confgov2/resource/*"}
[36mjuno-admin_1  |[0m 1665227813	[32mINFO[0m	xecho/server.go:75	add route                       	{"aid": "1234567890", "iid": "3dfa3a4ea3049ea77ecf5bcfd59b2055", "mod": "server.echo", "method": "TRACE", "path": "/api/admin/etcd/*"}
[36mjuno-admin_1  |[0m 1665227813	[32mINFO[0m	xecho/server.go:75	add route                       	{"aid": "1234567890", "iid": "3dfa3a4ea3049ea77ecf5bcfd59b2055", "mod": "server.echo", "method": "GET", "path": "/api/admin/openAuth/accessToken/list"}
[36mjuno-admin_1  |[0m 1665227813	[32mINFO[0m	xecho/server.go:75	add route                       	{"aid": "1234567890", "iid": "3dfa3a4ea3049ea77ecf5bcfd59b2055", "mod": "server.echo", "method": "PUT", "path": "/grafana"}
[36mjuno-admin_1  |[0m 1665227813	[32mINFO[0m	xecho/server.go:75	add route                       	{"aid": "1234567890", "iid": "3dfa3a4ea3049ea77ecf5bcfd59b2055", "mod": "server.echo", "method": "PUT", "path": "/api/admin"}
[36mjuno-admin_1  |[0m 1665227813	[32mINFO[0m	xecho/server.go:75	add route                       	{"aid": "1234567890", "iid": "3dfa3a4ea3049ea77ecf5bcfd59b2055", "mod": "server.echo", "method": "REPORT", "path": "/api/admin/etcd"}
[36mjuno-admin_1  |[0m 1665227813	[32mINFO[0m	xecho/server.go:75	add route                       	{"aid": "1234567890", "iid": "3dfa3a4ea3049ea77ecf5bcfd59b2055", "mod": "server.echo", "method": "REPORT", "path": "/api/v1/event"}
[36mjuno-admin_1  |[0m 1665227813	[32mINFO[0m	xecho/server.go:75	add route                       	{"aid": "1234567890", "iid": "3dfa3a4ea3049ea77ecf5bcfd59b2055", "mod": "server.echo", "method": "GET", "path": "/grafana/*"}
[36mjuno-admin_1  |[0m 1665227813	[32mINFO[0m	xecho/server.go:75	add route                       	{"aid": "1234567890", "iid": "3dfa3a4ea3049ea77ecf5bcfd59b2055", "mod": "server.echo", "method": "GET", "path": "/api/admin/proxyintegrat"}
[36mjuno-admin_1  |[0m 1665227813	[32mINFO[0m	xecho/server.go:75	add route                       	{"aid": "1234567890", "iid": "3dfa3a4ea3049ea77ecf5bcfd59b2055", "mod": "server.echo", "method": "PATCH", "path": "/api/admin/confgov2/resource"}
[36mjuno-admin_1  |[0m 1665227813	[32mINFO[0m	xecho/server.go:75	add route                       	{"aid": "1234567890", "iid": "3dfa3a4ea3049ea77ecf5bcfd59b2055", "mod": "server.echo", "method": "POST", "path": "/api/v1/worker/testTask/update"}
[36mjuno-admin_1  |[0m 1665227813	[32mINFO[0m	xecho/server.go:75	add route                       	{"aid": "1234567890", "iid": "3dfa3a4ea3049ea77ecf5bcfd59b2055", "mod": "server.echo", "method": "CONNECT", "path": "/api/v1/system/*"}
[36mjuno-admin_1  |[0m 1665227813	[32mINFO[0m	xecho/server.go:75	add route                       	{"aid": "1234567890", "iid": "3dfa3a4ea3049ea77ecf5bcfd59b2055", "mod": "server.echo", "method": "PROPFIND", "path": "/api/admin/test/*"}
[36mjuno-admin_1  |[0m 1665227813	[32mINFO[0m	xecho/server.go:75	add route                       	{"aid": "1234567890", "iid": "3dfa3a4ea3049ea77ecf5bcfd59b2055", "mod": "server.echo", "method": "CONNECT", "path": "/api/v1"}
[36mjuno-admin_1  |[0m 1665227813	[32mINFO[0m	xecho/server.go:75	add route                       	{"aid": "1234567890", "iid": "3dfa3a4ea3049ea77ecf5bcfd59b2055", "mod": "server.echo", "method": "GET", "path": "/api/admin/resource/node/statics"}
[36mjuno-admin_1  |[0m 1665227813	[32mINFO[0m	xecho/server.go:75	add route                       	{"aid": "1234567890", "iid": "3dfa3a4ea3049ea77ecf5bcfd59b2055", "mod": "server.echo", "method": "GET", "path": "/api/admin/analysis/*"}
[36mjuno-admin_1  |[0m 1665227813	[32mINFO[0m	xecho/server.go:75	add route                       	{"aid": "1234567890", "iid": "3dfa3a4ea3049ea77ecf5bcfd59b2055", "mod": "server.echo", "method": "HEAD", "path": "/api/v1/resource"}
[36mjuno-admin_1  |[0m 1665227813	[32mINFO[0m	xecho/server.go:75	add route                       	{"aid": "1234567890", "iid": "3dfa3a4ea3049ea77ecf5bcfd59b2055", "mod": "server.echo", "method": "HEAD", "path": "/api/admin/confgov2/*"}
[36mjuno-admin_1  |[0m 1665227813	[32mINFO[0m	xecho/server.go:75	add route                       	{"aid": "1234567890", "iid": "3dfa3a4ea3049ea77ecf5bcfd59b2055", "mod": "server.echo", "method": "OPTIONS", "path": "/api/v1/resource"}
[36mjuno-admin_1  |[0m 1665227813	[32mINFO[0m	xecho/server.go:75	add route                       	{"aid": "1234567890", "iid": "3dfa3a4ea3049ea77ecf5bcfd59b2055", "mod": "server.echo", "method": "CONNECT", "path": "/api/admin/confgo"}
[36mjuno-admin_1  |[0m 1665227813	[32mINFO[0m	xecho/server.go:75	add route                       	{"aid": "1234567890", "iid": "3dfa3a4ea3049ea77ecf5bcfd59b2055", "mod": "server.echo", "method": "GET", "path": "/api/admin/cronjob"}
[36mjuno-admin_1  |[0m 1665227813	[32mINFO[0m	xecho/server.go:75	add route                       	{"aid": "1234567890", "iid": "3dfa3a4ea3049ea77ecf5bcfd59b2055", "mod": "server.echo", "method": "GET", "path": "/api/v1"}
[36mjuno-admin_1  |[0m 1665227813	[32mINFO[0m	xecho/server.go:75	add route                       	{"aid": "1234567890", "iid": "3dfa3a4ea3049ea77ecf5bcfd59b2055", "mod": "server.echo", "method": "REPORT", "path": "/api/v1/etcd"}
[36mjuno-admin_1  |[0m 1665227813	[32mINFO[0m	xecho/server.go:75	add route                       	{"aid": "1234567890", "iid": "3dfa3a4ea3049ea77ecf5bcfd59b2055", "mod": "server.echo", "method": "PROPFIND", "path": "/api/admin"}
[36mjuno-admin_1  |[0m 1665227813	[32mINFO[0m	xecho/server.go:75	add route                       	{"aid": "1234567890", "iid": "3dfa3a4ea3049ea77ecf5bcfd59b2055", "mod": "server.echo", "method": "PATCH", "path": "/api/admin/public"}
[36mjuno-admin_1  |[0m 1665227813	[32mINFO[0m	xecho/server.go:75	add route                       	{"aid": "1234567890", "iid": "3dfa3a4ea3049ea77ecf5bcfd59b2055", "mod": "server.echo", "method": "PUT", "path": "/api/admin/test/http/*"}
[36mjuno-admin_1  |[0m 1665227813	[32mINFO[0m	xecho/server.go:75	add route                       	{"aid": "1234567890", "iid": "3dfa3a4ea3049ea77ecf5bcfd59b2055", "mod": "server.echo", "method": "PROPFIND", "path": "/api/admin/etcd"}
[36mjuno-admin_1  |[0m 1665227813	[32mINFO[0m	xecho/server.go:75	add route                       	{"aid": "1234567890", "iid": "3dfa3a4ea3049ea77ecf5bcfd59b2055", "mod": "server.echo", "method": "OPTIONS", "path": "/api/admin/test"}
[36mjuno-admin_1  |[0m 1665227813	[32mINFO[0m	xecho/server.go:75	add route                       	{"aid": "1234567890", "iid": "3dfa3a4ea3049ea77ecf5bcfd59b2055", "mod": "server.echo", "method": "PROPFIND", "path": "/api/admin/proxyintegrat/*"}
[36mjuno-admin_1  |[0m 1665227813	[32mINFO[0m	xecho/server.go:75	add route                       	{"aid": "1234567890", "iid": "3dfa3a4ea3049ea77ecf5bcfd59b2055", "mod": "server.echo", "method": "POST", "path": "/api/v1/confgo/config/diffVersion"}
[36mjuno-admin_1  |[0m 1665227813	[32mINFO[0m	xecho/server.go:75	add route                       	{"aid": "1234567890", "iid": "3dfa3a4ea3049ea77ecf5bcfd59b2055", "mod": "server.echo", "method": "REPORT", "path": "/api/v1/system"}
[36mjuno-admin_1  |[0m 1665227813	[32mINFO[0m	xecho/server.go:75	add route                       	{"aid": "1234567890", "iid": "3dfa3a4ea3049ea77ecf5bcfd59b2055", "mod": "server.echo", "method": "HEAD", "path": "/api/admin/cronjob/task/*"}
[36mjuno-admin_1  |[0m 1665227813	[32mINFO[0m	xecho/server.go:75	add route                       	{"aid": "1234567890", "iid": "3dfa3a4ea3049ea77ecf5bcfd59b2055", "mod": "server.echo", "method": "REPORT", "path": "/api/admin/proxyintegrat/*"}
[36mjuno-admin_1  |[0m 1665227813	[32mINFO[0m	xecho/server.go:75	add route                       	{"aid": "1234567890", "iid": "3dfa3a4ea3049ea77ecf5bcfd59b2055", "mod": "server.echo", "method": "OPTIONS", "path": "/api/admin/confgov2/resource/*"}
[36mjuno-admin_1  |[0m 1665227813	[32mINFO[0m	xecho/server.go:75	add route                       	{"aid": "1234567890", "iid": "3dfa3a4ea3049ea77ecf5bcfd59b2055", "mod": "server.echo", "method": "CONNECT", "path": "/api/admin/test/grpc/*"}
[36mjuno-admin_1  |[0m 1665227813	[32mINFO[0m	xecho/server.go:75	add route                       	{"aid": "1234567890", "iid": "3dfa3a4ea3049ea77ecf5bcfd59b2055", "mod": "server.echo", "method": "GET", "path": "/api/admin/system/*"}
[36mjuno-admin_1  |[0m 1665227813	[32mINFO[0m	xecho/server.go:75	add route                       	{"aid": "1234567890", "iid": "3dfa3a4ea3049ea77ecf5bcfd59b2055", "mod": "server.echo", "method": "GET", "path": "/api/admin/pprof/*"}
[36mjuno-admin_1  |[0m 1665227813	[32mINFO[0m	xecho/server.go:75	add route                       	{"aid": "1234567890", "iid": "3dfa3a4ea3049ea77ecf5bcfd59b2055", "mod": "server.echo", "method": "POST", "path": "/api/admin/etcd/*"}
[36mjuno-admin_1  |[0m 1665227813	[32mINFO[0m	xecho/server.go:75	add route                       	{"aid": "1234567890", "iid": "3dfa3a4ea3049ea77ecf5bcfd59b2055", "mod": "server.echo", "method": "GET", "path": "/api/admin/grpc/*"}
[36mjuno-admin_1  |[0m 1665227813	[32mINFO[0m	xecho/server.go:75	add route                       	{"aid": "1234567890", "iid": "3dfa3a4ea3049ea77ecf5bcfd59b2055", "mod": "server.echo", "method": "PROPFIND", "path": "/grafana/*"}
[36mjuno-admin_1  |[0m 1665227813	[32mINFO[0m	xecho/server.go:75	add route                       	{"aid": "1234567890", "iid": "3dfa3a4ea3049ea77ecf5bcfd59b2055", "mod": "server.echo", "method": "GET", "path": "/api/admin/test/grpc/proto"}
[36mjuno-admin_1  |[0m 1665227813	[32mINFO[0m	xecho/server.go:75	add route                       	{"aid": "1234567890", "iid": "3dfa3a4ea3049ea77ecf5bcfd59b2055", "mod": "server.echo", "method": "PROPFIND", "path": "/api/admin/cronjob"}
[36mjuno-admin_1  |[0m 1665227813	[32mINFO[0m	xecho/server.go:75	add route                       	{"aid": "1234567890", "iid": "3dfa3a4ea3049ea77ecf5bcfd59b2055", "mod": "server.echo", "method": "GET", "path": "/api/admin/system/menu"}
[36mjuno-admin_1  |[0m 1665227813	[32mINFO[0m	xecho/server.go:75	add route                       	{"aid": "1234567890", "iid": "3dfa3a4ea3049ea77ecf5bcfd59b2055", "mod": "server.echo", "method": "OPTIONS", "path": "/api/admin/permission/*"}
[36mjuno-admin_1  |[0m 1665227813	[32mINFO[0m	xecho/server.go:75	add route                       	{"aid": "1234567890", "iid": "3dfa3a4ea3049ea77ecf5bcfd59b2055", "mod": "server.echo", "method": "DELETE", "path": "/api/admin/event/*"}
[36mjuno-admin_1  |[0m 1665227813	[32mINFO[0m	xecho/server.go:75	add route                       	{"aid": "1234567890", "iid": "3dfa3a4ea3049ea77ecf5bcfd59b2055", "mod": "server.echo", "method": "REPORT", "path": "/api/admin/test/platform"}
[36mjuno-admin_1  |[0m 1665227813	[32mINFO[0m	xecho/server.go:75	add route                       	{"aid": "1234567890", "iid": "3dfa3a4ea3049ea77ecf5bcfd59b2055", "mod": "server.echo", "method": "POST", "path": "/api/admin/test/platform/pipeline/delete"}
[36mjuno-admin_1  |[0m 1665227813	[32mINFO[0m	xecho/server.go:75	add route                       	{"aid": "1234567890", "iid": "3dfa3a4ea3049ea77ecf5bcfd59b2055", "mod": "server.echo", "method": "DELETE", "path": "/api/admin/etcd"}
[36mjuno-admin_1  |[0m 1665227813	[32mINFO[0m	xecho/server.go:75	add route                       	{"aid": "1234567890", "iid": "3dfa3a4ea3049ea77ecf5bcfd59b2055", "mod": "server.echo", "method": "DELETE", "path": "/api/v1/resource/*"}
[36mjuno-admin_1  |[0m 1665227813	[32mINFO[0m	xecho/server.go:75	add route                       	{"aid": "1234567890", "iid": "3dfa3a4ea3049ea77ecf5bcfd59b2055", "mod": "server.echo", "method": "CONNECT", "path": "/api/admin/test/platform/*"}
[36mjuno-admin_1  |[0m 1665227813	[32mINFO[0m	xecho/server.go:75	add route                       	{"aid": "1234567890", "iid": "3dfa3a4ea3049ea77ecf5bcfd59b2055", "mod": "server.echo", "method": "REPORT", "path": "/api/admin/analysis"}
[36mjuno-admin_1  |[0m 1665227813	[32mINFO[0m	xecho/server.go:75	add route                       	{"aid": "1234567890", "iid": "3dfa3a4ea3049ea77ecf5bcfd59b2055", "mod": "server.echo", "method": "HEAD", "path": "/api/v1/*"}
[36mjuno-admin_1  |[0m 1665227813	[32mINFO[0m	xecho/server.go:75	add route                       	{"aid": "1234567890", "iid": "3dfa3a4ea3049ea77ecf5bcfd59b2055", "mod": "server.echo", "method": "CONNECT", "path": "/api/admin/cronjob/*"}
[36mjuno-admin_1  |[0m 1665227813	[32mINFO[0m	xecho/server.go:75	add route                       	{"aid": "1234567890", "iid": "3dfa3a4ea3049ea77ecf5bcfd59b2055", "mod": "server.echo", "method": "TRACE", "path": "/api/admin/openAuth/*"}
[36mjuno-admin_1  |[0m 1665227813	[32mINFO[0m	xecho/server.go:75	add route                       	{"aid": "1234567890", "iid": "3dfa3a4ea3049ea77ecf5bcfd59b2055", "mod": "server.echo", "method": "POST", "path": "/api/admin/logger/*"}
[36mjuno-admin_1  |[0m 1665227813	[32mINFO[0m	xecho/server.go:75	add route                       	{"aid": "1234567890", "iid": "3dfa3a4ea3049ea77ecf5bcfd59b2055", "mod": "server.echo", "method": "TRACE", "path": "/grafana/*"}
[36mjuno-admin_1  |[0m 1665227813	[32mINFO[0m	xecho/server.go:75	add route                       	{"aid": "1234567890", "iid": "3dfa3a4ea3049ea77ecf5bcfd59b2055", "mod": "server.echo", "method": "DELETE", "path": "/proxy/"}
[36mjuno-admin_1  |[0m 1665227813	[32mINFO[0m	xecho/server.go:75	add route                       	{"aid": "1234567890", "iid": "3dfa3a4ea3049ea77ecf5bcfd59b2055", "mod": "server.echo", "method": "HEAD", "path": "/api/admin/test/platform/*"}
[36mjuno-admin_1  |[0m 1665227813	[32mINFO[0m	xecho/server.go:75	add route                       	{"aid": "1234567890", "iid": "3dfa3a4ea3049ea77ecf5bcfd59b2055", "mod": "server.echo", "method": "CONNECT", "path": "/api/admin/openAuth/*"}
[36mjuno-admin_1  |[0m 1665227813	[32mINFO[0m	xecho/server.go:75	add route                       	{"aid": "1234567890", "iid": "3dfa3a4ea3049ea77ecf5bcfd59b2055", "mod": "server.echo", "method": "HEAD", "path": "/api/admin/test/grpc"}
[36mjuno-admin_1  |[0m 1665227813	[32mINFO[0m	xecho/server.go:75	add route                       	{"aid": "1234567890", "iid": "3dfa3a4ea3049ea77ecf5bcfd59b2055", "mod": "server.echo", "method": "POST", "path": "/api/v1"}
[36mjuno-admin_1  |[0m 1665227813	[32mINFO[0m	xecho/server.go:75	add route                       	{"aid": "1234567890", "iid": "3dfa3a4ea3049ea77ecf5bcfd59b2055", "mod": "server.echo", "method": "PUT", "path": "/api/admin/logger"}
[36mjuno-admin_1  |[0m 1665227813	[32mINFO[0m	xecho/server.go:75	add route                       	{"aid": "1234567890", "iid": "3dfa3a4ea3049ea77ecf5bcfd59b2055", "mod": "server.echo", "method": "GET", "path": "/api/admin/confgo/tpl/info"}
[36mjuno-admin_1  |[0m 1665227813	[32mINFO[0m	xecho/server.go:75	add route                       	{"aid": "1234567890", "iid": "3dfa3a4ea3049ea77ecf5bcfd59b2055", "mod": "server.echo", "method": "POST", "path": "/api/admin/test/grpc/useCases/create"}
[36mjuno-admin_1  |[0m 1665227813	[32mINFO[0m	xecho/server.go:75	add route                       	{"aid": "1234567890", "iid": "3dfa3a4ea3049ea77ecf5bcfd59b2055", "mod": "server.echo", "method": "POST", "path": "/api/admin/system"}
[36mjuno-admin_1  |[0m 1665227813	[32mINFO[0m	xecho/server.go:75	add route                       	{"aid": "1234567890", "iid": "3dfa3a4ea3049ea77ecf5bcfd59b2055", "mod": "server.echo", "method": "PATCH", "path": "/api/admin/openAuth"}
[36mjuno-admin_1  |[0m 1665227813	[32mINFO[0m	xecho/server.go:75	add route                       	{"aid": "1234567890", "iid": "3dfa3a4ea3049ea77ecf5bcfd59b2055", "mod": "server.echo", "method": "TRACE", "path": "/api/admin/test"}
[36mjuno-admin_1  |[0m 1665227813	[32mINFO[0m	xecho/server.go:75	add route                       	{"aid": "1234567890", "iid": "3dfa3a4ea3049ea77ecf5bcfd59b2055", "mod": "server.echo", "method": "GET", "path": "/api/admin/test/http/collections"}
[36mjuno-admin_1  |[0m 1665227813	[32mINFO[0m	xecho/server.go:75	add route                       	{"aid": "1234567890", "iid": "3dfa3a4ea3049ea77ecf5bcfd59b2055", "mod": "server.echo", "method": "DELETE", "path": "/api/v1/confgo/*"}
[36mjuno-admin_1  |[0m 1665227813	[32mINFO[0m	xecho/server.go:75	add route                       	{"aid": "1234567890", "iid": "3dfa3a4ea3049ea77ecf5bcfd59b2055", "mod": "server.echo", "method": "OPTIONS", "path": "/api/admin/cronjob/*"}
[36mjuno-admin_1  |[0m 1665227813	[32mINFO[0m	xecho/server.go:75	add route                       	{"aid": "1234567890", "iid": "3dfa3a4ea3049ea77ecf5bcfd59b2055", "mod": "server.echo", "method": "POST", "path": "/api/admin/event/*"}
[36mjuno-admin_1  |[0m 1665227813	[32mINFO[0m	xecho/server.go:75	add route                       	{"aid": "1234567890", "iid": "3dfa3a4ea3049ea77ecf5bcfd59b2055", "mod": "server.echo", "method": "HEAD", "path": "/api/admin/openAuth/*"}
[36mjuno-admin_1  |[0m 1665227813	[32mINFO[0m	xecho/server.go:75	add route                       	{"aid": "1234567890", "iid": "3dfa3a4ea3049ea77ecf5bcfd59b2055", "mod": "server.echo", "method": "GET", "path": "/api/v1/resource"}
[36mjuno-admin_1  |[0m 1665227813	[32mINFO[0m	xecho/server.go:75	add route                       	{"aid": "1234567890", "iid": "3dfa3a4ea3049ea77ecf5bcfd59b2055", "mod": "server.echo", "method": "PATCH", "path": "/api/admin/cronjob"}
[36mjuno-admin_1  |[0m 1665227813	[32mINFO[0m	xecho/server.go:75	add route                       	{"aid": "1234567890", "iid": "3dfa3a4ea3049ea77ecf5bcfd59b2055", "mod": "server.echo", "method": "PATCH", "path": "/api/admin/openAuth/*"}
[36mjuno-admin_1  |[0m 1665227813	[32mINFO[0m	xecho/server.go:75	add route                       	{"aid": "1234567890", "iid": "3dfa3a4ea3049ea77ecf5bcfd59b2055", "mod": "server.echo", "method": "POST", "path": "/api/v1/resource/app_node/put"}
[36mjuno-admin_1  |[0m 1665227813	[32mINFO[0m	xecho/server.go:75	add route                       	{"aid": "1234567890", "iid": "3dfa3a4ea3049ea77ecf5bcfd59b2055", "mod": "server.echo", "method": "POST", "path": "/api/v1/confgo/config/delete"}
[36mjuno-admin_1  |[0m 1665227813	[32mINFO[0m	xecho/server.go:75	add route                       	{"aid": "1234567890", "iid": "3dfa3a4ea3049ea77ecf5bcfd59b2055", "mod": "server.echo", "method": "DELETE", "path": "/api/v1"}
[36mjuno-admin_1  |[0m 1665227813	[32mINFO[0m	xecho/server.go:75	add route                       	{"aid": "1234567890", "iid": "3dfa3a4ea3049ea77ecf5bcfd59b2055", "mod": "server.echo", "method": "POST", "path": "/api/v1/confgo/config/update"}
[36mjuno-admin_1  |[0m 1665227813	[32mINFO[0m	xecho/server.go:75	add route                       	{"aid": "1234567890", "iid": "3dfa3a4ea3049ea77ecf5bcfd59b2055", "mod": "server.echo", "method": "CONNECT", "path": "/api/admin/user/*"}
[36mjuno-admin_1  |[0m 1665227813	[32mINFO[0m	xecho/server.go:75	add route                       	{"aid": "1234567890", "iid": "3dfa3a4ea3049ea77ecf5bcfd59b2055", "mod": "server.echo", "method": "TRACE", "path": "/api/admin/test/platform/*"}
[36mjuno-admin_1  |[0m 1665227813	[32mINFO[0m	xecho/server.go:75	add route                       	{"aid": "1234567890", "iid": "3dfa3a4ea3049ea77ecf5bcfd59b2055", "mod": "server.echo", "method": "PROPFIND", "path": "/api/admin/cronjob/*"}
[36mjuno-admin_1  |[0m 1665227813	[32mINFO[0m	xecho/server.go:75	add route                       	{"aid": "1234567890", "iid": "3dfa3a4ea3049ea77ecf5bcfd59b2055", "mod": "server.echo", "method": "HEAD", "path": "/api/admin/logger/*"}
[36mjuno-admin_1  |[0m 1665227813	[32mINFO[0m	xecho/server.go:75	add route                       	{"aid": "1234567890", "iid": "3dfa3a4ea3049ea77ecf5bcfd59b2055", "mod": "server.echo", "method": "GET", "path": "/api/admin/public/user/tabVisit"}
[36mjuno-admin_1  |[0m 1665227813	[32mINFO[0m	xecho/server.go:75	add route                       	{"aid": "1234567890", "iid": "3dfa3a4ea3049ea77ecf5bcfd59b2055", "mod": "server.echo", "method": "HEAD", "path": "/api/admin/resource"}
[36mjuno-admin_1  |[0m 1665227813	[32mINFO[0m	xecho/server.go:75	add route                       	{"aid": "1234567890", "iid": "3dfa3a4ea3049ea77ecf5bcfd59b2055", "mod": "server.echo", "method": "GET", "path": "/api/admin/cronjob/*"}
[36mjuno-admin_1  |[0m 1665227813	[32mINFO[0m	xecho/server.go:75	add route                       	{"aid": "1234567890", "iid": "3dfa3a4ea3049ea77ecf5bcfd59b2055", "mod": "server.echo", "method": "GET", "path": "/api/admin/cronjob/task"}
[36mjuno-admin_1  |[0m 1665227813	[32mINFO[0m	xecho/server.go:75	add route                       	{"aid": "1234567890", "iid": "3dfa3a4ea3049ea77ecf5bcfd59b2055", "mod": "server.echo", "method": "PATCH", "path": "/api/admin/pprof/*"}
[36mjuno-admin_1  |[0m 1665227813	[32mINFO[0m	xecho/server.go:75	add route                       	{"aid": "1234567890", "iid": "3dfa3a4ea3049ea77ecf5bcfd59b2055", "mod": "server.echo", "method": "DELETE", "path": "/api/v1/analysis/*"}
[36mjuno-admin_1  |[0m 1665227813	[32mINFO[0m	xecho/server.go:75	add route                       	{"aid": "1234567890", "iid": "3dfa3a4ea3049ea77ecf5bcfd59b2055", "mod": "server.echo", "method": "POST", "path": "/api/admin/confgo/*"}
[36mjuno-admin_1  |[0m 1665227813	[32mINFO[0m	xecho/server.go:75	add route                       	{"aid": "1234567890", "iid": "3dfa3a4ea3049ea77ecf5bcfd59b2055", "mod": "server.echo", "method": "GET", "path": "/api/admin/resource/app/grpcAddrList"}
[36mjuno-admin_1  |[0m 1665227813	[32mINFO[0m	xecho/server.go:75	add route                       	{"aid": "1234567890", "iid": "3dfa3a4ea3049ea77ecf5bcfd59b2055", "mod": "server.echo", "method": "HEAD", "path": "/api/admin/test/http/*"}
[36mjuno-admin_1  |[0m 1665227813	[32mINFO[0m	xecho/server.go:75	add route                       	{"aid": "1234567890", "iid": "3dfa3a4ea3049ea77ecf5bcfd59b2055", "mod": "server.echo", "method": "POST", "path": "/api/admin/pprof"}
[36mjuno-admin_1  |[0m 1665227813	[32mINFO[0m	xecho/server.go:75	add route                       	{"aid": "1234567890", "iid": "3dfa3a4ea3049ea77ecf5bcfd59b2055", "mod": "server.echo", "method": "GET", "path": "/api/v1/confgo/config/list"}
[36mjuno-admin_1  |[0m 1665227813	[32mINFO[0m	xecho/server.go:75	add route                       	{"aid": "1234567890", "iid": "3dfa3a4ea3049ea77ecf5bcfd59b2055", "mod": "server.echo", "method": "OPTIONS", "path": "/api/v1/event"}
[36mjuno-admin_1  |[0m 1665227813	[32mINFO[0m	xecho/server.go:75	add route                       	{"aid": "1234567890", "iid": "3dfa3a4ea3049ea77ecf5bcfd59b2055", "mod": "server.echo", "method": "OPTIONS", "path": "/api/v1/pprof/*"}
[36mjuno-admin_1  |[0m 1665227813	[32mINFO[0m	xecho/server.go:75	add route                       	{"aid": "1234567890", "iid": "3dfa3a4ea3049ea77ecf5bcfd59b2055", "mod": "server.echo", "method": "PROPFIND", "path": "/api/admin/confgo"}
[36mjuno-admin_1  |[0m 1665227813	[32mINFO[0m	xecho/server.go:75	add route                       	{"aid": "1234567890", "iid": "3dfa3a4ea3049ea77ecf5bcfd59b2055", "mod": "server.echo", "method": "CONNECT", "path": "/api/admin/permission/*"}
[36mjuno-admin_1  |[0m 1665227813	[32mINFO[0m	xecho/server.go:75	add route                       	{"aid": "1234567890", "iid": "3dfa3a4ea3049ea77ecf5bcfd59b2055", "mod": "server.echo", "method": "PROPFIND", "path": "/api/admin/pprof/*"}
[36mjuno-admin_1  |[0m 1665227813	[32mINFO[0m	xecho/server.go:75	add route                       	{"aid": "1234567890", "iid": "3dfa3a4ea3049ea77ecf5bcfd59b2055", "mod": "server.echo", "method": "POST", "path": "/api/v1/resource"}
[36mjuno-admin_1  |[0m 1665227813	[32mINFO[0m	xecho/server.go:75	add route                       	{"aid": "1234567890", "iid": "3dfa3a4ea3049ea77ecf5bcfd59b2055", "mod": "server.echo", "method": "CONNECT", "path": "/proxy/*"}
[36mjuno-admin_1  |[0m 1665227813	[32mINFO[0m	xecho/server.go:75	add route                       	{"aid": "1234567890", "iid": "3dfa3a4ea3049ea77ecf5bcfd59b2055", "mod": "server.echo", "method": "PUT", "path": "/api/admin/resource"}
[36mjuno-admin_1  |[0m 1665227813	[32mINFO[0m	xecho/server.go:75	add route                       	{"aid": "1234567890", "iid": "3dfa3a4ea3049ea77ecf5bcfd59b2055", "mod": "server.echo", "method": "GET", "path": "/api/admin/analysis"}
[36mjuno-admin_1  |[0m 1665227813	[32mINFO[0m	xecho/server.go:75	add route                       	{"aid": "1234567890", "iid": "3dfa3a4ea3049ea77ecf5bcfd59b2055", "mod": "server.echo", "method": "GET", "path": "/api/v1/event/*"}
[36mjuno-admin_1  |[0m 1665227813	[32mINFO[0m	xecho/server.go:75	add route                       	{"aid": "1234567890", "iid": "3dfa3a4ea3049ea77ecf5bcfd59b2055", "mod": "server.echo", "method": "HEAD", "path": "/api/v1/analysis/*"}
[36mjuno-admin_1  |[0m 1665227813	[32mINFO[0m	xecho/server.go:75	add route                       	{"aid": "1234567890", "iid": "3dfa3a4ea3049ea77ecf5bcfd59b2055", "mod": "server.echo", "method": "POST", "path": "/api/admin/confgov2/*"}
[36mjuno-admin_1  |[0m 1665227813	[32mINFO[0m	xecho/server.go:75	add route                       	{"aid": "1234567890", "iid": "3dfa3a4ea3049ea77ecf5bcfd59b2055", "mod": "server.echo", "method": "HEAD", "path": "/api/admin/pprof/*"}
[36mjuno-admin_1  |[0m 1665227813	[32mINFO[0m	xecho/server.go:75	add route                       	{"aid": "1234567890", "iid": "3dfa3a4ea3049ea77ecf5bcfd59b2055", "mod": "server.echo", "method": "HEAD", "path": "/api/v1/confgo"}
[36mjuno-admin_1  |[0m 1665227813	[32mINFO[0m	xecho/server.go:75	add route                       	{"aid": "1234567890", "iid": "3dfa3a4ea3049ea77ecf5bcfd59b2055", "mod": "server.echo", "method": "REPORT", "path": "/api/v1/confgo/*"}
[36mjuno-admin_1  |[0m 1665227813	[32mINFO[0m	xecho/server.go:75	add route                       	{"aid": "1234567890", "iid": "3dfa3a4ea3049ea77ecf5bcfd59b2055", "mod": "server.echo", "method": "GET", "path": "/api/v1/*"}
[36mjuno-admin_1  |[0m 1665227813	[32mINFO[0m	xecho/server.go:75	add route                       	{"aid": "1234567890", "iid": "3dfa3a4ea3049ea77ecf5bcfd59b2055", "mod": "server.echo", "method": "GET", "path": "/api/v1/confgo/config/diff"}
[36mjuno-admin_1  |[0m 1665227813	[32mINFO[0m	xecho/server.go:75	add route                       	{"aid": "1234567890", "iid": "3dfa3a4ea3049ea77ecf5bcfd59b2055", "mod": "server.echo", "method": "DELETE", "path": "/api/admin/cronjob/task"}
[36mjuno-admin_1  |[0m 1665227813	[32mINFO[0m	xecho/server.go:75	add route                       	{"aid": "1234567890", "iid": "3dfa3a4ea3049ea77ecf5bcfd59b2055", "mod": "server.echo", "method": "CONNECT", "path": "/api/admin/analysis"}
[36mjuno-admin_1  |[0m 1665227813	[32mINFO[0m	xecho/server.go:75	add route                       	{"aid": "1234567890", "iid": "3dfa3a4ea3049ea77ecf5bcfd59b2055", "mod": "server.echo", "method": "PATCH", "path": "/api/admin/etcd"}
[36mjuno-admin_1  |[0m 1665227813	[32mINFO[0m	xecho/server.go:75	add route                       	{"aid": "1234567890", "iid": "3dfa3a4ea3049ea77ecf5bcfd59b2055", "mod": "server.echo", "method": "POST", "path": "/api/admin/openAuth/accessToken/delete"}
[36mjuno-admin_1  |[0m 1665227813	[32mINFO[0m	xecho/server.go:75	add route                       	{"aid": "1234567890", "iid": "3dfa3a4ea3049ea77ecf5bcfd59b2055", "mod": "server.echo", "method": "GET", "path": "/api/admin/user/list"}
[36mjuno-admin_1  |[0m 1665227813	[32mINFO[0m	xecho/server.go:75	add route                       	{"aid": "1234567890", "iid": "3dfa3a4ea3049ea77ecf5bcfd59b2055", "mod": "server.echo", "method": "REPORT", "path": "/api/admin/logger/*"}
[36mjuno-admin_1  |[0m 1665227813	[32mINFO[0m	xecho/server.go:75	add route                       	{"aid": "1234567890", "iid": "3dfa3a4ea3049ea77ecf5bcfd59b2055", "mod": "server.echo", "method": "DELETE", "path": "/api/v1/confgo"}
[36mjuno-admin_1  |[0m 1665227813	[32mINFO[0m	xecho/server.go:75	add route                       	{"aid": "1234567890", "iid": "3dfa3a4ea3049ea77ecf5bcfd59b2055", "mod": "server.echo", "method": "PROPFIND", "path": "/api/v1/event/*"}
[36mjuno-admin_1  |[0m 1665227813	[32mINFO[0m	xecho/server.go:75	add route                       	{"aid": "1234567890", "iid": "3dfa3a4ea3049ea77ecf5bcfd59b2055", "mod": "server.echo", "method": "CONNECT", "path": "/grafana"}
[36mjuno-admin_1  |[0m 1665227813	[32mINFO[0m	xecho/server.go:75	add route                       	{"aid": "1234567890", "iid": "3dfa3a4ea3049ea77ecf5bcfd59b2055", "mod": "server.echo", "method": "POST", "path": "/api/admin/user/delete"}
[36mjuno-admin_1  |[0m 1665227813	[32mINFO[0m	xecho/server.go:75	add route                       	{"aid": "1234567890", "iid": "3dfa3a4ea3049ea77ecf5bcfd59b2055", "mod": "server.echo", "method": "TRACE", "path": "/api/admin/system/*"}
[36mjuno-admin_1  |[0m 1665227813	[32mINFO[0m	xecho/server.go:75	add route                       	{"aid": "1234567890", "iid": "3dfa3a4ea3049ea77ecf5bcfd59b2055", "mod": "server.echo", "method": "REPORT", "path": "/api/v1/*"}
[36mjuno-admin_1  |[0m 1665227813	[32mINFO[0m	xecho/server.go:75	add route                       	{"aid": "1234567890", "iid": "3dfa3a4ea3049ea77ecf5bcfd59b2055", "mod": "server.echo", "method": "GET", "path": "/api/admin/confgo/tpl/list"}
[36mjuno-admin_1  |[0m 1665227813	[32mINFO[0m	xecho/server.go:75	add route                       	{"aid": "1234567890", "iid": "3dfa3a4ea3049ea77ecf5bcfd59b2055", "mod": "server.echo", "method": "DELETE", "path": "/api/admin/test/grpc/*"}
[36mjuno-admin_1  |[0m 1665227813	[32mINFO[0m	xecho/server.go:75	add route                       	{"aid": "1234567890", "iid": "3dfa3a4ea3049ea77ecf5bcfd59b2055", "mod": "server.echo", "method": "PUT", "path": "/api/v1/resource/*"}
[36mjuno-admin_1  |[0m 1665227813	[32mINFO[0m	xecho/server.go:75	add route                       	{"aid": "1234567890", "iid": "3dfa3a4ea3049ea77ecf5bcfd59b2055", "mod": "server.echo", "method": "DELETE", "path": "/api/v1/etcd/*"}
[36mjuno-admin_1  |[0m 1665227813	[32mINFO[0m	xecho/server.go:75	add route                       	{"aid": "1234567890", "iid": "3dfa3a4ea3049ea77ecf5bcfd59b2055", "mod": "server.echo", "method": "OPTIONS", "path": "/api/v1/confgo"}
[36mjuno-admin_1  |[0m 1665227813	[32mINFO[0m	xecho/server.go:75	add route                       	{"aid": "1234567890", "iid": "3dfa3a4ea3049ea77ecf5bcfd59b2055", "mod": "server.echo", "method": "OPTIONS", "path": "/api/admin"}
[36mjuno-admin_1  |[0m 1665227813	[32mINFO[0m	xecho/server.go:75	add route                       	{"aid": "1234567890", "iid": "3dfa3a4ea3049ea77ecf5bcfd59b2055", "mod": "server.echo", "method": "GET", "path": "/api/admin/resource/zone/info"}
[36mjuno-admin_1  |[0m 1665227813	[32mINFO[0m	xecho/server.go:75	add route                       	{"aid": "1234567890", "iid": "3dfa3a4ea3049ea77ecf5bcfd59b2055", "mod": "server.echo", "method": "CONNECT", "path": "/api/admin/cronjob"}
[36mjuno-admin_1  |[0m 1665227813	[32mINFO[0m	xecho/server.go:75	add route                       	{"aid": "1234567890", "iid": "3dfa3a4ea3049ea77ecf5bcfd59b2055", "mod": "server.echo", "method": "POST", "path": "/api/admin/system/option/delete"}
[36mjuno-admin_1  |[0m 1665227813	[32mINFO[0m	xecho/server.go:75	add route                       	{"aid": "1234567890", "iid": "3dfa3a4ea3049ea77ecf5bcfd59b2055", "mod": "server.echo", "method": "PUT", "path": "/api/admin/openAuth/*"}
[36mjuno-admin_1  |[0m 1665227813	[32mINFO[0m	xecho/server.go:75	add route                       	{"aid": "1234567890", "iid": "3dfa3a4ea3049ea77ecf5bcfd59b2055", "mod": "server.echo", "method": "PATCH", "path": "/api/v1/event/*"}
[36mjuno-admin_1  |[0m 1665227813	[32mINFO[0m	xecho/server.go:75	add route                       	{"aid": "1234567890", "iid": "3dfa3a4ea3049ea77ecf5bcfd59b2055", "mod": "server.echo", "method": "TRACE", "path": "/api/admin/public"}
[36mjuno-admin_1  |[0m 1665227813	[32mINFO[0m	xecho/server.go:75	add route                       	{"aid": "1234567890", "iid": "3dfa3a4ea3049ea77ecf5bcfd59b2055", "mod": "server.echo", "method": "CONNECT", "path": "/api/admin/public/*"}
[36mjuno-admin_1  |[0m 1665227813	[32mINFO[0m	xecho/server.go:75	add route                       	{"aid": "1234567890", "iid": "3dfa3a4ea3049ea77ecf5bcfd59b2055", "mod": "server.echo", "method": "REPORT", "path": "/api/admin/test/grpc"}
[36mjuno-admin_1  |[0m 1665227813	[32mINFO[0m	xecho/server.go:75	add route                       	{"aid": "1234567890", "iid": "3dfa3a4ea3049ea77ecf5bcfd59b2055", "mod": "server.echo", "method": "REPORT", "path": "/api/admin/pprof"}
[36mjuno-admin_1  |[0m 1665227813	[32mINFO[0m	xecho/server.go:75	add route                       	{"aid": "1234567890", "iid": "3dfa3a4ea3049ea77ecf5bcfd59b2055", "mod": "server.echo", "method": "GET", "path": "/api/admin/system/option/list"}
[36mjuno-admin_1  |[0m 1665227813	[32mINFO[0m	xecho/server.go:75	add route                       	{"aid": "1234567890", "iid": "3dfa3a4ea3049ea77ecf5bcfd59b2055", "mod": "server.echo", "method": "POST", "path": "/api/v1/confgo/*"}
[36mjuno-admin_1  |[0m 1665227813	[32mINFO[0m	xecho/server.go:75	add route                       	{"aid": "1234567890", "iid": "3dfa3a4ea3049ea77ecf5bcfd59b2055", "mod": "server.echo", "method": "TRACE", "path": "/api/v1/pprof/*"}
[36mjuno-admin_1  |[0m 1665227813	[32mINFO[0m	xecho/server.go:75	add route                       	{"aid": "1234567890", "iid": "3dfa3a4ea3049ea77ecf5bcfd59b2055", "mod": "server.echo", "method": "GET", "path": "/api/admin/confgo/*"}
[36mjuno-admin_1  |[0m 1665227813	[32mINFO[0m	xecho/server.go:75	add route                       	{"aid": "1234567890", "iid": "3dfa3a4ea3049ea77ecf5bcfd59b2055", "mod": "server.echo", "method": "PUT", "path": "/api/admin/confgo/*"}
[36mjuno-admin_1  |[0m 1665227813	[32mINFO[0m	xecho/server.go:75	add route                       	{"aid": "1234567890", "iid": "3dfa3a4ea3049ea77ecf5bcfd59b2055", "mod": "server.echo", "method": "PATCH", "path": "/api/admin/test/http/*"}
[36mjuno-admin_1  |[0m 1665227813	[32mINFO[0m	xecho/server.go:75	add route                       	{"aid": "1234567890", "iid": "3dfa3a4ea3049ea77ecf5bcfd59b2055", "mod": "server.echo", "method": "PUT", "path": "/api/admin/system/*"}
[36mjuno-admin_1  |[0m 1665227813	[32mINFO[0m	xecho/server.go:75	add route                       	{"aid": "1234567890", "iid": "3dfa3a4ea3049ea77ecf5bcfd59b2055", "mod": "server.echo", "method": "POST", "path": "/api/admin/confgov2"}
[36mjuno-admin_1  |[0m 1665227813	[32mINFO[0m	xecho/server.go:75	add route                       	{"aid": "1234567890", "iid": "3dfa3a4ea3049ea77ecf5bcfd59b2055", "mod": "server.echo", "method": "DELETE", "path": "/api/admin/test/http"}
[36mjuno-admin_1  |[0m 1665227813	[32mINFO[0m	xecho/server.go:75	add route                       	{"aid": "1234567890", "iid": "3dfa3a4ea3049ea77ecf5bcfd59b2055", "mod": "server.echo", "method": "OPTIONS", "path": "/api/admin/test/http/*"}
[36mjuno-admin_1  |[0m 1665227813	[32mINFO[0m	xecho/server.go:75	add route                       	{"aid": "1234567890", "iid": "3dfa3a4ea3049ea77ecf5bcfd59b2055", "mod": "server.echo", "method": "PATCH", "path": "/api/admin/cronjob/task"}
[36mjuno-admin_1  |[0m 1665227813	[32mINFO[0m	xecho/server.go:75	add route                       	{"aid": "1234567890", "iid": "3dfa3a4ea3049ea77ecf5bcfd59b2055", "mod": "server.echo", "method": "POST", "path": "/api/admin/system/setting/update"}
[36mjuno-admin_1  |[0m 1665227813	[32mINFO[0m	xecho/server.go:75	add route                       	{"aid": "1234567890", "iid": "3dfa3a4ea3049ea77ecf5bcfd59b2055", "mod": "server.echo", "method": "DELETE", "path": "/api/admin/permission"}
[36mjuno-admin_1  |[0m 1665227813	[32mINFO[0m	xecho/server.go:75	add route                       	{"aid": "1234567890", "iid": "3dfa3a4ea3049ea77ecf5bcfd59b2055", "mod": "server.echo", "method": "OPTIONS", "path": "/api/v1/confgo/*"}
[36mjuno-admin_1  |[0m 1665227813	[32mINFO[0m	xecho/server.go:75	add route                       	{"aid": "1234567890", "iid": "3dfa3a4ea3049ea77ecf5bcfd59b2055", "mod": "server.echo", "method": "REPORT", "path": "/api/v1/etcd/*"}
[36mjuno-admin_1  |[0m 1665227813	[32mINFO[0m	xecho/server.go:75	add route                       	{"aid": "1234567890", "iid": "3dfa3a4ea3049ea77ecf5bcfd59b2055", "mod": "server.echo", "method": "PUT", "path": "/proxy/*"}
[36mjuno-admin_1  |[0m 1665227813	[32mINFO[0m	xecho/server.go:75	add route                       	{"aid": "1234567890", "iid": "3dfa3a4ea3049ea77ecf5bcfd59b2055", "mod": "server.echo", "method": "GET", "path": "/api/admin/resource/node/info"}
[36mjuno-admin_1  |[0m 1665227813	[32mINFO[0m	xecho/server.go:75	add route                       	{"aid": "1234567890", "iid": "3dfa3a4ea3049ea77ecf5bcfd59b2055", "mod": "server.echo", "method": "CONNECT", "path": "/api/admin/test/http"}
[36mjuno-admin_1  |[0m 1665227813	[32mINFO[0m	xecho/server.go:75	add route                       	{"aid": "1234567890", "iid": "3dfa3a4ea3049ea77ecf5bcfd59b2055", "mod": "server.echo", "method": "PUT", "path": "/api/admin/proxyintegrat"}
[36mjuno-admin_1  |[0m 1665227813	[32mINFO[0m	xecho/server.go:75	add route                       	{"aid": "1234567890", "iid": "3dfa3a4ea3049ea77ecf5bcfd59b2055", "mod": "server.echo", "method": "POST", "path": "/api/v1/resource/app/put"}
[36mjuno-admin_1  |[0m 1665227813	[32mINFO[0m	xecho/server.go:75	add route                       	{"aid": "1234567890", "iid": "3dfa3a4ea3049ea77ecf5bcfd59b2055", "mod": "server.echo", "method": "GET", "path": "/api/admin/confgov2/resource/tags"}
[36mjuno-admin_1  |[0m 1665227813	[32mINFO[0m	xecho/server.go:75	add route                       	{"aid": "1234567890", "iid": "3dfa3a4ea3049ea77ecf5bcfd59b2055", "mod": "server.echo", "method": "POST", "path": "/api/admin/test/grpc/useCases/delete"}
[36mjuno-admin_1  |[0m 1665227813	[32mINFO[0m	xecho/server.go:75	add route                       	{"aid": "1234567890", "iid": "3dfa3a4ea3049ea77ecf5bcfd59b2055", "mod": "server.echo", "method": "POST", "path": "/api/admin/test/http/request/send"}
[36mjuno-admin_1  |[0m 1665227813	[32mINFO[0m	xecho/server.go:75	add route                       	{"aid": "1234567890", "iid": "3dfa3a4ea3049ea77ecf5bcfd59b2055", "mod": "server.echo", "method": "GET", "path": "/api/v1/resource/node/list"}
[36mjuno-admin_1  |[0m 1665227813	[32mINFO[0m	xecho/server.go:75	add route                       	{"aid": "1234567890", "iid": "3dfa3a4ea3049ea77ecf5bcfd59b2055", "mod": "server.echo", "method": "PUT", "path": "/api/v1/event/*"}
[36mjuno-admin_1  |[0m 1665227813	[32mINFO[0m	xecho/server.go:75	add route                       	{"aid": "1234567890", "iid": "3dfa3a4ea3049ea77ecf5bcfd59b2055", "mod": "server.echo", "method": "POST", "path": "/api/admin/test/http/collections/delete"}
[36mjuno-admin_1  |[0m 1665227813	[32mINFO[0m	xecho/server.go:75	add route                       	{"aid": "1234567890", "iid": "3dfa3a4ea3049ea77ecf5bcfd59b2055", "mod": "server.echo", "method": "GET", "path": "/api/admin/permission/permissionTree"}
[36mjuno-admin_1  |[0m 1665227813	[32mINFO[0m	xecho/server.go:75	add route                       	{"aid": "1234567890", "iid": "3dfa3a4ea3049ea77ecf5bcfd59b2055", "mod": "server.echo", "method": "PATCH", "path": "/api/admin/etcd/*"}
[36mjuno-admin_1  |[0m 1665227813	[32mINFO[0m	xecho/server.go:75	add route                       	{"aid": "1234567890", "iid": "3dfa3a4ea3049ea77ecf5bcfd59b2055", "mod": "server.echo", "method": "REPORT", "path": "/api/admin/openAuth/*"}
[36mjuno-admin_1  |[0m 1665227813	[32mINFO[0m	xecho/server.go:75	add route                       	{"aid": "1234567890", "iid": "3dfa3a4ea3049ea77ecf5bcfd59b2055", "mod": "server.echo", "method": "GET", "path": "/api/admin/public/user/info"}
[36mjuno-admin_1  |[0m 1665227813	[32mINFO[0m	xecho/server.go:75	add route                       	{"aid": "1234567890", "iid": "3dfa3a4ea3049ea77ecf5bcfd59b2055", "mod": "server.echo", "method": "GET", "path": "/api/admin/confgov2/resource/*"}
[36mjuno-admin_1  |[0m 1665227813	[32mINFO[0m	xecho/server.go:75	add route                       	{"aid": "1234567890", "iid": "3dfa3a4ea3049ea77ecf5bcfd59b2055", "mod": "server.echo", "method": "GET", "path": "/api/v1/resource/node/info"}
[36mjuno-admin_1  |[0m 1665227813	[32mINFO[0m	xecho/server.go:75	add route                       	{"aid": "1234567890", "iid": "3dfa3a4ea3049ea77ecf5bcfd59b2055", "mod": "server.echo", "method": "PROPFIND", "path": "/api/v1/confgo/*"}
[36mjuno-admin_1  |[0m 1665227813	[32mINFO[0m	xecho/server.go:75	add route                       	{"aid": "1234567890", "iid": "3dfa3a4ea3049ea77ecf5bcfd59b2055", "mod": "server.echo", "method": "POST", "path": "/api/admin/confgov2/config/create"}
[36mjuno-admin_1  |[0m 1665227813	[32mINFO[0m	xecho/server.go:75	add route                       	{"aid": "1234567890", "iid": "3dfa3a4ea3049ea77ecf5bcfd59b2055", "mod": "server.echo", "method": "REPORT", "path": "/api/admin/analysis/*"}
[36mjuno-admin_1  |[0m 1665227813	[32mINFO[0m	xecho/server.go:75	add route                       	{"aid": "1234567890", "iid": "3dfa3a4ea3049ea77ecf5bcfd59b2055", "mod": "server.echo", "method": "GET", "path": "/api/admin/resource/zone/list"}
[36mjuno-admin_1  |[0m 1665227813	[32mINFO[0m	xecho/server.go:75	add route                       	{"aid": "1234567890", "iid": "3dfa3a4ea3049ea77ecf5bcfd59b2055", "mod": "server.echo", "method": "GET", "path": "/api/admin/test/grpc/request/history"}
[36mjuno-admin_1  |[0m 1665227813	[32mINFO[0m	xecho/server.go:75	add route                       	{"aid": "1234567890", "iid": "3dfa3a4ea3049ea77ecf5bcfd59b2055", "mod": "server.echo", "method": "GET", "path": "/api/admin/permission/menu/list"}
[36mjuno-admin_1  |[0m 1665227813	[32mINFO[0m	xecho/server.go:75	add route                       	{"aid": "1234567890", "iid": "3dfa3a4ea3049ea77ecf5bcfd59b2055", "mod": "server.echo", "method": "PROPFIND", "path": "/api/v1/resource/*"}
[36mjuno-admin_1  |[0m 1665227813	[32mINFO[0m	xecho/server.go:75	add route                       	{"aid": "1234567890", "iid": "3dfa3a4ea3049ea77ecf5bcfd59b2055", "mod": "server.echo", "method": "GET", "path": "/ant/*/*"}
[36mjuno-admin_1  |[0m 1665227813	[32mINFO[0m	xecho/server.go:75	add route                       	{"aid": "1234567890", "iid": "3dfa3a4ea3049ea77ecf5bcfd59b2055", "mod": "server.echo", "method": "PUT", "path": "/grafana/"}
[36mjuno-admin_1  |[0m 1665227813	[32mINFO[0m	xecho/server.go:75	add route                       	{"aid": "1234567890", "iid": "3dfa3a4ea3049ea77ecf5bcfd59b2055", "mod": "server.echo", "method": "GET", "path": "/api/admin/analysis/topology/list"}
[36mjuno-admin_1  |[0m 1665227813	[32mINFO[0m	xecho/server.go:75	add route                       	{"aid": "1234567890", "iid": "3dfa3a4ea3049ea77ecf5bcfd59b2055", "mod": "server.echo", "method": "GET", "path": "/api/admin/proxyintegrat/*"}
[36mjuno-admin_1  |[0m 1665227813	[32mINFO[0m	xecho/server.go:75	add route                       	{"aid": "1234567890", "iid": "3dfa3a4ea3049ea77ecf5bcfd59b2055", "mod": "server.echo", "method": "PATCH", "path": "/api/v1/confgo/*"}
[36mjuno-admin_1  |[0m 1665227813	[32mINFO[0m	xecho/server.go:75	add route                       	{"aid": "1234567890", "iid": "3dfa3a4ea3049ea77ecf5bcfd59b2055", "mod": "server.echo", "method": "OPTIONS", "path": "/api/v1/analysis/*"}
[36mjuno-admin_1  |[0m 1665227813	[32mINFO[0m	xecho/server.go:75	add route                       	{"aid": "1234567890", "iid": "3dfa3a4ea3049ea77ecf5bcfd59b2055", "mod": "server.echo", "method": "POST", "path": "/api/admin/confgov2/config/lock"}
[36mjuno-admin_1  |[0m 1665227813	[32mINFO[0m	xecho/server.go:75	add route                       	{"aid": "1234567890", "iid": "3dfa3a4ea3049ea77ecf5bcfd59b2055", "mod": "server.echo", "method": "PUT", "path": "/api/admin/cronjob"}
[36mjuno-admin_1  |[0m 1665227813	[32mINFO[0m	xecho/server.go:75	add route                       	{"aid": "1234567890", "iid": "3dfa3a4ea3049ea77ecf5bcfd59b2055", "mod": "server.echo", "method": "CONNECT", "path": "/api/admin/grpc"}
[36mjuno-admin_1  |[0m 1665227813	[32mINFO[0m	xecho/server.go:75	add route                       	{"aid": "1234567890", "iid": "3dfa3a4ea3049ea77ecf5bcfd59b2055", "mod": "server.echo", "method": "PUT", "path": "/api/v1"}
[36mjuno-admin_1  |[0m 1665227813	[32mINFO[0m	xecho/server.go:75	add route                       	{"aid": "1234567890", "iid": "3dfa3a4ea3049ea77ecf5bcfd59b2055", "mod": "server.echo", "method": "POST", "path": "/api/admin/confgov2/resource/batchCheckVersion"}
[36mjuno-admin_1  |[0m 1665227813	[32mINFO[0m	xecho/server.go:75	add route                       	{"aid": "1234567890", "iid": "3dfa3a4ea3049ea77ecf5bcfd59b2055", "mod": "server.echo", "method": "REPORT", "path": "/api/admin/resource/*"}
[36mjuno-admin_1  |[0m 1665227813	[32mINFO[0m	xecho/server.go:75	add route                       	{"aid": "1234567890", "iid": "3dfa3a4ea3049ea77ecf5bcfd59b2055", "mod": "server.echo", "method": "PUT", "path": "/api/v1/resource"}
[36mjuno-admin_1  |[0m 1665227813	[32mINFO[0m	xecho/server.go:75	add route                       	{"aid": "1234567890", "iid": "3dfa3a4ea3049ea77ecf5bcfd59b2055", "mod": "server.echo", "method": "POST", "path": "/api/admin/permission"}
[36mjuno-admin_1  |[0m 1665227813	[32mINFO[0m	xecho/server.go:75	add route                       	{"aid": "1234567890", "iid": "3dfa3a4ea3049ea77ecf5bcfd59b2055", "mod": "server.echo", "method": "HEAD", "path": "/api/admin/event/*"}
[36mjuno-admin_1  |[0m 1665227813	[32mINFO[0m	xecho/server.go:75	add route                       	{"aid": "1234567890", "iid": "3dfa3a4ea3049ea77ecf5bcfd59b2055", "mod": "server.echo", "method": "POST", "path": "/api/admin/openAuth/accessToken/create"}
[36mjuno-admin_1  |[0m 1665227813	[32mINFO[0m	xecho/server.go:75	add route                       	{"aid": "1234567890", "iid": "3dfa3a4ea3049ea77ecf5bcfd59b2055", "mod": "server.echo", "method": "REPORT", "path": "/api/admin/confgo/*"}
[36mjuno-admin_1  |[0m 1665227813	[32mINFO[0m	xecho/server.go:75	add route                       	{"aid": "1234567890", "iid": "3dfa3a4ea3049ea77ecf5bcfd59b2055", "mod": "server.echo", "method": "POST", "path": "/api/admin/confgov2/resource/create"}
[36mjuno-admin_1  |[0m 1665227813	[32mINFO[0m	xecho/server.go:75	add route                       	{"aid": "1234567890", "iid": "3dfa3a4ea3049ea77ecf5bcfd59b2055", "mod": "server.echo", "method": "POST", "path": "/api/admin/proxyintegrat"}
[36mjuno-admin_1  |[0m 1665227813	[32mINFO[0m	xecho/server.go:75	add route                       	{"aid": "1234567890", "iid": "3dfa3a4ea3049ea77ecf5bcfd59b2055", "mod": "server.echo", "method": "GET", "path": "/api/admin/proxyintegrat/proxyMenuList"}
[36mjuno-admin_1  |[0m 1665227813	[32mINFO[0m	xecho/server.go:75	add route                       	{"aid": "1234567890", "iid": "3dfa3a4ea3049ea77ecf5bcfd59b2055", "mod": "server.echo", "method": "PATCH", "path": "/api/admin/confgo"}
[36mjuno-admin_1  |[0m 1665227813	[32mINFO[0m	xecho/server.go:75	add route                       	{"aid": "1234567890", "iid": "3dfa3a4ea3049ea77ecf5bcfd59b2055", "mod": "server.echo", "method": "GET", "path": "/api/admin/pprof"}
[36mjuno-admin_1  |[0m 1665227813	[32mINFO[0m	xecho/server.go:75	add route                       	{"aid": "1234567890", "iid": "3dfa3a4ea3049ea77ecf5bcfd59b2055", "mod": "server.echo", "method": "PUT", "path": "/api/v1/analysis"}
[36mjuno-admin_1  |[0m 1665227813	[32mINFO[0m	xecho/server.go:75	add route                       	{"aid": "1234567890", "iid": "3dfa3a4ea3049ea77ecf5bcfd59b2055", "mod": "server.echo", "method": "GET", "path": "/api/v1/system/option/info"}
[36mjuno-admin_1  |[0m 1665227813	[32mINFO[0m	xecho/server.go:75	add route                       	{"aid": "1234567890", "iid": "3dfa3a4ea3049ea77ecf5bcfd59b2055", "mod": "server.echo", "method": "PUT", "path": "/api/admin/public"}
[36mjuno-admin_1  |[0m 1665227813	[32mINFO[0m	xecho/server.go:75	add route                       	{"aid": "1234567890", "iid": "3dfa3a4ea3049ea77ecf5bcfd59b2055", "mod": "server.echo", "method": "TRACE", "path": "/api/admin/confgov2/*"}
[36mjuno-admin_1  |[0m 1665227813	[32mINFO[0m	xecho/server.go:75	add route                       	{"aid": "1234567890", "iid": "3dfa3a4ea3049ea77ecf5bcfd59b2055", "mod": "server.echo", "method": "GET", "path": "/api/admin/pprof/config/list"}
[36mjuno-admin_1  |[0m 1665227813	[32mINFO[0m	xecho/server.go:75	add route                       	{"aid": "1234567890", "iid": "3dfa3a4ea3049ea77ecf5bcfd59b2055", "mod": "server.echo", "method": "POST", "path": "/api/admin/confgov2/app/action"}
[36mjuno-admin_1  |[0m 1665227813	[32mINFO[0m	xecho/server.go:75	add route                       	{"aid": "1234567890", "iid": "3dfa3a4ea3049ea77ecf5bcfd59b2055", "mod": "server.echo", "method": "GET", "path": "/api/admin/test/platform/pipeline/list"}
[36mjuno-admin_1  |[0m 1665227813	[32mINFO[0m	xecho/server.go:75	add route                       	{"aid": "1234567890", "iid": "3dfa3a4ea3049ea77ecf5bcfd59b2055", "mod": "server.echo", "method": "GET", "path": "/api/admin/system/option/info"}
[36mjuno-admin_1  |[0m 1665227813	[32mINFO[0m	xecho/server.go:75	add route                       	{"aid": "1234567890", "iid": "3dfa3a4ea3049ea77ecf5bcfd59b2055", "mod": "server.echo", "method": "POST", "path": "/api/admin/public/user/tabVisit"}
[36mjuno-admin_1  |[0m 1665227813	[32mINFO[0m	xecho/server.go:75	add route                       	{"aid": "1234567890", "iid": "3dfa3a4ea3049ea77ecf5bcfd59b2055", "mod": "server.echo", "method": "PROPFIND", "path": "/api/admin/resource"}
[36mjuno-admin_1  |[0m 1665227813	[32mINFO[0m	xecho/server.go:75	add route                       	{"aid": "1234567890", "iid": "3dfa3a4ea3049ea77ecf5bcfd59b2055", "mod": "server.echo", "method": "OPTIONS", "path": "/api/admin/cronjob/task/*"}
[36mjuno-admin_1  |[0m 1665227813	[32mINFO[0m	xecho/server.go:75	add route                       	{"aid": "1234567890", "iid": "3dfa3a4ea3049ea77ecf5bcfd59b2055", "mod": "server.echo", "method": "GET", "path": "/api/v1/analysis/deppkg/list"}
[36mjuno-admin_1  |[0m 1665227813	[32mINFO[0m	xecho/server.go:75	add route                       	{"aid": "1234567890", "iid": "3dfa3a4ea3049ea77ecf5bcfd59b2055", "mod": "server.echo", "method": "PATCH", "path": "/api/admin/cronjob/*"}
[36mjuno-admin_1  |[0m 1665227813	[32mINFO[0m	xecho/server.go:75	add route                       	{"aid": "1234567890", "iid": "3dfa3a4ea3049ea77ecf5bcfd59b2055", "mod": "server.echo", "method": "GET", "path": "/api/v1/analysis/index"}
[36mjuno-admin_1  |[0m 1665227813	[32mINFO[0m	xecho/server.go:75	add route                       	{"aid": "1234567890", "iid": "3dfa3a4ea3049ea77ecf5bcfd59b2055", "mod": "server.echo", "method": "CONNECT", "path": "/api/v1/etcd"}
[36mjuno-admin_1  |[0m 1665227813	[32mINFO[0m	xecho/server.go:75	add route                       	{"aid": "1234567890", "iid": "3dfa3a4ea3049ea77ecf5bcfd59b2055", "mod": "server.echo", "method": "GET", "path": "/api/admin/public/user/appViewHistory"}
[36mjuno-admin_1  |[0m 1665227813	[32mINFO[0m	xecho/server.go:75	add route                       	{"aid": "1234567890", "iid": "3dfa3a4ea3049ea77ecf5bcfd59b2055", "mod": "server.echo", "method": "GET", "path": "/api/admin/test"}
[36mjuno-admin_1  |[0m 1665227813	[32mINFO[0m	xecho/server.go:75	add route                       	{"aid": "1234567890", "iid": "3dfa3a4ea3049ea77ecf5bcfd59b2055", "mod": "server.echo", "method": "PATCH", "path": "/api/admin/test/http"}
[36mjuno-admin_1  |[0m 1665227813	[32mINFO[0m	xecho/server.go:75	add route                       	{"aid": "1234567890", "iid": "3dfa3a4ea3049ea77ecf5bcfd59b2055", "mod": "server.echo", "method": "GET", "path": "/api/admin/test/platform/pipeline/tasks/steps"}
[36mjuno-admin_1  |[0m 1665227813	[32mINFO[0m	xecho/server.go:75	add route                       	{"aid": "1234567890", "iid": "3dfa3a4ea3049ea77ecf5bcfd59b2055", "mod": "server.echo", "method": "CONNECT", "path": "/api/v1/event"}
[36mjuno-admin_1  |[0m 1665227813	[32mINFO[0m	xecho/server.go:75	add route                       	{"aid": "1234567890", "iid": "3dfa3a4ea3049ea77ecf5bcfd59b2055", "mod": "server.echo", "method": "HEAD", "path": "/api/admin/confgo/*"}
[36mjuno-admin_1  |[0m 1665227813	[32mINFO[0m	xecho/server.go:75	add route                       	{"aid": "1234567890", "iid": "3dfa3a4ea3049ea77ecf5bcfd59b2055", "mod": "server.echo", "method": "PUT", "path": "/api/admin/proxyintegrat/*"}
[36mjuno-admin_1  |[0m 1665227813	[32mINFO[0m	xecho/server.go:75	add route                       	{"aid": "1234567890", "iid": "3dfa3a4ea3049ea77ecf5bcfd59b2055", "mod": "server.echo", "method": "POST", "path": "/api/admin/openAuth/*"}
[36mjuno-admin_1  |[0m 1665227813	[32mINFO[0m	xecho/server.go:75	add route                       	{"aid": "1234567890", "iid": "3dfa3a4ea3049ea77ecf5bcfd59b2055", "mod": "server.echo", "method": "GET", "path": "/api/v1/confgo/config/detail"}
[36mjuno-admin_1  |[0m 1665227813	[32mINFO[0m	xecho/server.go:75	add route                       	{"aid": "1234567890", "iid": "3dfa3a4ea3049ea77ecf5bcfd59b2055", "mod": "server.echo", "method": "POST", "path": "/api/v1/system/option/delete"}
[36mjuno-admin_1  |[0m 1665227813	[32mINFO[0m	xecho/server.go:75	add route                       	{"aid": "1234567890", "iid": "3dfa3a4ea3049ea77ecf5bcfd59b2055", "mod": "server.echo", "method": "PROPFIND", "path": "/api/admin/confgo/*"}
[36mjuno-admin_1  |[0m 1665227813	[32mINFO[0m	xecho/server.go:75	add route                       	{"aid": "1234567890", "iid": "3dfa3a4ea3049ea77ecf5bcfd59b2055", "mod": "server.echo", "method": "TRACE", "path": "/api/admin/test/http/*"}
[36mjuno-admin_1  |[0m 1665227813	[32mINFO[0m	xecho/server.go:75	add route                       	{"aid": "1234567890", "iid": "3dfa3a4ea3049ea77ecf5bcfd59b2055", "mod": "server.echo", "method": "POST", "path": "/api/admin/test/platform/pipeline/run"}
[36mjuno-admin_1  |[0m 1665227813	[32mINFO[0m	xecho/server.go:75	add route                       	{"aid": "1234567890", "iid": "3dfa3a4ea3049ea77ecf5bcfd59b2055", "mod": "server.echo", "method": "POST", "path": "/api/admin/logger"}
[36mjuno-admin_1  |[0m 1665227813	[32mINFO[0m	xecho/server.go:75	add route                       	{"aid": "1234567890", "iid": "3dfa3a4ea3049ea77ecf5bcfd59b2055", "mod": "server.echo", "method": "PROPFIND", "path": "/api/admin/public"}
[36mjuno-admin_1  |[0m 1665227813	[32mINFO[0m	xecho/server.go:75	add route                       	{"aid": "1234567890", "iid": "3dfa3a4ea3049ea77ecf5bcfd59b2055", "mod": "server.echo", "method": "GET", "path": "/api/admin/test/grpc"}
[36mjuno-admin_1  |[0m 1665227813	[32mINFO[0m	xecho/server.go:75	add route                       	{"aid": "1234567890", "iid": "3dfa3a4ea3049ea77ecf5bcfd59b2055", "mod": "server.echo", "method": "PROPFIND", "path": "/api/admin/*"}
[36mjuno-admin_1  |[0m 1665227813	[32mINFO[0m	xecho/server.go:75	add route                       	{"aid": "1234567890", "iid": "3dfa3a4ea3049ea77ecf5bcfd59b2055", "mod": "server.echo", "method": "OPTIONS", "path": "/api/admin/confgo/*"}
[36mjuno-admin_1  |[0m 1665227813	[32mINFO[0m	xecho/server.go:75	add route                       	{"aid": "1234567890", "iid": "3dfa3a4ea3049ea77ecf5bcfd59b2055", "mod": "server.echo", "method": "GET", "path": "/api/admin/cronjob/list"}
[36mjuno-admin_1  |[0m 1665227813	[32mINFO[0m	xecho/server.go:75	add route                       	{"aid": "1234567890", "iid": "3dfa3a4ea3049ea77ecf5bcfd59b2055", "mod": "server.echo", "method": "DELETE", "path": "/api/v1/etcd"}
[36mjuno-admin_1  |[0m 1665227813	[32mINFO[0m	xecho/server.go:75	add route                       	{"aid": "1234567890", "iid": "3dfa3a4ea3049ea77ecf5bcfd59b2055", "mod": "server.echo", "method": "PUT", "path": "/api/admin/confgo"}
[36mjuno-admin_1  |[0m 1665227813	[32mINFO[0m	xecho/server.go:75	add route                       	{"aid": "1234567890", "iid": "3dfa3a4ea3049ea77ecf5bcfd59b2055", "mod": "server.echo", "method": "HEAD", "path": "/api/admin/confgov2"}
[36mjuno-admin_1  |[0m 1665227813	[32mINFO[0m	xecho/server.go:75	add route                       	{"aid": "1234567890", "iid": "3dfa3a4ea3049ea77ecf5bcfd59b2055", "mod": "server.echo", "method": "OPTIONS", "path": "/api/admin/test/*"}
[36mjuno-admin_1  |[0m 1665227813	[32mINFO[0m	xecho/server.go:75	add route                       	{"aid": "1234567890", "iid": "3dfa3a4ea3049ea77ecf5bcfd59b2055", "mod": "server.echo", "method": "GET", "path": "/api/admin/test/grpc/useCases"}
[36mjuno-admin_1  |[0m 1665227813	[32mINFO[0m	xecho/server.go:75	add route                       	{"aid": "1234567890", "iid": "3dfa3a4ea3049ea77ecf5bcfd59b2055", "mod": "server.echo", "method": "POST", "path": "/api/admin/resource/app/create"}
[36mjuno-admin_1  |[0m 1665227813	[32mINFO[0m	xecho/server.go:75	add route                       	{"aid": "1234567890", "iid": "3dfa3a4ea3049ea77ecf5bcfd59b2055", "mod": "server.echo", "method": "PUT", "path": "/api/admin/system"}
[36mjuno-admin_1  |[0m 1665227813	[32mINFO[0m	xecho/server.go:75	add route                       	{"aid": "1234567890", "iid": "3dfa3a4ea3049ea77ecf5bcfd59b2055", "mod": "server.echo", "method": "DELETE", "path": "/api/v1/resource"}
[36mjuno-admin_1  |[0m 1665227813	[32mINFO[0m	xecho/server.go:75	add route                       	{"aid": "1234567890", "iid": "3dfa3a4ea3049ea77ecf5bcfd59b2055", "mod": "server.echo", "method": "POST", "path": "/api/v1/etcd/*"}
[36mjuno-admin_1  |[0m 1665227813	[32mINFO[0m	xecho/server.go:75	add route                       	{"aid": "1234567890", "iid": "3dfa3a4ea3049ea77ecf5bcfd59b2055", "mod": "server.echo", "method": "PROPFIND", "path": "/api/v1/system/*"}
[36mjuno-admin_1  |[0m 1665227813	[32mINFO[0m	xecho/server.go:75	add route                       	{"aid": "1234567890", "iid": "3dfa3a4ea3049ea77ecf5bcfd59b2055", "mod": "server.echo", "method": "OPTIONS", "path": "/api/v1/etcd"}
[36mjuno-admin_1  |[0m 1665227813	[32mINFO[0m	xecho/server.go:75	add route                       	{"aid": "1234567890", "iid": "3dfa3a4ea3049ea77ecf5bcfd59b2055", "mod": "server.echo", "method": "GET", "path": "/api/admin/test/http/useCases/detail"}
[36mjuno-admin_1  |[0m 1665227813	[32mINFO[0m	xecho/server.go:75	add route                       	{"aid": "1234567890", "iid": "3dfa3a4ea3049ea77ecf5bcfd59b2055", "mod": "server.echo", "method": "PUT", "path": "/api/admin/test/platform/*"}
[36mjuno-admin_1  |[0m 1665227813	[32mINFO[0m	xecho/server.go:75	add route                       	{"aid": "1234567890", "iid": "3dfa3a4ea3049ea77ecf5bcfd59b2055", "mod": "server.echo", "method": "TRACE", "path": "/api/admin/proxyintegrat"}
[36mjuno-admin_1  |[0m 1665227813	[32mINFO[0m	xecho/server.go:75	add route                       	{"aid": "1234567890", "iid": "3dfa3a4ea3049ea77ecf5bcfd59b2055", "mod": "server.echo", "method": "CONNECT", "path": "/api/admin/event/*"}
[36mjuno-admin_1  |[0m 1665227813	[32mINFO[0m	xecho/server.go:75	add route                       	{"aid": "1234567890", "iid": "3dfa3a4ea3049ea77ecf5bcfd59b2055", "mod": "server.echo", "method": "PATCH", "path": "/api/v1/*"}
[36mjuno-admin_1  |[0m 1665227813	[32mINFO[0m	xecho/server.go:75	add route                       	{"aid": "1234567890", "iid": "3dfa3a4ea3049ea77ecf5bcfd59b2055", "mod": "server.echo", "method": "GET", "path": "/grafana"}
[36mjuno-admin_1  |[0m 1665227813	[32mINFO[0m	xecho/server.go:75	add route                       	{"aid": "1234567890", "iid": "3dfa3a4ea3049ea77ecf5bcfd59b2055", "mod": "server.echo", "method": "HEAD", "path": "/proxy"}
[36mjuno-admin_1  |[0m 1665227813	[32mINFO[0m	xecho/server.go:75	add route                       	{"aid": "1234567890", "iid": "3dfa3a4ea3049ea77ecf5bcfd59b2055", "mod": "server.echo", "method": "DELETE", "path": "/api/admin/test/grpc"}
[36mjuno-admin_1  |[0m 1665227813	[32mINFO[0m	xecho/server.go:75	add route                       	{"aid": "1234567890", "iid": "3dfa3a4ea3049ea77ecf5bcfd59b2055", "mod": "server.echo", "method": "GET", "path": "/api/admin/permission/app/group"}
[36mjuno-admin_1  |[0m 1665227813	[32mINFO[0m	xecho/server.go:75	add route                       	{"aid": "1234567890", "iid": "3dfa3a4ea3049ea77ecf5bcfd59b2055", "mod": "server.echo", "method": "TRACE", "path": "/api/admin/permission"}
[36mjuno-admin_1  |[0m 1665227813	[32mINFO[0m	xecho/server.go:75	add route                       	{"aid": "1234567890", "iid": "3dfa3a4ea3049ea77ecf5bcfd59b2055", "mod": "server.echo", "method": "TRACE", "path": "/api/admin/openAuth"}
[36mjuno-admin_1  |[0m 1665227813	[32mINFO[0m	xecho/server.go:75	add route                       	{"aid": "1234567890", "iid": "3dfa3a4ea3049ea77ecf5bcfd59b2055", "mod": "server.echo", "method": "GET", "path": "/api/v1/confgo/*"}
[36mjuno-admin_1  |[0m 1665227813	[32mINFO[0m	xecho/server.go:75	add route                       	{"aid": "1234567890", "iid": "3dfa3a4ea3049ea77ecf5bcfd59b2055", "mod": "server.echo", "method": "TRACE", "path": "/api/v1/analysis"}
[36mjuno-admin_1  |[0m 1665227813	[32mINFO[0m	xecho/server.go:75	add route                       	{"aid": "1234567890", "iid": "3dfa3a4ea3049ea77ecf5bcfd59b2055", "mod": "server.echo", "method": "GET", "path": "/api/admin/openAuth/*"}
[36mjuno-admin_1  |[0m 1665227813	[32mINFO[0m	xecho/server.go:75	add route                       	{"aid": "1234567890", "iid": "3dfa3a4ea3049ea77ecf5bcfd59b2055", "mod": "server.echo", "method": "PROPFIND", "path": "/api/v1/confgo"}
[36mjuno-admin_1  |[0m 1665227813	[32mINFO[0m	xecho/server.go:75	add route                       	{"aid": "1234567890", "iid": "3dfa3a4ea3049ea77ecf5bcfd59b2055", "mod": "server.echo", "method": "REPORT", "path": "/api/v1/event/*"}
[36mjuno-admin_1  |[0m 1665227813	[32mINFO[0m	xecho/server.go:75	add route                       	{"aid": "1234567890", "iid": "3dfa3a4ea3049ea77ecf5bcfd59b2055", "mod": "server.echo", "method": "HEAD", "path": "/api/admin/permission/*"}
[36mjuno-admin_1  |[0m 1665227813	[32mINFO[0m	xecho/server.go:75	add route                       	{"aid": "1234567890", "iid": "3dfa3a4ea3049ea77ecf5bcfd59b2055", "mod": "server.echo", "method": "TRACE", "path": "/api/admin/event/*"}
[36mjuno-admin_1  |[0m 1665227813	[32mINFO[0m	xecho/server.go:75	add route                       	{"aid": "1234567890", "iid": "3dfa3a4ea3049ea77ecf5bcfd59b2055", "mod": "server.echo", "method": "PUT", "path": "/api/v1/confgo/*"}
[36mjuno-admin_1  |[0m 1665227813	[32mINFO[0m	xecho/server.go:75	add route                       	{"aid": "1234567890", "iid": "3dfa3a4ea3049ea77ecf5bcfd59b2055", "mod": "server.echo", "method": "POST", "path": "/api/admin/test/*"}
[36mjuno-admin_1  |[0m 1665227813	[32mINFO[0m	xecho/server.go:75	add route                       	{"aid": "1234567890", "iid": "3dfa3a4ea3049ea77ecf5bcfd59b2055", "mod": "server.echo", "method": "REPORT", "path": "/api/admin/cronjob/task"}
[36mjuno-admin_1  |[0m 1665227813	[32mINFO[0m	xecho/server.go:75	add route                       	{"aid": "1234567890", "iid": "3dfa3a4ea3049ea77ecf5bcfd59b2055", "mod": "server.echo", "method": "PATCH", "path": "/api/v1/system"}
[36mjuno-admin_1  |[0m 1665227813	[32mINFO[0m	xecho/server.go:75	add route                       	{"aid": "1234567890", "iid": "3dfa3a4ea3049ea77ecf5bcfd59b2055", "mod": "server.echo", "method": "POST", "path": "/api/admin/confgov2/config/batchClusterPublishConfigInfo"}
[36mjuno-admin_1  |[0m 1665227813	[32mINFO[0m	xecho/server.go:75	add route                       	{"aid": "1234567890", "iid": "3dfa3a4ea3049ea77ecf5bcfd59b2055", "mod": "server.echo", "method": "POST", "path": "/api/admin/test"}
[36mjuno-admin_1  |[0m 1665227813	[32mINFO[0m	xecho/server.go:75	add route                       	{"aid": "1234567890", "iid": "3dfa3a4ea3049ea77ecf5bcfd59b2055", "mod": "server.echo", "method": "PUT", "path": "/api/admin/permission/*"}
[36mjuno-admin_1  |[0m 1665227813	[32mINFO[0m	xecho/server.go:75	add route                       	{"aid": "1234567890", "iid": "3dfa3a4ea3049ea77ecf5bcfd59b2055", "mod": "server.echo", "method": "CONNECT", "path": "/api/admin/event"}
[36mjuno-admin_1  |[0m 1665227813	[32mINFO[0m	xecho/server.go:75	add route                       	{"aid": "1234567890", "iid": "3dfa3a4ea3049ea77ecf5bcfd59b2055", "mod": "server.echo", "method": "REPORT", "path": "/api/admin/openAuth"}
[36mjuno-admin_1  |[0m 1665227813	[32mINFO[0m	xecho/server.go:75	add route                       	{"aid": "1234567890", "iid": "3dfa3a4ea3049ea77ecf5bcfd59b2055", "mod": "server.echo", "method": "TRACE", "path": "/api/v1/confgo/*"}
[36mjuno-admin_1  |[0m 1665227813	[32mINFO[0m	xecho/server.go:75	add route                       	{"aid": "1234567890", "iid": "3dfa3a4ea3049ea77ecf5bcfd59b2055", "mod": "server.echo", "method": "GET", "path": "/api/v1/analysis/topology/relationship"}
[36mjuno-admin_1  |[0m 1665227813	[32mINFO[0m	xecho/server.go:75	add route                       	{"aid": "1234567890", "iid": "3dfa3a4ea3049ea77ecf5bcfd59b2055", "mod": "server.echo", "method": "PROPFIND", "path": "/api/v1/etcd"}
[36mjuno-admin_1  |[0m 1665227813	[32mINFO[0m	xecho/server.go:75	add route                       	{"aid": "1234567890", "iid": "3dfa3a4ea3049ea77ecf5bcfd59b2055", "mod": "server.echo", "method": "DELETE", "path": "/api/admin/confgov2/resource/*"}
[36mjuno-admin_1  |[0m 1665227813	[32mINFO[0m	xecho/server.go:75	add route                       	{"aid": "1234567890", "iid": "3dfa3a4ea3049ea77ecf5bcfd59b2055", "mod": "server.echo", "method": "REPORT", "path": "/api/admin/test/platform/*"}
[36mjuno-admin_1  |[0m 1665227813	[32mINFO[0m	xecho/server.go:75	add route                       	{"aid": "1234567890", "iid": "3dfa3a4ea3049ea77ecf5bcfd59b2055", "mod": "server.echo", "method": "TRACE", "path": "/api/admin/permission/*"}
[36mjuno-admin_1  |[0m 1665227813	[32mINFO[0m	xecho/server.go:75	add route                       	{"aid": "1234567890", "iid": "3dfa3a4ea3049ea77ecf5bcfd59b2055", "mod": "server.echo", "method": "POST", "path": "/api/admin/permission/user/group/setAppPermission"}
[36mjuno-admin_1  |[0m 1665227813	[32mINFO[0m	xecho/server.go:75	add route                       	{"aid": "1234567890", "iid": "3dfa3a4ea3049ea77ecf5bcfd59b2055", "mod": "server.echo", "method": "OPTIONS", "path": "/api/admin/test/platform"}
[36mjuno-admin_1  |[0m 1665227813	[32mINFO[0m	xecho/server.go:75	add route                       	{"aid": "1234567890", "iid": "3dfa3a4ea3049ea77ecf5bcfd59b2055", "mod": "server.echo", "method": "GET", "path": "/api/v1/event/list"}
[36mjuno-admin_1  |[0m 1665227813	[32mINFO[0m	xecho/server.go:75	add route                       	{"aid": "1234567890", "iid": "3dfa3a4ea3049ea77ecf5bcfd59b2055", "mod": "server.echo", "method": "OPTIONS", "path": "/proxy/"}
[36mjuno-admin_1  |[0m 1665227813	[32mINFO[0m	xecho/server.go:75	add route                       	{"aid": "1234567890", "iid": "3dfa3a4ea3049ea77ecf5bcfd59b2055", "mod": "server.echo", "method": "DELETE", "path": "/api/admin/cronjob"}
[36mjuno-admin_1  |[0m 1665227813	[32mINFO[0m	xecho/server.go:75	add route                       	{"aid": "1234567890", "iid": "3dfa3a4ea3049ea77ecf5bcfd59b2055", "mod": "server.echo", "method": "POST", "path": "/api/admin/analysis"}
[36mjuno-admin_1  |[0m 1665227813	[32mINFO[0m	xecho/server.go:75	add route                       	{"aid": "1234567890", "iid": "3dfa3a4ea3049ea77ecf5bcfd59b2055", "mod": "server.echo", "method": "GET", "path": "/api/v1/confgo/config/instance/list"}
[36mjuno-admin_1  |[0m 1665227813	[32mINFO[0m	xecho/server.go:75	add route                       	{"aid": "1234567890", "iid": "3dfa3a4ea3049ea77ecf5bcfd59b2055", "mod": "server.echo", "method": "PATCH", "path": "/grafana/*"}
[36mjuno-admin_1  |[0m 1665227813	[32mINFO[0m	xecho/server.go:75	add route                       	{"aid": "1234567890", "iid": "3dfa3a4ea3049ea77ecf5bcfd59b2055", "mod": "server.echo", "method": "DELETE", "path": "/api/admin/user"}
[36mjuno-admin_1  |[0m 1665227813	[32mINFO[0m	xecho/server.go:75	add route                       	{"aid": "1234567890", "iid": "3dfa3a4ea3049ea77ecf5bcfd59b2055", "mod": "server.echo", "method": "REPORT", "path": "/api/admin/test/http"}
[36mjuno-admin_1  |[0m 1665227813	[32mINFO[0m	xecho/server.go:75	add route                       	{"aid": "1234567890", "iid": "3dfa3a4ea3049ea77ecf5bcfd59b2055", "mod": "server.echo", "method": "TRACE", "path": "/api/admin/*"}
[36mjuno-admin_1  |[0m 1665227813	[32mINFO[0m	xecho/server.go:75	add route                       	{"aid": "1234567890", "iid": "3dfa3a4ea3049ea77ecf5bcfd59b2055", "mod": "server.echo", "method": "HEAD", "path": "/api/admin/openAuth"}
[36mjuno-admin_1  |[0m 1665227813	[32mINFO[0m	xecho/server.go:75	add route                       	{"aid": "1234567890", "iid": "3dfa3a4ea3049ea77ecf5bcfd59b2055", "mod": "server.echo", "method": "REPORT", "path": "/api/admin/confgov2/*"}
[36mjuno-admin_1  |[0m 1665227813	[32mINFO[0m	xecho/server.go:75	add route                       	{"aid": "1234567890", "iid": "3dfa3a4ea3049ea77ecf5bcfd59b2055", "mod": "server.echo", "method": "PUT", "path": "/api/admin/test"}
[36mjuno-admin_1  |[0m 1665227813	[32mINFO[0m	xecho/server.go:75	add route                       	{"aid": "1234567890", "iid": "3dfa3a4ea3049ea77ecf5bcfd59b2055", "mod": "server.echo", "method": "POST", "path": "/api/admin/test/http/*"}
[36mjuno-admin_1  |[0m 1665227813	[32mINFO[0m	xecho/server.go:75	add route                       	{"aid": "1234567890", "iid": "3dfa3a4ea3049ea77ecf5bcfd59b2055", "mod": "server.echo", "method": "GET", "path": "/api/admin/etcd/list"}
[36mjuno-admin_1  |[0m 1665227813	[32mINFO[0m	xecho/server.go:75	add route                       	{"aid": "1234567890", "iid": "3dfa3a4ea3049ea77ecf5bcfd59b2055", "mod": "server.echo", "method": "POST", "path": "/api/admin/user/create"}
[36mjuno-admin_1  |[0m 1665227813	[32mINFO[0m	xecho/server.go:75	add route                       	{"aid": "1234567890", "iid": "3dfa3a4ea3049ea77ecf5bcfd59b2055", "mod": "server.echo", "method": "CONNECT", "path": "/api/admin/proxyintegrat"}
[36mjuno-admin_1  |[0m 1665227813	[32mINFO[0m	xecho/server.go:75	add route                       	{"aid": "1234567890", "iid": "3dfa3a4ea3049ea77ecf5bcfd59b2055", "mod": "server.echo", "method": "GET", "path": "/api/admin/resource/app_env_zone/list"}
[36mjuno-admin_1  |[0m 1665227813	[32mINFO[0m	xecho/server.go:75	add route                       	{"aid": "1234567890", "iid": "3dfa3a4ea3049ea77ecf5bcfd59b2055", "mod": "server.echo", "method": "CONNECT", "path": "/api/admin/analysis/*"}
[36mjuno-admin_1  |[0m 1665227813	[32mINFO[0m	xecho/server.go:75	add route                       	{"aid": "1234567890", "iid": "3dfa3a4ea3049ea77ecf5bcfd59b2055", "mod": "server.echo", "method": "TRACE", "path": "/api/admin/grpc"}
[36mjuno-admin_1  |[0m 1665227813	[32mINFO[0m	xecho/server.go:75	add route                       	{"aid": "1234567890", "iid": "3dfa3a4ea3049ea77ecf5bcfd59b2055", "mod": "server.echo", "method": "OPTIONS", "path": "/api/admin/grpc/*"}
[36mjuno-admin_1  |[0m 1665227813	[32mINFO[0m	xecho/server.go:75	add route                       	{"aid": "1234567890", "iid": "3dfa3a4ea3049ea77ecf5bcfd59b2055", "mod": "server.echo", "method": "TRACE", "path": "/api/admin"}
[36mjuno-admin_1  |[0m 1665227813	[32mINFO[0m	xecho/server.go:75	add route                       	{"aid": "1234567890", "iid": "3dfa3a4ea3049ea77ecf5bcfd59b2055", "mod": "server.echo", "method": "POST", "path": "/api/admin/cronjob/create"}
[36mjuno-admin_1  |[0m 1665227813	[32mINFO[0m	xecho/server.go:75	add route                       	{"aid": "1234567890", "iid": "3dfa3a4ea3049ea77ecf5bcfd59b2055", "mod": "server.echo", "method": "OPTIONS", "path": "/api/admin/cronjob/task"}
[36mjuno-admin_1  |[0m 1665227813	[32mINFO[0m	xecho/server.go:75	add route                       	{"aid": "1234567890", "iid": "3dfa3a4ea3049ea77ecf5bcfd59b2055", "mod": "server.echo", "method": "HEAD", "path": "/api/admin/permission"}
[36mjuno-admin_1  |[0m 1665227813	[32mINFO[0m	xecho/server.go:75	add route                       	{"aid": "1234567890", "iid": "3dfa3a4ea3049ea77ecf5bcfd59b2055", "mod": "server.echo", "method": "GET", "path": "/api/admin/confgov2/config/detail"}
[36mjuno-admin_1  |[0m 1665227813	[32mINFO[0m	xecho/server.go:75	add route                       	{"aid": "1234567890", "iid": "3dfa3a4ea3049ea77ecf5bcfd59b2055", "mod": "server.echo", "method": "REPORT", "path": "/api/admin/resource"}
[36mjuno-admin_1  |[0m 1665227813	[32mINFO[0m	xecho/server.go:75	add route                       	{"aid": "1234567890", "iid": "3dfa3a4ea3049ea77ecf5bcfd59b2055", "mod": "server.echo", "method": "REPORT", "path": "/api/v1/system/*"}
[36mjuno-admin_1  |[0m 1665227813	[32mINFO[0m	xecho/server.go:75	add route                       	{"aid": "1234567890", "iid": "3dfa3a4ea3049ea77ecf5bcfd59b2055", "mod": "server.echo", "method": "HEAD", "path": "/api/admin/etcd/*"}
[36mjuno-admin_1  |[0m 1665227813	[32mINFO[0m	xecho/server.go:75	add route                       	{"aid": "1234567890", "iid": "3dfa3a4ea3049ea77ecf5bcfd59b2055", "mod": "server.echo", "method": "PROPFIND", "path": "/api/admin/logger/*"}
[36mjuno-admin_1  |[0m 1665227813	[32mINFO[0m	xecho/server.go:75	add route                       	{"aid": "1234567890", "iid": "3dfa3a4ea3049ea77ecf5bcfd59b2055", "mod": "server.echo", "method": "POST", "path": "/api/v1/confgo/config/publish"}
[36mjuno-admin_1  |[0m 1665227813	[32mINFO[0m	xecho/server.go:75	add route                       	{"aid": "1234567890", "iid": "3dfa3a4ea3049ea77ecf5bcfd59b2055", "mod": "server.echo", "method": "OPTIONS", "path": "/api/admin/public"}
[36mjuno-admin_1  |[0m 1665227813	[32mINFO[0m	xecho/server.go:75	add route                       	{"aid": "1234567890", "iid": "3dfa3a4ea3049ea77ecf5bcfd59b2055", "mod": "server.echo", "method": "HEAD", "path": "/api/admin/public/*"}
[36mjuno-admin_1  |[0m 1665227813	[32mINFO[0m	xecho/server.go:75	add route                       	{"aid": "1234567890", "iid": "3dfa3a4ea3049ea77ecf5bcfd59b2055", "mod": "server.echo", "method": "TRACE", "path": "/api/admin/user/*"}
[36mjuno-admin_1  |[0m 1665227813	[32mINFO[0m	xecho/server.go:75	add route                       	{"aid": "1234567890", "iid": "3dfa3a4ea3049ea77ecf5bcfd59b2055", "mod": "server.echo", "method": "POST", "path": "/api/admin/resource/app/update"}
[36mjuno-admin_1  |[0m 1665227813	[32mINFO[0m	xecho/server.go:75	add route                       	{"aid": "1234567890", "iid": "3dfa3a4ea3049ea77ecf5bcfd59b2055", "mod": "server.echo", "method": "POST", "path": "/api/v1/confgo"}
[36mjuno-admin_1  |[0m 1665227813	[32mINFO[0m	xecho/server.go:75	add route                       	{"aid": "1234567890", "iid": "3dfa3a4ea3049ea77ecf5bcfd59b2055", "mod": "server.echo", "method": "GET", "path": "/api/v1/pprof"}
[36mjuno-admin_1  |[0m 1665227813	[32mINFO[0m	xecho/server.go:75	add route                       	{"aid": "1234567890", "iid": "3dfa3a4ea3049ea77ecf5bcfd59b2055", "mod": "server.echo", "method": "GET", "path": "/api/admin/cronjob/task/list"}
[36mjuno-admin_1  |[0m 1665227813	[32mINFO[0m	xecho/server.go:75	add route                       	{"aid": "1234567890", "iid": "3dfa3a4ea3049ea77ecf5bcfd59b2055", "mod": "server.echo", "method": "PROPFIND", "path": "/api/admin/analysis"}
[36mjuno-admin_1  |[0m 1665227813	[32mINFO[0m	xecho/server.go:75	add route                       	{"aid": "1234567890", "iid": "3dfa3a4ea3049ea77ecf5bcfd59b2055", "mod": "server.echo", "method": "PUT", "path": "/api/admin/etcd/*"}
[36mjuno-admin_1  |[0m 1665227813	[32mINFO[0m	xecho/server.go:75	add route                       	{"aid": "1234567890", "iid": "3dfa3a4ea3049ea77ecf5bcfd59b2055", "mod": "server.echo", "method": "PUT", "path": "/api/admin/grpc/*"}
[36mjuno-admin_1  |[0m 1665227813	[32mINFO[0m	xecho/server.go:75	add route                       	{"aid": "1234567890", "iid": "3dfa3a4ea3049ea77ecf5bcfd59b2055", "mod": "server.echo", "method": "GET", "path": "/proxy/*"}
[36mjuno-admin_1  |[0m 1665227813	[32mINFO[0m	xecho/server.go:75	add route                       	{"aid": "1234567890", "iid": "3dfa3a4ea3049ea77ecf5bcfd59b2055", "mod": "server.echo", "method": "REPORT", "path": "/api/admin/confgov2"}
[36mjuno-admin_1  |[0m 1665227813	[32mINFO[0m	xecho/server.go:75	add route                       	{"aid": "1234567890", "iid": "3dfa3a4ea3049ea77ecf5bcfd59b2055", "mod": "server.echo", "method": "REPORT", "path": "/api/v1/analysis"}
[36mjuno-admin_1  |[0m 1665227813	[32mINFO[0m	xecho/server.go:75	add route                       	{"aid": "1234567890", "iid": "3dfa3a4ea3049ea77ecf5bcfd59b2055", "mod": "server.echo", "method": "DELETE", "path": "/api/v1/analysis"}
[36mjuno-admin_1  |[0m 1665227813	[32mINFO[0m	xecho/server.go:75	add route                       	{"aid": "1234567890", "iid": "3dfa3a4ea3049ea77ecf5bcfd59b2055", "mod": "server.echo", "method": "DELETE", "path": "/api/v1/pprof"}
[36mjuno-admin_1  |[0m 1665227813	[32mINFO[0m	xecho/server.go:75	add route                       	{"aid": "1234567890", "iid": "3dfa3a4ea3049ea77ecf5bcfd59b2055", "mod": "server.echo", "method": "PROPFIND", "path": "/api/admin/user"}
[36mjuno-admin_1  |[0m 1665227813	[32mINFO[0m	xecho/server.go:75	add route                       	{"aid": "1234567890", "iid": "3dfa3a4ea3049ea77ecf5bcfd59b2055", "mod": "server.echo", "method": "DELETE", "path": "/api/admin/confgov2/*"}
[36mjuno-admin_1  |[0m 1665227813	[32mINFO[0m	xecho/server.go:75	add route                       	{"aid": "1234567890", "iid": "3dfa3a4ea3049ea77ecf5bcfd59b2055", "mod": "server.echo", "method": "TRACE", "path": "/api/admin/resource"}
[36mjuno-admin_1  |[0m 1665227813	[32mINFO[0m	xecho/server.go:75	add route                       	{"aid": "1234567890", "iid": "3dfa3a4ea3049ea77ecf5bcfd59b2055", "mod": "server.echo", "method": "PATCH", "path": "/api/admin/grpc/*"}
[36mjuno-admin_1  |[0m 1665227813	[32mINFO[0m	xecho/server.go:75	add route                       	{"aid": "1234567890", "iid": "3dfa3a4ea3049ea77ecf5bcfd59b2055", "mod": "server.echo", "method": "DELETE", "path": "/proxy"}
[36mjuno-admin_1  |[0m 1665227813	[32mINFO[0m	xecho/server.go:75	add route                       	{"aid": "1234567890", "iid": "3dfa3a4ea3049ea77ecf5bcfd59b2055", "mod": "server.echo", "method": "DELETE", "path": "/api/admin/confgov2/resource"}
[36mjuno-admin_1  |[0m 1665227813	[32mINFO[0m	xecho/server.go:75	add route                       	{"aid": "1234567890", "iid": "3dfa3a4ea3049ea77ecf5bcfd59b2055", "mod": "server.echo", "method": "POST", "path": "/api/admin/cronjob/delete"}
[36mjuno-admin_1  |[0m 1665227813	[32mINFO[0m	xecho/server.go:75	add route                       	{"aid": "1234567890", "iid": "3dfa3a4ea3049ea77ecf5bcfd59b2055", "mod": "server.echo", "method": "CONNECT", "path": "/api/v1/confgo/*"}
[36mjuno-admin_1  |[0m 1665227813	[32mINFO[0m	xecho/server.go:75	add route                       	{"aid": "1234567890", "iid": "3dfa3a4ea3049ea77ecf5bcfd59b2055", "mod": "server.echo", "method": "POST", "path": "/api/admin/pprof/run"}
[36mjuno-admin_1  |[0m 1665227813	[32mINFO[0m	xecho/server.go:75	add route                       	{"aid": "1234567890", "iid": "3dfa3a4ea3049ea77ecf5bcfd59b2055", "mod": "server.echo", "method": "TRACE", "path": "/api/admin/logger/*"}
[36mjuno-admin_1  |[0m 1665227813	[32mINFO[0m	xecho/server.go:75	add route                       	{"aid": "1234567890", "iid": "3dfa3a4ea3049ea77ecf5bcfd59b2055", "mod": "server.echo", "method": "GET", "path": "/api/v1/resource/app/info"}
[36mjuno-admin_1  |[0m 1665227813	[32mINFO[0m	xecho/server.go:75	add route                       	{"aid": "1234567890", "iid": "3dfa3a4ea3049ea77ecf5bcfd59b2055", "mod": "server.echo", "method": "TRACE", "path": "/api/v1/system/*"}
[36mjuno-admin_1  |[0m 1665227813	[32mINFO[0m	xecho/server.go:75	add route                       	{"aid": "1234567890", "iid": "3dfa3a4ea3049ea77ecf5bcfd59b2055", "mod": "server.echo", "method": "GET", "path": "/api/admin/confgov2"}
[36mjuno-admin_1  |[0m 1665227813	[32mINFO[0m	xecho/server.go:75	add route                       	{"aid": "1234567890", "iid": "3dfa3a4ea3049ea77ecf5bcfd59b2055", "mod": "server.echo", "method": "PUT", "path": "/api/admin/confgov2"}
[36mjuno-admin_1  |[0m 1665227813	[32mINFO[0m	xecho/server.go:75	add route                       	{"aid": "1234567890", "iid": "3dfa3a4ea3049ea77ecf5bcfd59b2055", "mod": "server.echo", "method": "GET", "path": "/api/admin/test/http/*"}
[36mjuno-admin_1  |[0m 1665227813	[32mINFO[0m	xecho/server.go:75	add route                       	{"aid": "1234567890", "iid": "3dfa3a4ea3049ea77ecf5bcfd59b2055", "mod": "server.echo", "method": "GET", "path": "/api/admin/analysis/register/list"}
[36mjuno-admin_1  |[0m 1665227813	[32mINFO[0m	xecho/server.go:75	add route                       	{"aid": "1234567890", "iid": "3dfa3a4ea3049ea77ecf5bcfd59b2055", "mod": "server.echo", "method": "PUT", "path": "/api/v1/event"}
[36mjuno-admin_1  |[0m 1665227813	[32mINFO[0m	xecho/server.go:75	add route                       	{"aid": "1234567890", "iid": "3dfa3a4ea3049ea77ecf5bcfd59b2055", "mod": "server.echo", "method": "PATCH", "path": "/api/v1/etcd/*"}
[36mjuno-admin_1  |[0m 1665227813	[32mINFO[0m	xecho/server.go:75	add route                       	{"aid": "1234567890", "iid": "3dfa3a4ea3049ea77ecf5bcfd59b2055", "mod": "server.echo", "method": "HEAD", "path": "/proxy/*"}
[36mjuno-admin_1  |[0m 1665227813	[32mINFO[0m	xecho/server.go:75	add route                       	{"aid": "1234567890", "iid": "3dfa3a4ea3049ea77ecf5bcfd59b2055", "mod": "server.echo", "method": "POST", "path": "/api/admin/resource/app/delete"}
[36mjuno-admin_1  |[0m 1665227813	[32mINFO[0m	xecho/server.go:75	add route                       	{"aid": "1234567890", "iid": "3dfa3a4ea3049ea77ecf5bcfd59b2055", "mod": "server.echo", "method": "CONNECT", "path": "/api/admin/test"}
[36mjuno-admin_1  |[0m 1665227813	[32mINFO[0m	xecho/server.go:75	add route                       	{"aid": "1234567890", "iid": "3dfa3a4ea3049ea77ecf5bcfd59b2055", "mod": "server.echo", "method": "POST", "path": "/api/admin/test/http/useCases/create"}
[36mjuno-admin_1  |[0m 1665227813	[32mINFO[0m	xecho/server.go:75	add route                       	{"aid": "1234567890", "iid": "3dfa3a4ea3049ea77ecf5bcfd59b2055", "mod": "server.echo", "method": "REPORT", "path": "/api/admin/system"}
[36mjuno-admin_1  |[0m 1665227813	[32mINFO[0m	xecho/server.go:75	add route                       	{"aid": "1234567890", "iid": "3dfa3a4ea3049ea77ecf5bcfd59b2055", "mod": "server.echo", "method": "PROPFIND", "path": "/api/v1/resource"}
[36mjuno-admin_1  |[0m 1665227813	[32mINFO[0m	xecho/server.go:75	add route                       	{"aid": "1234567890", "iid": "3dfa3a4ea3049ea77ecf5bcfd59b2055", "mod": "server.echo", "method": "POST", "path": "/api/v1/pprof/*"}
[36mjuno-admin_1  |[0m 1665227813	[32mINFO[0m	xecho/server.go:75	add route                       	{"aid": "1234567890", "iid": "3dfa3a4ea3049ea77ecf5bcfd59b2055", "mod": "server.echo", "method": "HEAD", "path": "/proxy/"}
[36mjuno-admin_1  |[0m 1665227813	[32mINFO[0m	xecho/server.go:75	add route                       	{"aid": "1234567890", "iid": "3dfa3a4ea3049ea77ecf5bcfd59b2055", "mod": "server.echo", "method": "TRACE", "path": "/api/admin/test/http"}
[36mjuno-admin_1  |[0m 1665227813	[32mINFO[0m	xecho/server.go:75	add route                       	{"aid": "1234567890", "iid": "3dfa3a4ea3049ea77ecf5bcfd59b2055", "mod": "server.echo", "method": "TRACE", "path": "/api/admin/cronjob/*"}
[36mjuno-admin_1  |[0m 1665227813	[32mINFO[0m	xecho/server.go:75	add route                       	{"aid": "1234567890", "iid": "3dfa3a4ea3049ea77ecf5bcfd59b2055", "mod": "server.echo", "method": "PATCH", "path": "/api/admin/proxyintegrat/*"}
[36mjuno-admin_1  |[0m 1665227813	[32mINFO[0m	xecho/server.go:75	add route                       	{"aid": "1234567890", "iid": "3dfa3a4ea3049ea77ecf5bcfd59b2055", "mod": "server.echo", "method": "TRACE", "path": "/api/v1/confgo"}
[36mjuno-admin_1  |[0m 1665227813	[32mINFO[0m	xecho/server.go:75	add route                       	{"aid": "1234567890", "iid": "3dfa3a4ea3049ea77ecf5bcfd59b2055", "mod": "server.echo", "method": "DELETE", "path": "/grafana/"}
[36mjuno-admin_1  |[0m 1665227813	[32mINFO[0m	xecho/server.go:75	add route                       	{"aid": "1234567890", "iid": "3dfa3a4ea3049ea77ecf5bcfd59b2055", "mod": "server.echo", "method": "GET", "path": "/api/admin/confgov2/resource"}
[36mjuno-admin_1  |[0m 1665227813	[32mINFO[0m	xecho/server.go:75	add route                       	{"aid": "1234567890", "iid": "3dfa3a4ea3049ea77ecf5bcfd59b2055", "mod": "server.echo", "method": "PROPFIND", "path": "/api/admin/system"}
[36mjuno-admin_1  |[0m 1665227813	[32mINFO[0m	xecho/server.go:75	add route                       	{"aid": "1234567890", "iid": "3dfa3a4ea3049ea77ecf5bcfd59b2055", "mod": "server.echo", "method": "HEAD", "path": "/api/admin/logger"}
[36mjuno-admin_1  |[0m 1665227813	[32mINFO[0m	xecho/server.go:75	add route                       	{"aid": "1234567890", "iid": "3dfa3a4ea3049ea77ecf5bcfd59b2055", "mod": "server.echo", "method": "CONNECT", "path": "/api/admin/resource"}
[36mjuno-admin_1  |[0m 1665227813	[32mINFO[0m	xecho/server.go:75	add route                       	{"aid": "1234567890", "iid": "3dfa3a4ea3049ea77ecf5bcfd59b2055", "mod": "server.echo", "method": "CONNECT", "path": "/api/v1/event/*"}
[36mjuno-admin_1  |[0m 1665227813	[32mINFO[0m	xecho/server.go:75	add route                       	{"aid": "1234567890", "iid": "3dfa3a4ea3049ea77ecf5bcfd59b2055", "mod": "server.echo", "method": "DELETE", "path": "/api/admin/confgo"}
[36mjuno-admin_1  |[0m 1665227813	[32mINFO[0m	xecho/server.go:75	add route                       	{"aid": "1234567890", "iid": "3dfa3a4ea3049ea77ecf5bcfd59b2055", "mod": "server.echo", "method": "GET", "path": "/api/admin/test/*"}
[36mjuno-admin_1  |[0m 1665227813	[32mINFO[0m	xecho/server.go:75	add route                       	{"aid": "1234567890", "iid": "3dfa3a4ea3049ea77ecf5bcfd59b2055", "mod": "server.echo", "method": "HEAD", "path": "/api/admin/system/*"}
[36mjuno-admin_1  |[0m 1665227813	[32mINFO[0m	xecho/server.go:75	add route                       	{"aid": "1234567890", "iid": "3dfa3a4ea3049ea77ecf5bcfd59b2055", "mod": "server.echo", "method": "CONNECT", "path": "/api/v1/resource"}
[36mjuno-admin_1  |[0m 1665227813	[32mINFO[0m	xecho/server.go:75	add route                       	{"aid": "1234567890", "iid": "3dfa3a4ea3049ea77ecf5bcfd59b2055", "mod": "server.echo", "method": "OPTIONS", "path": "/api/admin/confgo"}
[36mjuno-admin_1  |[0m 1665227813	[32mINFO[0m	xecho/server.go:75	add route                       	{"aid": "1234567890", "iid": "3dfa3a4ea3049ea77ecf5bcfd59b2055", "mod": "server.echo", "method": "TRACE", "path": "/api/admin/confgo/*"}
[36mjuno-admin_1  |[0m 1665227813	[32mINFO[0m	xecho/server.go:75	add route                       	{"aid": "1234567890", "iid": "3dfa3a4ea3049ea77ecf5bcfd59b2055", "mod": "server.echo", "method": "GET", "path": "/api/admin/confgov2/config/statics"}
[36mjuno-admin_1  |[0m 1665227813	[32mINFO[0m	xecho/server.go:75	add route                       	{"aid": "1234567890", "iid": "3dfa3a4ea3049ea77ecf5bcfd59b2055", "mod": "server.echo", "method": "POST", "path": "/api/admin/resource/*"}
[36mjuno-admin_1  |[0m 1665227813	[32mINFO[0m	xecho/server.go:75	add route                       	{"aid": "1234567890", "iid": "3dfa3a4ea3049ea77ecf5bcfd59b2055", "mod": "server.echo", "method": "REPORT", "path": "/grafana"}
[36mjuno-admin_1  |[0m 1665227813	[32mINFO[0m	xecho/server.go:75	add route                       	{"aid": "1234567890", "iid": "3dfa3a4ea3049ea77ecf5bcfd59b2055", "mod": "server.echo", "method": "GET", "path": "/api/admin/test/grpc/proto/methods/detail"}
[36mjuno-admin_1  |[0m 1665227813	[32mINFO[0m	xecho/server.go:75	add route                       	{"aid": "1234567890", "iid": "3dfa3a4ea3049ea77ecf5bcfd59b2055", "mod": "server.echo", "method": "DELETE", "path": "/api/admin/analysis"}
[36mjuno-admin_1  |[0m 1665227813	[32mINFO[0m	xecho/server.go:75	add route                       	{"aid": "1234567890", "iid": "3dfa3a4ea3049ea77ecf5bcfd59b2055", "mod": "server.echo", "method": "PUT", "path": "/api/admin/etcd"}
[36mjuno-admin_1  |[0m 1665227813	[32mINFO[0m	xecho/server.go:75	add route                       	{"aid": "1234567890", "iid": "3dfa3a4ea3049ea77ecf5bcfd59b2055", "mod": "server.echo", "method": "REPORT", "path": "/api/admin/logger"}
[36mjuno-admin_1  |[0m 1665227813	[32mINFO[0m	xecho/server.go:75	add route                       	{"aid": "1234567890", "iid": "3dfa3a4ea3049ea77ecf5bcfd59b2055", "mod": "server.echo", "method": "CONNECT", "path": "/api/admin/*"}
[36mjuno-admin_1  |[0m 1665227813	[32mINFO[0m	xecho/server.go:75	add route                       	{"aid": "1234567890", "iid": "3dfa3a4ea3049ea77ecf5bcfd59b2055", "mod": "server.echo", "method": "HEAD", "path": "/api/admin/analysis/*"}
[36mjuno-admin_1  |[0m 1665227813	[32mINFO[0m	xecho/server.go:75	add route                       	{"aid": "1234567890", "iid": "3dfa3a4ea3049ea77ecf5bcfd59b2055", "mod": "server.echo", "method": "CONNECT", "path": "/api/admin/permission"}
[36mjuno-admin_1  |[0m 1665227813	[32mINFO[0m	xecho/server.go:75	add route                       	{"aid": "1234567890", "iid": "3dfa3a4ea3049ea77ecf5bcfd59b2055", "mod": "server.echo", "method": "TRACE", "path": "/proxy/"}
[36mjuno-admin_1  |[0m 1665227813	[32mINFO[0m	xecho/server.go:75	add route                       	{"aid": "1234567890", "iid": "3dfa3a4ea3049ea77ecf5bcfd59b2055", "mod": "server.echo", "method": "CONNECT", "path": "/api/admin/confgov2/resource"}
[36mjuno-admin_1  |[0m 1665227813	[32mINFO[0m	xecho/server.go:75	add route                       	{"aid": "1234567890", "iid": "3dfa3a4ea3049ea77ecf5bcfd59b2055", "mod": "server.echo", "method": "HEAD", "path": "/api/admin/confgov2/resource/*"}
[36mjuno-admin_1  |[0m 1665227813	[32mINFO[0m	xecho/server.go:75	add route                       	{"aid": "1234567890", "iid": "3dfa3a4ea3049ea77ecf5bcfd59b2055", "mod": "server.echo", "method": "TRACE", "path": "/api/admin/logger"}
[36mjuno-admin_1  |[0m 1665227813	[32mINFO[0m	xecho/server.go:75	add route                       	{"aid": "1234567890", "iid": "3dfa3a4ea3049ea77ecf5bcfd59b2055", "mod": "server.echo", "method": "POST", "path": "/api/admin/public/*"}
[36mjuno-admin_1  |[0m 1665227813	[32mINFO[0m	xecho/server.go:75	add route                       	{"aid": "1234567890", "iid": "3dfa3a4ea3049ea77ecf5bcfd59b2055", "mod": "server.echo", "method": "PUT", "path": "/api/admin/confgov2/resource/*"}
[36mjuno-admin_1  |[0m 1665227813	[32mINFO[0m	xecho/server.go:75	add route                       	{"aid": "1234567890", "iid": "3dfa3a4ea3049ea77ecf5bcfd59b2055", "mod": "server.echo", "method": "OPTIONS", "path": "/api/admin/resource/*"}
[36mjuno-admin_1  |[0m 1665227813	[32mINFO[0m	xecho/server.go:75	add route                       	{"aid": "1234567890", "iid": "3dfa3a4ea3049ea77ecf5bcfd59b2055", "mod": "server.echo", "method": "GET", "path": "/api/v1/event"}
[36mjuno-admin_1  |[0m 1665227813	[32mINFO[0m	xecho/server.go:75	add route                       	{"aid": "1234567890", "iid": "3dfa3a4ea3049ea77ecf5bcfd59b2055", "mod": "server.echo", "method": "POST", "path": "/proxy"}
[36mjuno-admin_1  |[0m 1665227813	[32mINFO[0m	xecho/server.go:75	add route                       	{"aid": "1234567890", "iid": "3dfa3a4ea3049ea77ecf5bcfd59b2055", "mod": "server.echo", "method": "GET", "path": "/api/admin"}
[36mjuno-admin_1  |[0m 1665227813	[32mINFO[0m	xecho/server.go:75	add route                       	{"aid": "1234567890", "iid": "3dfa3a4ea3049ea77ecf5bcfd59b2055", "mod": "server.echo", "method": "POST", "path": "/api/admin/resource/node/transfer/put"}
[36mjuno-admin_1  |[0m 1665227813	[32mINFO[0m	xecho/server.go:75	add route                       	{"aid": "1234567890", "iid": "3dfa3a4ea3049ea77ecf5bcfd59b2055", "mod": "server.echo", "method": "POST", "path": "/api/admin/resource/app_node/transfer/put"}
[36mjuno-admin_1  |[0m 1665227813	[32mINFO[0m	xecho/server.go:75	add route                       	{"aid": "1234567890", "iid": "3dfa3a4ea3049ea77ecf5bcfd59b2055", "mod": "server.echo", "method": "GET", "path": "/api/admin/resource/app/frameVersion"}
[36mjuno-admin_1  |[0m 1665227813	[32mINFO[0m	xecho/server.go:75	add route                       	{"aid": "1234567890", "iid": "3dfa3a4ea3049ea77ecf5bcfd59b2055", "mod": "server.echo", "method": "TRACE", "path": "/api/v1/*"}
[36mjuno-admin_1  |[0m 1665227813	[32mINFO[0m	xecho/server.go:75	add route                       	{"aid": "1234567890", "iid": "3dfa3a4ea3049ea77ecf5bcfd59b2055", "mod": "server.echo", "method": "CONNECT", "path": "/api/admin/pprof/*"}
[36mjuno-admin_1  |[0m 1665227813	[32mINFO[0m	xecho/server.go:75	add route                       	{"aid": "1234567890", "iid": "3dfa3a4ea3049ea77ecf5bcfd59b2055", "mod": "server.echo", "method": "GET", "path": "/api/v1/analysis/topology/list"}
[36mjuno-admin_1  |[0m 1665227813	[32mINFO[0m	xecho/server.go:75	add route                       	{"aid": "1234567890", "iid": "3dfa3a4ea3049ea77ecf5bcfd59b2055", "mod": "server.echo", "method": "PATCH", "path": "/api/admin/user"}
[36mjuno-admin_1  |[0m 1665227813	[32mINFO[0m	xecho/server.go:75	add route                       	{"aid": "1234567890", "iid": "3dfa3a4ea3049ea77ecf5bcfd59b2055", "mod": "server.echo", "method": "TRACE", "path": "/api/admin/resource/*"}
[36mjuno-admin_1  |[0m 1665227813	[32mINFO[0m	xecho/server.go:75	add route                       	{"aid": "1234567890", "iid": "3dfa3a4ea3049ea77ecf5bcfd59b2055", "mod": "server.echo", "method": "OPTIONS", "path": "/api/admin/system"}
[36mjuno-admin_1  |[0m 1665227813	[32mINFO[0m	xecho/server.go:75	add route                       	{"aid": "1234567890", "iid": "3dfa3a4ea3049ea77ecf5bcfd59b2055", "mod": "server.echo", "method": "PUT", "path": "/api/admin/event/*"}
[36mjuno-admin_1  |[0m 1665227813	[32mINFO[0m	xecho/server.go:75	add route                       	{"aid": "1234567890", "iid": "3dfa3a4ea3049ea77ecf5bcfd59b2055", "mod": "server.echo", "method": "OPTIONS", "path": "/api/admin/confgov2"}
[36mjuno-admin_1  |[0m 1665227813	[32mINFO[0m	xecho/server.go:75	add route                       	{"aid": "1234567890", "iid": "3dfa3a4ea3049ea77ecf5bcfd59b2055", "mod": "server.echo", "method": "GET", "path": "/api/admin/confgov2/config/instance/list"}
[36mjuno-admin_1  |[0m 1665227813	[32mINFO[0m	xecho/server.go:75	add route                       	{"aid": "1234567890", "iid": "3dfa3a4ea3049ea77ecf5bcfd59b2055", "mod": "server.echo", "method": "POST", "path": "/api/v1/system/option/create"}
[36mjuno-admin_1  |[0m 1665227813	[32mINFO[0m	xecho/server.go:75	add route                       	{"aid": "1234567890", "iid": "3dfa3a4ea3049ea77ecf5bcfd59b2055", "mod": "server.echo", "method": "POST", "path": "/api/admin/user/update"}
[36mjuno-admin_1  |[0m 1665227813	[32mINFO[0m	xecho/server.go:75	add route                       	{"aid": "1234567890", "iid": "3dfa3a4ea3049ea77ecf5bcfd59b2055", "mod": "server.echo", "method": "PROPFIND", "path": "/api/admin/event/*"}
[36mjuno-admin_1  |[0m 1665227813	[32mINFO[0m	xecho/server.go:75	add route                       	{"aid": "1234567890", "iid": "3dfa3a4ea3049ea77ecf5bcfd59b2055", "mod": "server.echo", "method": "DELETE", "path": "/api/admin/grpc/*"}
[36mjuno-admin_1  |[0m 1665227813	[32mINFO[0m	xecho/server.go:75	add route                       	{"aid": "1234567890", "iid": "3dfa3a4ea3049ea77ecf5bcfd59b2055", "mod": "server.echo", "method": "CONNECT", "path": "/grafana/*"}
[36mjuno-admin_1  |[0m 1665227813	[32mINFO[0m	xecho/server.go:75	add route                       	{"aid": "1234567890", "iid": "3dfa3a4ea3049ea77ecf5bcfd59b2055", "mod": "server.echo", "method": "PROPFIND", "path": "/api/admin/grpc"}
[36mjuno-admin_1  |[0m 1665227813	[32mINFO[0m	xecho/server.go:75	add route                       	{"aid": "1234567890", "iid": "3dfa3a4ea3049ea77ecf5bcfd59b2055", "mod": "server.echo", "method": "OPTIONS", "path": "/api/v1/resource/*"}
[36mjuno-admin_1  |[0m 1665227813	[32mINFO[0m	xecho/server.go:75	add route                       	{"aid": "1234567890", "iid": "3dfa3a4ea3049ea77ecf5bcfd59b2055", "mod": "server.echo", "method": "PATCH", "path": "/api/v1/analysis"}
[36mjuno-admin_1  |[0m 1665227813	[32mINFO[0m	xecho/server.go:75	add route                       	{"aid": "1234567890", "iid": "3dfa3a4ea3049ea77ecf5bcfd59b2055", "mod": "server.echo", "method": "PUT", "path": "/proxy/"}
[36mjuno-admin_1  |[0m 1665227813	[32mINFO[0m	xecho/server.go:75	add route                       	{"aid": "1234567890", "iid": "3dfa3a4ea3049ea77ecf5bcfd59b2055", "mod": "server.echo", "method": "DELETE", "path": "/api/admin/public/*"}
[36mjuno-admin_1  |[0m 1665227813	[32mINFO[0m	xecho/server.go:75	add route                       	{"aid": "1234567890", "iid": "3dfa3a4ea3049ea77ecf5bcfd59b2055", "mod": "server.echo", "method": "GET", "path": "/api/admin/public/user/logout"}
[36mjuno-admin_1  |[0m 1665227813	[32mINFO[0m	xecho/server.go:75	add route                       	{"aid": "1234567890", "iid": "3dfa3a4ea3049ea77ecf5bcfd59b2055", "mod": "server.echo", "method": "PUT", "path": "/api/admin/cronjob/task"}
[36mjuno-admin_1  |[0m 1665227813	[32mINFO[0m	xecho/server.go:75	add route                       	{"aid": "1234567890", "iid": "3dfa3a4ea3049ea77ecf5bcfd59b2055", "mod": "server.echo", "method": "OPTIONS", "path": "/proxy"}
[36mjuno-admin_1  |[0m 1665227813	[32mINFO[0m	xecho/server.go:75	add route                       	{"aid": "1234567890", "iid": "3dfa3a4ea3049ea77ecf5bcfd59b2055", "mod": "server.echo", "method": "PROPFIND", "path": "/api/admin/test/platform"}
[36mjuno-admin_1  |[0m 1665227813	[32mINFO[0m	xecho/server.go:75	add route                       	{"aid": "1234567890", "iid": "3dfa3a4ea3049ea77ecf5bcfd59b2055", "mod": "server.echo", "method": "GET", "path": "/api/admin/permission/*"}
[36mjuno-admin_1  |[0m 1665227813	[32mINFO[0m	xecho/server.go:75	add route                       	{"aid": "1234567890", "iid": "3dfa3a4ea3049ea77ecf5bcfd59b2055", "mod": "server.echo", "method": "GET", "path": "/api/admin/cronjob/task/*"}
[36mjuno-admin_1  |[0m 1665227813	[32mINFO[0m	xecho/server.go:75	add route                       	{"aid": "1234567890", "iid": "3dfa3a4ea3049ea77ecf5bcfd59b2055", "mod": "server.echo", "method": "GET", "path": "/api/v1/analysis/*"}
[36mjuno-admin_1  |[0m 1665227813	[32mINFO[0m	xecho/server.go:75	add route                       	{"aid": "1234567890", "iid": "3dfa3a4ea3049ea77ecf5bcfd59b2055", "mod": "server.echo", "method": "GET", "path": "/api/admin/test/grpc/*"}
[36mjuno-admin_1  |[0m 1665227813	[32mINFO[0m	xecho/server.go:75	add route                       	{"aid": "1234567890", "iid": "3dfa3a4ea3049ea77ecf5bcfd59b2055", "mod": "server.echo", "method": "HEAD", "path": "/api/admin/proxyintegrat"}
[36mjuno-admin_1  |[0m 1665227813	[32mINFO[0m	xecho/server.go:75	add route                       	{"aid": "1234567890", "iid": "3dfa3a4ea3049ea77ecf5bcfd59b2055", "mod": "server.echo", "method": "GET", "path": "/api/v1/etcd/*"}
[36mjuno-admin_1  |[0m 1665227813	[32mINFO[0m	xecho/server.go:75	add route                       	{"aid": "1234567890", "iid": "3dfa3a4ea3049ea77ecf5bcfd59b2055", "mod": "server.echo", "method": "PUT", "path": "/api/admin/test/http"}
[36mjuno-admin_1  |[0m 1665227813	[32mINFO[0m	xecho/server.go:75	add route                       	{"aid": "1234567890", "iid": "3dfa3a4ea3049ea77ecf5bcfd59b2055", "mod": "server.echo", "method": "PROPFIND", "path": "/api/admin/grpc/*"}
[36mjuno-admin_1  |[0m 1665227813	[32mINFO[0m	xecho/server.go:75	add route                       	{"aid": "1234567890", "iid": "3dfa3a4ea3049ea77ecf5bcfd59b2055", "mod": "server.echo", "method": "HEAD", "path": "/api/v1/event/*"}
[36mjuno-admin_1  |[0m 1665227813	[32mINFO[0m	xecho/server.go:75	add route                       	{"aid": "1234567890", "iid": "3dfa3a4ea3049ea77ecf5bcfd59b2055", "mod": "server.echo", "method": "TRACE", "path": "/api/admin/cronjob/task"}
[36mjuno-admin_1  |[0m 1665227813	[32mINFO[0m	xecho/server.go:75	add route                       	{"aid": "1234567890", "iid": "3dfa3a4ea3049ea77ecf5bcfd59b2055", "mod": "server.echo", "method": "PATCH", "path": "/api/admin/analysis/*"}
[36mjuno-admin_1  |[0m 1665227813	[32mINFO[0m	xecho/server.go:75	add route                       	{"aid": "1234567890", "iid": "3dfa3a4ea3049ea77ecf5bcfd59b2055", "mod": "server.echo", "method": "TRACE", "path": "/api/admin/system"}
[36mjuno-admin_1  |[0m 1665227813	[32mINFO[0m	xecho/server.go:75	add route                       	{"aid": "1234567890", "iid": "3dfa3a4ea3049ea77ecf5bcfd59b2055", "mod": "server.echo", "method": "PROPFIND", "path": "/api/admin/pprof"}
[36mjuno-admin_1  |[0m 1665227813	[32mINFO[0m	xecho/server.go:75	add route                       	{"aid": "1234567890", "iid": "3dfa3a4ea3049ea77ecf5bcfd59b2055", "mod": "server.echo", "method": "CONNECT", "path": "/grafana/"}
[36mjuno-admin_1  |[0m 1665227813	[32mINFO[0m	xecho/server.go:75	add route                       	{"aid": "1234567890", "iid": "3dfa3a4ea3049ea77ecf5bcfd59b2055", "mod": "server.echo", "method": "DELETE", "path": "/api/admin/public"}
[36mjuno-admin_1  |[0m 1665227813	[32mINFO[0m	xecho/server.go:75	add route                       	{"aid": "1234567890", "iid": "3dfa3a4ea3049ea77ecf5bcfd59b2055", "mod": "server.echo", "method": "POST", "path": "/api/admin/resource/node/update"}
[36mjuno-admin_1  |[0m 1665227813	[32mINFO[0m	xecho/server.go:75	add route                       	{"aid": "1234567890", "iid": "3dfa3a4ea3049ea77ecf5bcfd59b2055", "mod": "server.echo", "method": "HEAD", "path": "/api/admin/test/platform"}
[36mjuno-admin_1  |[0m 1665227813	[32mINFO[0m	xecho/server.go:75	add route                       	{"aid": "1234567890", "iid": "3dfa3a4ea3049ea77ecf5bcfd59b2055", "mod": "server.echo", "method": "REPORT", "path": "/api/v1/confgo"}
[36mjuno-admin_1  |[0m 1665227813	[32mINFO[0m	xecho/server.go:75	add route                       	{"aid": "1234567890", "iid": "3dfa3a4ea3049ea77ecf5bcfd59b2055", "mod": "server.echo", "method": "REPORT", "path": "/api/admin/event/*"}
[36mjuno-admin_1  |[0m 1665227813	[32mINFO[0m	xecho/server.go:75	add route                       	{"aid": "1234567890", "iid": "3dfa3a4ea3049ea77ecf5bcfd59b2055", "mod": "server.echo", "method": "PATCH", "path": "/api/v1/etcd"}
[36mjuno-admin_1  |[0m 1665227813	[32mINFO[0m	xecho/server.go:75	add route                       	{"aid": "1234567890", "iid": "3dfa3a4ea3049ea77ecf5bcfd59b2055", "mod": "server.echo", "method": "PROPFIND", "path": "/api/admin/confgov2/*"}
[36mjuno-admin_1  |[0m 1665227813	[32mINFO[0m	xecho/server.go:75	add route                       	{"aid": "1234567890", "iid": "3dfa3a4ea3049ea77ecf5bcfd59b2055", "mod": "server.echo", "method": "GET", "path": "/api/admin/confgov2/config/list"}
[36mjuno-admin_1  |[0m 1665227813	[32mINFO[0m	xecho/server.go:75	add route                       	{"aid": "1234567890", "iid": "3dfa3a4ea3049ea77ecf5bcfd59b2055", "mod": "server.echo", "method": "PATCH", "path": "/api/admin/test"}
[36mjuno-admin_1  |[0m 1665227813	[32mINFO[0m	xecho/server.go:75	add route                       	{"aid": "1234567890", "iid": "3dfa3a4ea3049ea77ecf5bcfd59b2055", "mod": "server.echo", "method": "OPTIONS", "path": "/api/admin/test/grpc"}
[36mjuno-admin_1  |[0m 1665227813	[32mINFO[0m	xecho/server.go:75	add route                       	{"aid": "1234567890", "iid": "3dfa3a4ea3049ea77ecf5bcfd59b2055", "mod": "server.echo", "method": "REPORT", "path": "/api/admin/confgov2/resource"}
[36mjuno-admin_1  |[0m 1665227813	[32mINFO[0m	xecho/server.go:75	add route                       	{"aid": "1234567890", "iid": "3dfa3a4ea3049ea77ecf5bcfd59b2055", "mod": "server.echo", "method": "OPTIONS", "path": "/api/admin/logger/*"}
[36mjuno-admin_1  |[0m 1665227813	[32mINFO[0m	xecho/server.go:75	add route                       	{"aid": "1234567890", "iid": "3dfa3a4ea3049ea77ecf5bcfd59b2055", "mod": "server.echo", "method": "REPORT", "path": "/api/admin/user/*"}
[36mjuno-admin_1  |[0m 1665227813	[32mINFO[0m	xecho/server.go:75	add route                       	{"aid": "1234567890", "iid": "3dfa3a4ea3049ea77ecf5bcfd59b2055", "mod": "server.echo", "method": "GET", "path": "/api/admin/permission/user/group/update"}
[36mjuno-admin_1  |[0m 1665227813	[32mINFO[0m	xecho/server.go:75	add route                       	{"aid": "1234567890", "iid": "3dfa3a4ea3049ea77ecf5bcfd59b2055", "mod": "server.echo", "method": "TRACE", "path": "/api/admin/test/grpc/*"}
[36mjuno-admin_1  |[0m 1665227813	[32mINFO[0m	xecho/server.go:75	add route                       	{"aid": "1234567890", "iid": "3dfa3a4ea3049ea77ecf5bcfd59b2055", "mod": "server.echo", "method": "PROPFIND", "path": "/api/admin/cronjob/task"}
[36mjuno-admin_1  |[0m 1665227813	[32mINFO[0m	xecho/server.go:75	add route                       	{"aid": "1234567890", "iid": "3dfa3a4ea3049ea77ecf5bcfd59b2055", "mod": "server.echo", "method": "POST", "path": "/api/admin/system/option/update"}
[36mjuno-admin_1  |[0m 1665227813	[32mINFO[0m	xecho/server.go:75	add route                       	{"aid": "1234567890", "iid": "3dfa3a4ea3049ea77ecf5bcfd59b2055", "mod": "server.echo", "method": "PROPFIND", "path": "/api/admin/test"}
[36mjuno-admin_1  |[0m 1665227813	[32mINFO[0m	xecho/server.go:75	add route                       	{"aid": "1234567890", "iid": "3dfa3a4ea3049ea77ecf5bcfd59b2055", "mod": "server.echo", "method": "GET", "path": "/api/admin/test/platform"}
[36mjuno-admin_1  |[0m 1665227813	[32mINFO[0m	xecho/server.go:75	add route                       	{"aid": "1234567890", "iid": "3dfa3a4ea3049ea77ecf5bcfd59b2055", "mod": "server.echo", "method": "PROPFIND", "path": "/api/v1/etcd/*"}
[36mjuno-admin_1  |[0m 1665227813	[32mINFO[0m	xecho/server.go:75	add route                       	{"aid": "1234567890", "iid": "3dfa3a4ea3049ea77ecf5bcfd59b2055", "mod": "server.echo", "method": "HEAD", "path": "/api/admin/cronjob/*"}
[36mjuno-admin_1  |[0m 1665227813	[32mINFO[0m	xecho/server.go:75	add route                       	{"aid": "1234567890", "iid": "3dfa3a4ea3049ea77ecf5bcfd59b2055", "mod": "server.echo", "method": "GET", "path": "/api/admin/openAuth"}
[36mjuno-admin_1  |[0m 1665227813	[32mINFO[0m	xecho/server.go:75	add route                       	{"aid": "1234567890", "iid": "3dfa3a4ea3049ea77ecf5bcfd59b2055", "mod": "server.echo", "method": "DELETE", "path": "/api/v1/system"}
[36mjuno-admin_1  |[0m 1665227813	[32mINFO[0m	xecho/server.go:75	add route                       	{"aid": "1234567890", "iid": "3dfa3a4ea3049ea77ecf5bcfd59b2055", "mod": "server.echo", "method": "OPTIONS", "path": "/api/v1/system"}
[36mjuno-admin_1  |[0m 1665227813	[32mINFO[0m	xecho/server.go:75	add route                       	{"aid": "1234567890", "iid": "3dfa3a4ea3049ea77ecf5bcfd59b2055", "mod": "server.echo", "method": "POST", "path": "/api/admin/confgov2/config/publish"}
[36mjuno-admin_1  |[0m 1665227813	[32mINFO[0m	xecho/server.go:75	add route                       	{"aid": "1234567890", "iid": "3dfa3a4ea3049ea77ecf5bcfd59b2055", "mod": "server.echo", "method": "OPTIONS", "path": "/api/admin/openAuth/*"}
[36mjuno-admin_1  |[0m 1665227813	[32mINFO[0m	xecho/server.go:75	add route                       	{"aid": "1234567890", "iid": "3dfa3a4ea3049ea77ecf5bcfd59b2055", "mod": "server.echo", "method": "TRACE", "path": "/api/v1/pprof"}
[36mjuno-admin_1  |[0m 1665227813	[32mINFO[0m	xecho/server.go:75	add route                       	{"aid": "1234567890", "iid": "3dfa3a4ea3049ea77ecf5bcfd59b2055", "mod": "server.echo", "method": "CONNECT", "path": "/api/admin/logger"}
[36mjuno-admin_1  |[0m 1665227813	[32mINFO[0m	xecho/server.go:75	add route                       	{"aid": "1234567890", "iid": "3dfa3a4ea3049ea77ecf5bcfd59b2055", "mod": "server.echo", "method": "PUT", "path": "/api/v1/system"}
[36mjuno-admin_1  |[0m 1665227813	[32mINFO[0m	xecho/server.go:75	add route                       	{"aid": "1234567890", "iid": "3dfa3a4ea3049ea77ecf5bcfd59b2055", "mod": "server.echo", "method": "POST", "path": "/api/admin/confgo/tpl/delete"}
[36mjuno-admin_1  |[0m 1665227813	[32mINFO[0m	xecho/server.go:75	add route                       	{"aid": "1234567890", "iid": "3dfa3a4ea3049ea77ecf5bcfd59b2055", "mod": "server.echo", "method": "DELETE", "path": "/api/admin/resource/*"}
[36mjuno-admin_1  |[0m 1665227813	[32mINFO[0m	xecho/server.go:75	add route                       	{"aid": "1234567890", "iid": "3dfa3a4ea3049ea77ecf5bcfd59b2055", "mod": "server.echo", "method": "GET", "path": "/api/admin/permission/user/group/appPermission"}
[36mjuno-admin_1  |[0m 1665227813	[32mINFO[0m	xecho/server.go:75	add route                       	{"aid": "1234567890", "iid": "3dfa3a4ea3049ea77ecf5bcfd59b2055", "mod": "server.echo", "method": "TRACE", "path": "/api/admin/event"}
[36mjuno-admin_1  |[0m 1665227813	[32mINFO[0m	xecho/server.go:75	add route                       	{"aid": "1234567890", "iid": "3dfa3a4ea3049ea77ecf5bcfd59b2055", "mod": "server.echo", "method": "HEAD", "path": "/api/admin/test"}
[36mjuno-admin_1  |[0m 1665227813	[32mINFO[0m	xecho/server.go:75	add route                       	{"aid": "1234567890", "iid": "3dfa3a4ea3049ea77ecf5bcfd59b2055", "mod": "server.echo", "method": "REPORT", "path": "/api/v1/analysis/*"}
[36mjuno-admin_1  |[0m 1665227813	[32mINFO[0m	xecho/server.go:75	add route                       	{"aid": "1234567890", "iid": "3dfa3a4ea3049ea77ecf5bcfd59b2055", "mod": "server.echo", "method": "TRACE", "path": "/api/v1/analysis/*"}
[36mjuno-admin_1  |[0m 1665227813	[32mINFO[0m	xecho/server.go:75	add route                       	{"aid": "1234567890", "iid": "3dfa3a4ea3049ea77ecf5bcfd59b2055", "mod": "server.echo", "method": "GET", "path": "/api/v1/pprof/*"}
[36mjuno-admin_1  |[0m 1665227813	[32mINFO[0m	xecho/server.go:75	add route                       	{"aid": "1234567890", "iid": "3dfa3a4ea3049ea77ecf5bcfd59b2055", "mod": "server.echo", "method": "POST", "path": "/grafana"}
[36mjuno-admin_1  |[0m 1665227813	[32mINFO[0m	xecho/server.go:75	add route                       	{"aid": "1234567890", "iid": "3dfa3a4ea3049ea77ecf5bcfd59b2055", "mod": "server.echo", "method": "DELETE", "path": "/api/admin/system"}
[36mjuno-admin_1  |[0m 1665227813	[32mINFO[0m	xecho/server.go:75	add route                       	{"aid": "1234567890", "iid": "3dfa3a4ea3049ea77ecf5bcfd59b2055", "mod": "server.echo", "method": "PATCH", "path": "/api/admin/pprof"}
[36mjuno-admin_1  |[0m 1665227813	[32mINFO[0m	xecho/server.go:75	add route                       	{"aid": "1234567890", "iid": "3dfa3a4ea3049ea77ecf5bcfd59b2055", "mod": "server.echo", "method": "HEAD", "path": "/api/v1/analysis"}
[36mjuno-admin_1  |[0m 1665227813	[32mINFO[0m	xecho/server.go:75	add route                       	{"aid": "1234567890", "iid": "3dfa3a4ea3049ea77ecf5bcfd59b2055", "mod": "server.echo", "method": "HEAD", "path": "/api/admin/public"}
[36mjuno-admin_1  |[0m 1665227813	[32mINFO[0m	xecho/server.go:75	add route                       	{"aid": "1234567890", "iid": "3dfa3a4ea3049ea77ecf5bcfd59b2055", "mod": "server.echo", "method": "DELETE", "path": "/api/admin/event"}
[36mjuno-admin_1  |[0m 1665227813	[32mINFO[0m	xecho/server.go:75	add route                       	{"aid": "1234567890", "iid": "3dfa3a4ea3049ea77ecf5bcfd59b2055", "mod": "server.echo", "method": "CONNECT", "path": "/api/admin/etcd/*"}
[36mjuno-admin_1  |[0m 1665227813	[32mINFO[0m	xecho/server.go:75	add route                       	{"aid": "1234567890", "iid": "3dfa3a4ea3049ea77ecf5bcfd59b2055", "mod": "server.echo", "method": "GET", "path": "/api/v1/resource/app_node/info"}
[36mjuno-admin_1  |[0m 1665227813	[32mINFO[0m	xecho/server.go:75	add route                       	{"aid": "1234567890", "iid": "3dfa3a4ea3049ea77ecf5bcfd59b2055", "mod": "server.echo", "method": "TRACE", "path": "/api/admin/test/*"}
[36mjuno-admin_1  |[0m 1665227813	[32mINFO[0m	xecho/server.go:75	add route                       	{"aid": "1234567890", "iid": "3dfa3a4ea3049ea77ecf5bcfd59b2055", "mod": "server.echo", "method": "CONNECT", "path": "/api/v1/analysis"}
[36mjuno-admin_1  |[0m 1665227813	[32mINFO[0m	xecho/server.go:75	add route                       	{"aid": "1234567890", "iid": "3dfa3a4ea3049ea77ecf5bcfd59b2055", "mod": "server.echo", "method": "POST", "path": "/api/admin/confgo"}
[36mjuno-admin_1  |[0m 1665227813	[32mINFO[0m	xecho/server.go:75	add route                       	{"aid": "1234567890", "iid": "3dfa3a4ea3049ea77ecf5bcfd59b2055", "mod": "server.echo", "method": "REPORT", "path": "/api/admin/permission"}
[36mjuno-admin_1  |[0m 1665227813	[32mINFO[0m	xecho/server.go:75	add route                       	{"aid": "1234567890", "iid": "3dfa3a4ea3049ea77ecf5bcfd59b2055", "mod": "server.echo", "method": "DELETE", "path": "/api/admin/logger"}
[36mjuno-admin_1  |[0m 1665227813	[32mINFO[0m	xecho/server.go:75	add route                       	{"aid": "1234567890", "iid": "3dfa3a4ea3049ea77ecf5bcfd59b2055", "mod": "server.echo", "method": "PROPFIND", "path": "/api/v1/event"}
[36mjuno-admin_1  |[0m 1665227813	[32mINFO[0m	xecho/server.go:75	add route                       	{"aid": "1234567890", "iid": "3dfa3a4ea3049ea77ecf5bcfd59b2055", "mod": "server.echo", "method": "OPTIONS", "path": "/api/v1/*"}
[36mjuno-admin_1  |[0m 1665227813	[32mINFO[0m	xecho/server.go:75	add route                       	{"aid": "1234567890", "iid": "3dfa3a4ea3049ea77ecf5bcfd59b2055", "mod": "server.echo", "method": "POST", "path": "/api/v1/resource/zone/put"}
[36mjuno-admin_1  |[0m 1665227813	[32mINFO[0m	xecho/server.go:75	add route                       	{"aid": "1234567890", "iid": "3dfa3a4ea3049ea77ecf5bcfd59b2055", "mod": "server.echo", "method": "DELETE", "path": "/api/v1/system/*"}
[36mjuno-admin_1  |[0m 1665227813	[32mINFO[0m	xecho/server.go:75	add route                       	{"aid": "1234567890", "iid": "3dfa3a4ea3049ea77ecf5bcfd59b2055", "mod": "server.echo", "method": "CONNECT", "path": "/proxy/"}
[36mjuno-admin_1  |[0m 1665227813	[32mINFO[0m	xecho/server.go:75	add route                       	{"aid": "1234567890", "iid": "3dfa3a4ea3049ea77ecf5bcfd59b2055", "mod": "server.echo", "method": "REPORT", "path": "/api/admin/confgo"}
[36mjuno-admin_1  |[0m 1665227813	[32mINFO[0m	xecho/server.go:75	add route                       	{"aid": "1234567890", "iid": "3dfa3a4ea3049ea77ecf5bcfd59b2055", "mod": "server.echo", "method": "PUT", "path": "/api/admin/analysis/*"}
[36mjuno-admin_1  |[0m 1665227813	[32mINFO[0m	xecho/server.go:75	add route                       	{"aid": "1234567890", "iid": "3dfa3a4ea3049ea77ecf5bcfd59b2055", "mod": "server.echo", "method": "OPTIONS", "path": "/api/admin/event"}
[36mjuno-admin_1  |[0m 1665227813	[32mINFO[0m	xecho/server.go:75	add route                       	{"aid": "1234567890", "iid": "3dfa3a4ea3049ea77ecf5bcfd59b2055", "mod": "server.echo", "method": "GET", "path": "/api/admin/*"}
[36mjuno-admin_1  |[0m 1665227813	[32mINFO[0m	xecho/server.go:75	add route                       	{"aid": "1234567890", "iid": "3dfa3a4ea3049ea77ecf5bcfd59b2055", "mod": "server.echo", "method": "GET", "path": "/api/admin/cronjob/task/detail"}
[36mjuno-admin_1  |[0m 1665227813	[32mINFO[0m	xecho/server.go:75	add route                       	{"aid": "1234567890", "iid": "3dfa3a4ea3049ea77ecf5bcfd59b2055", "mod": "server.echo", "method": "POST", "path": "/api/v1/pprof"}
[36mjuno-admin_1  |[0m 1665227813	[32mINFO[0m	xecho/server.go:75	add route                       	{"aid": "1234567890", "iid": "3dfa3a4ea3049ea77ecf5bcfd59b2055", "mod": "server.echo", "method": "TRACE", "path": "/api/admin/public/*"}
[36mjuno-admin_1  |[0m 1665227813	[32mINFO[0m	xecho/server.go:75	add route                       	{"aid": "1234567890", "iid": "3dfa3a4ea3049ea77ecf5bcfd59b2055", "mod": "server.echo", "method": "GET", "path": "/api/admin/test/platform/pipeline/tasks"}
[36mjuno-admin_1  |[0m 1665227813	[32mINFO[0m	xecho/server.go:75	add route                       	{"aid": "1234567890", "iid": "3dfa3a4ea3049ea77ecf5bcfd59b2055", "mod": "server.echo", "method": "DELETE", "path": "/api/admin/openAuth/*"}
[36mjuno-admin_1  |[0m 1665227813	[32mINFO[0m	xecho/server.go:75	add route                       	{"aid": "1234567890", "iid": "3dfa3a4ea3049ea77ecf5bcfd59b2055", "mod": "server.echo", "method": "PUT", "path": "/api/v1/analysis/*"}
[36mjuno-admin_1  |[0m 1665227813	[32mINFO[0m	xecho/server.go:75	add route                       	{"aid": "1234567890", "iid": "3dfa3a4ea3049ea77ecf5bcfd59b2055", "mod": "server.echo", "method": "DELETE", "path": "/api/admin/pprof/*"}
[36mjuno-admin_1  |[0m 1665227813	[32mINFO[0m	xecho/server.go:75	add route                       	{"aid": "1234567890", "iid": "3dfa3a4ea3049ea77ecf5bcfd59b2055", "mod": "server.echo", "method": "POST", "path": "/api/admin/pprof/*"}
[36mjuno-admin_1  |[0m 1665227813	[32mINFO[0m	xecho/server.go:75	add route                       	{"aid": "1234567890", "iid": "3dfa3a4ea3049ea77ecf5bcfd59b2055", "mod": "server.echo", "method": "PATCH", "path": "/api/admin/analysis"}
[36mjuno-admin_1  |[0m 1665227813	[32mINFO[0m	xecho/server.go:75	add route                       	{"aid": "1234567890", "iid": "3dfa3a4ea3049ea77ecf5bcfd59b2055", "mod": "server.echo", "method": "DELETE", "path": "/api/admin/analysis/*"}
[36mjuno-admin_1  |[0m 1665227813	[32mINFO[0m	xecho/server.go:75	add route                       	{"aid": "1234567890", "iid": "3dfa3a4ea3049ea77ecf5bcfd59b2055", "mod": "server.echo", "method": "TRACE", "path": "/api/v1/resource/*"}
[36mjuno-admin_1  |[0m 1665227813	[32mINFO[0m	xecho/server.go:75	add route                       	{"aid": "1234567890", "iid": "3dfa3a4ea3049ea77ecf5bcfd59b2055", "mod": "server.echo", "method": "PATCH", "path": "/api/v1/analysis/*"}
[36mjuno-admin_1  |[0m 1665227813	[32mINFO[0m	xecho/server.go:75	add route                       	{"aid": "1234567890", "iid": "3dfa3a4ea3049ea77ecf5bcfd59b2055", "mod": "server.echo", "method": "REPORT", "path": "/api/admin/confgov2/resource/*"}
[36mjuno-admin_1  |[0m 1665227813	[32mINFO[0m	xecho/server.go:75	add route                       	{"aid": "1234567890", "iid": "3dfa3a4ea3049ea77ecf5bcfd59b2055", "mod": "server.echo", "method": "POST", "path": "/api/admin/proxyintegrat/proxyManageDelete"}
[36mjuno-admin_1  |[0m 1665227813	[32mINFO[0m	xecho/server.go:75	add route                       	{"aid": "1234567890", "iid": "3dfa3a4ea3049ea77ecf5bcfd59b2055", "mod": "server.echo", "method": "GET", "path": "/api/admin/grpc"}
[36mjuno-admin_1  |[0m 1665227813	[32mINFO[0m	xecho/server.go:75	add route                       	{"aid": "1234567890", "iid": "3dfa3a4ea3049ea77ecf5bcfd59b2055", "mod": "server.echo", "method": "POST", "path": "/api/admin/test/grpc/useCases/update"}
[36mjuno-admin_1  |[0m 1665227813	[32mINFO[0m	xecho/server.go:75	add route                       	{"aid": "1234567890", "iid": "3dfa3a4ea3049ea77ecf5bcfd59b2055", "mod": "server.echo", "method": "HEAD", "path": "/api/v1"}
[36mjuno-admin_1  |[0m 1665227813	[32mINFO[0m	xecho/server.go:75	add route                       	{"aid": "1234567890", "iid": "3dfa3a4ea3049ea77ecf5bcfd59b2055", "mod": "server.echo", "method": "POST", "path": "/api/v1/resource/*"}
[36mjuno-admin_1  |[0m 1665227813	[32mINFO[0m	xecho/server.go:75	add route                       	{"aid": "1234567890", "iid": "3dfa3a4ea3049ea77ecf5bcfd59b2055", "mod": "server.echo", "method": "PUT", "path": "/api/v1/system/*"}
[36mjuno-admin_1  |[0m 1665227813	[32mINFO[0m	xecho/server.go:75	add route                       	{"aid": "1234567890", "iid": "3dfa3a4ea3049ea77ecf5bcfd59b2055", "mod": "server.echo", "method": "GET", "path": "/api/admin/confgov2/resource/getByName"}
[36mjuno-admin_1  |[0m 1665227813	[32mINFO[0m	xecho/server.go:75	add route                       	{"aid": "1234567890", "iid": "3dfa3a4ea3049ea77ecf5bcfd59b2055", "mod": "server.echo", "method": "POST", "path": "/api/admin/resource/zone/update"}
[36mjuno-admin_1  |[0m 1665227813	[32mINFO[0m	xecho/server.go:75	add route                       	{"aid": "1234567890", "iid": "3dfa3a4ea3049ea77ecf5bcfd59b2055", "mod": "server.echo", "method": "POST", "path": "/api/admin/test/http/collections/create"}
[36mjuno-admin_1  |[0m 1665227813	[32mINFO[0m	xecho/server.go:75	add route                       	{"aid": "1234567890", "iid": "3dfa3a4ea3049ea77ecf5bcfd59b2055", "mod": "server.echo", "method": "OPTIONS", "path": "/api/admin/openAuth"}
[36mjuno-admin_1  |[0m 1665227813	[32mINFO[0m	xecho/server.go:75	add route                       	{"aid": "1234567890", "iid": "3dfa3a4ea3049ea77ecf5bcfd59b2055", "mod": "server.echo", "method": "GET", "path": "/api/admin/resource"}
[36mjuno-admin_1  |[0m 1665227813	[32mINFO[0m	xecho/server.go:75	add route                       	{"aid": "1234567890", "iid": "3dfa3a4ea3049ea77ecf5bcfd59b2055", "mod": "server.echo", "method": "OPTIONS", "path": "/api/admin/system/*"}
[36mjuno-admin_1  |[0m 1665227813	[32mINFO[0m	xecho/server.go:75	add route                       	{"aid": "1234567890", "iid": "3dfa3a4ea3049ea77ecf5bcfd59b2055", "mod": "server.echo", "method": "PATCH", "path": "/api/v1/system/*"}
[36mjuno-admin_1  |[0m 1665227813	[32mINFO[0m	xecho/server.go:75	add route                       	{"aid": "1234567890", "iid": "3dfa3a4ea3049ea77ecf5bcfd59b2055", "mod": "server.echo", "method": "CONNECT", "path": "/api/v1/analysis/*"}
[36mjuno-admin_1  |[0m 1665227813	[32mINFO[0m	xecho/server.go:75	add route                       	{"aid": "1234567890", "iid": "3dfa3a4ea3049ea77ecf5bcfd59b2055", "mod": "server.echo", "method": "GET", "path": "/api/v1/pprof/dep/check"}
[36mjuno-admin_1  |[0m 1665227813	[32mINFO[0m	xecho/server.go:75	add route                       	{"aid": "1234567890", "iid": "3dfa3a4ea3049ea77ecf5bcfd59b2055", "mod": "server.echo", "method": "TRACE", "path": "/api/admin/confgov2"}
[36mjuno-admin_1  |[0m 1665227813	[32mINFO[0m	xecho/server.go:75	add route                       	{"aid": "1234567890", "iid": "3dfa3a4ea3049ea77ecf5bcfd59b2055", "mod": "server.echo", "method": "PATCH", "path": "/api/admin/test/grpc/*"}
[36mjuno-admin_1  |[0m 1665227813	[32mINFO[0m	xecho/server.go:75	add route                       	{"aid": "1234567890", "iid": "3dfa3a4ea3049ea77ecf5bcfd59b2055", "mod": "server.echo", "method": "GET", "path": "/api/admin/pprof/dep/check"}
[36mjuno-admin_1  |[0m 1665227813	[32mINFO[0m	xecho/server.go:75	add route                       	{"aid": "1234567890", "iid": "3dfa3a4ea3049ea77ecf5bcfd59b2055", "mod": "server.echo", "method": "POST", "path": "/api/v1/analysis"}
[36mjuno-admin_1  |[0m 1665227813	[32mINFO[0m	xecho/server.go:75	add route                       	{"aid": "1234567890", "iid": "3dfa3a4ea3049ea77ecf5bcfd59b2055", "mod": "server.echo", "method": "OPTIONS", "path": "/api/admin/test/grpc/*"}
[36mjuno-admin_1  |[0m 1665227813	[32mINFO[0m	xecho/server.go:75	add route                       	{"aid": "1234567890", "iid": "3dfa3a4ea3049ea77ecf5bcfd59b2055", "mod": "server.echo", "method": "REPORT", "path": "/api/admin/grpc/*"}
[36mjuno-admin_1  |[0m 1665227813	[32mINFO[0m	xecho/server.go:75	add route                       	{"aid": "1234567890", "iid": "3dfa3a4ea3049ea77ecf5bcfd59b2055", "mod": "server.echo", "method": "PROPFIND", "path": "/api/v1/pprof/*"}
[36mjuno-admin_1  |[0m 1665227813	[32mINFO[0m	xecho/server.go:75	add route                       	{"aid": "1234567890", "iid": "3dfa3a4ea3049ea77ecf5bcfd59b2055", "mod": "server.echo", "method": "PATCH", "path": "/api/admin/proxyintegrat"}
[36mjuno-admin_1  |[0m 1665227813	[32mINFO[0m	xecho/server.go:75	add route                       	{"aid": "1234567890", "iid": "3dfa3a4ea3049ea77ecf5bcfd59b2055", "mod": "server.echo", "method": "PATCH", "path": "/api/admin/permission/*"}
[36mjuno-admin_1  |[0m 1665227813	[32mINFO[0m	xecho/server.go:75	add route                       	{"aid": "1234567890", "iid": "3dfa3a4ea3049ea77ecf5bcfd59b2055", "mod": "server.echo", "method": "OPTIONS", "path": "/grafana"}
[36mjuno-admin_1  |[0m 1665227813	[32mINFO[0m	xecho/server.go:75	add route                       	{"aid": "1234567890", "iid": "3dfa3a4ea3049ea77ecf5bcfd59b2055", "mod": "server.echo", "method": "POST", "path": "/api/admin/public"}
[36mjuno-admin_1  |[0m 1665227813	[32mINFO[0m	xecho/server.go:75	add route                       	{"aid": "1234567890", "iid": "3dfa3a4ea3049ea77ecf5bcfd59b2055", "mod": "server.echo", "method": "DELETE", "path": "/api/admin/test/platform/*"}
[36mjuno-admin_1  |[0m 1665227813	[32mINFO[0m	xecho/server.go:75	add route                       	{"aid": "1234567890", "iid": "3dfa3a4ea3049ea77ecf5bcfd59b2055", "mod": "server.echo", "method": "POST", "path": "/api/admin/cronjob"}
[36mjuno-admin_1  |[0m 1665227813	[32mINFO[0m	xecho/server.go:75	add route                       	{"aid": "1234567890", "iid": "3dfa3a4ea3049ea77ecf5bcfd59b2055", "mod": "server.echo", "method": "REPORT", "path": "/api/admin/*"}
[36mjuno-admin_1  |[0m 1665227813	[32mINFO[0m	xecho/server.go:75	add route                       	{"aid": "1234567890", "iid": "3dfa3a4ea3049ea77ecf5bcfd59b2055", "mod": "server.echo", "method": "REPORT", "path": "/api/admin/public"}
[36mjuno-admin_1  |[0m 1665227813	[32mINFO[0m	xecho/server.go:75	add route                       	{"aid": "1234567890", "iid": "3dfa3a4ea3049ea77ecf5bcfd59b2055", "mod": "server.echo", "method": "PUT", "path": "/api/admin/confgov2/*"}
[36mjuno-admin_1  |[0m 1665227813	[32mINFO[0m	xecho/server.go:75	add route                       	{"aid": "1234567890", "iid": "3dfa3a4ea3049ea77ecf5bcfd59b2055", "mod": "server.echo", "method": "GET", "path": "/api/v1/system/option/list"}
[36mjuno-admin_1  |[0m 1665227813	[32mINFO[0m	xecho/server.go:75	add route                       	{"aid": "1234567890", "iid": "3dfa3a4ea3049ea77ecf5bcfd59b2055", "mod": "server.echo", "method": "POST", "path": "/api/v1/resource/node/heartbeat"}
[36mjuno-admin_1  |[0m 1665227813	[32mINFO[0m	xecho/server.go:75	add route                       	{"aid": "1234567890", "iid": "3dfa3a4ea3049ea77ecf5bcfd59b2055", "mod": "server.echo", "method": "OPTIONS", "path": "/api/v1/event/*"}
[36mjuno-admin_1  |[0m 1665227813	[32mINFO[0m	xecho/server.go:75	add route                       	{"aid": "1234567890", "iid": "3dfa3a4ea3049ea77ecf5bcfd59b2055", "mod": "server.echo", "method": "GET", "path": "/api/admin/user/login/:oauth"}
[36mjuno-admin_1  |[0m 1665227813	[32mINFO[0m	xecho/server.go:75	add route                       	{"aid": "1234567890", "iid": "3dfa3a4ea3049ea77ecf5bcfd59b2055", "mod": "server.echo", "method": "CONNECT", "path": "/api/admin/confgov2/*"}
[36mjuno-admin_1  |[0m 1665227813	[32mINFO[0m	xecho/server.go:75	add route                       	{"aid": "1234567890", "iid": "3dfa3a4ea3049ea77ecf5bcfd59b2055", "mod": "server.echo", "method": "GET", "path": "/api/admin/resource/app/info"}
[36mjuno-admin_1  |[0m 1665227813	[32mINFO[0m	xecho/server.go:75	add route                       	{"aid": "1234567890", "iid": "3dfa3a4ea3049ea77ecf5bcfd59b2055", "mod": "server.echo", "method": "GET", "path": "/api/admin/permission/user/group/list"}
[36mjuno-admin_1  |[0m 1665227813	[32mINFO[0m	xecho/server.go:75	add route                       	{"aid": "1234567890", "iid": "3dfa3a4ea3049ea77ecf5bcfd59b2055", "mod": "server.echo", "method": "HEAD", "path": "/api/admin/cronjob"}
[36mjuno-admin_1  |[0m 1665227813	[32mINFO[0m	xecho/server.go:75	add route                       	{"aid": "1234567890", "iid": "3dfa3a4ea3049ea77ecf5bcfd59b2055", "mod": "server.echo", "method": "REPORT", "path": "/grafana/*"}
[36mjuno-admin_1  |[0m 1665227813	[32mINFO[0m	xecho/server.go:75	add route                       	{"aid": "1234567890", "iid": "3dfa3a4ea3049ea77ecf5bcfd59b2055", "mod": "server.echo", "method": "PATCH", "path": "/grafana/"}
[36mjuno-admin_1  |[0m 1665227813	[32mINFO[0m	xecho/server.go:75	add route                       	{"aid": "1234567890", "iid": "3dfa3a4ea3049ea77ecf5bcfd59b2055", "mod": "server.echo", "method": "DELETE", "path": "/api/admin/user/*"}
[36mjuno-admin_1  |[0m 1665227813	[32mINFO[0m	xecho/server.go:75	add route                       	{"aid": "1234567890", "iid": "3dfa3a4ea3049ea77ecf5bcfd59b2055", "mod": "server.echo", "method": "POST", "path": "/api/admin/test/platform/*"}
[36mjuno-admin_1  |[0m 1665227813	[32mINFO[0m	xecho/server.go:75	add route                       	{"aid": "1234567890", "iid": "3dfa3a4ea3049ea77ecf5bcfd59b2055", "mod": "server.echo", "method": "TRACE", "path": "/proxy/*"}
[36mjuno-admin_1  |[0m 1665227813	[32mINFO[0m	xecho/server.go:75	add route                       	{"aid": "1234567890", "iid": "3dfa3a4ea3049ea77ecf5bcfd59b2055", "mod": "server.echo", "method": "HEAD", "path": "/api/admin/analysis"}
[36mjuno-admin_1  |[0m 1665227813	[32mINFO[0m	xecho/server.go:75	add route                       	{"aid": "1234567890", "iid": "3dfa3a4ea3049ea77ecf5bcfd59b2055", "mod": "server.echo", "method": "CONNECT", "path": "/api/v1/*"}
[36mjuno-admin_1  |[0m 1665227813	[32mINFO[0m	xecho/server.go:75	add route                       	{"aid": "1234567890", "iid": "3dfa3a4ea3049ea77ecf5bcfd59b2055", "mod": "server.echo", "method": "DELETE", "path": "/api/admin/system/*"}
[36mjuno-admin_1  |[0m 1665227813	[32mINFO[0m	xecho/server.go:75	add route                       	{"aid": "1234567890", "iid": "3dfa3a4ea3049ea77ecf5bcfd59b2055", "mod": "server.echo", "method": "DELETE", "path": "/grafana"}
[36mjuno-admin_1  |[0m 1665227813	[32mINFO[0m	xecho/server.go:75	add route                       	{"aid": "1234567890", "iid": "3dfa3a4ea3049ea77ecf5bcfd59b2055", "mod": "server.echo", "method": "HEAD", "path": "/grafana/*"}
[36mjuno-admin_1  |[0m 1665227813	[32mINFO[0m	xecho/server.go:75	add route                       	{"aid": "1234567890", "iid": "3dfa3a4ea3049ea77ecf5bcfd59b2055", "mod": "server.echo", "method": "PROPFIND", "path": "/api/admin/public/*"}
[36mjuno-admin_1  |[0m 1665227813	[32mINFO[0m	xecho/server.go:75	add route                       	{"aid": "1234567890", "iid": "3dfa3a4ea3049ea77ecf5bcfd59b2055", "mod": "server.echo", "method": "DELETE", "path": "/api/admin/test/http/*"}
[36mjuno-admin_1  |[0m 1665227813	[32mINFO[0m	xecho/server.go:75	add route                       	{"aid": "1234567890", "iid": "3dfa3a4ea3049ea77ecf5bcfd59b2055", "mod": "server.echo", "method": "PROPFIND", "path": "/grafana"}
[36mjuno-admin_1  |[0m 1665227813	[32mINFO[0m	xecho/server.go:75	add route                       	{"aid": "1234567890", "iid": "3dfa3a4ea3049ea77ecf5bcfd59b2055", "mod": "server.echo", "method": "PATCH", "path": "/api/admin/confgov2/resource/*"}
[36mjuno-admin_1  |[0m 1665227813	[32mINFO[0m	xecho/server.go:75	add route                       	{"aid": "1234567890", "iid": "3dfa3a4ea3049ea77ecf5bcfd59b2055", "mod": "server.echo", "method": "GET", "path": "/api/admin/logger"}
[36mjuno-admin_1  |[0m 1665227813	[32mINFO[0m	xecho/server.go:75	add route                       	{"aid": "1234567890", "iid": "3dfa3a4ea3049ea77ecf5bcfd59b2055", "mod": "server.echo", "method": "GET", "path": "/"}
[36mjuno-admin_1  |[0m 1665227813	[32mINFO[0m	xecho/server.go:75	add route                       	{"aid": "1234567890", "iid": "3dfa3a4ea3049ea77ecf5bcfd59b2055", "mod": "server.echo", "method": "PUT", "path": "/api/admin/user/*"}
[36mjuno-admin_1  |[0m 1665227813	[32mINFO[0m	xecho/server.go:75	add route                       	{"aid": "1234567890", "iid": "3dfa3a4ea3049ea77ecf5bcfd59b2055", "mod": "server.echo", "method": "PROPFIND", "path": "/api/admin/event"}
[36mjuno-admin_1  |[0m 1665227813	[32mINFO[0m	xecho/server.go:75	add route                       	{"aid": "1234567890", "iid": "3dfa3a4ea3049ea77ecf5bcfd59b2055", "mod": "server.echo", "method": "CONNECT", "path": "/api/admin/grpc/*"}
[36mjuno-admin_1  |[0m 1665227813	[32mINFO[0m	xecho/server.go:75	add route                       	{"aid": "1234567890", "iid": "3dfa3a4ea3049ea77ecf5bcfd59b2055", "mod": "server.echo", "method": "GET", "path": "/grafana/"}
[36mjuno-admin_1  |[0m 1665227813	[32mINFO[0m	xecho/server.go:75	add route                       	{"aid": "1234567890", "iid": "3dfa3a4ea3049ea77ecf5bcfd59b2055", "mod": "server.echo", "method": "TRACE", "path": "/api/admin/test/platform"}
[36mjuno-admin_1  |[0m 1665227813	[32mINFO[0m	xecho/server.go:75	add route                       	{"aid": "1234567890", "iid": "3dfa3a4ea3049ea77ecf5bcfd59b2055", "mod": "server.echo", "method": "CONNECT", "path": "/api/v1/confgo"}
[36mjuno-admin_1  |[0m 1665227813	[32mINFO[0m	xecho/server.go:75	add route                       	{"aid": "1234567890", "iid": "3dfa3a4ea3049ea77ecf5bcfd59b2055", "mod": "server.echo", "method": "HEAD", "path": "/api/v1/system"}
[36mjuno-admin_1  |[0m 1665227813	[32mINFO[0m	xecho/server.go:75	add route                       	{"aid": "1234567890", "iid": "3dfa3a4ea3049ea77ecf5bcfd59b2055", "mod": "server.echo", "method": "PATCH", "path": "/api/admin/grpc"}
[36mjuno-admin_1  |[0m 1665227813	[32mINFO[0m	xecho/server.go:75	add route                       	{"aid": "1234567890", "iid": "3dfa3a4ea3049ea77ecf5bcfd59b2055", "mod": "server.echo", "method": "DELETE", "path": "/api/admin/openAuth"}
[36mjuno-admin_1  |[0m 1665227813	[32mINFO[0m	xecho/server.go:75	add route                       	{"aid": "1234567890", "iid": "3dfa3a4ea3049ea77ecf5bcfd59b2055", "mod": "server.echo", "method": "PATCH", "path": "/proxy/*"}
[36mjuno-admin_1  |[0m 1665227813	[32mINFO[0m	xecho/server.go:75	add route                       	{"aid": "1234567890", "iid": "3dfa3a4ea3049ea77ecf5bcfd59b2055", "mod": "server.echo", "method": "GET", "path": "/api/admin/resource/app/listWithEnv"}
[36mjuno-admin_1  |[0m 1665227813	[32mINFO[0m	xecho/server.go:75	add route                       	{"aid": "1234567890", "iid": "3dfa3a4ea3049ea77ecf5bcfd59b2055", "mod": "server.echo", "method": "DELETE", "path": "/api/admin/permission/*"}
[36mjuno-admin_1  |[0m 1665227813	[32mINFO[0m	xecho/server.go:75	add route                       	{"aid": "1234567890", "iid": "3dfa3a4ea3049ea77ecf5bcfd59b2055", "mod": "server.echo", "method": "CONNECT", "path": "/api/admin/pprof"}
[36mjuno-admin_1  |[0m 1665227813	[32mINFO[0m	xecho/server.go:75	add route                       	{"aid": "1234567890", "iid": "3dfa3a4ea3049ea77ecf5bcfd59b2055", "mod": "server.echo", "method": "HEAD", "path": "/api/admin/resource/*"}
[36mjuno-admin_1  |[0m 1665227813	[32mINFO[0m	xecho/server.go:75	add route                       	{"aid": "1234567890", "iid": "3dfa3a4ea3049ea77ecf5bcfd59b2055", "mod": "server.echo", "method": "OPTIONS", "path": "/api/admin/cronjob"}
[36mjuno-admin_1  |[0m 1665227813	[32mINFO[0m	xecho/server.go:75	add route                       	{"aid": "1234567890", "iid": "3dfa3a4ea3049ea77ecf5bcfd59b2055", "mod": "server.echo", "method": "PATCH", "path": "/api/v1/pprof"}
[36mjuno-admin_1  |[0m 1665227813	[32mINFO[0m	xecho/server.go:75	add route                       	{"aid": "1234567890", "iid": "3dfa3a4ea3049ea77ecf5bcfd59b2055", "mod": "server.echo", "method": "OPTIONS", "path": "/api/admin/user"}
[36mjuno-admin_1  |[0m 1665227813	[32mINFO[0m	xecho/server.go:75	add route                       	{"aid": "1234567890", "iid": "3dfa3a4ea3049ea77ecf5bcfd59b2055", "mod": "server.echo", "method": "GET", "path": "/api/admin/test/platform/worker/zones"}
[36mjuno-admin_1  |[0m 1665227813	[32mINFO[0m	xecho/server.go:75	add route                       	{"aid": "1234567890", "iid": "3dfa3a4ea3049ea77ecf5bcfd59b2055", "mod": "server.echo", "method": "HEAD", "path": "/api/admin/event"}
[36mjuno-admin_1  |[0m 1665227813	[32mINFO[0m	xecho/server.go:75	add route                       	{"aid": "1234567890", "iid": "3dfa3a4ea3049ea77ecf5bcfd59b2055", "mod": "server.echo", "method": "PROPFIND", "path": "/api/v1"}
[36mjuno-admin_1  |[0m 1665227813	[32mINFO[0m	xecho/server.go:75	add route                       	{"aid": "1234567890", "iid": "3dfa3a4ea3049ea77ecf5bcfd59b2055", "mod": "server.echo", "method": "CONNECT", "path": "/api/admin/public"}
[36mjuno-admin_1  |[0m 1665227813	[32mINFO[0m	xecho/server.go:75	add route                       	{"aid": "1234567890", "iid": "3dfa3a4ea3049ea77ecf5bcfd59b2055", "mod": "server.echo", "method": "OPTIONS", "path": "/api/admin/confgov2/resource"}
[36mjuno-admin_1  |[0m 1665227813	[32mINFO[0m	xecho/server.go:75	add route                       	{"aid": "1234567890", "iid": "3dfa3a4ea3049ea77ecf5bcfd59b2055", "mod": "server.echo", "method": "POST", "path": "/api/admin/permission/user/group/setMenuPermission"}
[36mjuno-admin_1  |[0m 1665227813	[32mINFO[0m	xecho/server.go:75	add route                       	{"aid": "1234567890", "iid": "3dfa3a4ea3049ea77ecf5bcfd59b2055", "mod": "server.echo", "method": "GET", "path": "/api/v1/confgo"}
[36mjuno-admin_1  |[0m 1665227813	[32mINFO[0m	xecho/server.go:75	add route                       	{"aid": "1234567890", "iid": "3dfa3a4ea3049ea77ecf5bcfd59b2055", "mod": "server.echo", "method": "CONNECT", "path": "/api/admin"}
[36mjuno-admin_1  |[0m 1665227813	[32mINFO[0m	xecho/server.go:75	add route                       	{"aid": "1234567890", "iid": "3dfa3a4ea3049ea77ecf5bcfd59b2055", "mod": "server.echo", "method": "GET", "path": "/api/admin/event"}
[36mjuno-admin_1  |[0m 1665227813	[32mINFO[0m	xecho/server.go:75	add route                       	{"aid": "1234567890", "iid": "3dfa3a4ea3049ea77ecf5bcfd59b2055", "mod": "server.echo", "method": "GET", "path": "/api/admin/public/user/appConfig"}
[36mjuno-admin_1  |[0m 1665227813	[32mINFO[0m	xecho/server.go:75	add route                       	{"aid": "1234567890", "iid": "3dfa3a4ea3049ea77ecf5bcfd59b2055", "mod": "server.echo", "method": "PUT", "path": "/api/admin/pprof/*"}
[36mjuno-admin_1  |[0m 1665227813	[32mINFO[0m	xecho/server.go:75	add route                       	{"aid": "1234567890", "iid": "3dfa3a4ea3049ea77ecf5bcfd59b2055", "mod": "server.echo", "method": "HEAD", "path": "/api/v1/event"}
[36mjuno-admin_1  |[0m 1665227813	[32mINFO[0m	xecho/server.go:75	add route                       	{"aid": "1234567890", "iid": "3dfa3a4ea3049ea77ecf5bcfd59b2055", "mod": "server.echo", "method": "POST", "path": "/api/admin/cronjob/update"}
[36mjuno-admin_1  |[0m 1665227813	[32mINFO[0m	xecho/server.go:75	add route                       	{"aid": "1234567890", "iid": "3dfa3a4ea3049ea77ecf5bcfd59b2055", "mod": "server.echo", "method": "POST", "path": "/api/admin/resource/zone/create"}
[36mjuno-admin_1  |[0m 1665227813	[32mINFO[0m	xecho/server.go:75	add route                       	{"aid": "1234567890", "iid": "3dfa3a4ea3049ea77ecf5bcfd59b2055", "mod": "server.echo", "method": "GET", "path": "/api/admin/resource/node/list"}
[36mjuno-admin_1  |[0m 1665227813	[32mINFO[0m	xecho/server.go:75	add route                       	{"aid": "1234567890", "iid": "3dfa3a4ea3049ea77ecf5bcfd59b2055", "mod": "server.echo", "method": "GET", "path": "/api/admin/test/grpc/request/history/detail"}
[36mjuno-admin_1  |[0m 1665227813	[32mINFO[0m	xecho/server.go:75	add route                       	{"aid": "1234567890", "iid": "3dfa3a4ea3049ea77ecf5bcfd59b2055", "mod": "server.echo", "method": "GET", "path": "/api/admin/test/http/request/history/detail"}
[36mjuno-admin_1  |[0m 1665227813	[32mINFO[0m	xecho/server.go:75	add route                       	{"aid": "1234567890", "iid": "3dfa3a4ea3049ea77ecf5bcfd59b2055", "mod": "server.echo", "method": "OPTIONS", "path": "/api/admin/etcd"}
[36mjuno-admin_1  |[0m 1665227813	[32mINFO[0m	xecho/server.go:75	add route                       	{"aid": "1234567890", "iid": "3dfa3a4ea3049ea77ecf5bcfd59b2055", "mod": "server.echo", "method": "POST", "path": "/api/admin/confgo/tpl/update"}
[36mjuno-admin_1  |[0m 1665227813	[32mINFO[0m	xecho/server.go:75	add route                       	{"aid": "1234567890", "iid": "3dfa3a4ea3049ea77ecf5bcfd59b2055", "mod": "server.echo", "method": "POST", "path": "/api/admin/test/grpc"}
[36mjuno-admin_1  |[0m 1665227813	[32mINFO[0m	xecho/server.go:75	add route                       	{"aid": "1234567890", "iid": "3dfa3a4ea3049ea77ecf5bcfd59b2055", "mod": "server.echo", "method": "TRACE", "path": "/api/admin/cronjob/task/*"}
[36mjuno-admin_1  |[0m 1665227813	[32mINFO[0m	xecho/server.go:75	add route                       	{"aid": "1234567890", "iid": "3dfa3a4ea3049ea77ecf5bcfd59b2055", "mod": "server.echo", "method": "POST", "path": "/api/admin/proxyintegrat/*"}
[36mjuno-admin_1  |[0m 1665227813	[32mINFO[0m	xecho/server.go:75	add route                       	{"aid": "1234567890", "iid": "3dfa3a4ea3049ea77ecf5bcfd59b2055", "mod": "server.echo", "method": "PATCH", "path": "/proxy"}
[36mjuno-admin_1  |[0m 1665227813	[32mINFO[0m	xecho/server.go:75	add route                       	{"aid": "1234567890", "iid": "3dfa3a4ea3049ea77ecf5bcfd59b2055", "mod": "server.echo", "method": "TRACE", "path": "/proxy"}
[36mjuno-admin_1  |[0m 1665227813	[32mINFO[0m	xecho/server.go:75	add route                       	{"aid": "1234567890", "iid": "3dfa3a4ea3049ea77ecf5bcfd59b2055", "mod": "server.echo", "method": "TRACE", "path": "/api/v1"}
[36mjuno-admin_1  |[0m 1665227813	[32mINFO[0m	xecho/server.go:75	add route                       	{"aid": "1234567890", "iid": "3dfa3a4ea3049ea77ecf5bcfd59b2055", "mod": "server.echo", "method": "HEAD", "path": "/api/admin/user/*"}
[36mjuno-admin_1  |[0m 1665227813	[32mINFO[0m	xecho/server.go:75	add route                       	{"aid": "1234567890", "iid": "3dfa3a4ea3049ea77ecf5bcfd59b2055", "mod": "server.echo", "method": "DELETE", "path": "/api/admin/resource"}
[36mjuno-admin_1  |[0m 1665227813	[32mINFO[0m	xecho/server.go:75	add route                       	{"aid": "1234567890", "iid": "3dfa3a4ea3049ea77ecf5bcfd59b2055", "mod": "server.echo", "method": "REPORT", "path": "/api/admin/event"}
[36mjuno-admin_1  |[0m 1665227813	[32mINFO[0m	xecho/server.go:75	add route                       	{"aid": "1234567890", "iid": "3dfa3a4ea3049ea77ecf5bcfd59b2055", "mod": "server.echo", "method": "POST", "path": "/api/v1/event"}
[36mjuno-admin_1  |[0m 1665227813	[32mINFO[0m	xecho/server.go:75	add route                       	{"aid": "1234567890", "iid": "3dfa3a4ea3049ea77ecf5bcfd59b2055", "mod": "server.echo", "method": "REPORT", "path": "/api/admin"}
[36mjuno-admin_1  |[0m 1665227813	[32mINFO[0m	xecho/server.go:75	add route                       	{"aid": "1234567890", "iid": "3dfa3a4ea3049ea77ecf5bcfd59b2055", "mod": "server.echo", "method": "POST", "path": "/api/admin/proxyintegrat/proxyManageCreateOrUpdate"}
[36mjuno-admin_1  |[0m 1665227813	[32mINFO[0m	xecho/server.go:75	add route                       	{"aid": "1234567890", "iid": "3dfa3a4ea3049ea77ecf5bcfd59b2055", "mod": "server.echo", "method": "PUT", "path": "/api/v1/etcd"}
[36mjuno-admin_1  |[0m 1665227813	[32mINFO[0m	xecho/server.go:75	add route                       	{"aid": "1234567890", "iid": "3dfa3a4ea3049ea77ecf5bcfd59b2055", "mod": "server.echo", "method": "GET", "path": "/api/admin/proxyintegrat/uilist"}
[36mjuno-admin_1  |[0m 1665227813	[32mINFO[0m	xecho/server.go:75	add route                       	{"aid": "1234567890", "iid": "3dfa3a4ea3049ea77ecf5bcfd59b2055", "mod": "server.echo", "method": "POST", "path": "/api/admin/permission/user/changeGroup"}
[36mjuno-admin_1  |[0m 1665227813	[32mINFO[0m	xecho/server.go:75	add route                       	{"aid": "1234567890", "iid": "3dfa3a4ea3049ea77ecf5bcfd59b2055", "mod": "server.echo", "method": "PUT", "path": "/api/admin/pprof"}
[36mjuno-admin_1  |[0m 1665227813	[32mINFO[0m	xecho/server.go:75	add route                       	{"aid": "1234567890", "iid": "3dfa3a4ea3049ea77ecf5bcfd59b2055", "mod": "server.echo", "method": "DELETE", "path": "/api/admin/confgov2"}
[36mjuno-admin_1  |[0m 1665227813	[32mINFO[0m	xecho/server.go:75	add route                       	{"aid": "1234567890", "iid": "3dfa3a4ea3049ea77ecf5bcfd59b2055", "mod": "server.echo", "method": "PROPFIND", "path": "/api/admin/openAuth"}
[36mjuno-admin_1  |[0m 1665227813	[32mINFO[0m	xecho/server.go:75	add route                       	{"aid": "1234567890", "iid": "3dfa3a4ea3049ea77ecf5bcfd59b2055", "mod": "server.echo", "method": "POST", "path": "/api/v1/system/*"}
[36mjuno-admin_1  |[0m 1665227813	[32mINFO[0m	xecho/server.go:75	add route                       	{"aid": "1234567890", "iid": "3dfa3a4ea3049ea77ecf5bcfd59b2055", "mod": "server.echo", "method": "CONNECT", "path": "/api/admin/test/http/*"}
[36mjuno-admin_1  |[0m 1665227813	[32mINFO[0m	xecho/server.go:75	add route                       	{"aid": "1234567890", "iid": "3dfa3a4ea3049ea77ecf5bcfd59b2055", "mod": "server.echo", "method": "OPTIONS", "path": "/api/admin/grpc"}
[36mjuno-admin_1  |[0m 1665227813	[32mINFO[0m	xecho/server.go:75	add route                       	{"aid": "1234567890", "iid": "3dfa3a4ea3049ea77ecf5bcfd59b2055", "mod": "server.echo", "method": "REPORT", "path": "/api/admin/cronjob"}
[36mjuno-admin_1  |[0m 1665227813	[32mINFO[0m	xecho/server.go:75	add route                       	{"aid": "1234567890", "iid": "3dfa3a4ea3049ea77ecf5bcfd59b2055", "mod": "server.echo", "method": "PATCH", "path": "/api/admin/logger/*"}
[36mjuno-admin_1  |[0m 1665227813	[32mINFO[0m	xecho/server.go:75	add route                       	{"aid": "1234567890", "iid": "3dfa3a4ea3049ea77ecf5bcfd59b2055", "mod": "server.echo", "method": "REPORT", "path": "/api/admin/proxyintegrat"}
[36mjuno-admin_1  |[0m 1665227813	[32mINFO[0m	xecho/server.go:75	add route                       	{"aid": "1234567890", "iid": "3dfa3a4ea3049ea77ecf5bcfd59b2055", "mod": "server.echo", "method": "TRACE", "path": "/api/admin/pprof/*"}
[36mjuno-admin_1  |[0m 1665227813	[32mINFO[0m	xecho/server.go:75	add route                       	{"aid": "1234567890", "iid": "3dfa3a4ea3049ea77ecf5bcfd59b2055", "mod": "server.echo", "method": "GET", "path": "/api/v1/resource/node/transfer/list"}
[36mjuno-admin_1  |[0m 1665227813	[32mINFO[0m	xecho/server.go:75	add route                       	{"aid": "1234567890", "iid": "3dfa3a4ea3049ea77ecf5bcfd59b2055", "mod": "server.echo", "method": "POST", "path": "/api/admin/user/*"}
[36mjuno-admin_1  |[0m 1665227813	[32mINFO[0m	xecho/server.go:75	add route                       	{"aid": "1234567890", "iid": "3dfa3a4ea3049ea77ecf5bcfd59b2055", "mod": "server.echo", "method": "POST", "path": "/api/admin/confgov2/config/unlock"}
[36mjuno-admin_1  |[0m 1665227813	[32mINFO[0m	xecho/server.go:75	add route                       	{"aid": "1234567890", "iid": "3dfa3a4ea3049ea77ecf5bcfd59b2055", "mod": "server.echo", "method": "PATCH", "path": "/api/admin/resource"}
[36mjuno-admin_1  |[0m 1665227813	[32mINFO[0m	xecho/server.go:75	add route                       	{"aid": "1234567890", "iid": "3dfa3a4ea3049ea77ecf5bcfd59b2055", "mod": "server.echo", "method": "CONNECT", "path": "/api/admin/test/*"}
[36mjuno-admin_1  |[0m 1665227813	[32mINFO[0m	xecho/server.go:75	add route                       	{"aid": "1234567890", "iid": "3dfa3a4ea3049ea77ecf5bcfd59b2055", "mod": "server.echo", "method": "POST", "path": "/api/admin/resource/node/delete"}
[36mjuno-admin_1  |[0m 1665227813	[32mINFO[0m	xecho/server.go:75	add route                       	{"aid": "1234567890", "iid": "3dfa3a4ea3049ea77ecf5bcfd59b2055", "mod": "server.echo", "method": "TRACE", "path": "/api/v1/etcd"}
[36mjuno-admin_1  |[0m 1665227813	[32mINFO[0m	xecho/server.go:75	add route                       	{"aid": "1234567890", "iid": "3dfa3a4ea3049ea77ecf5bcfd59b2055", "mod": "server.echo", "method": "DELETE", "path": "/api/admin"}
[36mjuno-admin_1  |[0m 1665227813	[32mINFO[0m	xecho/server.go:75	add route                       	{"aid": "1234567890", "iid": "3dfa3a4ea3049ea77ecf5bcfd59b2055", "mod": "server.echo", "method": "POST", "path": "/api/admin/grpc/*"}
[36mjuno-admin_1  |[0m 1665227813	[32mINFO[0m	xecho/server.go:75	add route                       	{"aid": "1234567890", "iid": "3dfa3a4ea3049ea77ecf5bcfd59b2055", "mod": "server.echo", "method": "PATCH", "path": "/api/v1"}
[36mjuno-admin_1  |[0m 1665227813	[32mINFO[0m	xecho/server.go:75	add route                       	{"aid": "1234567890", "iid": "3dfa3a4ea3049ea77ecf5bcfd59b2055", "mod": "server.echo", "method": "PROPFIND", "path": "/api/v1/system"}
[36mjuno-admin_1  |[0m 1665227813	[32mINFO[0m	xecho/server.go:75	add route                       	{"aid": "1234567890", "iid": "3dfa3a4ea3049ea77ecf5bcfd59b2055", "mod": "server.echo", "method": "GET", "path": "/api/admin/resource/app/list"}
[36mjuno-admin_1  |[0m 1665227813	[32mINFO[0m	xecho/server.go:75	add route                       	{"aid": "1234567890", "iid": "3dfa3a4ea3049ea77ecf5bcfd59b2055", "mod": "server.echo", "method": "PATCH", "path": "/api/admin/test/*"}
[36mjuno-admin_1  |[0m 1665227813	[32mINFO[0m	xecho/server.go:75	add route                       	{"aid": "1234567890", "iid": "3dfa3a4ea3049ea77ecf5bcfd59b2055", "mod": "server.echo", "method": "OPTIONS", "path": "/api/admin/test/platform/*"}
[36mjuno-admin_1  |[0m 1665227813	[32mINFO[0m	xecho/server.go:75	add route                       	{"aid": "1234567890", "iid": "3dfa3a4ea3049ea77ecf5bcfd59b2055", "mod": "server.echo", "method": "TRACE", "path": "/api/admin/cronjob"}
[36mjuno-admin_1  |[0m 1665227813	[32mINFO[0m	xecho/server.go:75	add route                       	{"aid": "1234567890", "iid": "3dfa3a4ea3049ea77ecf5bcfd59b2055", "mod": "server.echo", "method": "REPORT", "path": "/api/v1/resource"}
[36mjuno-admin_1  |[0m 1665227813	[32mINFO[0m	xecho/server.go:75	add route                       	{"aid": "1234567890", "iid": "3dfa3a4ea3049ea77ecf5bcfd59b2055", "mod": "server.echo", "method": "HEAD", "path": "/api/v1/etcd/*"}
[36mjuno-admin_1  |[0m 1665227813	[32mINFO[0m	xecho/server.go:75	add route                       	{"aid": "1234567890", "iid": "3dfa3a4ea3049ea77ecf5bcfd59b2055", "mod": "server.echo", "method": "PATCH", "path": "/grafana"}
[36mjuno-admin_1  |[0m 1665227813	[32mINFO[0m	xecho/server.go:75	add route                       	{"aid": "1234567890", "iid": "3dfa3a4ea3049ea77ecf5bcfd59b2055", "mod": "server.echo", "method": "GET", "path": "/api/admin/resource/app_node/listSync"}
[36mjuno-admin_1  |[0m 1665227813	[32mINFO[0m	xecho/server.go:75	add route                       	{"aid": "1234567890", "iid": "3dfa3a4ea3049ea77ecf5bcfd59b2055", "mod": "server.echo", "method": "POST", "path": "/api/admin/test/grpc/*"}
[36mjuno-admin_1  |[0m 1665227813	[32mINFO[0m	xecho/server.go:75	add route                       	{"aid": "1234567890", "iid": "3dfa3a4ea3049ea77ecf5bcfd59b2055", "mod": "server.echo", "method": "GET", "path": "/api/admin/etcd/*"}
[36mjuno-admin_1  |[0m 1665227813	[32mINFO[0m	xecho/server.go:75	add route                       	{"aid": "1234567890", "iid": "3dfa3a4ea3049ea77ecf5bcfd59b2055", "mod": "server.echo", "method": "OPTIONS", "path": "/api/admin/analysis"}
[36mjuno-admin_1  |[0m 1665227813	[32mINFO[0m	xecho/server.go:75	add route                       	{"aid": "1234567890", "iid": "3dfa3a4ea3049ea77ecf5bcfd59b2055", "mod": "server.echo", "method": "POST", "path": "/api/admin/proxyintegrat/proxyMenuCreateOrUpdate"}
[36mjuno-admin_1  |[0m 1665227813	[32mINFO[0m	xecho/server.go:75	add route                       	{"aid": "1234567890", "iid": "3dfa3a4ea3049ea77ecf5bcfd59b2055", "mod": "server.echo", "method": "GET", "path": "/api/v1/resource/app/list"}
[36mjuno-admin_1  |[0m 1665227813	[32mINFO[0m	xecho/server.go:75	add route                       	{"aid": "1234567890", "iid": "3dfa3a4ea3049ea77ecf5bcfd59b2055", "mod": "server.echo", "method": "GET", "path": "/api/v1/system/*"}
[36mjuno-admin_1  |[0m 1665227813	[32mINFO[0m	xecho/server.go:75	add route                       	{"aid": "1234567890", "iid": "3dfa3a4ea3049ea77ecf5bcfd59b2055", "mod": "server.echo", "method": "PUT", "path": "/api/admin/*"}
[36mjuno-admin_1  |[0m 1665227813	[32mINFO[0m	xecho/server.go:75	add route                       	{"aid": "1234567890", "iid": "3dfa3a4ea3049ea77ecf5bcfd59b2055", "mod": "server.echo", "method": "PROPFIND", "path": "/api/admin/confgov2/resource"}
[36mjuno-admin_1  |[0m 1665227813	[32mINFO[0m	xecho/server.go:75	add route                       	{"aid": "1234567890", "iid": "3dfa3a4ea3049ea77ecf5bcfd59b2055", "mod": "server.echo", "method": "REPORT", "path": "/api/admin/cronjob/task/*"}
[36mjuno-admin_1  |[0m 1665227813	[32mINFO[0m	xecho/server.go:75	add route                       	{"aid": "1234567890", "iid": "3dfa3a4ea3049ea77ecf5bcfd59b2055", "mod": "server.echo", "method": "GET", "path": "/api/admin/system"}
[36mjuno-admin_1  |[0m 1665227813	[32mINFO[0m	xecho/server.go:75	add route                       	{"aid": "1234567890", "iid": "3dfa3a4ea3049ea77ecf5bcfd59b2055", "mod": "server.echo", "method": "PATCH", "path": "/api/admin/confgo/*"}
[36mjuno-admin_1  |[0m 1665227813	[32mINFO[0m	xecho/server.go:75	add route                       	{"aid": "1234567890", "iid": "3dfa3a4ea3049ea77ecf5bcfd59b2055", "mod": "server.echo", "method": "HEAD", "path": "/api/admin/test/*"}
[36mjuno-admin_1  |[0m 1665227813	[32mINFO[0m	xecho/server.go:75	add route                       	{"aid": "1234567890", "iid": "3dfa3a4ea3049ea77ecf5bcfd59b2055", "mod": "server.echo", "method": "GET", "path": "/api/admin/test/grpc/useCases/detail"}
[36mjuno-admin_1  |[0m 1665227813	[32mINFO[0m	xecho/server.go:75	add route                       	{"aid": "1234567890", "iid": "3dfa3a4ea3049ea77ecf5bcfd59b2055", "mod": "server.echo", "method": "PROPFIND", "path": "/api/admin/permission"}
[36mjuno-admin_1  |[0m 1665227813	[32mINFO[0m	xecho/server.go:75	add route                       	{"aid": "1234567890", "iid": "3dfa3a4ea3049ea77ecf5bcfd59b2055", "mod": "server.echo", "method": "GET", "path": "/api/v1/resource/app_node/list"}
[36mjuno-admin_1  |[0m 1665227813	[32mINFO[0m	xecho/server.go:75	add route                       	{"aid": "1234567890", "iid": "3dfa3a4ea3049ea77ecf5bcfd59b2055", "mod": "server.echo", "method": "TRACE", "path": "/api/admin/confgov2/resource"}
[36mjuno-admin_1  |[0m 1665227813	[32mINFO[0m	xecho/server.go:75	add route                       	{"aid": "1234567890", "iid": "3dfa3a4ea3049ea77ecf5bcfd59b2055", "mod": "server.echo", "method": "PROPFIND", "path": "/api/admin/test/grpc/*"}
[36mjuno-admin_1  |[0m 1665227813	[32mINFO[0m	xecho/server.go:75	add route                       	{"aid": "1234567890", "iid": "3dfa3a4ea3049ea77ecf5bcfd59b2055", "mod": "server.echo", "method": "PROPFIND", "path": "/api/admin/etcd/*"}
[36mjuno-admin_1  |[0m 1665227813	[32mINFO[0m	xecho/server.go:75	add route                       	{"aid": "1234567890", "iid": "3dfa3a4ea3049ea77ecf5bcfd59b2055", "mod": "server.echo", "method": "OPTIONS", "path": "/api/admin/public/*"}
[36mjuno-admin_1  |[0m 1665227813	[32mINFO[0m	xecho/server.go:75	add route                       	{"aid": "1234567890", "iid": "3dfa3a4ea3049ea77ecf5bcfd59b2055", "mod": "server.echo", "method": "GET", "path": "/api/admin/test/http"}
[36mjuno-admin_1  |[0m 1665227813	[32mINFO[0m	xecho/server.go:75	add route                       	{"aid": "1234567890", "iid": "3dfa3a4ea3049ea77ecf5bcfd59b2055", "mod": "server.echo", "method": "POST", "path": "/api/admin/proxyintegrat/proxyMenuDelete"}
[36mjuno-admin_1  |[0m 1665227813	[32mINFO[0m	xecho/server.go:75	add route                       	{"aid": "1234567890", "iid": "3dfa3a4ea3049ea77ecf5bcfd59b2055", "mod": "server.echo", "method": "PUT", "path": "/api/admin/confgov2/resource"}
[36mjuno-admin_1  |[0m 1665227813	[32mINFO[0m	xecho/server.go:75	add route                       	{"aid": "1234567890", "iid": "3dfa3a4ea3049ea77ecf5bcfd59b2055", "mod": "server.echo", "method": "REPORT", "path": "/api/admin/test/*"}
[36mjuno-admin_1  |[0m 1665227813	[32mINFO[0m	xecho/server.go:75	add route                       	{"aid": "1234567890", "iid": "3dfa3a4ea3049ea77ecf5bcfd59b2055", "mod": "server.echo", "method": "PUT", "path": "/api/admin/grpc"}
[36mjuno-admin_1  |[0m 1665227813	[32mINFO[0m	xecho/server.go:75	add route                       	{"aid": "1234567890", "iid": "3dfa3a4ea3049ea77ecf5bcfd59b2055", "mod": "server.echo", "method": "POST", "path": "/api/admin/test/platform"}
[36mjuno-admin_1  |[0m 1665227813	[32mINFO[0m	xecho/server.go:75	add route                       	{"aid": "1234567890", "iid": "3dfa3a4ea3049ea77ecf5bcfd59b2055", "mod": "server.echo", "method": "POST", "path": "/api/admin/test/platform/pipeline/update"}
[36mjuno-admin_1  |[0m 1665227813	[32mINFO[0m	xecho/server.go:75	add route                       	{"aid": "1234567890", "iid": "3dfa3a4ea3049ea77ecf5bcfd59b2055", "mod": "server.echo", "method": "PATCH", "path": "/api/admin/cronjob/task/*"}
[36mjuno-admin_1  |[0m 1665227813	[32mINFO[0m	xecho/server.go:75	add route                       	{"aid": "1234567890", "iid": "3dfa3a4ea3049ea77ecf5bcfd59b2055", "mod": "server.echo", "method": "GET", "path": "/api/admin/permission"}
[36mjuno-admin_1  |[0m 1665227813	[32mINFO[0m	xecho/server.go:75	add route                       	{"aid": "1234567890", "iid": "3dfa3a4ea3049ea77ecf5bcfd59b2055", "mod": "server.echo", "method": "PUT", "path": "/api/v1/confgo"}
[36mjuno-admin_1  |[0m 1665227813	[32mINFO[0m	xecho/server.go:75	add route                       	{"aid": "1234567890", "iid": "3dfa3a4ea3049ea77ecf5bcfd59b2055", "mod": "server.echo", "method": "POST", "path": "/grafana/*"}
[36mjuno-admin_1  |[0m 1665227813	[32mINFO[0m	xecho/server.go:75	add route                       	{"aid": "1234567890", "iid": "3dfa3a4ea3049ea77ecf5bcfd59b2055", "mod": "server.echo", "method": "POST", "path": "/api/admin/confgov2/config/delete"}
[36mjuno-admin_1  |[0m 1665227813	[32mINFO[0m	xecho/server.go:75	add route                       	{"aid": "1234567890", "iid": "3dfa3a4ea3049ea77ecf5bcfd59b2055", "mod": "server.echo", "method": "POST", "path": "/api/admin/confgov2/resource/*"}
[36mjuno-admin_1  |[0m 1665227813	[32mINFO[0m	xecho/server.go:75	add route                       	{"aid": "1234567890", "iid": "3dfa3a4ea3049ea77ecf5bcfd59b2055", "mod": "server.echo", "method": "CONNECT", "path": "/api/admin/etcd"}
[36mjuno-admin_1  |[0m 1665227813	[32mINFO[0m	xecho/server.go:75	add route                       	{"aid": "1234567890", "iid": "3dfa3a4ea3049ea77ecf5bcfd59b2055", "mod": "server.echo", "method": "TRACE", "path": "/api/v1/etcd/*"}
[36mjuno-admin_1  |[0m 1665227813	[32mINFO[0m	xecho/server.go:75	add route                       	{"aid": "1234567890", "iid": "3dfa3a4ea3049ea77ecf5bcfd59b2055", "mod": "server.echo", "method": "GET", "path": "/api/admin/confgov2/*"}
[36mjuno-admin_1  |[0m 1665227813	[32mINFO[0m	xecho/server.go:75	add route                       	{"aid": "1234567890", "iid": "3dfa3a4ea3049ea77ecf5bcfd59b2055", "mod": "server.echo", "method": "CONNECT", "path": "/api/admin/confgov2/resource/*"}
[36mjuno-admin_1  |[0m 1665227813	[32mINFO[0m	xecho/server.go:75	add route                       	{"aid": "1234567890", "iid": "3dfa3a4ea3049ea77ecf5bcfd59b2055", "mod": "server.echo", "method": "DELETE", "path": "/api/v1/event"}
[36mjuno-admin_1  |[0m 1665227813	[32mINFO[0m	xecho/server.go:75	add route                       	{"aid": "1234567890", "iid": "3dfa3a4ea3049ea77ecf5bcfd59b2055", "mod": "server.echo", "method": "POST", "path": "/api/v1/pprof/run"}
[36mjuno-admin_1  |[0m 1665227813	[32mINFO[0m	xecho/server.go:75	add route                       	{"aid": "1234567890", "iid": "3dfa3a4ea3049ea77ecf5bcfd59b2055", "mod": "server.echo", "method": "CONNECT", "path": "/proxy"}
[36mjuno-admin_1  |[0m 1665227813	[32mINFO[0m	xecho/server.go:75	add route                       	{"aid": "1234567890", "iid": "3dfa3a4ea3049ea77ecf5bcfd59b2055", "mod": "server.echo", "method": "REPORT", "path": "/api/v1/pprof/*"}
[36mjuno-admin_1  |[0m 1665227813	[32mINFO[0m	xecho/server.go:75	add route                       	{"aid": "1234567890", "iid": "3dfa3a4ea3049ea77ecf5bcfd59b2055", "mod": "server.echo", "method": "PROPFIND", "path": "/api/admin/user/*"}
[36mjuno-admin_1  |[0m 1665227813	[32mINFO[0m	xecho/server.go:75	add route                       	{"aid": "1234567890", "iid": "3dfa3a4ea3049ea77ecf5bcfd59b2055", "mod": "server.echo", "method": "GET", "path": "/api/admin/pprof/list"}
[36mjuno-admin_1  |[0m 1665227813	[32mINFO[0m	xecho/server.go:75	add route                       	{"aid": "1234567890", "iid": "3dfa3a4ea3049ea77ecf5bcfd59b2055", "mod": "server.echo", "method": "HEAD", "path": "/api/admin/etcd"}
[36mjuno-admin_1  |[0m 1665227813	[32mINFO[0m	xecho/server.go:75	add route                       	{"aid": "1234567890", "iid": "3dfa3a4ea3049ea77ecf5bcfd59b2055", "mod": "server.echo", "method": "POST", "path": "/api/v1/confgo/config/create"}
[36mjuno-admin_1  |[0m 1665227813	[32mINFO[0m	xecho/server.go:75	add route                       	{"aid": "1234567890", "iid": "3dfa3a4ea3049ea77ecf5bcfd59b2055", "mod": "server.echo", "method": "TRACE", "path": "/api/v1/event"}
[36mjuno-admin_1  |[0m 1665227813	[32mINFO[0m	xecho/server.go:75	add route                       	{"aid": "1234567890", "iid": "3dfa3a4ea3049ea77ecf5bcfd59b2055", "mod": "server.echo", "method": "CONNECT", "path": "/api/v1/pprof"}
[36mjuno-admin_1  |[0m 1665227813	[32mINFO[0m	xecho/server.go:75	add route                       	{"aid": "1234567890", "iid": "3dfa3a4ea3049ea77ecf5bcfd59b2055", "mod": "server.echo", "method": "HEAD", "path": "/grafana"}
[36mjuno-admin_1  |[0m 1665227813	[32mINFO[0m	xecho/server.go:75	add route                       	{"aid": "1234567890", "iid": "3dfa3a4ea3049ea77ecf5bcfd59b2055", "mod": "server.echo", "method": "POST", "path": "/api/admin/test/grpc/proto/bind"}
[36mjuno-admin_1  |[0m 1665227813	[32mINFO[0m	xecho/server.go:75	add route                       	{"aid": "1234567890", "iid": "3dfa3a4ea3049ea77ecf5bcfd59b2055", "mod": "server.echo", "method": "OPTIONS", "path": "/api/admin/analysis/*"}
[36mjuno-admin_1  |[0m 1665227813	[32mINFO[0m	xecho/server.go:75	add route                       	{"aid": "1234567890", "iid": "3dfa3a4ea3049ea77ecf5bcfd59b2055", "mod": "server.echo", "method": "OPTIONS", "path": "/api/v1/system/*"}
[36mjuno-admin_1  |[0m 1665227813	[32mINFO[0m	xecho/server.go:75	add route                       	{"aid": "1234567890", "iid": "3dfa3a4ea3049ea77ecf5bcfd59b2055", "mod": "server.echo", "method": "OPTIONS", "path": "/api/admin/event/*"}
[36mjuno-admin_1  |[0m 1665227813	[32mINFO[0m	xecho/server.go:75	add route                       	{"aid": "1234567890", "iid": "3dfa3a4ea3049ea77ecf5bcfd59b2055", "mod": "server.echo", "method": "GET", "path": "/api/admin/confgov2/resource/detail"}
[36mjuno-admin_1  |[0m 1665227813	[32mINFO[0m	xecho/server.go:75	add route                       	{"aid": "1234567890", "iid": "3dfa3a4ea3049ea77ecf5bcfd59b2055", "mod": "server.echo", "method": "POST", "path": "/api/admin/test/http"}
[36mjuno-admin_1  |[0m 1665227813	[32mINFO[0m	xecho/server.go:75	add route                       	{"aid": "1234567890", "iid": "3dfa3a4ea3049ea77ecf5bcfd59b2055", "mod": "server.echo", "method": "PATCH", "path": "/api/admin/system"}
[36mjuno-admin_1  |[0m 1665227813	[32mINFO[0m	xecho/server.go:75	add route                       	{"aid": "1234567890", "iid": "3dfa3a4ea3049ea77ecf5bcfd59b2055", "mod": "server.echo", "method": "CONNECT", "path": "/api/admin/proxyintegrat/*"}
[36mjuno-admin_1  |[0m 1665227813	[32mINFO[0m	xecho/server.go:75	add route                       	{"aid": "1234567890", "iid": "3dfa3a4ea3049ea77ecf5bcfd59b2055", "mod": "server.echo", "method": "TRACE", "path": "/api/admin/analysis/*"}
[36mjuno-admin_1  |[0m 1665227813	[32mINFO[0m	xecho/server.go:75	add route                       	{"aid": "1234567890", "iid": "3dfa3a4ea3049ea77ecf5bcfd59b2055", "mod": "server.echo", "method": "GET", "path": "/api/admin/proxyintegrat/proxyManageList"}
[36mjuno-admin_1  |[0m 1665227813	[32mINFO[0m	xecho/server.go:75	add route                       	{"aid": "1234567890", "iid": "3dfa3a4ea3049ea77ecf5bcfd59b2055", "mod": "server.echo", "method": "REPORT", "path": "/api/v1/pprof"}
[36mjuno-admin_1  |[0m 1665227813	[32mINFO[0m	xecho/server.go:75	add route                       	{"aid": "1234567890", "iid": "3dfa3a4ea3049ea77ecf5bcfd59b2055", "mod": "server.echo", "method": "PATCH", "path": "/api/admin/confgov2"}
[36mjuno-admin_1  |[0m 1665227813	[32mINFO[0m	xecho/server.go:75	add route                       	{"aid": "1234567890", "iid": "3dfa3a4ea3049ea77ecf5bcfd59b2055", "mod": "server.echo", "method": "POST", "path": "/api/admin/resource"}
[36mjuno-admin_1  |[0m 1665227813	[32mINFO[0m	xecho/server.go:75	add route                       	{"aid": "1234567890", "iid": "3dfa3a4ea3049ea77ecf5bcfd59b2055", "mod": "server.echo", "method": "TRACE", "path": "/api/admin/test/grpc"}
[36mjuno-admin_1  |[0m 1665227813	[32mINFO[0m	xecho/server.go:75	add route                       	{"aid": "1234567890", "iid": "3dfa3a4ea3049ea77ecf5bcfd59b2055", "mod": "server.echo", "method": "GET", "path": "/api/admin/test/grpc/services"}
[36mjuno-admin_1  |[0m 1665227813	[32mINFO[0m	xecho/server.go:75	add route                       	{"aid": "1234567890", "iid": "3dfa3a4ea3049ea77ecf5bcfd59b2055", "mod": "server.echo", "method": "CONNECT", "path": "/api/admin/test/grpc"}
[36mjuno-admin_1  |[0m 1665227813	[32mINFO[0m	xecho/server.go:75	add route                       	{"aid": "1234567890", "iid": "3dfa3a4ea3049ea77ecf5bcfd59b2055", "mod": "server.echo", "method": "REPORT", "path": "/api/v1"}
[36mjuno-admin_1  |[0m 1665227813	[32mINFO[0m	xecho/server.go:75	add route                       	{"aid": "1234567890", "iid": "3dfa3a4ea3049ea77ecf5bcfd59b2055", "mod": "server.echo", "method": "PROPFIND", "path": "/api/admin/test/http/*"}
[36mjuno-admin_1  |[0m 1665227813	[32mINFO[0m	xecho/server.go:75	add route                       	{"aid": "1234567890", "iid": "3dfa3a4ea3049ea77ecf5bcfd59b2055", "mod": "server.echo", "method": "POST", "path": "/api/admin/cronjob/dispatch"}
[36mjuno-admin_1  |[0m 1665227813	[32mINFO[0m	xecho/server.go:75	add route                       	{"aid": "1234567890", "iid": "3dfa3a4ea3049ea77ecf5bcfd59b2055", "mod": "server.echo", "method": "GET", "path": "/api/admin/confgov2/config/history"}
[36mjuno-admin_1  |[0m 1665227813	[32mINFO[0m	xecho/server.go:75	add route                       	{"aid": "1234567890", "iid": "3dfa3a4ea3049ea77ecf5bcfd59b2055", "mod": "server.echo", "method": "POST", "path": "/api/admin/test/http/useCases/delete"}
[36mjuno-admin_1  |[0m 1665227813	[32mINFO[0m	xecho/server.go:75	add route                       	{"aid": "1234567890", "iid": "3dfa3a4ea3049ea77ecf5bcfd59b2055", "mod": "server.echo", "method": "GET", "path": "/api/admin/logger/logstore"}
[36mjuno-admin_1  |[0m 1665227813	[32mINFO[0m	xecho/server.go:75	add route                       	{"aid": "1234567890", "iid": "3dfa3a4ea3049ea77ecf5bcfd59b2055", "mod": "server.echo", "method": "PUT", "path": "/api/v1/*"}
[36mjuno-admin_1  |[0m 1665227813	[32mINFO[0m	xecho/server.go:75	add route                       	{"aid": "1234567890", "iid": "3dfa3a4ea3049ea77ecf5bcfd59b2055", "mod": "server.echo", "method": "HEAD", "path": "/api/admin/test/grpc/*"}
[36mjuno-admin_1  |[0m 1665227813	[32mINFO[0m	xecho/server.go:75	add route                       	{"aid": "1234567890", "iid": "3dfa3a4ea3049ea77ecf5bcfd59b2055", "mod": "server.echo", "method": "POST", "path": "/api/v1/analysis/*"}
[36mjuno-admin_1  |[0m 1665227813	[32mINFO[0m	xecho/server.go:75	add route                       	{"aid": "1234567890", "iid": "3dfa3a4ea3049ea77ecf5bcfd59b2055", "mod": "server.echo", "method": "DELETE", "path": "/grafana/*"}
[36mjuno-admin_1  |[0m 1665227813	[32mINFO[0m	xecho/server.go:75	add route                       	{"aid": "1234567890", "iid": "3dfa3a4ea3049ea77ecf5bcfd59b2055", "mod": "server.echo", "method": "DELETE", "path": "/api/admin/confgo/*"}
[36mjuno-admin_1  |[0m 1665227813	[32mINFO[0m	xecho/server.go:75	add route                       	{"aid": "1234567890", "iid": "3dfa3a4ea3049ea77ecf5bcfd59b2055", "mod": "server.echo", "method": "GET", "path": "/api/v1/resource/app_env_zone/list"}
[36mjuno-admin_1  |[0m 1665227813	[32mINFO[0m	xecho/server.go:75	add route                       	{"aid": "1234567890", "iid": "3dfa3a4ea3049ea77ecf5bcfd59b2055", "mod": "server.echo", "method": "GET", "path": "/api/v1/confgo/config/history"}
[36mjuno-admin_1  |[0m 1665227813	[32mINFO[0m	xecho/server.go:75	add route                       	{"aid": "1234567890", "iid": "3dfa3a4ea3049ea77ecf5bcfd59b2055", "mod": "server.echo", "method": "GET", "path": "/api/admin/analysis/index"}
[36mjuno-admin_1  |[0m 1665227813	[32mINFO[0m	xecho/server.go:75	add route                       	{"aid": "1234567890", "iid": "3dfa3a4ea3049ea77ecf5bcfd59b2055", "mod": "server.echo", "method": "TRACE", "path": "/api/admin/proxyintegrat/*"}
[36mjuno-admin_1  |[0m 1665227813	[32mINFO[0m	xecho/server.go:75	add route                       	{"aid": "1234567890", "iid": "3dfa3a4ea3049ea77ecf5bcfd59b2055", "mod": "server.echo", "method": "GET", "path": "/api/admin/permission/user/group/menuPermission"}
[36mjuno-admin_1  |[0m 1665227813	[32mINFO[0m	xecho/server.go:75	add route                       	{"aid": "1234567890", "iid": "3dfa3a4ea3049ea77ecf5bcfd59b2055", "mod": "server.echo", "method": "POST", "path": "/api/v1/system/setting/update"}
[36mjuno-admin_1  |[0m 1665227813	[32mINFO[0m	xecho/server.go:75	add route                       	{"aid": "1234567890", "iid": "3dfa3a4ea3049ea77ecf5bcfd59b2055", "mod": "server.echo", "method": "PATCH", "path": "/api/admin/resource/*"}
[36mjuno-admin_1  |[0m 1665227813	[32mINFO[0m	xecho/server.go:75	add route                       	{"aid": "1234567890", "iid": "3dfa3a4ea3049ea77ecf5bcfd59b2055", "mod": "server.echo", "method": "PROPFIND", "path": "/api/v1/*"}
[36mjuno-admin_1  |[0m 1665227813	[32mINFO[0m	xecho/server.go:75	add route                       	{"aid": "1234567890", "iid": "3dfa3a4ea3049ea77ecf5bcfd59b2055", "mod": "server.echo", "method": "GET", "path": "/api/v1/analysis/topology/select"}
[36mjuno-admin_1  |[0m 1665227813	[32mINFO[0m	xecho/server.go:75	add route                       	{"aid": "1234567890", "iid": "3dfa3a4ea3049ea77ecf5bcfd59b2055", "mod": "server.echo", "method": "DELETE", "path": "/api/admin/*"}
[36mjuno-admin_1  |[0m 1665227813	[32mINFO[0m	xecho/server.go:75	add route                       	{"aid": "1234567890", "iid": "3dfa3a4ea3049ea77ecf5bcfd59b2055", "mod": "server.echo", "method": "CONNECT", "path": "/api/admin/cronjob/task/*"}
[36mjuno-admin_1  |[0m 1665227813	[32mINFO[0m	xecho/server.go:75	add route                       	{"aid": "1234567890", "iid": "3dfa3a4ea3049ea77ecf5bcfd59b2055", "mod": "server.echo", "method": "GET", "path": "/api/v1/system/setting/list"}
[36mjuno-admin_1  |[0m 1665227813	[32mINFO[0m	xecho/server.go:75	add route                       	{"aid": "1234567890", "iid": "3dfa3a4ea3049ea77ecf5bcfd59b2055", "mod": "server.echo", "method": "GET", "path": "/api/v1/analysis"}
[36mjuno-admin_1  |[0m 1665227813	[32mINFO[0m	xecho/server.go:75	add route                       	{"aid": "1234567890", "iid": "3dfa3a4ea3049ea77ecf5bcfd59b2055", "mod": "server.echo", "method": "POST", "path": "/api/admin/cronjob/task/*"}
[36mjuno-admin_1  |[0m 1665227813	[32mINFO[0m	xecho/server.go:75	add route                       	{"aid": "1234567890", "iid": "3dfa3a4ea3049ea77ecf5bcfd59b2055", "mod": "server.echo", "method": "HEAD", "path": "/api/admin/system"}
[36mjuno-admin_1  |[0m 1665227813	[32mINFO[0m	xecho/server.go:75	add route                       	{"aid": "1234567890", "iid": "3dfa3a4ea3049ea77ecf5bcfd59b2055", "mod": "server.echo", "method": "POST", "path": "/api/admin/system/*"}
[36mjuno-admin_1  |[0m 1665227813	[32mINFO[0m	xecho/server.go:75	add route                       	{"aid": "1234567890", "iid": "3dfa3a4ea3049ea77ecf5bcfd59b2055", "mod": "server.echo", "method": "GET", "path": "/api/admin/etcd"}
[36mjuno-admin_1  |[0m 1665227813	[32mINFO[0m	xecho/server.go:75	add route                       	{"aid": "1234567890", "iid": "3dfa3a4ea3049ea77ecf5bcfd59b2055", "mod": "server.echo", "method": "TRACE", "path": "/api/admin/user"}
[36mjuno-admin_1  |[0m 1665227813	[32mINFO[0m	xecho/server.go:75	add route                       	{"aid": "1234567890", "iid": "3dfa3a4ea3049ea77ecf5bcfd59b2055", "mod": "server.echo", "method": "GET", "path": "/api/admin/resource/zone/zone_env"}
[36mjuno-admin_1  |[0m 1665227813	[32mINFO[0m	xecho/server.go:75	add route                       	{"aid": "1234567890", "iid": "3dfa3a4ea3049ea77ecf5bcfd59b2055", "mod": "server.echo", "method": "PATCH", "path": "/api/admin/logger"}
[36mjuno-admin_1  |[0m 1665227813	[32mINFO[0m	xecho/server.go:75	add route                       	{"aid": "1234567890", "iid": "3dfa3a4ea3049ea77ecf5bcfd59b2055", "mod": "server.echo", "method": "PUT", "path": "/api/v1/pprof"}
[36mjuno-admin_1  |[0m 1665227813	[32mINFO[0m	xecho/server.go:75	add route                       	{"aid": "1234567890", "iid": "3dfa3a4ea3049ea77ecf5bcfd59b2055", "mod": "server.echo", "method": "POST", "path": "/api/admin/confgov2/config/update"}
[36mjuno-admin_1  |[0m 1665227813	[32mINFO[0m	xecho/server.go:75	add route                       	{"aid": "1234567890", "iid": "3dfa3a4ea3049ea77ecf5bcfd59b2055", "mod": "server.echo", "method": "CONNECT", "path": "/api/admin/test/platform"}
[36mjuno-admin_1  |[0m 1665227813	[32mINFO[0m	xecho/server.go:75	add route                       	{"aid": "1234567890", "iid": "3dfa3a4ea3049ea77ecf5bcfd59b2055", "mod": "server.echo", "method": "DELETE", "path": "/api/admin/grpc"}
[36mjuno-admin_1  |[0m 1665227813	[32mINFO[0m	xecho/server.go:75	add route                       	{"aid": "1234567890", "iid": "3dfa3a4ea3049ea77ecf5bcfd59b2055", "mod": "server.echo", "method": "HEAD", "path": "/grafana/"}
[36mjuno-admin_1  |[0m 1665227813	[32mINFO[0m	xecho/server.go:75	add route                       	{"aid": "1234567890", "iid": "3dfa3a4ea3049ea77ecf5bcfd59b2055", "mod": "server.echo", "method": "HEAD", "path": "/api/admin/*"}
[36mjuno-admin_1  |[0m 1665227813	[32mINFO[0m	xecho/server.go:75	add route                       	{"aid": "1234567890", "iid": "3dfa3a4ea3049ea77ecf5bcfd59b2055", "mod": "server.echo", "method": "REPORT", "path": "/api/admin/test/http/*"}
[36mjuno-admin_1  |[0m 1665227813	[32mINFO[0m	xecho/server.go:75	add route                       	{"aid": "1234567890", "iid": "3dfa3a4ea3049ea77ecf5bcfd59b2055", "mod": "server.echo", "method": "TRACE", "path": "/api/v1/resource"}
[36mjuno-admin_1  |[0m 1665227813	[32mINFO[0m	xecho/server.go:75	add route                       	{"aid": "1234567890", "iid": "3dfa3a4ea3049ea77ecf5bcfd59b2055", "mod": "server.echo", "method": "PROPFIND", "path": "/api/v1/analysis/*"}
[36mjuno-admin_1  |[0m 1665227813	[32mINFO[0m	xecho/server.go:75	add route                       	{"aid": "1234567890", "iid": "3dfa3a4ea3049ea77ecf5bcfd59b2055", "mod": "server.echo", "method": "POST", "path": "/api/v1/analysis/deppkg/list"}
[36mjuno-admin_1  |[0m 1665227813	[32mINFO[0m	xecho/server.go:75	add route                       	{"aid": "1234567890", "iid": "3dfa3a4ea3049ea77ecf5bcfd59b2055", "mod": "server.echo", "method": "HEAD", "path": "/api/v1/pprof"}
[36mjuno-admin_1  |[0m 1665227813	[32mINFO[0m	xecho/server.go:75	add route                       	{"aid": "1234567890", "iid": "3dfa3a4ea3049ea77ecf5bcfd59b2055", "mod": "server.echo", "method": "GET", "path": "/api/admin/resource/app/httpAddrList"}
[36mjuno-admin_1  |[0m 1665227813	[32mINFO[0m	xecho/server.go:75	add route                       	{"aid": "1234567890", "iid": "3dfa3a4ea3049ea77ecf5bcfd59b2055", "mod": "server.echo", "method": "POST", "path": "/api/admin/permission/app/group/update"}
[36mjuno-admin_1  |[0m 1665227813	[32mINFO[0m	xecho/server.go:75	add route                       	{"aid": "1234567890", "iid": "3dfa3a4ea3049ea77ecf5bcfd59b2055", "mod": "server.echo", "method": "PUT", "path": "/api/admin/event"}
[36mjuno-admin_1  |[0m 1665227813	[32mINFO[0m	xecho/server.go:75	add route                       	{"aid": "1234567890", "iid": "3dfa3a4ea3049ea77ecf5bcfd59b2055", "mod": "server.echo", "method": "PUT", "path": "/api/admin/openAuth"}
[36mjuno-admin_1  |[0m 1665227813	[32mINFO[0m	xecho/server.go:75	add route                       	{"aid": "1234567890", "iid": "3dfa3a4ea3049ea77ecf5bcfd59b2055", "mod": "server.echo", "method": "HEAD", "path": "/api/v1/pprof/*"}
[36mjuno-admin_1  |[0m 1665227813	[32mINFO[0m	xecho/server.go:75	add route                       	{"aid": "1234567890", "iid": "3dfa3a4ea3049ea77ecf5bcfd59b2055", "mod": "server.echo", "method": "OPTIONS", "path": "/api/v1/etcd/*"}
[36mjuno-admin_1  |[0m 1665227813	[32mINFO[0m	xecho/server.go:75	add route                       	{"aid": "1234567890", "iid": "3dfa3a4ea3049ea77ecf5bcfd59b2055", "mod": "server.echo", "method": "POST", "path": "/api/admin/permission/app/changeGroup"}
[36mjuno-admin_1  |[0m 1665227813	[32mINFO[0m	xecho/server.go:75	add route                       	{"aid": "1234567890", "iid": "3dfa3a4ea3049ea77ecf5bcfd59b2055", "mod": "server.echo", "method": "GET", "path": "/api/v1/resource/node/transfer/put"}
[36mjuno-admin_1  |[0m 1665227813	[32mINFO[0m	xecho/server.go:75	add route                       	{"aid": "1234567890", "iid": "3dfa3a4ea3049ea77ecf5bcfd59b2055", "mod": "server.echo", "method": "OPTIONS", "path": "/api/admin/*"}
[36mjuno-admin_1  |[0m 1665227813	[32mINFO[0m	xecho/server.go:75	add route                       	{"aid": "1234567890", "iid": "3dfa3a4ea3049ea77ecf5bcfd59b2055", "mod": "server.echo", "method": "GET", "path": "/api/admin/user"}
[36mjuno-admin_1  |[0m 1665227813	[32mINFO[0m	xecho/server.go:75	add route                       	{"aid": "1234567890", "iid": "3dfa3a4ea3049ea77ecf5bcfd59b2055", "mod": "server.echo", "method": "HEAD", "path": "/api/admin/confgo"}
[36mjuno-admin_1  |[0m 1665227813	[32mINFO[0m	xecho/server.go:75	add route                       	{"aid": "1234567890", "iid": "3dfa3a4ea3049ea77ecf5bcfd59b2055", "mod": "server.echo", "method": "CONNECT", "path": "/api/admin/confgo/*"}
[36mjuno-admin_1  |[0m 1665227813	[32mINFO[0m	xecho/server.go:75	add route                       	{"aid": "1234567890", "iid": "3dfa3a4ea3049ea77ecf5bcfd59b2055", "mod": "server.echo", "method": "HEAD", "path": "/api/admin/proxyintegrat/*"}
[36mjuno-admin_1  |[0m 1665227813	[32mINFO[0m	xecho/server.go:75	add route                       	{"aid": "1234567890", "iid": "3dfa3a4ea3049ea77ecf5bcfd59b2055", "mod": "server.echo", "method": "PATCH", "path": "/api/admin/event/*"}
[36mjuno-admin_1  |[0m 1665227813	[32mINFO[0m	xecho/server.go:75	add route                       	{"aid": "1234567890", "iid": "3dfa3a4ea3049ea77ecf5bcfd59b2055", "mod": "server.echo", "method": "POST", "path": "/api/admin/permission/*"}
[36mjuno-admin_1  |[0m 1665227813	[32mINFO[0m	xecho/server.go:75	add route                       	{"aid": "1234567890", "iid": "3dfa3a4ea3049ea77ecf5bcfd59b2055", "mod": "server.echo", "method": "POST", "path": "/api/admin/grpc"}
[36mjuno-admin_1  |[0m 1665227813	[32mINFO[0m	xecho/server.go:75	add route                       	{"aid": "1234567890", "iid": "3dfa3a4ea3049ea77ecf5bcfd59b2055", "mod": "server.echo", "method": "DELETE", "path": "/api/admin/logger/*"}
[36mjuno-admin_1  |[0m 1665227813	[32mINFO[0m	xecho/server.go:75	add route                       	{"aid": "1234567890", "iid": "3dfa3a4ea3049ea77ecf5bcfd59b2055", "mod": "server.echo", "method": "GET", "path": "/pprof/*/*"}
[36mjuno-admin_1  |[0m 1665227813	[32mINFO[0m	xecho/server.go:75	add route                       	{"aid": "1234567890", "iid": "3dfa3a4ea3049ea77ecf5bcfd59b2055", "mod": "server.echo", "method": "OPTIONS", "path": "/api/admin/user/*"}
[36mjuno-admin_1  |[0m 1665227813	[32mINFO[0m	xecho/server.go:75	add route                       	{"aid": "1234567890", "iid": "3dfa3a4ea3049ea77ecf5bcfd59b2055", "mod": "server.echo", "method": "POST", "path": "/api/admin/confgo/tpl/create"}
[36mjuno-admin_1  |[0m 1665227813	[32mINFO[0m	xecho/server.go:75	add route                       	{"aid": "1234567890", "iid": "3dfa3a4ea3049ea77ecf5bcfd59b2055", "mod": "server.echo", "method": "OPTIONS", "path": "/api/admin/proxyintegrat"}
[36mjuno-admin_1  |[0m 1665227813	[32mINFO[0m	xecho/server.go:75	add route                       	{"aid": "1234567890", "iid": "3dfa3a4ea3049ea77ecf5bcfd59b2055", "mod": "server.echo", "method": "DELETE", "path": "/api/admin/test/platform"}
[36mjuno-admin_1  |[0m 1665227813	[32mINFO[0m	xecho/server.go:75	add route                       	{"aid": "1234567890", "iid": "3dfa3a4ea3049ea77ecf5bcfd59b2055", "mod": "server.echo", "method": "GET", "path": "/api/admin/test/platform/*"}
[36mjuno-admin_1  |[0m 1665227813	[32mINFO[0m	xecho/server.go:75	add route                       	{"aid": "1234567890", "iid": "3dfa3a4ea3049ea77ecf5bcfd59b2055", "mod": "server.echo", "method": "GET", "path": "/api/admin/analysis/topology/relationship"}
[36mjuno-admin_1  |[0m 1665227813	[32mINFO[0m	xecho/server.go:75	add route                       	{"aid": "1234567890", "iid": "3dfa3a4ea3049ea77ecf5bcfd59b2055", "mod": "server.echo", "method": "REPORT", "path": "/api/admin/permission/*"}
[36mjuno-admin_1  |[0m 1665227813	[32mINFO[0m	xecho/server.go:75	add route                       	{"aid": "1234567890", "iid": "3dfa3a4ea3049ea77ecf5bcfd59b2055", "mod": "server.echo", "method": "GET", "path": "/api/admin/user/*"}
[36mjuno-admin_1  |[0m 1665227813	[32mINFO[0m	xecho/server.go:75	add route                       	{"aid": "1234567890", "iid": "3dfa3a4ea3049ea77ecf5bcfd59b2055", "mod": "server.echo", "method": "TRACE", "path": "/api/admin/confgov2/resource/*"}
[36mjuno-admin_1  |[0m 1665227813	[32mINFO[0m	xecho/server.go:75	add route                       	{"aid": "1234567890", "iid": "3dfa3a4ea3049ea77ecf5bcfd59b2055", "mod": "server.echo", "method": "GET", "path": "/api/admin/resource/app_node/list"}
[36mjuno-admin_1  |[0m 1665227813	[32mINFO[0m	xecho/server.go:75	add route                       	{"aid": "1234567890", "iid": "3dfa3a4ea3049ea77ecf5bcfd59b2055", "mod": "server.echo", "method": "POST", "path": "/api/admin/resource/app_node/put"}
[36mjuno-admin_1  |[0m 1665227813	[32mINFO[0m	xecho/server.go:75	add route                       	{"aid": "1234567890", "iid": "3dfa3a4ea3049ea77ecf5bcfd59b2055", "mod": "server.echo", "method": "PUT", "path": "/api/admin/logger/*"}
[36mjuno-admin_1  |[0m 1665227813	[32mINFO[0m	xecho/server.go:75	add route                       	{"aid": "1234567890", "iid": "3dfa3a4ea3049ea77ecf5bcfd59b2055", "mod": "server.echo", "method": "DELETE", "path": "/api/admin/test/*"}
[36mjuno-admin_1  |[0m 1665227813	[32mINFO[0m	xecho/server.go:75	add route                       	{"aid": "1234567890", "iid": "3dfa3a4ea3049ea77ecf5bcfd59b2055", "mod": "server.echo", "method": "TRACE", "path": "/api/admin/analysis"}
[36mjuno-admin_1  |[0m 1665227813	[32mINFO[0m	xecho/server.go:75	add route                       	{"aid": "1234567890", "iid": "3dfa3a4ea3049ea77ecf5bcfd59b2055", "mod": "server.echo", "method": "GET", "path": "/api/v1/resource/*"}
[36mjuno-admin_1  |[0m 1665227813	[32mINFO[0m	xecho/server.go:75	add route                       	{"aid": "1234567890", "iid": "3dfa3a4ea3049ea77ecf5bcfd59b2055", "mod": "server.echo", "method": "POST", "path": "/api/admin"}
[36mjuno-admin_1  |[0m 1665227813	[32mINFO[0m	xecho/server.go:75	add route                       	{"aid": "1234567890", "iid": "3dfa3a4ea3049ea77ecf5bcfd59b2055", "mod": "server.echo", "method": "DELETE", "path": "/api/admin/cronjob/task/*"}
[36mjuno-admin_1  |[0m 1665227813	[32mINFO[0m	xecho/server.go:75	add route                       	{"aid": "1234567890", "iid": "3dfa3a4ea3049ea77ecf5bcfd59b2055", "mod": "server.echo", "method": "HEAD", "path": "/api/v1/confgo/*"}
[36mjuno-admin_1  |[0m 1665227813	[32mINFO[0m	xecho/server.go:75	add route                       	{"aid": "1234567890", "iid": "3dfa3a4ea3049ea77ecf5bcfd59b2055", "mod": "server.echo", "method": "PATCH", "path": "/api/v1/event"}
[36mjuno-admin_1  |[0m 1665227813	[32mINFO[0m	xecho/server.go:75	add route                       	{"aid": "1234567890", "iid": "3dfa3a4ea3049ea77ecf5bcfd59b2055", "mod": "server.echo", "method": "TRACE", "path": "/api/admin/grpc/*"}
[36mjuno-admin_1  |[0m 1665227813	[32mINFO[0m	xecho/server.go:75	add route                       	{"aid": "1234567890", "iid": "3dfa3a4ea3049ea77ecf5bcfd59b2055", "mod": "server.echo", "method": "HEAD", "path": "/api/v1/resource/*"}
[36mjuno-admin_1  |[0m 1665227813	[32mINFO[0m	xecho/server.go:75	add route                       	{"aid": "1234567890", "iid": "3dfa3a4ea3049ea77ecf5bcfd59b2055", "mod": "server.echo", "method": "TRACE", "path": "/grafana/"}
[36mjuno-admin_1  |[0m 1665227813	[32mINFO[0m	xecho/server.go:75	add route                       	{"aid": "1234567890", "iid": "3dfa3a4ea3049ea77ecf5bcfd59b2055", "mod": "server.echo", "method": "POST", "path": "/api/admin/public/user/appConfig"}
[36mjuno-admin_1  |[0m 1665227813	[32mINFO[0m	xecho/server.go:75	add route                       	{"aid": "1234567890", "iid": "3dfa3a4ea3049ea77ecf5bcfd59b2055", "mod": "server.echo", "method": "PROPFIND", "path": "/api/admin/analysis/*"}
[36mjuno-admin_1  |[0m 1665227813	[32mINFO[0m	xecho/server.go:75	add route                       	{"aid": "1234567890", "iid": "3dfa3a4ea3049ea77ecf5bcfd59b2055", "mod": "server.echo", "method": "DELETE", "path": "/api/admin/proxyintegrat/*"}
[36mjuno-admin_1  |[0m 1665227813	[32mINFO[0m	xecho/server.go:75	add route                       	{"aid": "1234567890", "iid": "3dfa3a4ea3049ea77ecf5bcfd59b2055", "mod": "server.echo", "method": "REPORT", "path": "/api/v1/resource/*"}
[36mjuno-admin_1  |[0m 1665227813	[32mINFO[0m	xecho/server.go:75	add route                       	{"aid": "1234567890", "iid": "3dfa3a4ea3049ea77ecf5bcfd59b2055", "mod": "server.echo", "method": "PATCH", "path": "/api/admin/public/*"}
[36mjuno-admin_1  |[0m 1665227813	[32mINFO[0m	xecho/server.go:75	add route                       	{"aid": "1234567890", "iid": "3dfa3a4ea3049ea77ecf5bcfd59b2055", "mod": "server.echo", "method": "GET", "path": "/api/admin/confgov2/resource/list"}
[36mjuno-admin_1  |[0m 1665227813	[32mINFO[0m	xecho/server.go:75	add route                       	{"aid": "1234567890", "iid": "3dfa3a4ea3049ea77ecf5bcfd59b2055", "mod": "server.echo", "method": "GET", "path": "/api/admin/permission/user/group/apiPermission"}
[36mjuno-admin_1  |[0m 1665227813	[32mINFO[0m	xecho/server.go:75	add route                       	{"aid": "1234567890", "iid": "3dfa3a4ea3049ea77ecf5bcfd59b2055", "mod": "server.echo", "method": "POST", "path": "/api/admin/event"}
[36mjuno-admin_1  |[0m 1665227813	[32mINFO[0m	xecho/server.go:75	add route                       	{"aid": "1234567890", "iid": "3dfa3a4ea3049ea77ecf5bcfd59b2055", "mod": "server.echo", "method": "GET", "path": "/api/admin/grpc/aggregation/list"}
[36mjuno-admin_1  |[0m 1665227813	[32mINFO[0m	xecho/server.go:75	add route                       	{"aid": "1234567890", "iid": "3dfa3a4ea3049ea77ecf5bcfd59b2055", "mod": "server.echo", "method": "OPTIONS", "path": "/grafana/"}
[36mjuno-admin_1  |[0m 1665227813	[32mINFO[0m	xecho/server.go:75	add route                       	{"aid": "1234567890", "iid": "3dfa3a4ea3049ea77ecf5bcfd59b2055", "mod": "server.echo", "method": "GET", "path": "/api/admin/public/*"}
[36mjuno-admin_1  |[0m 1665227813	[32mINFO[0m	xecho/server.go:75	add route                       	{"aid": "1234567890", "iid": "3dfa3a4ea3049ea77ecf5bcfd59b2055", "mod": "server.echo", "method": "GET", "path": "/api/admin/resource/app_node/transfer/list"}
[36mjuno-admin_1  |[0m 1665227813	[32mINFO[0m	xecho/server.go:75	add route                       	{"aid": "1234567890", "iid": "3dfa3a4ea3049ea77ecf5bcfd59b2055", "mod": "server.echo", "method": "REPORT", "path": "/api/admin/test/grpc/*"}
[36mjuno-admin_1  |[0m 1665227813	[32mINFO[0m	xecho/server.go:75	add route                       	{"aid": "1234567890", "iid": "3dfa3a4ea3049ea77ecf5bcfd59b2055", "mod": "server.echo", "method": "POST", "path": "/api/admin/cronjob/task"}
[36mjuno-admin_1  |[0m 1665227813	[32mINFO[0m	xecho/server.go:75	add route                       	{"aid": "1234567890", "iid": "3dfa3a4ea3049ea77ecf5bcfd59b2055", "mod": "server.echo", "method": "PROPFIND", "path": "/api/admin/logger"}
[36mjuno-admin_1  |[0m 1665227813	[32mINFO[0m	xecho/server.go:75	add route                       	{"aid": "1234567890", "iid": "3dfa3a4ea3049ea77ecf5bcfd59b2055", "mod": "server.echo", "method": "POST", "path": "/api/v1/worker/heartbeat"}
[36mjuno-admin_1  |[0m 1665227813	[32mINFO[0m	xecho/server.go:75	add route                       	{"aid": "1234567890", "iid": "3dfa3a4ea3049ea77ecf5bcfd59b2055", "mod": "server.echo", "method": "HEAD", "path": "/api/v1/etcd"}
[36mjuno-admin_1  |[0m 1665227813	[32mINFO[0m	xecho/server.go:75	add route                       	{"aid": "1234567890", "iid": "3dfa3a4ea3049ea77ecf5bcfd59b2055", "mod": "server.echo", "method": "GET", "path": "/api/admin/public/system/config"}
[36mjuno-admin_1  |[0m 1665227813	[32mINFO[0m	xecho/server.go:75	add route                       	{"aid": "1234567890", "iid": "3dfa3a4ea3049ea77ecf5bcfd59b2055", "mod": "server.echo", "method": "PUT", "path": "/api/admin/test/*"}
[36mjuno-admin_1  |[0m 1665227813	[32mINFO[0m	xecho/server.go:75	add route                       	{"aid": "1234567890", "iid": "3dfa3a4ea3049ea77ecf5bcfd59b2055", "mod": "server.echo", "method": "PATCH", "path": "/api/admin/test/grpc"}
[36mjuno-admin_1  |[0m 1665227813	[32mINFO[0m	xecho/server.go:75	add route                       	{"aid": "1234567890", "iid": "3dfa3a4ea3049ea77ecf5bcfd59b2055", "mod": "server.echo", "method": "GET", "path": "/api/admin/test/http/request/history"}
[36mjuno-admin_1  |[0m 1665227813	[32mINFO[0m	xecho/server.go:75	add route                       	{"aid": "1234567890", "iid": "3dfa3a4ea3049ea77ecf5bcfd59b2055", "mod": "server.echo", "method": "TRACE", "path": "/api/admin/pprof"}
[36mjuno-admin_1  |[0m 1665227813	[32mINFO[0m	xecho/server.go:75	add route                       	{"aid": "1234567890", "iid": "3dfa3a4ea3049ea77ecf5bcfd59b2055", "mod": "server.echo", "method": "OPTIONS", "path": "/proxy/*"}
[36mjuno-admin_1  |[0m 1665227813	[32mINFO[0m	xecho/server.go:75	add route                       	{"aid": "1234567890", "iid": "3dfa3a4ea3049ea77ecf5bcfd59b2055", "mod": "server.echo", "method": "PATCH", "path": "/api/admin/user/*"}
[36mjuno-admin_1  |[0m 1665227813	[32mINFO[0m	xecho/server.go:75	add route                       	{"aid": "1234567890", "iid": "3dfa3a4ea3049ea77ecf5bcfd59b2055", "mod": "server.echo", "method": "CONNECT", "path": "/api/admin/confgov2"}
[36mjuno-admin_1  |[0m 1665227813	[32mINFO[0m	xecho/server.go:75	add route                       	{"aid": "1234567890", "iid": "3dfa3a4ea3049ea77ecf5bcfd59b2055", "mod": "server.echo", "method": "REPORT", "path": "/api/admin/etcd/*"}
[36mjuno-admin_1  |[0m 1665227813	[32mINFO[0m	xecho/server.go:75	add route                       	{"aid": "1234567890", "iid": "3dfa3a4ea3049ea77ecf5bcfd59b2055", "mod": "server.echo", "method": "PROPFIND", "path": "/api/admin/cronjob/task/*"}
[36mjuno-admin_1  |[0m 1665227813	[32mINFO[0m	xecho/server.go:75	add route                       	{"aid": "1234567890", "iid": "3dfa3a4ea3049ea77ecf5bcfd59b2055", "mod": "server.echo", "method": "POST", "path": "/api/admin/system/option/create"}
[36mjuno-admin_1  |[0m 1665227813	[32mINFO[0m	xecho/server.go:75	add route                       	{"aid": "1234567890", "iid": "3dfa3a4ea3049ea77ecf5bcfd59b2055", "mod": "server.echo", "method": "PUT", "path": "/api/admin/analysis"}
[36mjuno-admin_1  |[0m 1665227813	[32mINFO[0m	xecho/server.go:75	add route                       	{"aid": "1234567890", "iid": "3dfa3a4ea3049ea77ecf5bcfd59b2055", "mod": "server.echo", "method": "CONNECT", "path": "/api/admin/cronjob/task"}
[36mjuno-admin_1  |[0m 1665227813	[32mINFO[0m	xecho/server.go:75	add route                       	{"aid": "1234567890", "iid": "3dfa3a4ea3049ea77ecf5bcfd59b2055", "mod": "server.echo", "method": "GET", "path": "/api/v1/resource/zone/list"}
[36mjuno-admin_1  |[0m 1665227813	[32mINFO[0m	xecho/server.go:75	add route                       	{"aid": "1234567890", "iid": "3dfa3a4ea3049ea77ecf5bcfd59b2055", "mod": "server.echo", "method": "PATCH", "path": "/api/v1/confgo"}
[36mjuno-admin_1  |[0m 1665227813	[32mINFO[0m	xecho/server.go:75	add route                       	{"aid": "1234567890", "iid": "3dfa3a4ea3049ea77ecf5bcfd59b2055", "mod": "server.echo", "method": "REPORT", "path": "/api/admin/test"}
[36mjuno-admin_1  |[0m 1665227813	[32mINFO[0m	xecho/server.go:75	add route                       	{"aid": "1234567890", "iid": "3dfa3a4ea3049ea77ecf5bcfd59b2055", "mod": "server.echo", "method": "PROPFIND", "path": "/api/admin/test/platform/*"}
[36mjuno-admin_1  |[0m 1665227813	[32mINFO[0m	xecho/server.go:75	add route                       	{"aid": "1234567890", "iid": "3dfa3a4ea3049ea77ecf5bcfd59b2055", "mod": "server.echo", "method": "PUT", "path": "/api/admin/cronjob/*"}
[36mjuno-admin_1  |[0m 1665227813	[32mINFO[0m	xecho/server.go:75	add route                       	{"aid": "1234567890", "iid": "3dfa3a4ea3049ea77ecf5bcfd59b2055", "mod": "server.echo", "method": "PUT", "path": "/api/admin/cronjob/task/*"}
[36mjuno-admin_1  |[0m 1665227813	[32mINFO[0m	xecho/server.go:75	add route                       	{"aid": "1234567890", "iid": "3dfa3a4ea3049ea77ecf5bcfd59b2055", "mod": "server.echo", "method": "HEAD", "path": "/api/admin"}
[36mjuno-admin_1  |[0m 1665227813	[32mINFO[0m	xecho/server.go:75	add route                       	{"aid": "1234567890", "iid": "3dfa3a4ea3049ea77ecf5bcfd59b2055", "mod": "server.echo", "method": "GET", "path": "/api/admin/confgov2/config/instance/configContent"}
[36mjuno-admin_1  |[0m 1665227813	[32mINFO[0m	xecho/server.go:75	add route                       	{"aid": "1234567890", "iid": "3dfa3a4ea3049ea77ecf5bcfd59b2055", "mod": "server.echo", "method": "PUT", "path": "/api/admin/resource/*"}
[36mjuno-admin_1  |[0m 1665227813	[32mINFO[0m	xecho/server.go:75	add route                       	{"aid": "1234567890", "iid": "3dfa3a4ea3049ea77ecf5bcfd59b2055", "mod": "server.echo", "method": "DELETE", "path": "/api/admin/test"}
[36mjuno-admin_1  |[0m 1665227813	[32mINFO[0m	xecho/server.go:75	add route                       	{"aid": "1234567890", "iid": "3dfa3a4ea3049ea77ecf5bcfd59b2055", "mod": "server.echo", "method": "PATCH", "path": "/api/admin/event"}
[36mjuno-admin_1  |[0m 1665227813	[32mINFO[0m	xecho/server.go:75	add route                       	{"aid": "1234567890", "iid": "3dfa3a4ea3049ea77ecf5bcfd59b2055", "mod": "server.echo", "method": "POST", "path": "/api/v1/resource/node/put"}
[36mjuno-admin_1  |[0m 1665227813	[32mINFO[0m	xecho/server.go:75	add route                       	{"aid": "1234567890", "iid": "3dfa3a4ea3049ea77ecf5bcfd59b2055", "mod": "server.echo", "method": "CONNECT", "path": "/api/v1/pprof/*"}
[36mjuno-admin_1  |[0m 1665227813	[32mINFO[0m	xecho/server.go:75	add route                       	{"aid": "1234567890", "iid": "3dfa3a4ea3049ea77ecf5bcfd59b2055", "mod": "server.echo", "method": "PUT", "path": "/grafana/*"}
[36mjuno-admin_1  |[0m 1665227813	[32mINFO[0m	xecho/server.go:75	add route                       	{"aid": "1234567890", "iid": "3dfa3a4ea3049ea77ecf5bcfd59b2055", "mod": "server.echo", "method": "PUT", "path": "/api/admin/test/platform"}
[36mjuno-admin_1  |[0m 1665227813	[32mINFO[0m	xecho/server.go:75	add route                       	{"aid": "1234567890", "iid": "3dfa3a4ea3049ea77ecf5bcfd59b2055", "mod": "server.echo", "method": "OPTIONS", "path": "/api/admin/proxyintegrat/*"}
[36mjuno-admin_1  |[0m 1665227813	[32mINFO[0m	xecho/server.go:75	add route                       	{"aid": "1234567890", "iid": "3dfa3a4ea3049ea77ecf5bcfd59b2055", "mod": "server.echo", "method": "GET", "path": "/api/v1/etcd/list"}
[36mjuno-admin_1  |[0m 1665227813	[32mINFO[0m	xecho/server.go:75	add route                       	{"aid": "1234567890", "iid": "3dfa3a4ea3049ea77ecf5bcfd59b2055", "mod": "server.echo", "method": "REPORT", "path": "/api/admin/pprof/*"}
[36mjuno-admin_1  |[0m 1665227813	[32mINFO[0m	xecho/server.go:75	add route                       	{"aid": "1234567890", "iid": "3dfa3a4ea3049ea77ecf5bcfd59b2055", "mod": "server.echo", "method": "PROPFIND", "path": "/api/v1/analysis"}
[36mjuno-admin_1  |[0m 1665227813	[32mINFO[0m	xecho/server.go:75	add route                       	{"aid": "1234567890", "iid": "3dfa3a4ea3049ea77ecf5bcfd59b2055", "mod": "server.echo", "method": "PROPFIND", "path": "/api/v1/pprof"}
[36mjuno-admin_1  |[0m 1665227813	[32mINFO[0m	xecho/server.go:75	add route                       	{"aid": "1234567890", "iid": "3dfa3a4ea3049ea77ecf5bcfd59b2055", "mod": "server.echo", "method": "GET", "path": "/api/admin/public"}
[36mjuno-admin_1  |[0m 1665227813	[32mINFO[0m	xecho/server.go:75	add route                       	{"aid": "1234567890", "iid": "3dfa3a4ea3049ea77ecf5bcfd59b2055", "mod": "server.echo", "method": "POST", "path": "/api/admin/public/user/appViewHistory"}
[36mjuno-admin_1  |[0m 1665227813	[32mINFO[0m	xecho/server.go:75	add route                       	{"aid": "1234567890", "iid": "3dfa3a4ea3049ea77ecf5bcfd59b2055", "mod": "server.echo", "method": "POST", "path": "/api/admin/test/http/useCases/update"}
[36mjuno-admin_1  |[0m 1665227813	[32mINFO[0m	xecho/server.go:75	add route                       	{"aid": "1234567890", "iid": "3dfa3a4ea3049ea77ecf5bcfd59b2055", "mod": "server.echo", "method": "PROPFIND", "path": "/api/admin/system/*"}
[36mjuno-admin_1  |[0m 1665227813	[32mINFO[0m	xecho/server.go:75	add route                       	{"aid": "1234567890", "iid": "3dfa3a4ea3049ea77ecf5bcfd59b2055", "mod": "server.echo", "method": "PROPFIND", "path": "/api/admin/confgov2"}
[36mjuno-admin_1  |[0m 1665227813	[32mINFO[0m	xecho/server.go:75	add route                       	{"aid": "1234567890", "iid": "3dfa3a4ea3049ea77ecf5bcfd59b2055", "mod": "server.echo", "method": "GET", "path": "/api/admin/resource/node/transfer/list"}
[36mjuno-admin_1  |[0m 1665227813	[32mINFO[0m	xecho/server.go:75	add route                       	{"aid": "1234567890", "iid": "3dfa3a4ea3049ea77ecf5bcfd59b2055", "mod": "server.echo", "method": "DELETE", "path": "/api/admin/cronjob/*"}
[36mjuno-admin_1  |[0m 1665227813	[32mINFO[0m	xecho/server.go:75	add route                       	{"aid": "1234567890", "iid": "3dfa3a4ea3049ea77ecf5bcfd59b2055", "mod": "server.echo", "method": "PROPFIND", "path": "/api/admin/permission/*"}
[36mjuno-admin_1  |[0m 1665227813	[32mINFO[0m	xecho/server.go:75	add route                       	{"aid": "1234567890", "iid": "3dfa3a4ea3049ea77ecf5bcfd59b2055", "mod": "server.echo", "method": "HEAD", "path": "/api/admin/pprof"}
[36mjuno-admin_1  |[0m 1665227813	[32mINFO[0m	xecho/server.go:75	add route                       	{"aid": "1234567890", "iid": "3dfa3a4ea3049ea77ecf5bcfd59b2055", "mod": "server.echo", "method": "CONNECT", "path": "/api/admin/logger/*"}
[36mjuno-admin_1  |[0m 1665227813	[32mINFO[0m	xecho/server.go:75	add route                       	{"aid": "1234567890", "iid": "3dfa3a4ea3049ea77ecf5bcfd59b2055", "mod": "server.echo", "method": "CONNECT", "path": "/api/v1/resource/*"}
[36mjuno-admin_1  |[0m 1665227813	[32mINFO[0m	xecho/server.go:75	add route                       	{"aid": "1234567890", "iid": "3dfa3a4ea3049ea77ecf5bcfd59b2055", "mod": "server.echo", "method": "POST", "path": "/api/admin/openAuth"}
[36mjuno-admin_1  |[0m 1665227813	[32mINFO[0m	xecho/server.go:75	add route                       	{"aid": "1234567890", "iid": "3dfa3a4ea3049ea77ecf5bcfd59b2055", "mod": "server.echo", "method": "TRACE", "path": "/api/v1/system"}
[36mjuno-admin_1  |[0m 1665227813	[32mINFO[0m	xecho/server.go:75	add route                       	{"aid": "1234567890", "iid": "3dfa3a4ea3049ea77ecf5bcfd59b2055", "mod": "server.echo", "method": "PATCH", "path": "/proxy/"}
[36mjuno-admin_1  |[0m 1665227813	[32mINFO[0m	xecho/server.go:75	add route                       	{"aid": "1234567890", "iid": "3dfa3a4ea3049ea77ecf5bcfd59b2055", "mod": "server.echo", "method": "POST", "path": "/api/admin/resource/zone/delete"}
[36mjuno-admin_1  |[0m 1665227813	[32mINFO[0m	xecho/server.go:75	add route                       	{"aid": "1234567890", "iid": "3dfa3a4ea3049ea77ecf5bcfd59b2055", "mod": "server.echo", "method": "REPORT", "path": "/api/admin/system/*"}
[36mjuno-admin_1  |[0m 1665227813	[32mINFO[0m	xecho/server.go:75	add route                       	{"aid": "1234567890", "iid": "3dfa3a4ea3049ea77ecf5bcfd59b2055", "mod": "server.echo", "method": "PROPFIND", "path": "/api/admin/proxyintegrat"}
[36mjuno-admin_1  |[0m 1665227813	[32mINFO[0m	xecho/server.go:75	add route                       	{"aid": "1234567890", "iid": "3dfa3a4ea3049ea77ecf5bcfd59b2055", "mod": "server.echo", "method": "POST", "path": "/api/admin/analysis/*"}
[36mjuno-admin_1  |[0m 1665227813	[32mINFO[0m	xecho/server.go:75	add route                       	{"aid": "1234567890", "iid": "3dfa3a4ea3049ea77ecf5bcfd59b2055", "mod": "server.echo", "method": "PUT", "path": "/api/admin/permission"}
[36mjuno-admin_1  |[0m 1665227813	[32mINFO[0m	xecho/server.go:75	add route                       	{"aid": "1234567890", "iid": "3dfa3a4ea3049ea77ecf5bcfd59b2055", "mod": "server.echo", "method": "TRACE", "path": "/api/v1/event/*"}
[36mjuno-admin_1  |[0m 1665227813	[32mINFO[0m	xecho/server.go:75	add route                       	{"aid": "1234567890", "iid": "3dfa3a4ea3049ea77ecf5bcfd59b2055", "mod": "server.echo", "method": "GET", "path": "/api/v1/etcd"}
[36mjuno-admin_1  |[0m 1665227813	[32mINFO[0m	xecho/server.go:75	add route                       	{"aid": "1234567890", "iid": "3dfa3a4ea3049ea77ecf5bcfd59b2055", "mod": "server.echo", "method": "GET", "path": "/api/v1/resource/zone/info"}
[36mjuno-admin_1  |[0m 1665227813	[32mINFO[0m	xecho/server.go:75	add route                       	{"aid": "1234567890", "iid": "3dfa3a4ea3049ea77ecf5bcfd59b2055", "mod": "server.echo", "method": "GET", "path": "/proxy"}
[36mjuno-admin_1  |[0m 1665227813	[32mINFO[0m	xecho/server.go:75	add route                       	{"aid": "1234567890", "iid": "3dfa3a4ea3049ea77ecf5bcfd59b2055", "mod": "server.echo", "method": "GET", "path": "/api/admin/confgo"}
[36mjuno-admin_1  |[0m 1665227813	[32mINFO[0m	xecho/server.go:75	add route                       	{"aid": "1234567890", "iid": "3dfa3a4ea3049ea77ecf5bcfd59b2055", "mod": "server.echo", "method": "CONNECT", "path": "/api/admin/resource/*"}
[36mjuno-admin_1  |[0m 1665227813	[32mINFO[0m	xecho/server.go:75	add route                       	{"aid": "1234567890", "iid": "3dfa3a4ea3049ea77ecf5bcfd59b2055", "mod": "server.echo", "method": "PATCH", "path": "/api/admin/permission"}
[36mjuno-admin_1  |[0m 1665227813	[32mINFO[0m	xecho/server.go:75	add route                       	{"aid": "1234567890", "iid": "3dfa3a4ea3049ea77ecf5bcfd59b2055", "mod": "server.echo", "method": "HEAD", "path": "/api/admin/user"}
[36mjuno-admin_1  |[0m 1665227813	[32mINFO[0m	xecho/server.go:75	add route                       	{"aid": "1234567890", "iid": "3dfa3a4ea3049ea77ecf5bcfd59b2055", "mod": "server.echo", "method": "HEAD", "path": "/api/admin/confgov2/resource"}
[36mjuno-admin_1  |[0m 1665227813	[32mINFO[0m	xecho/server.go:75	add route                       	{"aid": "1234567890", "iid": "3dfa3a4ea3049ea77ecf5bcfd59b2055", "mod": "server.echo", "method": "DELETE", "path": "/api/admin/proxyintegrat"}
[36mjuno-admin_1  |[0m 1665227813	[32mINFO[0m	xecho/server.go:75	add route                       	{"aid": "1234567890", "iid": "3dfa3a4ea3049ea77ecf5bcfd59b2055", "mod": "server.echo", "method": "HEAD", "path": "/api/admin/test/http"}
[36mjuno-admin_1  |[0m 1665227813	[32mINFO[0m	xecho/server.go:75	add route                       	{"aid": "1234567890", "iid": "3dfa3a4ea3049ea77ecf5bcfd59b2055", "mod": "server.echo", "method": "OPTIONS", "path": "/api/admin/permission"}
[36mjuno-admin_1  |[0m 1665227813	[32mINFO[0m	xecho/server.go:75	add route                       	{"aid": "1234567890", "iid": "3dfa3a4ea3049ea77ecf5bcfd59b2055", "mod": "server.echo", "method": "DELETE", "path": "/api/v1/*"}
[36mjuno-admin_1  |[0m 1665227813	[32mINFO[0m	xecho/server.go:75	add route                       	{"aid": "1234567890", "iid": "3dfa3a4ea3049ea77ecf5bcfd59b2055", "mod": "server.echo", "method": "DELETE", "path": "/api/v1/event/*"}
[36mjuno-admin_1  |[0m 1665227813	[32mINFO[0m	xecho/server.go:75	add route                       	{"aid": "1234567890", "iid": "3dfa3a4ea3049ea77ecf5bcfd59b2055", "mod": "server.echo", "method": "POST", "path": "/api/admin/test/grpc/request/send"}
[36mjuno-admin_1  |[0m 1665227813	[32mINFO[0m	xecho/server.go:75	add route                       	{"aid": "1234567890", "iid": "3dfa3a4ea3049ea77ecf5bcfd59b2055", "mod": "server.echo", "method": "PATCH", "path": "/api/admin/test/platform"}
[36mjuno-admin_1  |[0m 1665227813	[32mINFO[0m	xecho/server.go:75	add route                       	{"aid": "1234567890", "iid": "3dfa3a4ea3049ea77ecf5bcfd59b2055", "mod": "server.echo", "method": "PROPFIND", "path": "/api/admin/test/grpc"}
[36mjuno-admin_1  |[0m 1665227813	[32mINFO[0m	xecho/server.go:75	add route                       	{"aid": "1234567890", "iid": "3dfa3a4ea3049ea77ecf5bcfd59b2055", "mod": "server.echo", "method": "POST", "path": "/api/admin/test/platform/pipeline/create"}
[36mjuno-admin_1  |[0m 1665227813	[32mINFO[0m	xecho/server.go:75	add route                       	{"aid": "1234567890", "iid": "3dfa3a4ea3049ea77ecf5bcfd59b2055", "mod": "server.echo", "method": "GET", "path": "/api/admin/event/list"}
[36mjuno-admin_1  |[0m 1665227813	[32mINFO[0m	xecho/server.go:75	add route                       	{"aid": "1234567890", "iid": "3dfa3a4ea3049ea77ecf5bcfd59b2055", "mod": "server.echo", "method": "POST", "path": "/api/admin/grpc/configurators/update"}
[36mjuno-admin_1  |[0m 1665227813	[32mINFO[0m	xecho/server.go:75	add route                       	{"aid": "1234567890", "iid": "3dfa3a4ea3049ea77ecf5bcfd59b2055", "mod": "server.echo", "method": "PUT", "path": "/proxy"}
[36mjuno-admin_1  |[0m 1665227813	[32mINFO[0m	xecho/server.go:75	add route                       	{"aid": "1234567890", "iid": "3dfa3a4ea3049ea77ecf5bcfd59b2055", "mod": "server.echo", "method": "GET", "path": "/api/admin/analysis/topology/select"}
[36mjuno-admin_1  |[0m 1665227813	[32mINFO[0m	xecho/server.go:75	add route                       	{"aid": "1234567890", "iid": "3dfa3a4ea3049ea77ecf5bcfd59b2055", "mod": "server.echo", "method": "GET", "path": "/api/admin/analysis/deppkg/list"}
[36mjuno-admin_1  |[0m 1665227813	[32mINFO[0m	xecho/server.go:75	add route                       	{"aid": "1234567890", "iid": "3dfa3a4ea3049ea77ecf5bcfd59b2055", "mod": "server.echo", "method": "GET", "path": "/api/admin/permission/appPermissions"}
[36mjuno-admin_1  |[0m 1665227813	[32mINFO[0m	xecho/server.go:75	add route                       	{"aid": "1234567890", "iid": "3dfa3a4ea3049ea77ecf5bcfd59b2055", "mod": "server.echo", "method": "PROPFIND", "path": "/api/admin/openAuth/*"}
[36mjuno-admin_1  |[0m 1665227813	[32mINFO[0m	xecho/server.go:75	add route                       	{"aid": "1234567890", "iid": "3dfa3a4ea3049ea77ecf5bcfd59b2055", "mod": "server.echo", "method": "GET", "path": "/api/admin/logger/*"}
[36mjuno-admin_1  |[0m ⇨ http server started on 127.0.0.1:50002
[36mjuno-admin_1  |[0m 
[36mjuno-admin_1  |[0m [35m(/home/runner/go/pkg/mod/github.com/douyu/jupiter@v0.3.3-0.20210826091832-c7a43d560176/pkg/store/gorm/interceptor.go:120)[0m 
[36mjuno-admin_1  |[0m [33m[2022-10-08 11:16:56][0m  [36;1m[86.86ms][0m  SELECT * FROM `configuration`  WHERE `configuration`.`deleted_at` IS NULL AND ((lock_at is not null and lock_at < '2022-10-08 11:16:50'))  
[36mjuno-admin_1  |[0m [36;31m[0 rows affected or returned ][0m 
[36mjuno-admin_1  |[0m 
[36mjuno-admin_1  |[0m [35m(/home/runner/go/pkg/mod/github.com/douyu/jupiter@v0.3.3-0.20210826091832-c7a43d560176/pkg/store/gorm/interceptor.go:120)[0m 
[36mjuno-admin_1  |[0m [33m[2022-10-08 11:16:59][0m  [36;1m[13.03ms][0m  SELECT * FROM `configuration`  WHERE `configuration`.`deleted_at` IS NULL AND ((lock_at is not null and lock_at < '2022-10-08 11:16:53'))  
[36mjuno-admin_1  |[0m [36;31m[0 rows affected or returned ][0m 
[36mjuno-admin_1  |[0m 
[36mjuno-admin_1  |[0m [35m(/home/runner/go/pkg/mod/github.com/douyu/jupiter@v0.3.3-0.20210826091832-c7a43d560176/pkg/store/gorm/interceptor.go:120)[0m 
[36mjuno-admin_1  |[0m [33m[2022-10-08 11:17:02][0m  [36;1m[1.32ms][0m  SELECT * FROM `configuration`  WHERE `configuration`.`deleted_at` IS NULL AND ((lock_at is not null and lock_at < '2022-10-08 11:16:56'))  
[36mjuno-admin_1  |[0m [36;31m[0 rows affected or returned ][0m 
[36mjuno-admin_1  |[0m 
[36mjuno-admin_1  |[0m [35m(/home/runner/go/pkg/mod/github.com/douyu/jupiter@v0.3.3-0.20210826091832-c7a43d560176/pkg/store/gorm/interceptor.go:120)[0m 
[36mjuno-admin_1  |[0m [33m[2022-10-08 11:17:03][0m  [36;1m[147.28ms][0m  SELECT * FROM `worker_node`  WHERE `worker_node`.`deleted_at` IS NULL AND ((last_heartbeat >= '2022-10-08 11:17:03'))  
[36mjuno-admin_1  |[0m [36;31m[0 rows affected or returned ][0m 
[36mjuno-admin_1  |[0m 
[36mjuno-admin_1  |[0m [35m(/home/runner/go/pkg/mod/github.com/douyu/jupiter@v0.3.3-0.20210826091832-c7a43d560176/pkg/store/gorm/interceptor.go:120)[0m 
[36mjuno-admin_1  |[0m [33m[2022-10-08 11:17:05][0m  [36;1m[1.34ms][0m  SELECT * FROM `configuration`  WHERE `configuration`.`deleted_at` IS NULL AND ((lock_at is not null and lock_at < '2022-10-08 11:16:59'))  
[36mjuno-admin_1  |[0m [36;31m[0 rows affected or returned ][0m 
[36mjuno-admin_1  |[0m 
[36mjuno-admin_1  |[0m [35m(/home/runner/go/pkg/mod/github.com/douyu/jupiter@v0.3.3-0.20210826091832-c7a43d560176/pkg/store/gorm/interceptor.go:120)[0m 
[36mjuno-admin_1  |[0m [33m[2022-10-08 11:17:08][0m  [36;1m[1.46ms][0m  SELECT * FROM `configuration`  WHERE `configuration`.`deleted_at` IS NULL AND ((lock_at is not null and lock_at < '2022-10-08 11:17:02'))  
[36mjuno-admin_1  |[0m [36;31m[0 rows affected or returned ][0m 
[36mjuno-admin_1  |[0m 
[36mjuno-admin_1  |[0m [35m(/home/runner/go/pkg/mod/github.com/douyu/jupiter@v0.3.3-0.20210826091832-c7a43d560176/pkg/store/gorm/interceptor.go:120)[0m 
[36mjuno-admin_1  |[0m [33m[2022-10-08 11:17:11][0m  [36;1m[1.39ms][0m  SELECT * FROM `configuration`  WHERE `configuration`.`deleted_at` IS NULL AND ((lock_at is not null and lock_at < '2022-10-08 11:17:05'))  
[36mjuno-admin_1  |[0m [36;31m[0 rows affected or returned ][0m 
[36mjuno-admin_1  |[0m 
[36mjuno-admin_1  |[0m [35m(/home/runner/go/pkg/mod/github.com/douyu/jupiter@v0.3.3-0.20210826091832-c7a43d560176/pkg/store/gorm/interceptor.go:120)[0m 
[36mjuno-admin_1  |[0m [33m[2022-10-08 11:17:13][0m  [36;1m[1.56ms][0m  SELECT * FROM `worker_node`  WHERE `worker_node`.`deleted_at` IS NULL AND ((last_heartbeat >= '2022-10-08 11:17:13'))  
[36mjuno-admin_1  |[0m [36;31m[0 rows affected or returned ][0m 
[36mjuno-admin_1  |[0m 
[36mjuno-admin_1  |[0m [35m(/home/runner/go/pkg/mod/github.com/douyu/jupiter@v0.3.3-0.20210826091832-c7a43d560176/pkg/store/gorm/interceptor.go:120)[0m 
[36mjuno-admin_1  |[0m [33m[2022-10-08 11:17:14][0m  [36;1m[0.42ms][0m  SELECT * FROM `configuration`  WHERE `configuration`.`deleted_at` IS NULL AND ((lock_at is not null and lock_at < '2022-10-08 11:17:08'))  
[36mjuno-admin_1  |[0m [36;31m[0 rows affected or returned ][0m 
[36mjuno-admin_1  |[0m 
[36mjuno-admin_1  |[0m [35m(/home/runner/go/pkg/mod/github.com/douyu/jupiter@v0.3.3-0.20210826091832-c7a43d560176/pkg/store/gorm/interceptor.go:120)[0m 
[36mjuno-admin_1  |[0m [33m[2022-10-08 11:17:17][0m  [36;1m[1.83ms][0m  SELECT * FROM `configuration`  WHERE `configuration`.`deleted_at` IS NULL AND ((lock_at is not null and lock_at < '2022-10-08 11:17:11'))  
[36mjuno-admin_1  |[0m [36;31m[0 rows affected or returned ][0m 
[36mjuno-admin_1  |[0m 
[36mjuno-admin_1  |[0m [35m(/home/runner/go/pkg/mod/github.com/douyu/jupiter@v0.3.3-0.20210826091832-c7a43d560176/pkg/store/gorm/interceptor.go:120)[0m 
[36mjuno-admin_1  |[0m [33m[2022-10-08 11:17:20][0m  [36;1m[1.41ms][0m  SELECT * FROM `configuration`  WHERE `configuration`.`deleted_at` IS NULL AND ((lock_at is not null and lock_at < '2022-10-08 11:17:14'))  
[36mjuno-admin_1  |[0m [36;31m[0 rows affected or returned ][0m 
[36mjuno-admin_1  |[0m 1665227813	[32mINFO[0m	InitCfg                         	{"config": {"AppURL":"http://jupiterconsole.douyu.com/","AppSubURL":"","AuthProxyEnabled":false,"DisableUserSignUp":false,"App":{"Mode":"local","SecretKey":"ASDFASDFASDF","ProductionEnvs":null},"Auth":{"LoginCookieName":"juno_session","LoginMaximumInactiveLifetimeDays":7,"LoginMaximumLifetimeDays":30,"TokenRotationIntervalMinutes":10,"DisableLoginForm":false,"DisableSignoutMenu":false,"SignoutRedirectUrl":"","OauthAutoLogin":false,"OauthStateCookieMaxAge":60,"ApiKeyMaxSecondsToLive":-1},"Server":{"Http":{"Host":"0.0.0.0","Port":50002,"Domain":"localhost","RootUrl":"http://jupiterconsole.douyu.com/","StaticRootPath":"","EnableGzip":false},"Govern":{"Host":"0.0.0.0","Port":50004,"Domain":"","RootUrl":"","StaticRootPath":"","EnableGzip":false}},"GrafanaProxy":{"Enable":false,"Name":"grafana"},"Gateway":{"Enable":false,"Name":"gateway"},"ClientProxy":{"HttpRouter":{"GovernConfig":"/configs"},"SingleProxy":{"DefaultEtcd":{"enable":false,"listenAddr":"127.0.0.1:5379","endpoints":["127.0.0.1:2379"],"namespace":"","timeout":0,"tls":{"cert":"","key":"","cacert":""},"basicAuth":false,"password":"","userName":""},"RegisterEtcd":{"enable":false,"listenAddr":"127.0.0.1:62379","endpoints":["127.0.0.1:2379"],"namespace":"","timeout":0,"tls":{"cert":"","key":"","cacert":""},"basicAuth":false,"password":"","userName":""}},"MultiProxy":[{"Env":"dev","ZoneCode":"test","Stream":{"Enable":false,"ProxyAddr":null,"Debug":false},"HTTP":{"Enable":true,"ListenAddr":"127.0.0.1:50000","Scheme":"http","Backend":"","DisableKeepAlives":true,"MaxIdleConns":30,"MaxIdelPerHost":60,"Timeout":3},"DefaultEtcd":{"enable":false,"listenAddr":"","endpoints":null,"namespace":"","timeout":0,"tls":{"cert":"","key":"","cacert":""},"basicAuth":false,"password":"","userName":""},"RegisterEtcd":{"enable":false,"listenAddr":"","endpoints":null,"namespace":"","timeout":0,"tls":{"cert":"","key":"","cacert":""},"basicAuth":false,"password":"","userName":""}}]},"ServerProxy":{"Name":"_","Stream":{"Enable":false,"ProxyAddr":null,"Debug":false},"HTTPServer":{"Host":"","Port":0,"Domain":"","RootUrl":"","StaticRootPath":"","EnableGzip":false},"GrpcServer":{"Host":"","Port":0,"Domain":"","RootUrl":"","StaticRootPath":"","EnableGzip":false},"GovernServer":{"Host":"","Port":0,"Domain":"","RootUrl":"","StaticRootPath":"","EnableGzip":false},"HeartBeat":{"enable":true,"debug":false,"addr":"stream","internal":60000000000,"host_name":"fc64d73a2328","region_code":"","region_name":"","zone_code":"","zone_name":"","env":""},"DefaultEtcd":{"enable":false,"listenAddr":"","endpoints":null,"namespace":"","timeout":0,"tls":{"cert":"","key":"","cacert":""},"basicAuth":false,"password":"","userName":""},"RegisterEtcd":{"enable":false,"listenAddr":"","endpoints":null,"namespace":"","timeout":0,"tls":{"cert":"","key":"","cacert":""},"basicAuth":false,"password":"","userName":""},"Prometheus":{"Enable":true,"ListenAddr":"127.0.0.1:59090","Scheme":"","Backend":"127.0.0.1:9090","DisableKeepAlives":true,"MaxIdleConns":30,"MaxIdelPerHost":60,"Timeout":3}},"Database":{"Enable":true,"dsn":"root:root@tcp(mysql:3306)/juno?charset=utf8&parseTime=True&loc=Local&readTimeout=1s&timeout=1s&writeTimeout=3s","debug":true,"maxIdleConns":50,"maxOpenConns":100,"connMaxLifetime":300000000000,"level":"","slowThreshold":0,"dialTimeout":0,"disableMetric":false,"disableTrace":false},"Configure":{"dirs":["/tmp/www/server"],"prefixes":["juno-agent"],"agent":{"port":50010}},"Agent":{"Port":0,"Secret":""},"Casbin":{"Enable":false,"Debug":true,"Model":"./config/model.conf","AutoLoad":true,"AutoLoadInternal":60,"ResourceFile":"./config/resource.yaml"},"Pprof":{"TmpPath":"/tmp","TokenHeader":"X-JUNO-PPROF","Token":"juno666","Timeout":120000000000,"Debug":false,"StorePath":"data/pprof"},"Register":{"Enable":true,"Endpoints":["http://etcd:2379"],"connectTimeout":1000000000,"secure":false,"basicAuth":false,"password":"","userName":""},"Logger":{"Biz":{"Dir":"./logs","Name":"biz.json","Level":"debug","Fields":null,"AddCaller":false,"Interval":0,"CallerSkip":0,"Async":false,"Debug":true},"System":{"Dir":"./logs","Name":"system.json","Level":"debug","Fields":null,"AddCaller":false,"Interval":0,"CallerSkip":0,"Async":false,"Debug":true}},"Assist":{"Action":{"Enable":false,"URL":""}},"AppLog":{"Enable":true,"Mode":"default","Aliyun":{"Key":"","Secret":"","RoleArn":"","RoleSessionName":"","regionId":"","loginUrl":""},"Default":{"DashboardUrl":"","LogStoreUrl":"","Project":[{"Project":"","Env":[""],"LogStoreConsole":"","LogStoreJupiter":"","LogStoreBiz":""}]}},"GrpcTest":{"Enable":false,"ProtoDir":""},"ProxyAuth":{"Token":""},"CodePlatform":{"Token":""},"TestPlatform":{"Enable":false,"Worker":{"LocalQueueDir":"","HeartbeatTimeout":0}},"Notice":{"Email":{"serverHost":"","serverPort":0,"fromEmail":"","fromPasswd":"","subject":"","templatePath":"","toers":null,"cCers":null},"ding":{"webHook":""}},"JunoEvent":{"Rocketmq":{"Enable":false,"Addr":null,"Topic":"","Group":"","Retry":0,"DialTimeout":0}},"UserVisit":{"CleanDay":90},"LabelAid":"aid","Enable":false,"Prefix":[],"ExcludeSuffix":null,"Doc":""}}
[36mjuno-admin_1  |[0m 
[36mjuno-admin_1  |[0m [35m(/home/runner/go/pkg/mod/github.com/douyu/jupiter@v0.3.3-0.20210826091832-c7a43d560176/pkg/store/gorm/interceptor.go:120)[0m 
[36mjuno-admin_1  |[0m [33m[2022-10-08 11:17:23][0m  [36;1m[64.88ms][0m  SELECT * FROM `system_config`    
[36mjuno-admin_1  |[0m [36;31m[3 rows affected or returned ][0m 
[36mjuno-admin_1  |[0m 
[36mjuno-admin_1  |[0m [35m(/home/runner/go/pkg/mod/github.com/douyu/jupiter@v0.3.3-0.20210826091832-c7a43d560176/pkg/store/gorm/interceptor.go:120)[0m 
[36mjuno-admin_1  |[0m [33m[2022-10-08 11:17:23][0m  [36;1m[63.72ms][0m  SELECT * FROM `test_pipeline_task`  WHERE `test_pipeline_task`.`deleted_at` IS NULL AND ((status = 'running') AND (updated_at < '2022-10-08 10:47:23'))  
[36mjuno-admin_1  |[0m [36;31m[0 rows affected or returned ][0m 
[36mjuno-admin_1  |[0m 
[36mjuno-admin_1  |[0m [35m(/home/runner/go/pkg/mod/github.com/douyu/jupiter@v0.3.3-0.20210826091832-c7a43d560176/pkg/store/gorm/interceptor.go:120)[0m 
[36mjuno-admin_1  |[0m [33m[2022-10-08 11:17:23][0m  [36;1m[1.28ms][0m  SELECT * FROM `configuration`  WHERE `configuration`.`deleted_at` IS NULL AND ((lock_at is not null and lock_at < '2022-10-08 11:17:17'))  
[36mjuno-admin_1  |[0m [36;31m[0 rows affected or returned ][0m 
[36mjuno-admin_1  |[0m 
[36mjuno-admin_1  |[0m [35m(/home/runner/go/pkg/mod/github.com/douyu/jupiter@v0.3.3-0.20210826091832-c7a43d560176/pkg/store/gorm/interceptor.go:120)[0m 
[36mjuno-admin_1  |[0m [33m[2022-10-08 11:17:23][0m  [36;1m[1.52ms][0m  SELECT * FROM `worker_node`  WHERE `worker_node`.`deleted_at` IS NULL AND ((last_heartbeat >= '2022-10-08 11:17:23'))  
[36mjuno-admin_1  |[0m [36;31m[0 rows affected or returned ][0m 
[36mjuno-admin_1  |[0m 
[36mjuno-admin_1  |[0m [35m(/home/runner/go/pkg/mod/github.com/douyu/jupiter@v0.3.3-0.20210826091832-c7a43d560176/pkg/store/gorm/interceptor.go:120)[0m 
[36mjuno-admin_1  |[0m [33m[2022-10-08 11:17:26][0m  [36;1m[1.37ms][0m  SELECT * FROM `configuration`  WHERE `configuration`.`deleted_at` IS NULL AND ((lock_at is not null and lock_at < '2022-10-08 11:17:20'))  
[36mjuno-admin_1  |[0m [36;31m[0 rows affected or returned ][0m 
[36mjuno-admin_1  |[0m 
[36mjuno-admin_1  |[0m [35m(/home/runner/go/pkg/mod/github.com/douyu/jupiter@v0.3.3-0.20210826091832-c7a43d560176/pkg/store/gorm/interceptor.go:120)[0m 
[36mjuno-admin_1  |[0m [33m[2022-10-08 11:17:29][0m  [36;1m[1.39ms][0m  SELECT * FROM `configuration`  WHERE `configuration`.`deleted_at` IS NULL AND ((lock_at is not null and lock_at < '2022-10-08 11:17:23'))  
[36mjuno-admin_1  |[0m [36;31m[0 rows affected or returned ][0m 
[36mjuno-admin_1  |[0m 
[36mjuno-admin_1  |[0m [35m(/home/runner/go/pkg/mod/github.com/douyu/jupiter@v0.3.3-0.20210826091832-c7a43d560176/pkg/store/gorm/interceptor.go:120)[0m 
[36mjuno-admin_1  |[0m [33m[2022-10-08 11:17:32][0m  [36;1m[1.43ms][0m  SELECT * FROM `configuration`  WHERE `configuration`.`deleted_at` IS NULL AND ((lock_at is not null and lock_at < '2022-10-08 11:17:26'))  
[36mjuno-admin_1  |[0m [36;31m[0 rows affected or returned ][0m 
[36mjuno-admin_1  |[0m 
[36mjuno-admin_1  |[0m [35m(/home/runner/go/pkg/mod/github.com/douyu/jupiter@v0.3.3-0.20210826091832-c7a43d560176/pkg/store/gorm/interceptor.go:120)[0m 
[36mjuno-admin_1  |[0m [33m[2022-10-08 11:17:33][0m  [36;1m[1.44ms][0m  SELECT * FROM `worker_node`  WHERE `worker_node`.`deleted_at` IS NULL AND ((last_heartbeat >= '2022-10-08 11:17:33'))  
[36mjuno-admin_1  |[0m [36;31m[0 rows affected or returned ][0m 
[36mjuno-admin_1  |[0m 
[36mjuno-admin_1  |[0m [35m(/home/runner/go/pkg/mod/github.com/douyu/jupiter@v0.3.3-0.20210826091832-c7a43d560176/pkg/store/gorm/interceptor.go:120)[0m 
[36mjuno-admin_1  |[0m [33m[2022-10-08 11:17:35][0m  [36;1m[0.42ms][0m  SELECT * FROM `configuration`  WHERE `configuration`.`deleted_at` IS NULL AND ((lock_at is not null and lock_at < '2022-10-08 11:17:29'))  
[36mjuno-admin_1  |[0m [36;31m[0 rows affected or returned ][0m 
[36mjuno-admin_1  |[0m 
[36mjuno-admin_1  |[0m [35m(/home/runner/go/pkg/mod/github.com/douyu/jupiter@v0.3.3-0.20210826091832-c7a43d560176/pkg/store/gorm/interceptor.go:120)[0m 
[36mjuno-admin_1  |[0m [33m[2022-10-08 11:17:38][0m  [36;1m[1.44ms][0m  SELECT * FROM `configuration`  WHERE `configuration`.`deleted_at` IS NULL AND ((lock_at is not null and lock_at < '2022-10-08 11:17:32'))  
[36mjuno-admin_1  |[0m [36;31m[0 rows affected or returned ][0m 
[36mjuno-admin_1  |[0m 
[36mjuno-admin_1  |[0m [35m(/home/runner/go/pkg/mod/github.com/douyu/jupiter@v0.3.3-0.20210826091832-c7a43d560176/pkg/store/gorm/interceptor.go:120)[0m 
[36mjuno-admin_1  |[0m [33m[2022-10-08 11:17:41][0m  [36;1m[1.36ms][0m  SELECT * FROM `configuration`  WHERE `configuration`.`deleted_at` IS NULL AND ((lock_at is not null and lock_at < '2022-10-08 11:17:35'))  
[36mjuno-admin_1  |[0m [36;31m[0 rows affected or returned ][0m 
[36mjuno-admin_1  |[0m 
[36mjuno-admin_1  |[0m [35m(/home/runner/go/pkg/mod/github.com/douyu/jupiter@v0.3.3-0.20210826091832-c7a43d560176/pkg/store/gorm/interceptor.go:120)[0m 
[36mjuno-admin_1  |[0m [33m[2022-10-08 11:17:43][0m  [36;1m[1.46ms][0m  SELECT * FROM `worker_node`  WHERE `worker_node`.`deleted_at` IS NULL AND ((last_heartbeat >= '2022-10-08 11:17:43'))  
[36mjuno-admin_1  |[0m [36;31m[0 rows affected or returned ][0m 
[36mjuno-admin_1  |[0m 
[36mjuno-admin_1  |[0m [35m(/home/runner/go/pkg/mod/github.com/douyu/jupiter@v0.3.3-0.20210826091832-c7a43d560176/pkg/store/gorm/interceptor.go:120)[0m 
[36mjuno-admin_1  |[0m [33m[2022-10-08 11:17:44][0m  [36;1m[1.37ms][0m  SELECT * FROM `configuration`  WHERE `configuration`.`deleted_at` IS NULL AND ((lock_at is not null and lock_at < '2022-10-08 11:17:38'))  
[36mjuno-admin_1  |[0m [36;31m[0 rows affected or returned ][0m 
[36mjuno-admin_1  |[0m 
[36mjuno-admin_1  |[0m [35m(/home/runner/go/pkg/mod/github.com/douyu/jupiter@v0.3.3-0.20210826091832-c7a43d560176/pkg/store/gorm/interceptor.go:120)[0m 
[36mjuno-admin_1  |[0m [33m[2022-10-08 11:17:47][0m  [36;1m[0.58ms][0m  SELECT * FROM `configuration`  WHERE `configuration`.`deleted_at` IS NULL AND ((lock_at is not null and lock_at < '2022-10-08 11:17:41'))  
[36mjuno-admin_1  |[0m [36;31m[0 rows affected or returned ][0m 
[36mjuno-admin_1  |[0m 
[36mjuno-admin_1  |[0m [35m(/home/runner/go/pkg/mod/github.com/douyu/jupiter@v0.3.3-0.20210826091832-c7a43d560176/pkg/store/gorm/interceptor.go:120)[0m 
[36mjuno-admin_1  |[0m [33m[2022-10-08 11:17:50][0m  [36;1m[1.16ms][0m  SELECT * FROM `configuration`  WHERE `configuration`.`deleted_at` IS NULL AND ((lock_at is not null and lock_at < '2022-10-08 11:17:44'))  
[36mjuno-admin_1  |[0m [36;31m[0 rows affected or returned ][0m 
[36mjuno-admin_1  |[0m 1665227873	[32mINFO[0m	xcron/config.go:149	cron wake                       	{"aid": "1234567890", "iid": "3dfa3a4ea3049ea77ecf5bcfd59b2055", "mod": "worker.cron", "now": 1665227873}
[36mjuno-admin_1  |[0m 1665227873	[32mINFO[0m	xcron/config.go:149	cron run                        	{"aid": "1234567890", "iid": "3dfa3a4ea3049ea77ecf5bcfd59b2055", "mod": "worker.cron", "now": 1665227873, "entry": 1, "next": 1665227933}
[36mjuno-admin_1  |[0m 
[36mjuno-admin_1  |[0m [35m(/home/runner/go/pkg/mod/github.com/douyu/jupiter@v0.3.3-0.20210826091832-c7a43d560176/pkg/store/gorm/interceptor.go:120)[0m 
[36mjuno-admin_1  |[0m [33m[2022-10-08 11:17:53][0m  [36;1m[1.38ms][0m  SELECT * FROM `proxy_manage`  WHERE (delete_time = 0)  
[36mjuno-admin_1  |[0m [36;31m[0 rows affected or returned ][0m 
[36mjuno-admin_1  |[0m 1665227873	[32mINFO[0m	xcron/config.go:217	run                             	{"aid": "1234567890", "iid": "3dfa3a4ea3049ea77ecf5bcfd59b2055", "mod": "worker.cron", "name": "github.com/douyu/juno/internal/pkg/service/proxyintegrat.RefreshProxyConfig"}
[36mjuno-admin_1  |[0m 
[36mjuno-admin_1  |[0m [35m(/home/runner/go/pkg/mod/github.com/douyu/jupiter@v0.3.3-0.20210826091832-c7a43d560176/pkg/store/gorm/interceptor.go:120)[0m 
[36mjuno-admin_1  |[0m [33m[2022-10-08 11:17:53][0m  [36;1m[0.99ms][0m  SELECT * FROM `system_config`    
[36mjuno-admin_1  |[0m [36;31m[3 rows affected or returned ][0m 
[36mjuno-admin_1  |[0m 
[36mjuno-admin_1  |[0m [35m(/home/runner/go/pkg/mod/github.com/douyu/jupiter@v0.3.3-0.20210826091832-c7a43d560176/pkg/store/gorm/interceptor.go:120)[0m 
[36mjuno-admin_1  |[0m [33m[2022-10-08 11:17:53][0m  [36;1m[1.20ms][0m  SELECT * FROM `test_pipeline_task`  WHERE `test_pipeline_task`.`deleted_at` IS NULL AND ((status = 'running') AND (updated_at < '2022-10-08 10:47:53'))  
[36mjuno-admin_1  |[0m [36;31m[0 rows affected or returned ][0m 
[36mjuno-admin_1  |[0m 
[36mjuno-admin_1  |[0m [35m(/home/runner/go/pkg/mod/github.com/douyu/jupiter@v0.3.3-0.20210826091832-c7a43d560176/pkg/store/gorm/interceptor.go:120)[0m 
[36mjuno-admin_1  |[0m [33m[2022-10-08 11:17:53][0m  [36;1m[0.73ms][0m  SELECT * FROM `configuration`  WHERE `configuration`.`deleted_at` IS NULL AND ((lock_at is not null and lock_at < '2022-10-08 11:17:47'))  
[36mjuno-admin_1  |[0m [36;31m[0 rows affected or returned ][0m 
[36mjuno-admin_1  |[0m 
[36mjuno-admin_1  |[0m [35m(/home/runner/go/pkg/mod/github.com/douyu/jupiter@v0.3.3-0.20210826091832-c7a43d560176/pkg/store/gorm/interceptor.go:120)[0m 
[36mjuno-admin_1  |[0m [33m[2022-10-08 11:17:53][0m  [36;1m[1.65ms][0m  SELECT * FROM `worker_node`  WHERE `worker_node`.`deleted_at` IS NULL AND ((last_heartbeat >= '2022-10-08 11:17:53'))  
[36mjuno-admin_1  |[0m [36;31m[0 rows affected or returned ][0m 
[36mjuno-admin_1  |[0m 
[36mjuno-admin_1  |[0m [35m(/home/runner/go/pkg/mod/github.com/douyu/jupiter@v0.3.3-0.20210826091832-c7a43d560176/pkg/store/gorm/interceptor.go:120)[0m 
[36mjuno-admin_1  |[0m [33m[2022-10-08 11:17:56][0m  [36;1m[1.36ms][0m  SELECT * FROM `configuration`  WHERE `configuration`.`deleted_at` IS NULL AND ((lock_at is not null and lock_at < '2022-10-08 11:17:50'))  
[36mjuno-admin_1  |[0m [36;31m[0 rows affected or returned ][0m 
[36mjuno-admin_1  |[0m 
[36mjuno-admin_1  |[0m [35m(/home/runner/go/pkg/mod/github.com/douyu/jupiter@v0.3.3-0.20210826091832-c7a43d560176/pkg/store/gorm/interceptor.go:120)[0m 
[36mjuno-admin_1  |[0m [33m[2022-10-08 11:17:59][0m  [36;1m[1.27ms][0m  SELECT * FROM `configuration`  WHERE `configuration`.`deleted_at` IS NULL AND ((lock_at is not null and lock_at < '2022-10-08 11:17:53'))  
[36mjuno-admin_1  |[0m [36;31m[0 rows affected or returned ][0m 
[36mjuno-admin_1  |[0m 
[36mjuno-admin_1  |[0m [35m(/home/runner/go/pkg/mod/github.com/douyu/jupiter@v0.3.3-0.20210826091832-c7a43d560176/pkg/store/gorm/interceptor.go:120)[0m 
[36mjuno-admin_1  |[0m [33m[2022-10-08 11:18:02][0m  [36;1m[1.35ms][0m  SELECT * FROM `configuration`  WHERE `configuration`.`deleted_at` IS NULL AND ((lock_at is not null and lock_at < '2022-10-08 11:17:56'))  
[36mjuno-admin_1  |[0m [36;31m[0 rows affected or returned ][0m 
[36mjuno-admin_1  |[0m 
[36mjuno-admin_1  |[0m [35m(/home/runner/go/pkg/mod/github.com/douyu/jupiter@v0.3.3-0.20210826091832-c7a43d560176/pkg/store/gorm/interceptor.go:120)[0m 
[36mjuno-admin_1  |[0m [33m[2022-10-08 11:18:03][0m  [36;1m[1.51ms][0m  SELECT * FROM `worker_node`  WHERE `worker_node`.`deleted_at` IS NULL AND ((last_heartbeat >= '2022-10-08 11:18:03'))  
[36mjuno-admin_1  |[0m [36;31m[0 rows affected or returned ][0m 
[36mjuno-admin_1  |[0m 
[36mjuno-admin_1  |[0m [35m(/home/runner/go/pkg/mod/github.com/douyu/jupiter@v0.3.3-0.20210826091832-c7a43d560176/pkg/store/gorm/interceptor.go:120)[0m 
[36mjuno-admin_1  |[0m [33m[2022-10-08 11:18:05][0m  [36;1m[1.41ms][0m  SELECT * FROM `configuration`  WHERE `configuration`.`deleted_at` IS NULL AND ((lock_at is not null and lock_at < '2022-10-08 11:17:59'))  
[36mjuno-admin_1  |[0m [36;31m[0 rows affected or returned ][0m 
[36mjuno-admin_1  |[0m 
[36mjuno-admin_1  |[0m [35m(/home/runner/go/pkg/mod/github.com/douyu/jupiter@v0.3.3-0.20210826091832-c7a43d560176/pkg/store/gorm/interceptor.go:120)[0m 
[36mjuno-admin_1  |[0m [33m[2022-10-08 11:18:08][0m  [36;1m[1.36ms][0m  SELECT * FROM `configuration`  WHERE `configuration`.`deleted_at` IS NULL AND ((lock_at is not null and lock_at < '2022-10-08 11:18:02'))  
[36mjuno-admin_1  |[0m [36;31m[0 rows affected or returned ][0m 
[36mjuno-admin_1  |[0m 
[36mjuno-admin_1  |[0m [35m(/home/runner/go/pkg/mod/github.com/douyu/jupiter@v0.3.3-0.20210826091832-c7a43d560176/pkg/store/gorm/interceptor.go:120)[0m 
[36mjuno-admin_1  |[0m [33m[2022-10-08 11:18:11][0m  [36;1m[1.15ms][0m  SELECT * FROM `configuration`  WHERE `configuration`.`deleted_at` IS NULL AND ((lock_at is not null and lock_at < '2022-10-08 11:18:05'))  
[36mjuno-admin_1  |[0m [36;31m[0 rows affected or returned ][0m 
[36mjuno-admin_1  |[0m 
[36mjuno-admin_1  |[0m [35m(/home/runner/go/pkg/mod/github.com/douyu/jupiter@v0.3.3-0.20210826091832-c7a43d560176/pkg/store/gorm/interceptor.go:120)[0m 
[36mjuno-admin_1  |[0m [33m[2022-10-08 11:18:13][0m  [36;1m[1.50ms][0m  SELECT * FROM `worker_node`  WHERE `worker_node`.`deleted_at` IS NULL AND ((last_heartbeat >= '2022-10-08 11:18:13'))  
[36mjuno-admin_1  |[0m [36;31m[0 rows affected or returned ][0m 
[36mjuno-admin_1  |[0m 
[36mjuno-admin_1  |[0m [35m(/home/runner/go/pkg/mod/github.com/douyu/jupiter@v0.3.3-0.20210826091832-c7a43d560176/pkg/store/gorm/interceptor.go:120)[0m 
[36mjuno-admin_1  |[0m [33m[2022-10-08 11:18:14][0m  [36;1m[1.36ms][0m  SELECT * FROM `configuration`  WHERE `configuration`.`deleted_at` IS NULL AND ((lock_at is not null and lock_at < '2022-10-08 11:18:08'))  
[36mjuno-admin_1  |[0m [36;31m[0 rows affected or returned ][0m 
[36mjuno-admin_1  |[0m 
[36mjuno-admin_1  |[0m [35m(/home/runner/go/pkg/mod/github.com/douyu/jupiter@v0.3.3-0.20210826091832-c7a43d560176/pkg/store/gorm/interceptor.go:120)[0m 
[36mjuno-admin_1  |[0m [33m[2022-10-08 11:18:17][0m  [36;1m[1.25ms][0m  SELECT * FROM `configuration`  WHERE `configuration`.`deleted_at` IS NULL AND ((lock_at is not null and lock_at < '2022-10-08 11:18:11'))  
[36mjuno-admin_1  |[0m [36;31m[0 rows affected or returned ][0m 
[36mjuno-admin_1  |[0m 
[36mjuno-admin_1  |[0m [35m(/home/runner/go/pkg/mod/github.com/douyu/jupiter@v0.3.3-0.20210826091832-c7a43d560176/pkg/store/gorm/interceptor.go:120)[0m 
[36mjuno-admin_1  |[0m [33m[2022-10-08 11:18:20][0m  [36;1m[1.45ms][0m  SELECT * FROM `configuration`  WHERE `configuration`.`deleted_at` IS NULL AND ((lock_at is not null and lock_at < '2022-10-08 11:18:14'))  
[36mjuno-admin_1  |[0m [36;31m[0 rows affected or returned ][0m 
[36mjuno-admin_1  |[0m 
[36mjuno-admin_1  |[0m [35m(/home/runner/go/pkg/mod/github.com/douyu/jupiter@v0.3.3-0.20210826091832-c7a43d560176/pkg/store/gorm/interceptor.go:120)[0m 
[36mjuno-admin_1  |[0m [33m[2022-10-08 11:18:23][0m  [36;1m[0.94ms][0m  SELECT * FROM `system_config`    
[36mjuno-admin_1  |[0m [36;31m[3 rows affected or returned ][0m 
[36mjuno-admin_1  |[0m 
[36mjuno-admin_1  |[0m [35m(/home/runner/go/pkg/mod/github.com/douyu/jupiter@v0.3.3-0.20210826091832-c7a43d560176/pkg/store/gorm/interceptor.go:120)[0m 
[36mjuno-admin_1  |[0m [33m[2022-10-08 11:18:23][0m  [36;1m[1.41ms][0m  SELECT * FROM `test_pipeline_task`  WHERE `test_pipeline_task`.`deleted_at` IS NULL AND ((status = 'running') AND (updated_at < '2022-10-08 10:48:23'))  
[36mjuno-admin_1  |[0m [36;31m[0 rows affected or returned ][0m 
[36mjuno-admin_1  |[0m 
[36mjuno-admin_1  |[0m [35m(/home/runner/go/pkg/mod/github.com/douyu/jupiter@v0.3.3-0.20210826091832-c7a43d560176/pkg/store/gorm/interceptor.go:120)[0m 
[36mjuno-admin_1  |[0m [33m[2022-10-08 11:18:23][0m  [36;1m[1.50ms][0m  SELECT * FROM `configuration`  WHERE `configuration`.`deleted_at` IS NULL AND ((lock_at is not null and lock_at < '2022-10-08 11:18:17'))  
[36mjuno-admin_1  |[0m [36;31m[0 rows affected or returned ][0m 
[36mjuno-admin_1  |[0m 
[36mjuno-admin_1  |[0m [35m(/home/runner/go/pkg/mod/github.com/douyu/jupiter@v0.3.3-0.20210826091832-c7a43d560176/pkg/store/gorm/interceptor.go:120)[0m 
[36mjuno-admin_1  |[0m [33m[2022-10-08 11:18:23][0m  [36;1m[1.62ms][0m  SELECT * FROM `worker_node`  WHERE `worker_node`.`deleted_at` IS NULL AND ((last_heartbeat >= '2022-10-08 11:18:23'))  
[36mjuno-admin_1  |[0m [36;31m[0 rows affected or returned ][0m 
[36mjuno-admin_1  |[0m 
[36mjuno-admin_1  |[0m [35m(/home/runner/go/pkg/mod/github.com/douyu/jupiter@v0.3.3-0.20210826091832-c7a43d560176/pkg/store/gorm/interceptor.go:120)[0m 
[36mjuno-admin_1  |[0m [33m[2022-10-08 11:18:26][0m  [36;1m[1.41ms][0m  SELECT * FROM `configuration`  WHERE `configuration`.`deleted_at` IS NULL AND ((lock_at is not null and lock_at < '2022-10-08 11:18:20'))  
[36mjuno-admin_1  |[0m [36;31m[0 rows affected or returned ][0m 
[36mjuno-admin_1  |[0m 
[36mjuno-admin_1  |[0m [35m(/home/runner/go/pkg/mod/github.com/douyu/jupiter@v0.3.3-0.20210826091832-c7a43d560176/pkg/store/gorm/interceptor.go:120)[0m 
[36mjuno-admin_1  |[0m [33m[2022-10-08 11:18:29][0m  [36;1m[1.40ms][0m  SELECT * FROM `configuration`  WHERE `configuration`.`deleted_at` IS NULL AND ((lock_at is not null and lock_at < '2022-10-08 11:18:23'))  
[36mjuno-admin_1  |[0m [36;31m[0 rows affected or returned ][0m 
[36mjuno-admin_1  |[0m 
[36mjuno-admin_1  |[0m [35m(/home/runner/go/pkg/mod/github.com/douyu/jupiter@v0.3.3-0.20210826091832-c7a43d560176/pkg/store/gorm/interceptor.go:120)[0m 
[36mjuno-admin_1  |[0m [33m[2022-10-08 11:18:32][0m  [36;1m[1.42ms][0m  SELECT * FROM `configuration`  WHERE `configuration`.`deleted_at` IS NULL AND ((lock_at is not null and lock_at < '2022-10-08 11:18:26'))  
[36mjuno-admin_1  |[0m [36;31m[0 rows affected or returned ][0m 
[36mjuno-admin_1  |[0m 
[36mjuno-admin_1  |[0m [35m(/home/runner/go/pkg/mod/github.com/douyu/jupiter@v0.3.3-0.20210826091832-c7a43d560176/pkg/store/gorm/interceptor.go:120)[0m 
[36mjuno-admin_1  |[0m [33m[2022-10-08 11:18:33][0m  [36;1m[1.52ms][0m  SELECT * FROM `worker_node`  WHERE `worker_node`.`deleted_at` IS NULL AND ((last_heartbeat >= '2022-10-08 11:18:33'))  
[36mjuno-admin_1  |[0m [36;31m[0 rows affected or returned ][0m 
[36mjuno-admin_1  |[0m 
[36mjuno-admin_1  |[0m [35m(/home/runner/go/pkg/mod/github.com/douyu/jupiter@v0.3.3-0.20210826091832-c7a43d560176/pkg/store/gorm/interceptor.go:120)[0m 
[36mjuno-admin_1  |[0m [33m[2022-10-08 11:18:35][0m  [36;1m[1.41ms][0m  SELECT * FROM `configuration`  WHERE `configuration`.`deleted_at` IS NULL AND ((lock_at is not null and lock_at < '2022-10-08 11:18:29'))  
[36mjuno-admin_1  |[0m [36;31m[0 rows affected or returned ][0m 
[36mjuno-admin_1  |[0m 
[36mjuno-admin_1  |[0m [35m(/home/runner/go/pkg/mod/github.com/douyu/jupiter@v0.3.3-0.20210826091832-c7a43d560176/pkg/store/gorm/interceptor.go:120)[0m 
[36mjuno-admin_1  |[0m [33m[2022-10-08 11:18:38][0m  [36;1m[1.43ms][0m  SELECT * FROM `configuration`  WHERE `configuration`.`deleted_at` IS NULL AND ((lock_at is not null and lock_at < '2022-10-08 11:18:32'))  
[36mjuno-admin_1  |[0m [36;31m[0 rows affected or returned ][0m 
[36mjuno-admin_1  |[0m 
[36mjuno-admin_1  |[0m [35m(/home/runner/go/pkg/mod/github.com/douyu/jupiter@v0.3.3-0.20210826091832-c7a43d560176/pkg/store/gorm/interceptor.go:120)[0m 
[36mjuno-admin_1  |[0m [33m[2022-10-08 11:18:41][0m  [36;1m[1.43ms][0m  SELECT * FROM `configuration`  WHERE `configuration`.`deleted_at` IS NULL AND ((lock_at is not null and lock_at < '2022-10-08 11:18:35'))  
[36mjuno-admin_1  |[0m [36;31m[0 rows affected or returned ][0m 
[36mjuno-admin_1  |[0m 
[36mjuno-admin_1  |[0m [35m(/home/runner/go/pkg/mod/github.com/douyu/jupiter@v0.3.3-0.20210826091832-c7a43d560176/pkg/store/gorm/interceptor.go:120)[0m 
[36mjuno-admin_1  |[0m [33m[2022-10-08 11:18:43][0m  [36;1m[1.56ms][0m  SELECT * FROM `worker_node`  WHERE `worker_node`.`deleted_at` IS NULL AND ((last_heartbeat >= '2022-10-08 11:18:43'))  
[36mjuno-admin_1  |[0m [36;31m[0 rows affected or returned ][0m 
[36mjuno-admin_1  |[0m 
[36mjuno-admin_1  |[0m [35m(/home/runner/go/pkg/mod/github.com/douyu/jupiter@v0.3.3-0.20210826091832-c7a43d560176/pkg/store/gorm/interceptor.go:120)[0m 
[36mjuno-admin_1  |[0m [33m[2022-10-08 11:18:44][0m  [36;1m[1.41ms][0m  SELECT * FROM `configuration`  WHERE `configuration`.`deleted_at` IS NULL AND ((lock_at is not null and lock_at < '2022-10-08 11:18:38'))  
[36mjuno-admin_1  |[0m [36;31m[0 rows affected or returned ][0m 
[36mjuno-admin_1  |[0m 
[36mjuno-admin_1  |[0m [35m(/home/runner/go/pkg/mod/github.com/douyu/jupiter@v0.3.3-0.20210826091832-c7a43d560176/pkg/store/gorm/interceptor.go:120)[0m 
[36mjuno-admin_1  |[0m [33m[2022-10-08 11:18:47][0m  [36;1m[1.32ms][0m  SELECT * FROM `configuration`  WHERE `configuration`.`deleted_at` IS NULL AND ((lock_at is not null and lock_at < '2022-10-08 11:18:41'))  
[36mjuno-admin_1  |[0m [36;31m[0 rows affected or returned ][0m 
[36mjuno-admin_1  |[0m 
[36mjuno-admin_1  |[0m [35m(/home/runner/go/pkg/mod/github.com/douyu/jupiter@v0.3.3-0.20210826091832-c7a43d560176/pkg/store/gorm/interceptor.go:120)[0m 
[36mjuno-admin_1  |[0m [33m[2022-10-08 11:18:50][0m  [36;1m[1.35ms][0m  SELECT * FROM `configuration`  WHERE `configuration`.`deleted_at` IS NULL AND ((lock_at is not null and lock_at < '2022-10-08 11:18:44'))  
[36mjuno-admin_1  |[0m [36;31m[0 rows affected or returned ][0m 
[36mjuno-admin_1  |[0m 1665227933	[32mINFO[0m	xcron/config.go:149	cron wake                       	{"aid": "1234567890", "iid": "3dfa3a4ea3049ea77ecf5bcfd59b2055", "mod": "worker.cron", "now": 1665227933}
[36mjuno-admin_1  |[0m 1665227933	[32mINFO[0m	xcron/config.go:149	cron run                        	{"aid": "1234567890", "iid": "3dfa3a4ea3049ea77ecf5bcfd59b2055", "mod": "worker.cron", "now": 1665227933, "entry": 1, "next": 1665227993}
[36mjuno-admin_1  |[0m 
[36mjuno-admin_1  |[0m [35m(/home/runner/go/pkg/mod/github.com/douyu/jupiter@v0.3.3-0.20210826091832-c7a43d560176/pkg/store/gorm/interceptor.go:120)[0m 
[36mjuno-admin_1  |[0m [33m[2022-10-08 11:18:53][0m  [36;1m[81.33ms][0m  SELECT * FROM `proxy_manage`  WHERE (delete_time = 0)  
[36mjuno-admin_1  |[0m [36;31m[0 rows affected or returned ][0m 
[36mjuno-admin_1  |[0m 1665227933	[32mINFO[0m	xcron/config.go:217	run                             	{"aid": "1234567890", "iid": "3dfa3a4ea3049ea77ecf5bcfd59b2055", "mod": "worker.cron", "name": "github.com/douyu/juno/internal/pkg/service/proxyintegrat.RefreshProxyConfig"}
[36mjuno-admin_1  |[0m 
[36mjuno-admin_1  |[0m [35m(/home/runner/go/pkg/mod/github.com/douyu/jupiter@v0.3.3-0.20210826091832-c7a43d560176/pkg/store/gorm/interceptor.go:120)[0m 
[36mjuno-admin_1  |[0m [33m[2022-10-08 11:18:53][0m  [36;1m[1.71ms][0m  SELECT * FROM `system_config`    
[36mjuno-admin_1  |[0m [36;31m[3 rows affected or returned ][0m 
[36mjuno-admin_1  |[0m 
[36mjuno-admin_1  |[0m [35m(/home/runner/go/pkg/mod/github.com/douyu/jupiter@v0.3.3-0.20210826091832-c7a43d560176/pkg/store/gorm/interceptor.go:120)[0m 
[36mjuno-admin_1  |[0m [33m[2022-10-08 11:18:53][0m  [36;1m[1.50ms][0m  SELECT * FROM `test_pipeline_task`  WHERE `test_pipeline_task`.`deleted_at` IS NULL AND ((status = 'running') AND (updated_at < '2022-10-08 10:48:53'))  
[36mjuno-admin_1  |[0m [36;31m[0 rows affected or returned ][0m 
[36mjuno-admin_1  |[0m 
[36mjuno-admin_1  |[0m [35m(/home/runner/go/pkg/mod/github.com/douyu/jupiter@v0.3.3-0.20210826091832-c7a43d560176/pkg/store/gorm/interceptor.go:120)[0m 
[36mjuno-admin_1  |[0m [33m[2022-10-08 11:18:53][0m  [36;1m[1.57ms][0m  SELECT * FROM `worker_node`  WHERE `worker_node`.`deleted_at` IS NULL AND ((last_heartbeat >= '2022-10-08 11:18:53'))  
[36mjuno-admin_1  |[0m [36;31m[0 rows affected or returned ][0m 
[36mjuno-admin_1  |[0m 
[36mjuno-admin_1  |[0m [35m(/home/runner/go/pkg/mod/github.com/douyu/jupiter@v0.3.3-0.20210826091832-c7a43d560176/pkg/store/gorm/interceptor.go:120)[0m 
[36mjuno-admin_1  |[0m [33m[2022-10-08 11:18:53][0m  [36;1m[1.41ms][0m  SELECT * FROM `configuration`  WHERE `configuration`.`deleted_at` IS NULL AND ((lock_at is not null and lock_at < '2022-10-08 11:18:47'))  
[36mjuno-admin_1  |[0m [36;31m[0 rows affected or returned ][0m 
[36mjuno-admin_1  |[0m 
[36mjuno-admin_1  |[0m [35m(/home/runner/go/pkg/mod/github.com/douyu/jupiter@v0.3.3-0.20210826091832-c7a43d560176/pkg/store/gorm/interceptor.go:120)[0m 
[36mjuno-admin_1  |[0m [33m[2022-10-08 11:18:56][0m  [36;1m[1.42ms][0m  SELECT * FROM `configuration`  WHERE `configuration`.`deleted_at` IS NULL AND ((lock_at is not null and lock_at < '2022-10-08 11:18:50'))  
[36mjuno-admin_1  |[0m [36;31m[0 rows affected or returned ][0m 
[36mjuno-admin_1  |[0m 
[36mjuno-admin_1  |[0m [35m(/home/runner/go/pkg/mod/github.com/douyu/jupiter@v0.3.3-0.20210826091832-c7a43d560176/pkg/store/gorm/interceptor.go:120)[0m 
[36mjuno-admin_1  |[0m [33m[2022-10-08 11:18:59][0m  [36;1m[1.44ms][0m  SELECT * FROM `configuration`  WHERE `configuration`.`deleted_at` IS NULL AND ((lock_at is not null and lock_at < '2022-10-08 11:18:53'))  
[36mjuno-admin_1  |[0m [36;31m[0 rows affected or returned ][0m 
[36mjuno-admin_1  |[0m 
[36mjuno-admin_1  |[0m [35m(/home/runner/go/pkg/mod/github.com/douyu/jupiter@v0.3.3-0.20210826091832-c7a43d560176/pkg/store/gorm/interceptor.go:120)[0m 
[36mjuno-admin_1  |[0m [33m[2022-10-08 11:19:02][0m  [36;1m[1.41ms][0m  SELECT * FROM `configuration`  WHERE `configuration`.`deleted_at` IS NULL AND ((lock_at is not null and lock_at < '2022-10-08 11:18:56'))  
[36mjuno-admin_1  |[0m [36;31m[0 rows affected or returned ][0m 
[36mjuno-admin_1  |[0m 
[36mjuno-admin_1  |[0m [35m(/home/runner/go/pkg/mod/github.com/douyu/jupiter@v0.3.3-0.20210826091832-c7a43d560176/pkg/store/gorm/interceptor.go:120)[0m 
[36mjuno-admin_1  |[0m [33m[2022-10-08 11:19:03][0m  [36;1m[1.39ms][0m  SELECT * FROM `worker_node`  WHERE `worker_node`.`deleted_at` IS NULL AND ((last_heartbeat >= '2022-10-08 11:19:03'))  
[36mjuno-admin_1  |[0m [36;31m[0 rows affected or returned ][0m 
[36mjuno-admin_1  |[0m 
[36mjuno-admin_1  |[0m [35m(/home/runner/go/pkg/mod/github.com/douyu/jupiter@v0.3.3-0.20210826091832-c7a43d560176/pkg/store/gorm/interceptor.go:120)[0m 
[36mjuno-admin_1  |[0m [33m[2022-10-08 11:19:05][0m  [36;1m[1.60ms][0m  SELECT * FROM `configuration`  WHERE `configuration`.`deleted_at` IS NULL AND ((lock_at is not null and lock_at < '2022-10-08 11:18:59'))  
[36mjuno-admin_1  |[0m [36;31m[0 rows affected or returned ][0m 
[36mjuno-admin_1  |[0m 
[36mjuno-admin_1  |[0m [35m(/home/runner/go/pkg/mod/github.com/douyu/jupiter@v0.3.3-0.20210826091832-c7a43d560176/pkg/store/gorm/interceptor.go:120)[0m 
[36mjuno-admin_1  |[0m [33m[2022-10-08 11:19:08][0m  [36;1m[1.28ms][0m  SELECT * FROM `configuration`  WHERE `configuration`.`deleted_at` IS NULL AND ((lock_at is not null and lock_at < '2022-10-08 11:19:02'))  
[36mjuno-admin_1  |[0m [36;31m[0 rows affected or returned ][0m 
[36mjuno-admin_1  |[0m 
[36mjuno-admin_1  |[0m [35m(/home/runner/go/pkg/mod/github.com/douyu/jupiter@v0.3.3-0.20210826091832-c7a43d560176/pkg/store/gorm/interceptor.go:120)[0m 
[36mjuno-admin_1  |[0m [33m[2022-10-08 11:19:11][0m  [36;1m[1.45ms][0m  SELECT * FROM `configuration`  WHERE `configuration`.`deleted_at` IS NULL AND ((lock_at is not null and lock_at < '2022-10-08 11:19:05'))  
[36mjuno-admin_1  |[0m [36;31m[0 rows affected or returned ][0m 
[36mjuno-admin_1  |[0m 
[36mjuno-admin_1  |[0m [35m(/home/runner/go/pkg/mod/github.com/douyu/jupiter@v0.3.3-0.20210826091832-c7a43d560176/pkg/store/gorm/interceptor.go:120)[0m 
[36mjuno-admin_1  |[0m [33m[2022-10-08 11:19:13][0m  [36;1m[1.51ms][0m  SELECT * FROM `worker_node`  WHERE `worker_node`.`deleted_at` IS NULL AND ((last_heartbeat >= '2022-10-08 11:19:13'))  
[36mjuno-admin_1  |[0m [36;31m[0 rows affected or returned ][0m 
[36mjuno-admin_1  |[0m 
[36mjuno-admin_1  |[0m [35m(/home/runner/go/pkg/mod/github.com/douyu/jupiter@v0.3.3-0.20210826091832-c7a43d560176/pkg/store/gorm/interceptor.go:120)[0m 
[36mjuno-admin_1  |[0m [33m[2022-10-08 11:19:14][0m  [36;1m[1.38ms][0m  SELECT * FROM `configuration`  WHERE `configuration`.`deleted_at` IS NULL AND ((lock_at is not null and lock_at < '2022-10-08 11:19:08'))  
[36mjuno-admin_1  |[0m [36;31m[0 rows affected or returned ][0m 
[36mjuno-admin_1  |[0m 
[36mjuno-admin_1  |[0m [35m(/home/runner/go/pkg/mod/github.com/douyu/jupiter@v0.3.3-0.20210826091832-c7a43d560176/pkg/store/gorm/interceptor.go:120)[0m 
[36mjuno-admin_1  |[0m [33m[2022-10-08 11:19:17][0m  [36;1m[1.29ms][0m  SELECT * FROM `configuration`  WHERE `configuration`.`deleted_at` IS NULL AND ((lock_at is not null and lock_at < '2022-10-08 11:19:11'))  
[36mjuno-admin_1  |[0m [36;31m[0 rows affected or returned ][0m 
[36mjuno-admin_1  |[0m 
[36mjuno-admin_1  |[0m [35m(/home/runner/go/pkg/mod/github.com/douyu/jupiter@v0.3.3-0.20210826091832-c7a43d560176/pkg/store/gorm/interceptor.go:120)[0m 
[36mjuno-admin_1  |[0m [33m[2022-10-08 11:19:20][0m  [36;1m[1.39ms][0m  SELECT * FROM `configuration`  WHERE `configuration`.`deleted_at` IS NULL AND ((lock_at is not null and lock_at < '2022-10-08 11:19:14'))  
[36mjuno-admin_1  |[0m [36;31m[0 rows affected or returned ][0m 
[36mjuno-admin_1  |[0m 
[36mjuno-admin_1  |[0m [35m(/home/runner/go/pkg/mod/github.com/douyu/jupiter@v0.3.3-0.20210826091832-c7a43d560176/pkg/store/gorm/interceptor.go:120)[0m 
[36mjuno-admin_1  |[0m [33m[2022-10-08 11:19:23][0m  [36;1m[0.95ms][0m  SELECT * FROM `system_config`    
[36mjuno-admin_1  |[0m [36;31m[3 rows affected or returned ][0m 
[36mjuno-admin_1  |[0m 
[36mjuno-admin_1  |[0m [35m(/home/runner/go/pkg/mod/github.com/douyu/jupiter@v0.3.3-0.20210826091832-c7a43d560176/pkg/store/gorm/interceptor.go:120)[0m 
[36mjuno-admin_1  |[0m [33m[2022-10-08 11:19:23][0m  [36;1m[1.37ms][0m  SELECT * FROM `test_pipeline_task`  WHERE `test_pipeline_task`.`deleted_at` IS NULL AND ((status = 'running') AND (updated_at < '2022-10-08 10:49:23'))  
[36mjuno-admin_1  |[0m [36;31m[0 rows affected or returned ][0m 
[36mjuno-admin_1  |[0m 
[36mjuno-admin_1  |[0m [35m(/home/runner/go/pkg/mod/github.com/douyu/jupiter@v0.3.3-0.20210826091832-c7a43d560176/pkg/store/gorm/interceptor.go:120)[0m 
[36mjuno-admin_1  |[0m [33m[2022-10-08 11:19:23][0m  [36;1m[1.49ms][0m  SELECT * FROM `worker_node`  WHERE `worker_node`.`deleted_at` IS NULL AND ((last_heartbeat >= '2022-10-08 11:19:23'))  
[36mjuno-admin_1  |[0m [36;31m[0 rows affected or returned ][0m 
[36mjuno-admin_1  |[0m 
[36mjuno-admin_1  |[0m [35m(/home/runner/go/pkg/mod/github.com/douyu/jupiter@v0.3.3-0.20210826091832-c7a43d560176/pkg/store/gorm/interceptor.go:120)[0m 
[36mjuno-admin_1  |[0m [33m[2022-10-08 11:19:23][0m  [36;1m[1.30ms][0m  SELECT * FROM `configuration`  WHERE `configuration`.`deleted_at` IS NULL AND ((lock_at is not null and lock_at < '2022-10-08 11:19:17'))  
[36mjuno-admin_1  |[0m [36;31m[0 rows affected or returned ][0m 
[36mjuno-admin_1  |[0m 
[36mjuno-admin_1  |[0m [35m(/home/runner/go/pkg/mod/github.com/douyu/jupiter@v0.3.3-0.20210826091832-c7a43d560176/pkg/store/gorm/interceptor.go:120)[0m 
[36mjuno-admin_1  |[0m [33m[2022-10-08 11:19:26][0m  [36;1m[1.39ms][0m  SELECT * FROM `configuration`  WHERE `configuration`.`deleted_at` IS NULL AND ((lock_at is not null and lock_at < '2022-10-08 11:19:20'))  
[36mjuno-admin_1  |[0m [36;31m[0 rows affected or returned ][0m 
[36mjuno-admin_1  |[0m 
[36mjuno-admin_1  |[0m [35m(/home/runner/go/pkg/mod/github.com/douyu/jupiter@v0.3.3-0.20210826091832-c7a43d560176/pkg/store/gorm/interceptor.go:120)[0m 
[36mjuno-admin_1  |[0m [33m[2022-10-08 11:19:29][0m  [36;1m[1.34ms][0m  SELECT * FROM `configuration`  WHERE `configuration`.`deleted_at` IS NULL AND ((lock_at is not null and lock_at < '2022-10-08 11:19:23'))  
[36mjuno-admin_1  |[0m [36;31m[0 rows affected or returned ][0m 
[36mjuno-admin_1  |[0m 
[36mjuno-admin_1  |[0m [35m(/home/runner/go/pkg/mod/github.com/douyu/jupiter@v0.3.3-0.20210826091832-c7a43d560176/pkg/store/gorm/interceptor.go:120)[0m 
[36mjuno-admin_1  |[0m [33m[2022-10-08 11:19:32][0m  [36;1m[1.41ms][0m  SELECT * FROM `configuration`  WHERE `configuration`.`deleted_at` IS NULL AND ((lock_at is not null and lock_at < '2022-10-08 11:19:26'))  
[36mjuno-admin_1  |[0m [36;31m[0 rows affected or returned ][0m 
[36mjuno-admin_1  |[0m 
[36mjuno-admin_1  |[0m [35m(/home/runner/go/pkg/mod/github.com/douyu/jupiter@v0.3.3-0.20210826091832-c7a43d560176/pkg/store/gorm/interceptor.go:120)[0m 
[36mjuno-admin_1  |[0m [33m[2022-10-08 11:19:33][0m  [36;1m[1.53ms][0m  SELECT * FROM `worker_node`  WHERE `worker_node`.`deleted_at` IS NULL AND ((last_heartbeat >= '2022-10-08 11:19:33'))  
[36mjuno-admin_1  |[0m [36;31m[0 rows affected or returned ][0m 
[36mjuno-admin_1  |[0m 
[36mjuno-admin_1  |[0m [35m(/home/runner/go/pkg/mod/github.com/douyu/jupiter@v0.3.3-0.20210826091832-c7a43d560176/pkg/store/gorm/interceptor.go:120)[0m 
[36mjuno-admin_1  |[0m [33m[2022-10-08 11:19:35][0m  [36;1m[1.40ms][0m  SELECT * FROM `configuration`  WHERE `configuration`.`deleted_at` IS NULL AND ((lock_at is not null and lock_at < '2022-10-08 11:19:29'))  
[36mjuno-admin_1  |[0m [36;31m[0 rows affected or returned ][0m 
[36mjuno-admin_1  |[0m 
[36mjuno-admin_1  |[0m [35m(/home/runner/go/pkg/mod/github.com/douyu/jupiter@v0.3.3-0.20210826091832-c7a43d560176/pkg/store/gorm/interceptor.go:120)[0m 
[36mjuno-admin_1  |[0m [33m[2022-10-08 11:19:38][0m  [36;1m[1.35ms][0m  SELECT * FROM `configuration`  WHERE `configuration`.`deleted_at` IS NULL AND ((lock_at is not null and lock_at < '2022-10-08 11:19:32'))  
[36mjuno-admin_1  |[0m [36;31m[0 rows affected or returned ][0m 
[36mjuno-admin_1  |[0m 
[36mjuno-admin_1  |[0m [35m(/home/runner/go/pkg/mod/github.com/douyu/jupiter@v0.3.3-0.20210826091832-c7a43d560176/pkg/store/gorm/interceptor.go:120)[0m 
[36mjuno-admin_1  |[0m [33m[2022-10-08 11:19:41][0m  [36;1m[1.30ms][0m  SELECT * FROM `configuration`  WHERE `configuration`.`deleted_at` IS NULL AND ((lock_at is not null and lock_at < '2022-10-08 11:19:35'))  
[36mjuno-admin_1  |[0m [36;31m[0 rows affected or returned ][0m 
[36mjuno-admin_1  |[0m 
[36mjuno-admin_1  |[0m [35m(/home/runner/go/pkg/mod/github.com/douyu/jupiter@v0.3.3-0.20210826091832-c7a43d560176/pkg/store/gorm/interceptor.go:120)[0m 
[36mjuno-admin_1  |[0m [33m[2022-10-08 11:19:43][0m  [36;1m[1.50ms][0m  SELECT * FROM `worker_node`  WHERE `worker_node`.`deleted_at` IS NULL AND ((last_heartbeat >= '2022-10-08 11:19:43'))  
[36mjuno-admin_1  |[0m [36;31m[0 rows affected or returned ][0m 
[36mjuno-admin_1  |[0m 
[36mjuno-admin_1  |[0m [35m(/home/runner/go/pkg/mod/github.com/douyu/jupiter@v0.3.3-0.20210826091832-c7a43d560176/pkg/store/gorm/interceptor.go:120)[0m 
[36mjuno-admin_1  |[0m [33m[2022-10-08 11:19:44][0m  [36;1m[1.39ms][0m  SELECT * FROM `configuration`  WHERE `configuration`.`deleted_at` IS NULL AND ((lock_at is not null and lock_at < '2022-10-08 11:19:38'))  
[36mjuno-admin_1  |[0m [36;31m[0 rows affected or returned ][0m 
[36mjuno-admin_1  |[0m 
[36mjuno-admin_1  |[0m [35m(/home/runner/go/pkg/mod/github.com/douyu/jupiter@v0.3.3-0.20210826091832-c7a43d560176/pkg/store/gorm/interceptor.go:120)[0m 
[36mjuno-admin_1  |[0m [33m[2022-10-08 11:19:47][0m  [36;1m[1.28ms][0m  SELECT * FROM `configuration`  WHERE `configuration`.`deleted_at` IS NULL AND ((lock_at is not null and lock_at < '2022-10-08 11:19:41'))  
[36mjuno-admin_1  |[0m [36;31m[0 rows affected or returned ][0m 
[36mjuno-admin_1  |[0m 
[36mjuno-admin_1  |[0m [35m(/home/runner/go/pkg/mod/github.com/douyu/jupiter@v0.3.3-0.20210826091832-c7a43d560176/pkg/store/gorm/interceptor.go:120)[0m 
[36mjuno-admin_1  |[0m [33m[2022-10-08 11:19:50][0m  [36;1m[1.26ms][0m  SELECT * FROM `configuration`  WHERE `configuration`.`deleted_at` IS NULL AND ((lock_at is not null and lock_at < '2022-10-08 11:19:44'))  
[36mjuno-admin_1  |[0m [36;31m[0 rows affected or returned ][0m 
[36mjuno-admin_1  |[0m 1665227993	[32mINFO[0m	xcron/config.go:149	cron wake                       	{"aid": "1234567890", "iid": "3dfa3a4ea3049ea77ecf5bcfd59b2055", "mod": "worker.cron", "now": 1665227993}
[36mjuno-admin_1  |[0m 1665227993	[32mINFO[0m	xcron/config.go:149	cron run                        	{"aid": "1234567890", "iid": "3dfa3a4ea3049ea77ecf5bcfd59b2055", "mod": "worker.cron", "now": 1665227993, "entry": 1, "next": 1665228053}
[36mjuno-admin_1  |[0m 
[36mjuno-admin_1  |[0m [35m(/home/runner/go/pkg/mod/github.com/douyu/jupiter@v0.3.3-0.20210826091832-c7a43d560176/pkg/store/gorm/interceptor.go:120)[0m 
[36mjuno-admin_1  |[0m [33m[2022-10-08 11:19:53][0m  [36;1m[1.41ms][0m  SELECT * FROM `proxy_manage`  WHERE (delete_time = 0)  
[36mjuno-admin_1  |[0m [36;31m[0 rows affected or returned ][0m 
[36mjuno-admin_1  |[0m 1665227993	[32mINFO[0m	xcron/config.go:217	run                             	{"aid": "1234567890", "iid": "3dfa3a4ea3049ea77ecf5bcfd59b2055", "mod": "worker.cron", "name": "github.com/douyu/juno/internal/pkg/service/proxyintegrat.RefreshProxyConfig"}
[36mjuno-admin_1  |[0m 
[36mjuno-admin_1  |[0m [35m(/home/runner/go/pkg/mod/github.com/douyu/jupiter@v0.3.3-0.20210826091832-c7a43d560176/pkg/store/gorm/interceptor.go:120)[0m 
[36mjuno-admin_1  |[0m [33m[2022-10-08 11:19:53][0m  [36;1m[0.94ms][0m  SELECT * FROM `system_config`    
[36mjuno-admin_1  |[0m [36;31m[3 rows affected or returned ][0m 
[36mjuno-admin_1  |[0m 
[36mjuno-admin_1  |[0m [35m(/home/runner/go/pkg/mod/github.com/douyu/jupiter@v0.3.3-0.20210826091832-c7a43d560176/pkg/store/gorm/interceptor.go:120)[0m 
[36mjuno-admin_1  |[0m [33m[2022-10-08 11:19:53][0m  [36;1m[1.48ms][0m  SELECT * FROM `test_pipeline_task`  WHERE `test_pipeline_task`.`deleted_at` IS NULL AND ((status = 'running') AND (updated_at < '2022-10-08 10:49:53'))  
[36mjuno-admin_1  |[0m [36;31m[0 rows affected or returned ][0m 
[36mjuno-admin_1  |[0m 
[36mjuno-admin_1  |[0m [35m(/home/runner/go/pkg/mod/github.com/douyu/jupiter@v0.3.3-0.20210826091832-c7a43d560176/pkg/store/gorm/interceptor.go:120)[0m 
[36mjuno-admin_1  |[0m [33m[2022-10-08 11:19:53][0m  [36;1m[1.47ms][0m  SELECT * FROM `worker_node`  WHERE `worker_node`.`deleted_at` IS NULL AND ((last_heartbeat >= '2022-10-08 11:19:53'))  
[36mjuno-admin_1  |[0m [36;31m[0 rows affected or returned ][0m 
[36mjuno-admin_1  |[0m 
[36mjuno-admin_1  |[0m [35m(/home/runner/go/pkg/mod/github.com/douyu/jupiter@v0.3.3-0.20210826091832-c7a43d560176/pkg/store/gorm/interceptor.go:120)[0m 
[36mjuno-admin_1  |[0m [33m[2022-10-08 11:19:53][0m  [36;1m[1.44ms][0m  SELECT * FROM `configuration`  WHERE `configuration`.`deleted_at` IS NULL AND ((lock_at is not null and lock_at < '2022-10-08 11:19:47'))  
[36mjuno-admin_1  |[0m [36;31m[0 rows affected or returned ][0m 
[36mjuno-admin_1  |[0m 
[36mjuno-admin_1  |[0m [35m(/home/runner/go/pkg/mod/github.com/douyu/jupiter@v0.3.3-0.20210826091832-c7a43d560176/pkg/store/gorm/interceptor.go:120)[0m 
[36mjuno-admin_1  |[0m [33m[2022-10-08 11:19:56][0m  [36;1m[1.39ms][0m  SELECT * FROM `configuration`  WHERE `configuration`.`deleted_at` IS NULL AND ((lock_at is not null and lock_at < '2022-10-08 11:19:50'))  
[36mjuno-admin_1  |[0m [36;31m[0 rows affected or returned ][0m 
[36mjuno-admin_1  |[0m 
[36mjuno-admin_1  |[0m [35m(/home/runner/go/pkg/mod/github.com/douyu/jupiter@v0.3.3-0.20210826091832-c7a43d560176/pkg/store/gorm/interceptor.go:120)[0m 
[36mjuno-admin_1  |[0m [33m[2022-10-08 11:19:59][0m  [36;1m[1.28ms][0m  SELECT * FROM `configuration`  WHERE `configuration`.`deleted_at` IS NULL AND ((lock_at is not null and lock_at < '2022-10-08 11:19:53'))  
[36mjuno-admin_1  |[0m [36;31m[0 rows affected or returned ][0m 
[36mjuno-admin_1  |[0m 
[36mjuno-admin_1  |[0m [35m(/home/runner/go/pkg/mod/github.com/douyu/jupiter@v0.3.3-0.20210826091832-c7a43d560176/pkg/store/gorm/interceptor.go:120)[0m 
[36mjuno-admin_1  |[0m [33m[2022-10-08 11:20:02][0m  [36;1m[1.47ms][0m  SELECT * FROM `configuration`  WHERE `configuration`.`deleted_at` IS NULL AND ((lock_at is not null and lock_at < '2022-10-08 11:19:56'))  
[36mjuno-admin_1  |[0m [36;31m[0 rows affected or returned ][0m 
[36mjuno-admin_1  |[0m 
[36mjuno-admin_1  |[0m [35m(/home/runner/go/pkg/mod/github.com/douyu/jupiter@v0.3.3-0.20210826091832-c7a43d560176/pkg/store/gorm/interceptor.go:120)[0m 
[36mjuno-admin_1  |[0m [33m[2022-10-08 11:20:03][0m  [36;1m[1.55ms][0m  SELECT * FROM `worker_node`  WHERE `worker_node`.`deleted_at` IS NULL AND ((last_heartbeat >= '2022-10-08 11:20:03'))  
[36mjuno-admin_1  |[0m [36;31m[0 rows affected or returned ][0m 
[36mjuno-admin_1  |[0m 
[36mjuno-admin_1  |[0m [35m(/home/runner/go/pkg/mod/github.com/douyu/jupiter@v0.3.3-0.20210826091832-c7a43d560176/pkg/store/gorm/interceptor.go:120)[0m 
[36mjuno-admin_1  |[0m [33m[2022-10-08 11:20:05][0m  [36;1m[1.46ms][0m  SELECT * FROM `configuration`  WHERE `configuration`.`deleted_at` IS NULL AND ((lock_at is not null and lock_at < '2022-10-08 11:19:59'))  
[36mjuno-admin_1  |[0m [36;31m[0 rows affected or returned ][0m 
[36mjuno-admin_1  |[0m 
[36mjuno-admin_1  |[0m [35m(/home/runner/go/pkg/mod/github.com/douyu/jupiter@v0.3.3-0.20210826091832-c7a43d560176/pkg/store/gorm/interceptor.go:120)[0m 
[36mjuno-admin_1  |[0m [33m[2022-10-08 11:20:08][0m  [36;1m[1.37ms][0m  SELECT * FROM `configuration`  WHERE `configuration`.`deleted_at` IS NULL AND ((lock_at is not null and lock_at < '2022-10-08 11:20:02'))  
[36mjuno-admin_1  |[0m [36;31m[0 rows affected or returned ][0m 
[36mjuno-admin_1  |[0m 
[36mjuno-admin_1  |[0m [35m(/home/runner/go/pkg/mod/github.com/douyu/jupiter@v0.3.3-0.20210826091832-c7a43d560176/pkg/store/gorm/interceptor.go:120)[0m 
[36mjuno-admin_1  |[0m [33m[2022-10-08 11:20:11][0m  [36;1m[0.37ms][0m  SELECT * FROM `configuration`  WHERE `configuration`.`deleted_at` IS NULL AND ((lock_at is not null and lock_at < '2022-10-08 11:20:05'))  
[36mjuno-admin_1  |[0m [36;31m[0 rows affected or returned ][0m 
[36mjuno-admin_1  |[0m 
[36mjuno-admin_1  |[0m [35m(/home/runner/go/pkg/mod/github.com/douyu/jupiter@v0.3.3-0.20210826091832-c7a43d560176/pkg/store/gorm/interceptor.go:120)[0m 
[36mjuno-admin_1  |[0m [33m[2022-10-08 11:20:13][0m  [36;1m[1.48ms][0m  SELECT * FROM `worker_node`  WHERE `worker_node`.`deleted_at` IS NULL AND ((last_heartbeat >= '2022-10-08 11:20:13'))  
[36mjuno-admin_1  |[0m [36;31m[0 rows affected or returned ][0m 
[36mjuno-admin_1  |[0m 
[36mjuno-admin_1  |[0m [35m(/home/runner/go/pkg/mod/github.com/douyu/jupiter@v0.3.3-0.20210826091832-c7a43d560176/pkg/store/gorm/interceptor.go:120)[0m 
[36mjuno-admin_1  |[0m [33m[2022-10-08 11:20:14][0m  [36;1m[1.43ms][0m  SELECT * FROM `configuration`  WHERE `configuration`.`deleted_at` IS NULL AND ((lock_at is not null and lock_at < '2022-10-08 11:20:08'))  
[36mjuno-admin_1  |[0m [36;31m[0 rows affected or returned ][0m 
[36mjuno-admin_1  |[0m 
[36mjuno-admin_1  |[0m [35m(/home/runner/go/pkg/mod/github.com/douyu/jupiter@v0.3.3-0.20210826091832-c7a43d560176/pkg/store/gorm/interceptor.go:120)[0m 
[36mjuno-admin_1  |[0m [33m[2022-10-08 11:20:17][0m  [36;1m[1.19ms][0m  SELECT * FROM `configuration`  WHERE `configuration`.`deleted_at` IS NULL AND ((lock_at is not null and lock_at < '2022-10-08 11:20:11'))  
[36mjuno-admin_1  |[0m [36;31m[0 rows affected or returned ][0m 
[36mjuno-admin_1  |[0m 
[36mjuno-admin_1  |[0m [35m(/home/runner/go/pkg/mod/github.com/douyu/jupiter@v0.3.3-0.20210826091832-c7a43d560176/pkg/store/gorm/interceptor.go:120)[0m 
[36mjuno-admin_1  |[0m [33m[2022-10-08 11:20:20][0m  [36;1m[1.45ms][0m  SELECT * FROM `configuration`  WHERE `configuration`.`deleted_at` IS NULL AND ((lock_at is not null and lock_at < '2022-10-08 11:20:14'))  
[36mjuno-admin_1  |[0m [36;31m[0 rows affected or returned ][0m 
[36mjuno-admin_1  |[0m 
[36mjuno-admin_1  |[0m [35m(/home/runner/go/pkg/mod/github.com/douyu/jupiter@v0.3.3-0.20210826091832-c7a43d560176/pkg/store/gorm/interceptor.go:120)[0m 
[36mjuno-admin_1  |[0m [33m[2022-10-08 11:20:23][0m  [36;1m[0.91ms][0m  SELECT * FROM `system_config`    
[36mjuno-admin_1  |[0m [36;31m[3 rows affected or returned ][0m 
[36mjuno-admin_1  |[0m 
[36mjuno-admin_1  |[0m [35m(/home/runner/go/pkg/mod/github.com/douyu/jupiter@v0.3.3-0.20210826091832-c7a43d560176/pkg/store/gorm/interceptor.go:120)[0m 
[36mjuno-admin_1  |[0m [33m[2022-10-08 11:20:23][0m  [36;1m[1.42ms][0m  SELECT * FROM `test_pipeline_task`  WHERE `test_pipeline_task`.`deleted_at` IS NULL AND ((status = 'running') AND (updated_at < '2022-10-08 10:50:23'))  
[36mjuno-admin_1  |[0m [36;31m[0 rows affected or returned ][0m 
[36mjuno-admin_1  |[0m 
[36mjuno-admin_1  |[0m [35m(/home/runner/go/pkg/mod/github.com/douyu/jupiter@v0.3.3-0.20210826091832-c7a43d560176/pkg/store/gorm/interceptor.go:120)[0m 
[36mjuno-admin_1  |[0m [33m[2022-10-08 11:20:23][0m  [36;1m[1.34ms][0m  SELECT * FROM `worker_node`  WHERE `worker_node`.`deleted_at` IS NULL AND ((last_heartbeat >= '2022-10-08 11:20:23'))  
[36mjuno-admin_1  |[0m [36;31m[0 rows affected or returned ][0m 
[36mjuno-admin_1  |[0m 
[36mjuno-admin_1  |[0m [35m(/home/runner/go/pkg/mod/github.com/douyu/jupiter@v0.3.3-0.20210826091832-c7a43d560176/pkg/store/gorm/interceptor.go:120)[0m 
[36mjuno-admin_1  |[0m [33m[2022-10-08 11:20:23][0m  [36;1m[1.40ms][0m  SELECT * FROM `configuration`  WHERE `configuration`.`deleted_at` IS NULL AND ((lock_at is not null and lock_at < '2022-10-08 11:20:17'))  
[36mjuno-admin_1  |[0m [36;31m[0 rows affected or returned ][0m 
[36mjuno-admin_1  |[0m 
[36mjuno-admin_1  |[0m [35m(/home/runner/go/pkg/mod/github.com/douyu/jupiter@v0.3.3-0.20210826091832-c7a43d560176/pkg/store/gorm/interceptor.go:120)[0m 
[36mjuno-admin_1  |[0m [33m[2022-10-08 11:20:26][0m  [36;1m[1.30ms][0m  SELECT * FROM `configuration`  WHERE `configuration`.`deleted_at` IS NULL AND ((lock_at is not null and lock_at < '2022-10-08 11:20:20'))  
[36mjuno-admin_1  |[0m [36;31m[0 rows affected or returned ][0m 
[36mjuno-admin_1  |[0m 
[36mjuno-admin_1  |[0m [35m(/home/runner/go/pkg/mod/github.com/douyu/jupiter@v0.3.3-0.20210826091832-c7a43d560176/pkg/store/gorm/interceptor.go:120)[0m 
[36mjuno-admin_1  |[0m [33m[2022-10-08 11:20:29][0m  [36;1m[1.26ms][0m  SELECT * FROM `configuration`  WHERE `configuration`.`deleted_at` IS NULL AND ((lock_at is not null and lock_at < '2022-10-08 11:20:23'))  
[36mjuno-admin_1  |[0m [36;31m[0 rows affected or returned ][0m 
[36mjuno-admin_1  |[0m 
[36mjuno-admin_1  |[0m [35m(/home/runner/go/pkg/mod/github.com/douyu/jupiter@v0.3.3-0.20210826091832-c7a43d560176/pkg/store/gorm/interceptor.go:120)[0m 
[36mjuno-admin_1  |[0m [33m[2022-10-08 11:20:32][0m  [36;1m[1.41ms][0m  SELECT * FROM `configuration`  WHERE `configuration`.`deleted_at` IS NULL AND ((lock_at is not null and lock_at < '2022-10-08 11:20:26'))  
[36mjuno-admin_1  |[0m [36;31m[0 rows affected or returned ][0m 
[36mjuno-admin_1  |[0m 
[36mjuno-admin_1  |[0m [35m(/home/runner/go/pkg/mod/github.com/douyu/jupiter@v0.3.3-0.20210826091832-c7a43d560176/pkg/store/gorm/interceptor.go:120)[0m 
[36mjuno-admin_1  |[0m [33m[2022-10-08 11:20:33][0m  [36;1m[1.56ms][0m  SELECT * FROM `worker_node`  WHERE `worker_node`.`deleted_at` IS NULL AND ((last_heartbeat >= '2022-10-08 11:20:33'))  
[36mjuno-admin_1  |[0m [36;31m[0 rows affected or returned ][0m 
[36mjuno-admin_1  |[0m 
[36mjuno-admin_1  |[0m [35m(/home/runner/go/pkg/mod/github.com/douyu/jupiter@v0.3.3-0.20210826091832-c7a43d560176/pkg/store/gorm/interceptor.go:120)[0m 
[36mjuno-admin_1  |[0m [33m[2022-10-08 11:20:35][0m  [36;1m[1.42ms][0m  SELECT * FROM `configuration`  WHERE `configuration`.`deleted_at` IS NULL AND ((lock_at is not null and lock_at < '2022-10-08 11:20:29'))  
[36mjuno-admin_1  |[0m [36;31m[0 rows affected or returned ][0m 
[36mjuno-admin_1  |[0m 
[36mjuno-admin_1  |[0m [35m(/home/runner/go/pkg/mod/github.com/douyu/jupiter@v0.3.3-0.20210826091832-c7a43d560176/pkg/store/gorm/interceptor.go:120)[0m 
[36mjuno-admin_1  |[0m [33m[2022-10-08 11:20:38][0m  [36;1m[1.36ms][0m  SELECT * FROM `configuration`  WHERE `configuration`.`deleted_at` IS NULL AND ((lock_at is not null and lock_at < '2022-10-08 11:20:32'))  
[36mjuno-admin_1  |[0m [36;31m[0 rows affected or returned ][0m 
[36mjuno-admin_1  |[0m 
[36mjuno-admin_1  |[0m [35m(/home/runner/go/pkg/mod/github.com/douyu/jupiter@v0.3.3-0.20210826091832-c7a43d560176/pkg/store/gorm/interceptor.go:120)[0m 
[36mjuno-admin_1  |[0m [33m[2022-10-08 11:20:41][0m  [36;1m[1.40ms][0m  SELECT * FROM `configuration`  WHERE `configuration`.`deleted_at` IS NULL AND ((lock_at is not null and lock_at < '2022-10-08 11:20:35'))  
[36mjuno-admin_1  |[0m [36;31m[0 rows affected or returned ][0m 
[36mjuno-admin_1  |[0m 
[36mjuno-admin_1  |[0m [35m(/home/runner/go/pkg/mod/github.com/douyu/jupiter@v0.3.3-0.20210826091832-c7a43d560176/pkg/store/gorm/interceptor.go:120)[0m 
[36mjuno-admin_1  |[0m [33m[2022-10-08 11:20:43][0m  [36;1m[1.46ms][0m  SELECT * FROM `worker_node`  WHERE `worker_node`.`deleted_at` IS NULL AND ((last_heartbeat >= '2022-10-08 11:20:43'))  
[36mjuno-admin_1  |[0m [36;31m[0 rows affected or returned ][0m 
[36mjuno-admin_1  |[0m 
[36mjuno-admin_1  |[0m [35m(/home/runner/go/pkg/mod/github.com/douyu/jupiter@v0.3.3-0.20210826091832-c7a43d560176/pkg/store/gorm/interceptor.go:120)[0m 
[36mjuno-admin_1  |[0m [33m[2022-10-08 11:20:44][0m  [36;1m[1.38ms][0m  SELECT * FROM `configuration`  WHERE `configuration`.`deleted_at` IS NULL AND ((lock_at is not null and lock_at < '2022-10-08 11:20:38'))  
[36mjuno-admin_1  |[0m [36;31m[0 rows affected or returned ][0m 
[36mjuno-admin_1  |[0m 
[36mjuno-admin_1  |[0m [35m(/home/runner/go/pkg/mod/github.com/douyu/jupiter@v0.3.3-0.20210826091832-c7a43d560176/pkg/store/gorm/interceptor.go:120)[0m 
[36mjuno-admin_1  |[0m [33m[2022-10-08 11:20:47][0m  [36;1m[1.42ms][0m  SELECT * FROM `configuration`  WHERE `configuration`.`deleted_at` IS NULL AND ((lock_at is not null and lock_at < '2022-10-08 11:20:41'))  
[36mjuno-admin_1  |[0m [36;31m[0 rows affected or returned ][0m 
[36mjuno-admin_1  |[0m 
[36mjuno-admin_1  |[0m [35m(/home/runner/go/pkg/mod/github.com/douyu/jupiter@v0.3.3-0.20210826091832-c7a43d560176/pkg/store/gorm/interceptor.go:120)[0m 
[36mjuno-admin_1  |[0m [33m[2022-10-08 11:20:50][0m  [36;1m[1.39ms][0m  SELECT * FROM `configuration`  WHERE `configuration`.`deleted_at` IS NULL AND ((lock_at is not null and lock_at < '2022-10-08 11:20:44'))  
[36mjuno-admin_1  |[0m [36;31m[0 rows affected or returned ][0m 
[36mjuno-admin_1  |[0m 1665228053	[32mINFO[0m	xcron/config.go:149	cron wake                       	{"aid": "1234567890", "iid": "3dfa3a4ea3049ea77ecf5bcfd59b2055", "mod": "worker.cron", "now": 1665228053}
[36mjuno-admin_1  |[0m 1665228053	[32mINFO[0m	xcron/config.go:149	cron run                        	{"aid": "1234567890", "iid": "3dfa3a4ea3049ea77ecf5bcfd59b2055", "mod": "worker.cron", "now": 1665228053, "entry": 1, "next": 1665228113}
[36mjuno-admin_1  |[0m 
[36mjuno-admin_1  |[0m [35m(/home/runner/go/pkg/mod/github.com/douyu/jupiter@v0.3.3-0.20210826091832-c7a43d560176/pkg/store/gorm/interceptor.go:120)[0m 
[36mjuno-admin_1  |[0m [33m[2022-10-08 11:20:53][0m  [36;1m[1.48ms][0m  SELECT * FROM `proxy_manage`  WHERE (delete_time = 0)  
[36mjuno-admin_1  |[0m [36;31m[0 rows affected or returned ][0m 
[36mjuno-admin_1  |[0m 1665228053	[32mINFO[0m	xcron/config.go:217	run                             	{"aid": "1234567890", "iid": "3dfa3a4ea3049ea77ecf5bcfd59b2055", "mod": "worker.cron", "name": "github.com/douyu/juno/internal/pkg/service/proxyintegrat.RefreshProxyConfig"}
[36mjuno-admin_1  |[0m 
[36mjuno-admin_1  |[0m [35m(/home/runner/go/pkg/mod/github.com/douyu/jupiter@v0.3.3-0.20210826091832-c7a43d560176/pkg/store/gorm/interceptor.go:120)[0m 
[36mjuno-admin_1  |[0m [33m[2022-10-08 11:20:53][0m  [36;1m[3.70ms][0m  SELECT * FROM `system_config`    
[36mjuno-admin_1  |[0m [36;31m[3 rows affected or returned ][0m 
[36mjuno-admin_1  |[0m 
[36mjuno-admin_1  |[0m [35m(/home/runner/go/pkg/mod/github.com/douyu/jupiter@v0.3.3-0.20210826091832-c7a43d560176/pkg/store/gorm/interceptor.go:120)[0m 
[36mjuno-admin_1  |[0m [33m[2022-10-08 11:20:53][0m  [36;1m[1.49ms][0m  SELECT * FROM `test_pipeline_task`  WHERE `test_pipeline_task`.`deleted_at` IS NULL AND ((status = 'running') AND (updated_at < '2022-10-08 10:50:53'))  
[36mjuno-admin_1  |[0m [36;31m[0 rows affected or returned ][0m 
[36mjuno-admin_1  |[0m 
[36mjuno-admin_1  |[0m [35m(/home/runner/go/pkg/mod/github.com/douyu/jupiter@v0.3.3-0.20210826091832-c7a43d560176/pkg/store/gorm/interceptor.go:120)[0m 
[36mjuno-admin_1  |[0m [33m[2022-10-08 11:20:53][0m  [36;1m[1.54ms][0m  SELECT * FROM `worker_node`  WHERE `worker_node`.`deleted_at` IS NULL AND ((last_heartbeat >= '2022-10-08 11:20:53'))  
[36mjuno-admin_1  |[0m [36;31m[0 rows affected or returned ][0m 
[36mjuno-admin_1  |[0m 
[36mjuno-admin_1  |[0m [35m(/home/runner/go/pkg/mod/github.com/douyu/jupiter@v0.3.3-0.20210826091832-c7a43d560176/pkg/store/gorm/interceptor.go:120)[0m 
[36mjuno-admin_1  |[0m [33m[2022-10-08 11:20:53][0m  [36;1m[1.49ms][0m  SELECT * FROM `configuration`  WHERE `configuration`.`deleted_at` IS NULL AND ((lock_at is not null and lock_at < '2022-10-08 11:20:47'))  
[36mjuno-admin_1  |[0m [36;31m[0 rows affected or returned ][0m 
[36mjuno-admin_1  |[0m 
[36mjuno-admin_1  |[0m [35m(/home/runner/go/pkg/mod/github.com/douyu/jupiter@v0.3.3-0.20210826091832-c7a43d560176/pkg/store/gorm/interceptor.go:120)[0m 
[36mjuno-admin_1  |[0m [33m[2022-10-08 11:20:56][0m  [36;1m[1.53ms][0m  SELECT * FROM `configuration`  WHERE `configuration`.`deleted_at` IS NULL AND ((lock_at is not null and lock_at < '2022-10-08 11:20:50'))  
[36mjuno-admin_1  |[0m [36;31m[0 rows affected or returned ][0m 
[36mjuno-admin_1  |[0m 
[36mjuno-admin_1  |[0m [35m(/home/runner/go/pkg/mod/github.com/douyu/jupiter@v0.3.3-0.20210826091832-c7a43d560176/pkg/store/gorm/interceptor.go:120)[0m 
[36mjuno-admin_1  |[0m [33m[2022-10-08 11:20:59][0m  [36;1m[1.41ms][0m  SELECT * FROM `configuration`  WHERE `configuration`.`deleted_at` IS NULL AND ((lock_at is not null and lock_at < '2022-10-08 11:20:53'))  
[36mjuno-admin_1  |[0m [36;31m[0 rows affected or returned ][0m 
[36mjuno-admin_1  |[0m 
[36mjuno-admin_1  |[0m [35m(/home/runner/go/pkg/mod/github.com/douyu/jupiter@v0.3.3-0.20210826091832-c7a43d560176/pkg/store/gorm/interceptor.go:120)[0m 
[36mjuno-admin_1  |[0m [33m[2022-10-08 11:21:02][0m  [36;1m[1.45ms][0m  SELECT * FROM `configuration`  WHERE `configuration`.`deleted_at` IS NULL AND ((lock_at is not null and lock_at < '2022-10-08 11:20:56'))  
[36mjuno-admin_1  |[0m [36;31m[0 rows affected or returned ][0m 
[36mjuno-admin_1  |[0m 
[36mjuno-admin_1  |[0m [35m(/home/runner/go/pkg/mod/github.com/douyu/jupiter@v0.3.3-0.20210826091832-c7a43d560176/pkg/store/gorm/interceptor.go:120)[0m 
[36mjuno-admin_1  |[0m [33m[2022-10-08 11:21:03][0m  [36;1m[1.57ms][0m  SELECT * FROM `worker_node`  WHERE `worker_node`.`deleted_at` IS NULL AND ((last_heartbeat >= '2022-10-08 11:21:03'))  
[36mjuno-admin_1  |[0m [36;31m[0 rows affected or returned ][0m 
[36mjuno-admin_1  |[0m 
[36mjuno-admin_1  |[0m [35m(/home/runner/go/pkg/mod/github.com/douyu/jupiter@v0.3.3-0.20210826091832-c7a43d560176/pkg/store/gorm/interceptor.go:120)[0m 
[36mjuno-admin_1  |[0m [33m[2022-10-08 11:21:05][0m  [36;1m[1.24ms][0m  SELECT * FROM `configuration`  WHERE `configuration`.`deleted_at` IS NULL AND ((lock_at is not null and lock_at < '2022-10-08 11:20:59'))  
[36mjuno-admin_1  |[0m [36;31m[0 rows affected or returned ][0m 
[36mjuno-admin_1  |[0m 
[36mjuno-admin_1  |[0m [35m(/home/runner/go/pkg/mod/github.com/douyu/jupiter@v0.3.3-0.20210826091832-c7a43d560176/pkg/store/gorm/interceptor.go:120)[0m 
[36mjuno-admin_1  |[0m [33m[2022-10-08 11:21:08][0m  [36;1m[1.38ms][0m  SELECT * FROM `configuration`  WHERE `configuration`.`deleted_at` IS NULL AND ((lock_at is not null and lock_at < '2022-10-08 11:21:02'))  
[36mjuno-admin_1  |[0m [36;31m[0 rows affected or returned ][0m 
[36mjuno-admin_1  |[0m 
[36mjuno-admin_1  |[0m [35m(/home/runner/go/pkg/mod/github.com/douyu/jupiter@v0.3.3-0.20210826091832-c7a43d560176/pkg/store/gorm/interceptor.go:120)[0m 
[36mjuno-admin_1  |[0m [33m[2022-10-08 11:21:11][0m  [36;1m[0.43ms][0m  SELECT * FROM `configuration`  WHERE `configuration`.`deleted_at` IS NULL AND ((lock_at is not null and lock_at < '2022-10-08 11:21:05'))  
[36mjuno-admin_1  |[0m [36;31m[0 rows affected or returned ][0m 
[36mjuno-admin_1  |[0m 
[36mjuno-admin_1  |[0m [35m(/home/runner/go/pkg/mod/github.com/douyu/jupiter@v0.3.3-0.20210826091832-c7a43d560176/pkg/store/gorm/interceptor.go:120)[0m 
[36mjuno-admin_1  |[0m [33m[2022-10-08 11:21:13][0m  [36;1m[1.54ms][0m  SELECT * FROM `worker_node`  WHERE `worker_node`.`deleted_at` IS NULL AND ((last_heartbeat >= '2022-10-08 11:21:13'))  
[36mjuno-admin_1  |[0m [36;31m[0 rows affected or returned ][0m 
[36mjuno-admin_1  |[0m 
[36mjuno-admin_1  |[0m [35m(/home/runner/go/pkg/mod/github.com/douyu/jupiter@v0.3.3-0.20210826091832-c7a43d560176/pkg/store/gorm/interceptor.go:120)[0m 
[36mjuno-admin_1  |[0m [33m[2022-10-08 11:21:14][0m  [36;1m[1.44ms][0m  SELECT * FROM `configuration`  WHERE `configuration`.`deleted_at` IS NULL AND ((lock_at is not null and lock_at < '2022-10-08 11:21:08'))  
[36mjuno-admin_1  |[0m [36;31m[0 rows affected or returned ][0m 
[36mjuno-admin_1  |[0m 
[36mjuno-admin_1  |[0m [35m(/home/runner/go/pkg/mod/github.com/douyu/jupiter@v0.3.3-0.20210826091832-c7a43d560176/pkg/store/gorm/interceptor.go:120)[0m 
[36mjuno-admin_1  |[0m [33m[2022-10-08 11:21:17][0m  [36;1m[1.25ms][0m  SELECT * FROM `configuration`  WHERE `configuration`.`deleted_at` IS NULL AND ((lock_at is not null and lock_at < '2022-10-08 11:21:11'))  
[36mjuno-admin_1  |[0m [36;31m[0 rows affected or returned ][0m 
[36mjuno-admin_1  |[0m 
[36mjuno-admin_1  |[0m [35m(/home/runner/go/pkg/mod/github.com/douyu/jupiter@v0.3.3-0.20210826091832-c7a43d560176/pkg/store/gorm/interceptor.go:120)[0m 
[36mjuno-admin_1  |[0m [33m[2022-10-08 11:21:20][0m  [36;1m[1.33ms][0m  SELECT * FROM `configuration`  WHERE `configuration`.`deleted_at` IS NULL AND ((lock_at is not null and lock_at < '2022-10-08 11:21:14'))  
[36mjuno-admin_1  |[0m [36;31m[0 rows affected or returned ][0m 
[36mjuno-admin_1  |[0m 
[36mjuno-admin_1  |[0m [35m(/home/runner/go/pkg/mod/github.com/douyu/jupiter@v0.3.3-0.20210826091832-c7a43d560176/pkg/store/gorm/interceptor.go:120)[0m 
[36mjuno-admin_1  |[0m [33m[2022-10-08 11:21:23][0m  [36;1m[0.94ms][0m  SELECT * FROM `system_config`    
[36mjuno-admin_1  |[0m [36;31m[3 rows affected or returned ][0m 
[36mjuno-admin_1  |[0m 
[36mjuno-admin_1  |[0m [35m(/home/runner/go/pkg/mod/github.com/douyu/jupiter@v0.3.3-0.20210826091832-c7a43d560176/pkg/store/gorm/interceptor.go:120)[0m 
[36mjuno-admin_1  |[0m [33m[2022-10-08 11:21:23][0m  [36;1m[1.57ms][0m  SELECT * FROM `test_pipeline_task`  WHERE `test_pipeline_task`.`deleted_at` IS NULL AND ((status = 'running') AND (updated_at < '2022-10-08 10:51:23'))  
[36mjuno-admin_1  |[0m [36;31m[0 rows affected or returned ][0m 
[36mjuno-admin_1  |[0m 
[36mjuno-admin_1  |[0m [35m(/home/runner/go/pkg/mod/github.com/douyu/jupiter@v0.3.3-0.20210826091832-c7a43d560176/pkg/store/gorm/interceptor.go:120)[0m 
[36mjuno-admin_1  |[0m [33m[2022-10-08 11:21:23][0m  [36;1m[1.36ms][0m  SELECT * FROM `worker_node`  WHERE `worker_node`.`deleted_at` IS NULL AND ((last_heartbeat >= '2022-10-08 11:21:23'))  
[36mjuno-admin_1  |[0m [36;31m[0 rows affected or returned ][0m 
[36mjuno-admin_1  |[0m 
[36mjuno-admin_1  |[0m [35m(/home/runner/go/pkg/mod/github.com/douyu/jupiter@v0.3.3-0.20210826091832-c7a43d560176/pkg/store/gorm/interceptor.go:120)[0m 
[36mjuno-admin_1  |[0m [33m[2022-10-08 11:21:23][0m  [36;1m[1.39ms][0m  SELECT * FROM `configuration`  WHERE `configuration`.`deleted_at` IS NULL AND ((lock_at is not null and lock_at < '2022-10-08 11:21:17'))  
[36mjuno-admin_1  |[0m [36;31m[0 rows affected or returned ][0m 
[36mjuno-admin_1  |[0m 
[36mjuno-admin_1  |[0m [35m(/home/runner/go/pkg/mod/github.com/douyu/jupiter@v0.3.3-0.20210826091832-c7a43d560176/pkg/store/gorm/interceptor.go:120)[0m 
[36mjuno-admin_1  |[0m [33m[2022-10-08 11:21:26][0m  [36;1m[1.47ms][0m  SELECT * FROM `configuration`  WHERE `configuration`.`deleted_at` IS NULL AND ((lock_at is not null and lock_at < '2022-10-08 11:21:20'))  
[36mjuno-admin_1  |[0m [36;31m[0 rows affected or returned ][0m 
[36mjuno-admin_1  |[0m 
[36mjuno-admin_1  |[0m [35m(/home/runner/go/pkg/mod/github.com/douyu/jupiter@v0.3.3-0.20210826091832-c7a43d560176/pkg/store/gorm/interceptor.go:120)[0m 
[36mjuno-admin_1  |[0m [33m[2022-10-08 11:21:29][0m  [36;1m[1.32ms][0m  SELECT * FROM `configuration`  WHERE `configuration`.`deleted_at` IS NULL AND ((lock_at is not null and lock_at < '2022-10-08 11:21:23'))  
[36mjuno-admin_1  |[0m [36;31m[0 rows affected or returned ][0m 
[36mjuno-admin_1  |[0m 
[36mjuno-admin_1  |[0m [35m(/home/runner/go/pkg/mod/github.com/douyu/jupiter@v0.3.3-0.20210826091832-c7a43d560176/pkg/store/gorm/interceptor.go:120)[0m 
[36mjuno-admin_1  |[0m [33m[2022-10-08 11:21:32][0m  [36;1m[1.39ms][0m  SELECT * FROM `configuration`  WHERE `configuration`.`deleted_at` IS NULL AND ((lock_at is not null and lock_at < '2022-10-08 11:21:26'))  
[36mjuno-admin_1  |[0m [36;31m[0 rows affected or returned ][0m 
[36mjuno-admin_1  |[0m 
[36mjuno-admin_1  |[0m [35m(/home/runner/go/pkg/mod/github.com/douyu/jupiter@v0.3.3-0.20210826091832-c7a43d560176/pkg/store/gorm/interceptor.go:120)[0m 
[36mjuno-admin_1  |[0m [33m[2022-10-08 11:21:33][0m  [36;1m[1.59ms][0m  SELECT * FROM `worker_node`  WHERE `worker_node`.`deleted_at` IS NULL AND ((last_heartbeat >= '2022-10-08 11:21:33'))  
[36mjuno-admin_1  |[0m [36;31m[0 rows affected or returned ][0m 
[36mjuno-admin_1  |[0m 
[36mjuno-admin_1  |[0m [35m(/home/runner/go/pkg/mod/github.com/douyu/jupiter@v0.3.3-0.20210826091832-c7a43d560176/pkg/store/gorm/interceptor.go:120)[0m 
[36mjuno-admin_1  |[0m [33m[2022-10-08 11:21:35][0m  [36;1m[1.40ms][0m  SELECT * FROM `configuration`  WHERE `configuration`.`deleted_at` IS NULL AND ((lock_at is not null and lock_at < '2022-10-08 11:21:29'))  
[36mjuno-admin_1  |[0m [36;31m[0 rows affected or returned ][0m 
[36mjuno-admin_1  |[0m 
[36mjuno-admin_1  |[0m [35m(/home/runner/go/pkg/mod/github.com/douyu/jupiter@v0.3.3-0.20210826091832-c7a43d560176/pkg/store/gorm/interceptor.go:120)[0m 
[36mjuno-admin_1  |[0m [33m[2022-10-08 11:21:38][0m  [36;1m[1.40ms][0m  SELECT * FROM `configuration`  WHERE `configuration`.`deleted_at` IS NULL AND ((lock_at is not null and lock_at < '2022-10-08 11:21:32'))  
[36mjuno-admin_1  |[0m [36;31m[0 rows affected or returned ][0m 
[36mjuno-admin_1  |[0m 
[36mjuno-admin_1  |[0m [35m(/home/runner/go/pkg/mod/github.com/douyu/jupiter@v0.3.3-0.20210826091832-c7a43d560176/pkg/store/gorm/interceptor.go:120)[0m 
[36mjuno-admin_1  |[0m [33m[2022-10-08 11:21:41][0m  [36;1m[1.38ms][0m  SELECT * FROM `configuration`  WHERE `configuration`.`deleted_at` IS NULL AND ((lock_at is not null and lock_at < '2022-10-08 11:21:35'))  
[36mjuno-admin_1  |[0m [36;31m[0 rows affected or returned ][0m 
[36mjuno-admin_1  |[0m 
[36mjuno-admin_1  |[0m [35m(/home/runner/go/pkg/mod/github.com/douyu/jupiter@v0.3.3-0.20210826091832-c7a43d560176/pkg/store/gorm/interceptor.go:120)[0m 
[36mjuno-admin_1  |[0m [33m[2022-10-08 11:21:43][0m  [36;1m[1.64ms][0m  SELECT * FROM `worker_node`  WHERE `worker_node`.`deleted_at` IS NULL AND ((last_heartbeat >= '2022-10-08 11:21:43'))  
[36mjuno-admin_1  |[0m [36;31m[0 rows affected or returned ][0m 
[36mjuno-admin_1  |[0m 
[36mjuno-admin_1  |[0m [35m(/home/runner/go/pkg/mod/github.com/douyu/jupiter@v0.3.3-0.20210826091832-c7a43d560176/pkg/store/gorm/interceptor.go:120)[0m 
[36mjuno-admin_1  |[0m [33m[2022-10-08 11:21:44][0m  [36;1m[1.41ms][0m  SELECT * FROM `configuration`  WHERE `configuration`.`deleted_at` IS NULL AND ((lock_at is not null and lock_at < '2022-10-08 11:21:38'))  
[36mjuno-admin_1  |[0m [36;31m[0 rows affected or returned ][0m 
[36mjuno-admin_1  |[0m 
[36mjuno-admin_1  |[0m [35m(/home/runner/go/pkg/mod/github.com/douyu/jupiter@v0.3.3-0.20210826091832-c7a43d560176/pkg/store/gorm/interceptor.go:120)[0m 
[36mjuno-admin_1  |[0m [33m[2022-10-08 11:21:47][0m  [36;1m[1.50ms][0m  SELECT * FROM `configuration`  WHERE `configuration`.`deleted_at` IS NULL AND ((lock_at is not null and lock_at < '2022-10-08 11:21:41'))  
[36mjuno-admin_1  |[0m [36;31m[0 rows affected or returned ][0m 
[36mjuno-admin_1  |[0m 
[36mjuno-admin_1  |[0m [35m(/home/runner/go/pkg/mod/github.com/douyu/jupiter@v0.3.3-0.20210826091832-c7a43d560176/pkg/store/gorm/interceptor.go:120)[0m 
[36mjuno-admin_1  |[0m [33m[2022-10-08 11:21:50][0m  [36;1m[1.33ms][0m  SELECT * FROM `configuration`  WHERE `configuration`.`deleted_at` IS NULL AND ((lock_at is not null and lock_at < '2022-10-08 11:21:44'))  
[36mjuno-admin_1  |[0m [36;31m[0 rows affected or returned ][0m 
[36mjuno-admin_1  |[0m 1665228113	[32mINFO[0m	xcron/config.go:149	cron wake                       	{"aid": "1234567890", "iid": "3dfa3a4ea3049ea77ecf5bcfd59b2055", "mod": "worker.cron", "now": 1665228113}
[36mjuno-admin_1  |[0m 1665228113	[32mINFO[0m	xcron/config.go:149	cron run                        	{"aid": "1234567890", "iid": "3dfa3a4ea3049ea77ecf5bcfd59b2055", "mod": "worker.cron", "now": 1665228113, "entry": 1, "next": 1665228173}
[36mjuno-admin_1  |[0m 
[36mjuno-admin_1  |[0m [35m(/home/runner/go/pkg/mod/github.com/douyu/jupiter@v0.3.3-0.20210826091832-c7a43d560176/pkg/store/gorm/interceptor.go:120)[0m 
[36mjuno-admin_1  |[0m [33m[2022-10-08 11:21:53][0m  [36;1m[0.97ms][0m  SELECT * FROM `proxy_manage`  WHERE (delete_time = 0)  
[36mjuno-admin_1  |[0m [36;31m[0 rows affected or returned ][0m 
[36mjuno-admin_1  |[0m 1665228113	[32mINFO[0m	xcron/config.go:217	run                             	{"aid": "1234567890", "iid": "3dfa3a4ea3049ea77ecf5bcfd59b2055", "mod": "worker.cron", "name": "github.com/douyu/juno/internal/pkg/service/proxyintegrat.RefreshProxyConfig"}
[36mjuno-admin_1  |[0m 
[36mjuno-admin_1  |[0m [35m(/home/runner/go/pkg/mod/github.com/douyu/jupiter@v0.3.3-0.20210826091832-c7a43d560176/pkg/store/gorm/interceptor.go:120)[0m 
[36mjuno-admin_1  |[0m [33m[2022-10-08 11:21:53][0m  [36;1m[3.40ms][0m  SELECT * FROM `system_config`    
[36mjuno-admin_1  |[0m [36;31m[3 rows affected or returned ][0m 
[36mjuno-admin_1  |[0m 
[36mjuno-admin_1  |[0m [35m(/home/runner/go/pkg/mod/github.com/douyu/jupiter@v0.3.3-0.20210826091832-c7a43d560176/pkg/store/gorm/interceptor.go:120)[0m 
[36mjuno-admin_1  |[0m [33m[2022-10-08 11:21:53][0m  [36;1m[1.44ms][0m  SELECT * FROM `test_pipeline_task`  WHERE `test_pipeline_task`.`deleted_at` IS NULL AND ((status = 'running') AND (updated_at < '2022-10-08 10:51:53'))  
[36mjuno-admin_1  |[0m [36;31m[0 rows affected or returned ][0m 
[36mjuno-admin_1  |[0m 
[36mjuno-admin_1  |[0m [35m(/home/runner/go/pkg/mod/github.com/douyu/jupiter@v0.3.3-0.20210826091832-c7a43d560176/pkg/store/gorm/interceptor.go:120)[0m 
[36mjuno-admin_1  |[0m [33m[2022-10-08 11:21:53][0m  [36;1m[1.62ms][0m  SELECT * FROM `worker_node`  WHERE `worker_node`.`deleted_at` IS NULL AND ((last_heartbeat >= '2022-10-08 11:21:53'))  
[36mjuno-admin_1  |[0m [36;31m[0 rows affected or returned ][0m 
[36mjuno-admin_1  |[0m 
[36mjuno-admin_1  |[0m [35m(/home/runner/go/pkg/mod/github.com/douyu/jupiter@v0.3.3-0.20210826091832-c7a43d560176/pkg/store/gorm/interceptor.go:120)[0m 
[36mjuno-admin_1  |[0m [33m[2022-10-08 11:21:53][0m  [36;1m[1.37ms][0m  SELECT * FROM `configuration`  WHERE `configuration`.`deleted_at` IS NULL AND ((lock_at is not null and lock_at < '2022-10-08 11:21:47'))  
[36mjuno-admin_1  |[0m [36;31m[0 rows affected or returned ][0m 
[36mjuno-admin_1  |[0m 
[36mjuno-admin_1  |[0m [35m(/home/runner/go/pkg/mod/github.com/douyu/jupiter@v0.3.3-0.20210826091832-c7a43d560176/pkg/store/gorm/interceptor.go:120)[0m 
[36mjuno-admin_1  |[0m [33m[2022-10-08 11:21:56][0m  [36;1m[0.91ms][0m  SELECT * FROM `configuration`  WHERE `configuration`.`deleted_at` IS NULL AND ((lock_at is not null and lock_at < '2022-10-08 11:21:50'))  
[36mjuno-admin_1  |[0m [36;31m[0 rows affected or returned ][0m 
[36mjuno-admin_1  |[0m 
[36mjuno-admin_1  |[0m [35m(/home/runner/go/pkg/mod/github.com/douyu/jupiter@v0.3.3-0.20210826091832-c7a43d560176/pkg/store/gorm/interceptor.go:120)[0m 
[36mjuno-admin_1  |[0m [33m[2022-10-08 11:21:59][0m  [36;1m[1.38ms][0m  SELECT * FROM `configuration`  WHERE `configuration`.`deleted_at` IS NULL AND ((lock_at is not null and lock_at < '2022-10-08 11:21:53'))  
[36mjuno-admin_1  |[0m [36;31m[0 rows affected or returned ][0m 
[36mjuno-admin_1  |[0m 
[36mjuno-admin_1  |[0m [35m(/home/runner/go/pkg/mod/github.com/douyu/jupiter@v0.3.3-0.20210826091832-c7a43d560176/pkg/store/gorm/interceptor.go:120)[0m 
[36mjuno-admin_1  |[0m [33m[2022-10-08 11:22:02][0m  [36;1m[1.41ms][0m  SELECT * FROM `configuration`  WHERE `configuration`.`deleted_at` IS NULL AND ((lock_at is not null and lock_at < '2022-10-08 11:21:56'))  
[36mjuno-admin_1  |[0m [36;31m[0 rows affected or returned ][0m 
[36mjuno-admin_1  |[0m 
[36mjuno-admin_1  |[0m [35m(/home/runner/go/pkg/mod/github.com/douyu/jupiter@v0.3.3-0.20210826091832-c7a43d560176/pkg/store/gorm/interceptor.go:120)[0m 
[36mjuno-admin_1  |[0m [33m[2022-10-08 11:22:03][0m  [36;1m[1.46ms][0m  SELECT * FROM `worker_node`  WHERE `worker_node`.`deleted_at` IS NULL AND ((last_heartbeat >= '2022-10-08 11:22:03'))  
[36mjuno-admin_1  |[0m [36;31m[0 rows affected or returned ][0m 
[36mjuno-admin_1  |[0m 
[36mjuno-admin_1  |[0m [35m(/home/runner/go/pkg/mod/github.com/douyu/jupiter@v0.3.3-0.20210826091832-c7a43d560176/pkg/store/gorm/interceptor.go:120)[0m 
[36mjuno-admin_1  |[0m [33m[2022-10-08 11:22:05][0m  [36;1m[1.43ms][0m  SELECT * FROM `configuration`  WHERE `configuration`.`deleted_at` IS NULL AND ((lock_at is not null and lock_at < '2022-10-08 11:21:59'))  
[36mjuno-admin_1  |[0m [36;31m[0 rows affected or returned ][0m 
[36mjuno-admin_1  |[0m 
[36mjuno-admin_1  |[0m [35m(/home/runner/go/pkg/mod/github.com/douyu/jupiter@v0.3.3-0.20210826091832-c7a43d560176/pkg/store/gorm/interceptor.go:120)[0m 
[36mjuno-admin_1  |[0m [33m[2022-10-08 11:22:08][0m  [36;1m[1.46ms][0m  SELECT * FROM `configuration`  WHERE `configuration`.`deleted_at` IS NULL AND ((lock_at is not null and lock_at < '2022-10-08 11:22:02'))  
[36mjuno-admin_1  |[0m [36;31m[0 rows affected or returned ][0m 
[36mjuno-admin_1  |[0m 
[36mjuno-admin_1  |[0m [35m(/home/runner/go/pkg/mod/github.com/douyu/jupiter@v0.3.3-0.20210826091832-c7a43d560176/pkg/store/gorm/interceptor.go:120)[0m 
[36mjuno-admin_1  |[0m [33m[2022-10-08 11:22:11][0m  [36;1m[1.46ms][0m  SELECT * FROM `configuration`  WHERE `configuration`.`deleted_at` IS NULL AND ((lock_at is not null and lock_at < '2022-10-08 11:22:05'))  
[36mjuno-admin_1  |[0m [36;31m[0 rows affected or returned ][0m 
[36mjuno-admin_1  |[0m 
[36mjuno-admin_1  |[0m [35m(/home/runner/go/pkg/mod/github.com/douyu/jupiter@v0.3.3-0.20210826091832-c7a43d560176/pkg/store/gorm/interceptor.go:120)[0m 
[36mjuno-admin_1  |[0m [33m[2022-10-08 11:22:13][0m  [36;1m[1.50ms][0m  SELECT * FROM `worker_node`  WHERE `worker_node`.`deleted_at` IS NULL AND ((last_heartbeat >= '2022-10-08 11:22:13'))  
[36mjuno-admin_1  |[0m [36;31m[0 rows affected or returned ][0m 
[36mjuno-admin_1  |[0m 
[36mjuno-admin_1  |[0m [35m(/home/runner/go/pkg/mod/github.com/douyu/jupiter@v0.3.3-0.20210826091832-c7a43d560176/pkg/store/gorm/interceptor.go:120)[0m 
[36mjuno-admin_1  |[0m [33m[2022-10-08 11:22:14][0m  [36;1m[1.40ms][0m  SELECT * FROM `configuration`  WHERE `configuration`.`deleted_at` IS NULL AND ((lock_at is not null and lock_at < '2022-10-08 11:22:08'))  
[36mjuno-admin_1  |[0m [36;31m[0 rows affected or returned ][0m 
[36mjuno-admin_1  |[0m 
[36mjuno-admin_1  |[0m [35m(/home/runner/go/pkg/mod/github.com/douyu/jupiter@v0.3.3-0.20210826091832-c7a43d560176/pkg/store/gorm/interceptor.go:120)[0m 
[36mjuno-admin_1  |[0m [33m[2022-10-08 11:22:17][0m  [36;1m[0.37ms][0m  SELECT * FROM `configuration`  WHERE `configuration`.`deleted_at` IS NULL AND ((lock_at is not null and lock_at < '2022-10-08 11:22:11'))  
[36mjuno-admin_1  |[0m [36;31m[0 rows affected or returned ][0m 
[36mjuno-admin_1  |[0m 
[36mjuno-admin_1  |[0m [35m(/home/runner/go/pkg/mod/github.com/douyu/jupiter@v0.3.3-0.20210826091832-c7a43d560176/pkg/store/gorm/interceptor.go:120)[0m 
[36mjuno-admin_1  |[0m [33m[2022-10-08 11:22:20][0m  [36;1m[1.38ms][0m  SELECT * FROM `configuration`  WHERE `configuration`.`deleted_at` IS NULL AND ((lock_at is not null and lock_at < '2022-10-08 11:22:14'))  
[36mjuno-admin_1  |[0m [36;31m[0 rows affected or returned ][0m 
[36mjuno-admin_1  |[0m 
[36mjuno-admin_1  |[0m [35m(/home/runner/go/pkg/mod/github.com/douyu/jupiter@v0.3.3-0.20210826091832-c7a43d560176/pkg/store/gorm/interceptor.go:120)[0m 
[36mjuno-admin_1  |[0m [33m[2022-10-08 11:22:23][0m  [36;1m[1.03ms][0m  SELECT * FROM `system_config`    
[36mjuno-admin_1  |[0m [36;31m[3 rows affected or returned ][0m 
[36mjuno-admin_1  |[0m 
[36mjuno-admin_1  |[0m [35m(/home/runner/go/pkg/mod/github.com/douyu/jupiter@v0.3.3-0.20210826091832-c7a43d560176/pkg/store/gorm/interceptor.go:120)[0m 
[36mjuno-admin_1  |[0m [33m[2022-10-08 11:22:23][0m  [36;1m[1.26ms][0m  SELECT * FROM `test_pipeline_task`  WHERE `test_pipeline_task`.`deleted_at` IS NULL AND ((status = 'running') AND (updated_at < '2022-10-08 10:52:23'))  
[36mjuno-admin_1  |[0m [36;31m[0 rows affected or returned ][0m 
[36mjuno-admin_1  |[0m 
[36mjuno-admin_1  |[0m [35m(/home/runner/go/pkg/mod/github.com/douyu/jupiter@v0.3.3-0.20210826091832-c7a43d560176/pkg/store/gorm/interceptor.go:120)[0m 
[36mjuno-admin_1  |[0m [33m[2022-10-08 11:22:23][0m  [36;1m[1.55ms][0m  SELECT * FROM `worker_node`  WHERE `worker_node`.`deleted_at` IS NULL AND ((last_heartbeat >= '2022-10-08 11:22:23'))  
[36mjuno-admin_1  |[0m [36;31m[0 rows affected or returned ][0m 
[36mjuno-admin_1  |[0m 
[36mjuno-admin_1  |[0m [35m(/home/runner/go/pkg/mod/github.com/douyu/jupiter@v0.3.3-0.20210826091832-c7a43d560176/pkg/store/gorm/interceptor.go:120)[0m 
[36mjuno-admin_1  |[0m [33m[2022-10-08 11:22:23][0m  [36;1m[1.42ms][0m  SELECT * FROM `configuration`  WHERE `configuration`.`deleted_at` IS NULL AND ((lock_at is not null and lock_at < '2022-10-08 11:22:17'))  
[36mjuno-admin_1  |[0m [36;31m[0 rows affected or returned ][0m 
[36mjuno-admin_1  |[0m 
[36mjuno-admin_1  |[0m [35m(/home/runner/go/pkg/mod/github.com/douyu/jupiter@v0.3.3-0.20210826091832-c7a43d560176/pkg/store/gorm/interceptor.go:120)[0m 
[36mjuno-admin_1  |[0m [33m[2022-10-08 11:22:26][0m  [36;1m[1.44ms][0m  SELECT * FROM `configuration`  WHERE `configuration`.`deleted_at` IS NULL AND ((lock_at is not null and lock_at < '2022-10-08 11:22:20'))  
[36mjuno-admin_1  |[0m [36;31m[0 rows affected or returned ][0m 
[36mjuno-admin_1  |[0m 
[36mjuno-admin_1  |[0m [35m(/home/runner/go/pkg/mod/github.com/douyu/jupiter@v0.3.3-0.20210826091832-c7a43d560176/pkg/store/gorm/interceptor.go:120)[0m 
[36mjuno-admin_1  |[0m [33m[2022-10-08 11:22:29][0m  [36;1m[1.47ms][0m  SELECT * FROM `configuration`  WHERE `configuration`.`deleted_at` IS NULL AND ((lock_at is not null and lock_at < '2022-10-08 11:22:23'))  
[36mjuno-admin_1  |[0m [36;31m[0 rows affected or returned ][0m 
[36mjuno-admin_1  |[0m 
[36mjuno-admin_1  |[0m [35m(/home/runner/go/pkg/mod/github.com/douyu/jupiter@v0.3.3-0.20210826091832-c7a43d560176/pkg/store/gorm/interceptor.go:120)[0m 
[36mjuno-admin_1  |[0m [33m[2022-10-08 11:22:32][0m  [36;1m[1.32ms][0m  SELECT * FROM `configuration`  WHERE `configuration`.`deleted_at` IS NULL AND ((lock_at is not null and lock_at < '2022-10-08 11:22:26'))  
[36mjuno-admin_1  |[0m [36;31m[0 rows affected or returned ][0m 
[36mjuno-admin_1  |[0m 
[36mjuno-admin_1  |[0m [35m(/home/runner/go/pkg/mod/github.com/douyu/jupiter@v0.3.3-0.20210826091832-c7a43d560176/pkg/store/gorm/interceptor.go:120)[0m 
[36mjuno-admin_1  |[0m [33m[2022-10-08 11:22:33][0m  [36;1m[1.53ms][0m  SELECT * FROM `worker_node`  WHERE `worker_node`.`deleted_at` IS NULL AND ((last_heartbeat >= '2022-10-08 11:22:33'))  
[36mjuno-admin_1  |[0m [36;31m[0 rows affected or returned ][0m 
[36mjuno-admin_1  |[0m 
[36mjuno-admin_1  |[0m [35m(/home/runner/go/pkg/mod/github.com/douyu/jupiter@v0.3.3-0.20210826091832-c7a43d560176/pkg/store/gorm/interceptor.go:120)[0m 
[36mjuno-admin_1  |[0m [33m[2022-10-08 11:22:35][0m  [36;1m[1.39ms][0m  SELECT * FROM `configuration`  WHERE `configuration`.`deleted_at` IS NULL AND ((lock_at is not null and lock_at < '2022-10-08 11:22:29'))  
[36mjuno-admin_1  |[0m [36;31m[0 rows affected or returned ][0m 
[36mjuno-admin_1  |[0m 
[36mjuno-admin_1  |[0m [35m(/home/runner/go/pkg/mod/github.com/douyu/jupiter@v0.3.3-0.20210826091832-c7a43d560176/pkg/store/gorm/interceptor.go:120)[0m 
[36mjuno-admin_1  |[0m [33m[2022-10-08 11:22:38][0m  [36;1m[1.37ms][0m  SELECT * FROM `configuration`  WHERE `configuration`.`deleted_at` IS NULL AND ((lock_at is not null and lock_at < '2022-10-08 11:22:32'))  
[36mjuno-admin_1  |[0m [36;31m[0 rows affected or returned ][0m 
[36mjuno-admin_1  |[0m 
[36mjuno-admin_1  |[0m [35m(/home/runner/go/pkg/mod/github.com/douyu/jupiter@v0.3.3-0.20210826091832-c7a43d560176/pkg/store/gorm/interceptor.go:120)[0m 
[36mjuno-admin_1  |[0m [33m[2022-10-08 11:22:41][0m  [36;1m[1.42ms][0m  SELECT * FROM `configuration`  WHERE `configuration`.`deleted_at` IS NULL AND ((lock_at is not null and lock_at < '2022-10-08 11:22:35'))  
[36mjuno-admin_1  |[0m [36;31m[0 rows affected or returned ][0m 
[36mjuno-admin_1  |[0m 
[36mjuno-admin_1  |[0m [35m(/home/runner/go/pkg/mod/github.com/douyu/jupiter@v0.3.3-0.20210826091832-c7a43d560176/pkg/store/gorm/interceptor.go:120)[0m 
[36mjuno-admin_1  |[0m [33m[2022-10-08 11:22:43][0m  [36;1m[1.54ms][0m  SELECT * FROM `worker_node`  WHERE `worker_node`.`deleted_at` IS NULL AND ((last_heartbeat >= '2022-10-08 11:22:43'))  
[36mjuno-admin_1  |[0m [36;31m[0 rows affected or returned ][0m 
[36mjuno-admin_1  |[0m 
[36mjuno-admin_1  |[0m [35m(/home/runner/go/pkg/mod/github.com/douyu/jupiter@v0.3.3-0.20210826091832-c7a43d560176/pkg/store/gorm/interceptor.go:120)[0m 
[36mjuno-admin_1  |[0m [33m[2022-10-08 11:22:44][0m  [36;1m[1.42ms][0m  SELECT * FROM `configuration`  WHERE `configuration`.`deleted_at` IS NULL AND ((lock_at is not null and lock_at < '2022-10-08 11:22:38'))  
[36mjuno-admin_1  |[0m [36;31m[0 rows affected or returned ][0m 
[36mjuno-admin_1  |[0m 
[36mjuno-admin_1  |[0m [35m(/home/runner/go/pkg/mod/github.com/douyu/jupiter@v0.3.3-0.20210826091832-c7a43d560176/pkg/store/gorm/interceptor.go:120)[0m 
[36mjuno-admin_1  |[0m [33m[2022-10-08 11:22:47][0m  [36;1m[1.43ms][0m  SELECT * FROM `configuration`  WHERE `configuration`.`deleted_at` IS NULL AND ((lock_at is not null and lock_at < '2022-10-08 11:22:41'))  
[36mjuno-admin_1  |[0m [36;31m[0 rows affected or returned ][0m 
[36mjuno-admin_1  |[0m 
[36mjuno-admin_1  |[0m [35m(/home/runner/go/pkg/mod/github.com/douyu/jupiter@v0.3.3-0.20210826091832-c7a43d560176/pkg/store/gorm/interceptor.go:120)[0m 
[36mjuno-admin_1  |[0m [33m[2022-10-08 11:22:50][0m  [36;1m[1.46ms][0m  SELECT * FROM `configuration`  WHERE `configuration`.`deleted_at` IS NULL AND ((lock_at is not null and lock_at < '2022-10-08 11:22:44'))  
[36mjuno-admin_1  |[0m [36;31m[0 rows affected or returned ][0m 
[36mjuno-admin_1  |[0m 1665228173	[32mINFO[0m	xcron/config.go:149	cron wake                       	{"aid": "1234567890", "iid": "3dfa3a4ea3049ea77ecf5bcfd59b2055", "mod": "worker.cron", "now": 1665228173}
[36mjuno-admin_1  |[0m 1665228173	[32mINFO[0m	xcron/config.go:149	cron run                        	{"aid": "1234567890", "iid": "3dfa3a4ea3049ea77ecf5bcfd59b2055", "mod": "worker.cron", "now": 1665228173, "entry": 1, "next": 1665228233}
[36mjuno-admin_1  |[0m 
[36mjuno-admin_1  |[0m [35m(/home/runner/go/pkg/mod/github.com/douyu/jupiter@v0.3.3-0.20210826091832-c7a43d560176/pkg/store/gorm/interceptor.go:120)[0m 
[36mjuno-admin_1  |[0m [33m[2022-10-08 11:22:53][0m  [36;1m[1.44ms][0m  SELECT * FROM `proxy_manage`  WHERE (delete_time = 0)  
[36mjuno-admin_1  |[0m [36;31m[0 rows affected or returned ][0m 
[36mjuno-admin_1  |[0m 1665228173	[32mINFO[0m	xcron/config.go:217	run                             	{"aid": "1234567890", "iid": "3dfa3a4ea3049ea77ecf5bcfd59b2055", "mod": "worker.cron", "name": "github.com/douyu/juno/internal/pkg/service/proxyintegrat.RefreshProxyConfig"}
[36mjuno-admin_1  |[0m 
[36mjuno-admin_1  |[0m [35m(/home/runner/go/pkg/mod/github.com/douyu/jupiter@v0.3.3-0.20210826091832-c7a43d560176/pkg/store/gorm/interceptor.go:120)[0m 
[36mjuno-admin_1  |[0m [33m[2022-10-08 11:22:53][0m  [36;1m[3.47ms][0m  SELECT * FROM `system_config`    
[36mjuno-admin_1  |[0m [36;31m[3 rows affected or returned ][0m 
[36mjuno-admin_1  |[0m 
[36mjuno-admin_1  |[0m [35m(/home/runner/go/pkg/mod/github.com/douyu/jupiter@v0.3.3-0.20210826091832-c7a43d560176/pkg/store/gorm/interceptor.go:120)[0m 
[36mjuno-admin_1  |[0m [33m[2022-10-08 11:22:53][0m  [36;1m[1.49ms][0m  SELECT * FROM `test_pipeline_task`  WHERE `test_pipeline_task`.`deleted_at` IS NULL AND ((status = 'running') AND (updated_at < '2022-10-08 10:52:53'))  
[36mjuno-admin_1  |[0m [36;31m[0 rows affected or returned ][0m 
[36mjuno-admin_1  |[0m 
[36mjuno-admin_1  |[0m [35m(/home/runner/go/pkg/mod/github.com/douyu/jupiter@v0.3.3-0.20210826091832-c7a43d560176/pkg/store/gorm/interceptor.go:120)[0m 
[36mjuno-admin_1  |[0m [33m[2022-10-08 11:22:53][0m  [36;1m[1.69ms][0m  SELECT * FROM `worker_node`  WHERE `worker_node`.`deleted_at` IS NULL AND ((last_heartbeat >= '2022-10-08 11:22:53'))  
[36mjuno-admin_1  |[0m [36;31m[0 rows affected or returned ][0m 
[36mjuno-admin_1  |[0m 
[36mjuno-admin_1  |[0m [35m(/home/runner/go/pkg/mod/github.com/douyu/jupiter@v0.3.3-0.20210826091832-c7a43d560176/pkg/store/gorm/interceptor.go:120)[0m 
[36mjuno-admin_1  |[0m [33m[2022-10-08 11:22:53][0m  [36;1m[1.30ms][0m  SELECT * FROM `configuration`  WHERE `configuration`.`deleted_at` IS NULL AND ((lock_at is not null and lock_at < '2022-10-08 11:22:47'))  
[36mjuno-admin_1  |[0m [36;31m[0 rows affected or returned ][0m 
[36mjuno-admin_1  |[0m 
[36mjuno-admin_1  |[0m [35m(/home/runner/go/pkg/mod/github.com/douyu/jupiter@v0.3.3-0.20210826091832-c7a43d560176/pkg/store/gorm/interceptor.go:120)[0m 
[36mjuno-admin_1  |[0m [33m[2022-10-08 11:22:56][0m  [36;1m[1.41ms][0m  SELECT * FROM `configuration`  WHERE `configuration`.`deleted_at` IS NULL AND ((lock_at is not null and lock_at < '2022-10-08 11:22:50'))  
[36mjuno-admin_1  |[0m [36;31m[0 rows affected or returned ][0m 
[36mjuno-admin_1  |[0m 
[36mjuno-admin_1  |[0m [35m(/home/runner/go/pkg/mod/github.com/douyu/jupiter@v0.3.3-0.20210826091832-c7a43d560176/pkg/store/gorm/interceptor.go:120)[0m 
[36mjuno-admin_1  |[0m [33m[2022-10-08 11:22:59][0m  [36;1m[1.42ms][0m  SELECT * FROM `configuration`  WHERE `configuration`.`deleted_at` IS NULL AND ((lock_at is not null and lock_at < '2022-10-08 11:22:53'))  
[36mjuno-admin_1  |[0m [36;31m[0 rows affected or returned ][0m 
[36mjuno-admin_1  |[0m 
[36mjuno-admin_1  |[0m [35m(/home/runner/go/pkg/mod/github.com/douyu/jupiter@v0.3.3-0.20210826091832-c7a43d560176/pkg/store/gorm/interceptor.go:120)[0m 
[36mjuno-admin_1  |[0m [33m[2022-10-08 11:23:02][0m  [36;1m[1.39ms][0m  SELECT * FROM `configuration`  WHERE `configuration`.`deleted_at` IS NULL AND ((lock_at is not null and lock_at < '2022-10-08 11:22:56'))  
[36mjuno-admin_1  |[0m [36;31m[0 rows affected or returned ][0m 
[36mjuno-admin_1  |[0m 
[36mjuno-admin_1  |[0m [35m(/home/runner/go/pkg/mod/github.com/douyu/jupiter@v0.3.3-0.20210826091832-c7a43d560176/pkg/store/gorm/interceptor.go:120)[0m 
[36mjuno-admin_1  |[0m [33m[2022-10-08 11:23:03][0m  [36;1m[1.55ms][0m  SELECT * FROM `worker_node`  WHERE `worker_node`.`deleted_at` IS NULL AND ((last_heartbeat >= '2022-10-08 11:23:03'))  
[36mjuno-admin_1  |[0m [36;31m[0 rows affected or returned ][0m 
[36mjuno-admin_1  |[0m 
[36mjuno-admin_1  |[0m [35m(/home/runner/go/pkg/mod/github.com/douyu/jupiter@v0.3.3-0.20210826091832-c7a43d560176/pkg/store/gorm/interceptor.go:120)[0m 
[36mjuno-admin_1  |[0m [33m[2022-10-08 11:23:05][0m  [36;1m[1.52ms][0m  SELECT * FROM `configuration`  WHERE `configuration`.`deleted_at` IS NULL AND ((lock_at is not null and lock_at < '2022-10-08 11:22:59'))  
[36mjuno-admin_1  |[0m [36;31m[0 rows affected or returned ][0m 
[36mjuno-admin_1  |[0m 
[36mjuno-admin_1  |[0m [35m(/home/runner/go/pkg/mod/github.com/douyu/jupiter@v0.3.3-0.20210826091832-c7a43d560176/pkg/store/gorm/interceptor.go:120)[0m 
[36mjuno-admin_1  |[0m [33m[2022-10-08 11:23:08][0m  [36;1m[1.30ms][0m  SELECT * FROM `configuration`  WHERE `configuration`.`deleted_at` IS NULL AND ((lock_at is not null and lock_at < '2022-10-08 11:23:02'))  
[36mjuno-admin_1  |[0m [36;31m[0 rows affected or returned ][0m 
[36mjuno-admin_1  |[0m 
[36mjuno-admin_1  |[0m [35m(/home/runner/go/pkg/mod/github.com/douyu/jupiter@v0.3.3-0.20210826091832-c7a43d560176/pkg/store/gorm/interceptor.go:120)[0m 
[36mjuno-admin_1  |[0m [33m[2022-10-08 11:23:11][0m  [36;1m[1.35ms][0m  SELECT * FROM `configuration`  WHERE `configuration`.`deleted_at` IS NULL AND ((lock_at is not null and lock_at < '2022-10-08 11:23:05'))  
[36mjuno-admin_1  |[0m [36;31m[0 rows affected or returned ][0m 
[36mjuno-admin_1  |[0m 
[36mjuno-admin_1  |[0m [35m(/home/runner/go/pkg/mod/github.com/douyu/jupiter@v0.3.3-0.20210826091832-c7a43d560176/pkg/store/gorm/interceptor.go:120)[0m 
[36mjuno-admin_1  |[0m [33m[2022-10-08 11:23:13][0m  [36;1m[1.46ms][0m  SELECT * FROM `worker_node`  WHERE `worker_node`.`deleted_at` IS NULL AND ((last_heartbeat >= '2022-10-08 11:23:13'))  
[36mjuno-admin_1  |[0m [36;31m[0 rows affected or returned ][0m 
[36mjuno-admin_1  |[0m 
[36mjuno-admin_1  |[0m [35m(/home/runner/go/pkg/mod/github.com/douyu/jupiter@v0.3.3-0.20210826091832-c7a43d560176/pkg/store/gorm/interceptor.go:120)[0m 
[36mjuno-admin_1  |[0m [33m[2022-10-08 11:23:14][0m  [36;1m[1.32ms][0m  SELECT * FROM `configuration`  WHERE `configuration`.`deleted_at` IS NULL AND ((lock_at is not null and lock_at < '2022-10-08 11:23:08'))  
[36mjuno-admin_1  |[0m [36;31m[0 rows affected or returned ][0m 
[36mjuno-admin_1  |[0m 
[36mjuno-admin_1  |[0m [35m(/home/runner/go/pkg/mod/github.com/douyu/jupiter@v0.3.3-0.20210826091832-c7a43d560176/pkg/store/gorm/interceptor.go:120)[0m 
[36mjuno-admin_1  |[0m [33m[2022-10-08 11:23:17][0m  [36;1m[1.30ms][0m  SELECT * FROM `configuration`  WHERE `configuration`.`deleted_at` IS NULL AND ((lock_at is not null and lock_at < '2022-10-08 11:23:11'))  
[36mjuno-admin_1  |[0m [36;31m[0 rows affected or returned ][0m 
[36mjuno-admin_1  |[0m 
[36mjuno-admin_1  |[0m [35m(/home/runner/go/pkg/mod/github.com/douyu/jupiter@v0.3.3-0.20210826091832-c7a43d560176/pkg/store/gorm/interceptor.go:120)[0m 
[36mjuno-admin_1  |[0m [33m[2022-10-08 11:23:20][0m  [36;1m[1.35ms][0m  SELECT * FROM `configuration`  WHERE `configuration`.`deleted_at` IS NULL AND ((lock_at is not null and lock_at < '2022-10-08 11:23:14'))  
[36mjuno-admin_1  |[0m [36;31m[0 rows affected or returned ][0m 
[36mjuno-admin_1  |[0m 
[36mjuno-admin_1  |[0m [35m(/home/runner/go/pkg/mod/github.com/douyu/jupiter@v0.3.3-0.20210826091832-c7a43d560176/pkg/store/gorm/interceptor.go:120)[0m 
[36mjuno-admin_1  |[0m [33m[2022-10-08 11:23:23][0m  [36;1m[0.97ms][0m  SELECT * FROM `system_config`    
[36mjuno-admin_1  |[0m [36;31m[3 rows affected or returned ][0m 
[36mjuno-admin_1  |[0m 
[36mjuno-admin_1  |[0m [35m(/home/runner/go/pkg/mod/github.com/douyu/jupiter@v0.3.3-0.20210826091832-c7a43d560176/pkg/store/gorm/interceptor.go:120)[0m 
[36mjuno-admin_1  |[0m [33m[2022-10-08 11:23:23][0m  [36;1m[1.39ms][0m  SELECT * FROM `test_pipeline_task`  WHERE `test_pipeline_task`.`deleted_at` IS NULL AND ((status = 'running') AND (updated_at < '2022-10-08 10:53:23'))  
[36mjuno-admin_1  |[0m [36;31m[0 rows affected or returned ][0m 
[36mjuno-admin_1  |[0m 
[36mjuno-admin_1  |[0m [35m(/home/runner/go/pkg/mod/github.com/douyu/jupiter@v0.3.3-0.20210826091832-c7a43d560176/pkg/store/gorm/interceptor.go:120)[0m 
[36mjuno-admin_1  |[0m [33m[2022-10-08 11:23:23][0m  [36;1m[1.48ms][0m  SELECT * FROM `worker_node`  WHERE `worker_node`.`deleted_at` IS NULL AND ((last_heartbeat >= '2022-10-08 11:23:23'))  
[36mjuno-admin_1  |[0m [36;31m[0 rows affected or returned ][0m 
[36mjuno-admin_1  |[0m 
[36mjuno-admin_1  |[0m [35m(/home/runner/go/pkg/mod/github.com/douyu/jupiter@v0.3.3-0.20210826091832-c7a43d560176/pkg/store/gorm/interceptor.go:120)[0m 
[36mjuno-admin_1  |[0m [33m[2022-10-08 11:23:23][0m  [36;1m[1.40ms][0m  SELECT * FROM `configuration`  WHERE `configuration`.`deleted_at` IS NULL AND ((lock_at is not null and lock_at < '2022-10-08 11:23:17'))  
[36mjuno-admin_1  |[0m [36;31m[0 rows affected or returned ][0m 
[36mjuno-admin_1  |[0m 
[36mjuno-admin_1  |[0m [35m(/home/runner/go/pkg/mod/github.com/douyu/jupiter@v0.3.3-0.20210826091832-c7a43d560176/pkg/store/gorm/interceptor.go:120)[0m 
[36mjuno-admin_1  |[0m [33m[2022-10-08 11:23:26][0m  [36;1m[1.43ms][0m  SELECT * FROM `configuration`  WHERE `configuration`.`deleted_at` IS NULL AND ((lock_at is not null and lock_at < '2022-10-08 11:23:20'))  
[36mjuno-admin_1  |[0m [36;31m[0 rows affected or returned ][0m 
[36mjuno-admin_1  |[0m 
[36mjuno-admin_1  |[0m [35m(/home/runner/go/pkg/mod/github.com/douyu/jupiter@v0.3.3-0.20210826091832-c7a43d560176/pkg/store/gorm/interceptor.go:120)[0m 
[36mjuno-admin_1  |[0m [33m[2022-10-08 11:23:29][0m  [36;1m[1.53ms][0m  SELECT * FROM `configuration`  WHERE `configuration`.`deleted_at` IS NULL AND ((lock_at is not null and lock_at < '2022-10-08 11:23:23'))  
[36mjuno-admin_1  |[0m [36;31m[0 rows affected or returned ][0m 
[36mjuno-admin_1  |[0m 
[36mjuno-admin_1  |[0m [35m(/home/runner/go/pkg/mod/github.com/douyu/jupiter@v0.3.3-0.20210826091832-c7a43d560176/pkg/store/gorm/interceptor.go:120)[0m 
[36mjuno-admin_1  |[0m [33m[2022-10-08 11:23:32][0m  [36;1m[1.35ms][0m  SELECT * FROM `configuration`  WHERE `configuration`.`deleted_at` IS NULL AND ((lock_at is not null and lock_at < '2022-10-08 11:23:26'))  
[36mjuno-admin_1  |[0m [36;31m[0 rows affected or returned ][0m 
[36mjuno-admin_1  |[0m 
[36mjuno-admin_1  |[0m [35m(/home/runner/go/pkg/mod/github.com/douyu/jupiter@v0.3.3-0.20210826091832-c7a43d560176/pkg/store/gorm/interceptor.go:120)[0m 
[36mjuno-admin_1  |[0m [33m[2022-10-08 11:23:33][0m  [36;1m[1.57ms][0m  SELECT * FROM `worker_node`  WHERE `worker_node`.`deleted_at` IS NULL AND ((last_heartbeat >= '2022-10-08 11:23:33'))  
[36mjuno-admin_1  |[0m [36;31m[0 rows affected or returned ][0m 
[36mjuno-admin_1  |[0m 
[36mjuno-admin_1  |[0m [35m(/home/runner/go/pkg/mod/github.com/douyu/jupiter@v0.3.3-0.20210826091832-c7a43d560176/pkg/store/gorm/interceptor.go:120)[0m 
[36mjuno-admin_1  |[0m [33m[2022-10-08 11:23:35][0m  [36;1m[1.42ms][0m  SELECT * FROM `configuration`  WHERE `configuration`.`deleted_at` IS NULL AND ((lock_at is not null and lock_at < '2022-10-08 11:23:29'))  
[36mjuno-admin_1  |[0m [36;31m[0 rows affected or returned ][0m 
[36mjuno-admin_1  |[0m 
[36mjuno-admin_1  |[0m [35m(/home/runner/go/pkg/mod/github.com/douyu/jupiter@v0.3.3-0.20210826091832-c7a43d560176/pkg/store/gorm/interceptor.go:120)[0m 
[36mjuno-admin_1  |[0m [33m[2022-10-08 11:23:38][0m  [36;1m[1.28ms][0m  SELECT * FROM `configuration`  WHERE `configuration`.`deleted_at` IS NULL AND ((lock_at is not null and lock_at < '2022-10-08 11:23:32'))  
[36mjuno-admin_1  |[0m [36;31m[0 rows affected or returned ][0m 
[36mjuno-admin_1  |[0m 
[36mjuno-admin_1  |[0m [35m(/home/runner/go/pkg/mod/github.com/douyu/jupiter@v0.3.3-0.20210826091832-c7a43d560176/pkg/store/gorm/interceptor.go:120)[0m 
[36mjuno-admin_1  |[0m [33m[2022-10-08 11:23:41][0m  [36;1m[1.40ms][0m  SELECT * FROM `configuration`  WHERE `configuration`.`deleted_at` IS NULL AND ((lock_at is not null and lock_at < '2022-10-08 11:23:35'))  
[36mjuno-admin_1  |[0m [36;31m[0 rows affected or returned ][0m 
[36mjuno-admin_1  |[0m 
[36mjuno-admin_1  |[0m [35m(/home/runner/go/pkg/mod/github.com/douyu/jupiter@v0.3.3-0.20210826091832-c7a43d560176/pkg/store/gorm/interceptor.go:120)[0m 
[36mjuno-admin_1  |[0m [33m[2022-10-08 11:23:43][0m  [36;1m[1.50ms][0m  SELECT * FROM `worker_node`  WHERE `worker_node`.`deleted_at` IS NULL AND ((last_heartbeat >= '2022-10-08 11:23:43'))  
[36mjuno-admin_1  |[0m [36;31m[0 rows affected or returned ][0m 
[36mjuno-admin_1  |[0m 
[36mjuno-admin_1  |[0m [35m(/home/runner/go/pkg/mod/github.com/douyu/jupiter@v0.3.3-0.20210826091832-c7a43d560176/pkg/store/gorm/interceptor.go:120)[0m 
[36mjuno-admin_1  |[0m [33m[2022-10-08 11:23:44][0m  [36;1m[1.38ms][0m  SELECT * FROM `configuration`  WHERE `configuration`.`deleted_at` IS NULL AND ((lock_at is not null and lock_at < '2022-10-08 11:23:38'))  
[36mjuno-admin_1  |[0m [36;31m[0 rows affected or returned ][0m 
[36mjuno-admin_1  |[0m 
[36mjuno-admin_1  |[0m [35m(/home/runner/go/pkg/mod/github.com/douyu/jupiter@v0.3.3-0.20210826091832-c7a43d560176/pkg/store/gorm/interceptor.go:120)[0m 
[36mjuno-admin_1  |[0m [33m[2022-10-08 11:23:47][0m  [36;1m[1.34ms][0m  SELECT * FROM `configuration`  WHERE `configuration`.`deleted_at` IS NULL AND ((lock_at is not null and lock_at < '2022-10-08 11:23:41'))  
[36mjuno-admin_1  |[0m [36;31m[0 rows affected or returned ][0m 
[36mjuno-admin_1  |[0m 
[36mjuno-admin_1  |[0m [35m(/home/runner/go/pkg/mod/github.com/douyu/jupiter@v0.3.3-0.20210826091832-c7a43d560176/pkg/store/gorm/interceptor.go:120)[0m 
[36mjuno-admin_1  |[0m [33m[2022-10-08 11:23:50][0m  [36;1m[1.39ms][0m  SELECT * FROM `configuration`  WHERE `configuration`.`deleted_at` IS NULL AND ((lock_at is not null and lock_at < '2022-10-08 11:23:44'))  
[36mjuno-admin_1  |[0m [36;31m[0 rows affected or returned ][0m 
[36mjuno-admin_1  |[0m 1665228233	[32mINFO[0m	xcron/config.go:149	cron wake                       	{"aid": "1234567890", "iid": "3dfa3a4ea3049ea77ecf5bcfd59b2055", "mod": "worker.cron", "now": 1665228233}
[36mjuno-admin_1  |[0m 1665228233	[32mINFO[0m	xcron/config.go:149	cron run                        	{"aid": "1234567890", "iid": "3dfa3a4ea3049ea77ecf5bcfd59b2055", "mod": "worker.cron", "now": 1665228233, "entry": 1, "next": 1665228293}
[36mjuno-admin_1  |[0m 
[36mjuno-admin_1  |[0m [35m(/home/runner/go/pkg/mod/github.com/douyu/jupiter@v0.3.3-0.20210826091832-c7a43d560176/pkg/store/gorm/interceptor.go:120)[0m 
[36mjuno-admin_1  |[0m [33m[2022-10-08 11:23:53][0m  [36;1m[1.40ms][0m  SELECT * FROM `proxy_manage`  WHERE (delete_time = 0)  
[36mjuno-admin_1  |[0m [36;31m[0 rows affected or returned ][0m 
[36mjuno-admin_1  |[0m 1665228233	[32mINFO[0m	xcron/config.go:217	run                             	{"aid": "1234567890", "iid": "3dfa3a4ea3049ea77ecf5bcfd59b2055", "mod": "worker.cron", "name": "github.com/douyu/juno/internal/pkg/service/proxyintegrat.RefreshProxyConfig"}
[36mjuno-admin_1  |[0m 
[36mjuno-admin_1  |[0m [35m(/home/runner/go/pkg/mod/github.com/douyu/jupiter@v0.3.3-0.20210826091832-c7a43d560176/pkg/store/gorm/interceptor.go:120)[0m 
[36mjuno-admin_1  |[0m [33m[2022-10-08 11:23:53][0m  [36;1m[0.95ms][0m  SELECT * FROM `system_config`    
[36mjuno-admin_1  |[0m [36;31m[3 rows affected or returned ][0m 
[36mjuno-admin_1  |[0m 
[36mjuno-admin_1  |[0m [35m(/home/runner/go/pkg/mod/github.com/douyu/jupiter@v0.3.3-0.20210826091832-c7a43d560176/pkg/store/gorm/interceptor.go:120)[0m 
[36mjuno-admin_1  |[0m [33m[2022-10-08 11:23:53][0m  [36;1m[1.48ms][0m  SELECT * FROM `test_pipeline_task`  WHERE `test_pipeline_task`.`deleted_at` IS NULL AND ((status = 'running') AND (updated_at < '2022-10-08 10:53:53'))  
[36mjuno-admin_1  |[0m [36;31m[0 rows affected or returned ][0m 
[36mjuno-admin_1  |[0m 
[36mjuno-admin_1  |[0m [35m(/home/runner/go/pkg/mod/github.com/douyu/jupiter@v0.3.3-0.20210826091832-c7a43d560176/pkg/store/gorm/interceptor.go:120)[0m 
[36mjuno-admin_1  |[0m [33m[2022-10-08 11:23:53][0m  [36;1m[1.52ms][0m  SELECT * FROM `worker_node`  WHERE `worker_node`.`deleted_at` IS NULL AND ((last_heartbeat >= '2022-10-08 11:23:53'))  
[36mjuno-admin_1  |[0m [36;31m[0 rows affected or returned ][0m 
[36mjuno-admin_1  |[0m 
[36mjuno-admin_1  |[0m [35m(/home/runner/go/pkg/mod/github.com/douyu/jupiter@v0.3.3-0.20210826091832-c7a43d560176/pkg/store/gorm/interceptor.go:120)[0m 
[36mjuno-admin_1  |[0m [33m[2022-10-08 11:23:53][0m  [36;1m[1.41ms][0m  SELECT * FROM `configuration`  WHERE `configuration`.`deleted_at` IS NULL AND ((lock_at is not null and lock_at < '2022-10-08 11:23:47'))  
[36mjuno-admin_1  |[0m [36;31m[0 rows affected or returned ][0m 
[36mjuno-admin_1  |[0m 
[36mjuno-admin_1  |[0m [35m(/home/runner/go/pkg/mod/github.com/douyu/jupiter@v0.3.3-0.20210826091832-c7a43d560176/pkg/store/gorm/interceptor.go:120)[0m 
[36mjuno-admin_1  |[0m [33m[2022-10-08 11:23:56][0m  [36;1m[1.38ms][0m  SELECT * FROM `configuration`  WHERE `configuration`.`deleted_at` IS NULL AND ((lock_at is not null and lock_at < '2022-10-08 11:23:50'))  
[36mjuno-admin_1  |[0m [36;31m[0 rows affected or returned ][0m 
[36mjuno-admin_1  |[0m 
[36mjuno-admin_1  |[0m [35m(/home/runner/go/pkg/mod/github.com/douyu/jupiter@v0.3.3-0.20210826091832-c7a43d560176/pkg/store/gorm/interceptor.go:120)[0m 
[36mjuno-admin_1  |[0m [33m[2022-10-08 11:23:59][0m  [36;1m[1.41ms][0m  SELECT * FROM `configuration`  WHERE `configuration`.`deleted_at` IS NULL AND ((lock_at is not null and lock_at < '2022-10-08 11:23:53'))  
[36mjuno-admin_1  |[0m [36;31m[0 rows affected or returned ][0m 
[36mjuno-admin_1  |[0m 
[36mjuno-admin_1  |[0m [35m(/home/runner/go/pkg/mod/github.com/douyu/jupiter@v0.3.3-0.20210826091832-c7a43d560176/pkg/store/gorm/interceptor.go:120)[0m 
[36mjuno-admin_1  |[0m [33m[2022-10-08 11:24:02][0m  [36;1m[1.35ms][0m  SELECT * FROM `configuration`  WHERE `configuration`.`deleted_at` IS NULL AND ((lock_at is not null and lock_at < '2022-10-08 11:23:56'))  
[36mjuno-admin_1  |[0m [36;31m[0 rows affected or returned ][0m 
[36mjuno-admin_1  |[0m 
[36mjuno-admin_1  |[0m [35m(/home/runner/go/pkg/mod/github.com/douyu/jupiter@v0.3.3-0.20210826091832-c7a43d560176/pkg/store/gorm/interceptor.go:120)[0m 
[36mjuno-admin_1  |[0m [33m[2022-10-08 11:24:03][0m  [36;1m[1.38ms][0m  SELECT * FROM `worker_node`  WHERE `worker_node`.`deleted_at` IS NULL AND ((last_heartbeat >= '2022-10-08 11:24:03'))  
[36mjuno-admin_1  |[0m [36;31m[0 rows affected or returned ][0m 
[36mjuno-admin_1  |[0m 
[36mjuno-admin_1  |[0m [35m(/home/runner/go/pkg/mod/github.com/douyu/jupiter@v0.3.3-0.20210826091832-c7a43d560176/pkg/store/gorm/interceptor.go:120)[0m 
[36mjuno-admin_1  |[0m [33m[2022-10-08 11:24:05][0m  [36;1m[1.31ms][0m  SELECT * FROM `configuration`  WHERE `configuration`.`deleted_at` IS NULL AND ((lock_at is not null and lock_at < '2022-10-08 11:23:59'))  
[36mjuno-admin_1  |[0m [36;31m[0 rows affected or returned ][0m 
[36mjuno-admin_1  |[0m 
[36mjuno-admin_1  |[0m [35m(/home/runner/go/pkg/mod/github.com/douyu/jupiter@v0.3.3-0.20210826091832-c7a43d560176/pkg/store/gorm/interceptor.go:120)[0m 
[36mjuno-admin_1  |[0m [33m[2022-10-08 11:24:08][0m  [36;1m[1.43ms][0m  SELECT * FROM `configuration`  WHERE `configuration`.`deleted_at` IS NULL AND ((lock_at is not null and lock_at < '2022-10-08 11:24:02'))  
[36mjuno-admin_1  |[0m [36;31m[0 rows affected or returned ][0m 
[36mjuno-admin_1  |[0m 
[36mjuno-admin_1  |[0m [35m(/home/runner/go/pkg/mod/github.com/douyu/jupiter@v0.3.3-0.20210826091832-c7a43d560176/pkg/store/gorm/interceptor.go:120)[0m 
[36mjuno-admin_1  |[0m [33m[2022-10-08 11:24:11][0m  [36;1m[1.30ms][0m  SELECT * FROM `configuration`  WHERE `configuration`.`deleted_at` IS NULL AND ((lock_at is not null and lock_at < '2022-10-08 11:24:05'))  
[36mjuno-admin_1  |[0m [36;31m[0 rows affected or returned ][0m 
[36mjuno-admin_1  |[0m 
[36mjuno-admin_1  |[0m [35m(/home/runner/go/pkg/mod/github.com/douyu/jupiter@v0.3.3-0.20210826091832-c7a43d560176/pkg/store/gorm/interceptor.go:120)[0m 
[36mjuno-admin_1  |[0m [33m[2022-10-08 11:24:13][0m  [36;1m[1.48ms][0m  SELECT * FROM `worker_node`  WHERE `worker_node`.`deleted_at` IS NULL AND ((last_heartbeat >= '2022-10-08 11:24:13'))  
[36mjuno-admin_1  |[0m [36;31m[0 rows affected or returned ][0m 
[36mjuno-admin_1  |[0m 
[36mjuno-admin_1  |[0m [35m(/home/runner/go/pkg/mod/github.com/douyu/jupiter@v0.3.3-0.20210826091832-c7a43d560176/pkg/store/gorm/interceptor.go:120)[0m 
[36mjuno-admin_1  |[0m [33m[2022-10-08 11:24:14][0m  [36;1m[1.32ms][0m  SELECT * FROM `configuration`  WHERE `configuration`.`deleted_at` IS NULL AND ((lock_at is not null and lock_at < '2022-10-08 11:24:08'))  
[36mjuno-admin_1  |[0m [36;31m[0 rows affected or returned ][0m 
[36mjuno-admin_1  |[0m 
[36mjuno-admin_1  |[0m [35m(/home/runner/go/pkg/mod/github.com/douyu/jupiter@v0.3.3-0.20210826091832-c7a43d560176/pkg/store/gorm/interceptor.go:120)[0m 
[36mjuno-admin_1  |[0m [33m[2022-10-08 11:24:17][0m  [36;1m[1.40ms][0m  SELECT * FROM `configuration`  WHERE `configuration`.`deleted_at` IS NULL AND ((lock_at is not null and lock_at < '2022-10-08 11:24:11'))  
[36mjuno-admin_1  |[0m [36;31m[0 rows affected or returned ][0m 
[36mjuno-admin_1  |[0m 
[36mjuno-admin_1  |[0m [35m(/home/runner/go/pkg/mod/github.com/douyu/jupiter@v0.3.3-0.20210826091832-c7a43d560176/pkg/store/gorm/interceptor.go:120)[0m 
[36mjuno-admin_1  |[0m [33m[2022-10-08 11:24:20][0m  [36;1m[1.39ms][0m  SELECT * FROM `configuration`  WHERE `configuration`.`deleted_at` IS NULL AND ((lock_at is not null and lock_at < '2022-10-08 11:24:14'))  
[36mjuno-admin_1  |[0m [36;31m[0 rows affected or returned ][0m 
[36mjuno-admin_1  |[0m 
[36mjuno-admin_1  |[0m [35m(/home/runner/go/pkg/mod/github.com/douyu/jupiter@v0.3.3-0.20210826091832-c7a43d560176/pkg/store/gorm/interceptor.go:120)[0m 
[36mjuno-admin_1  |[0m [33m[2022-10-08 11:24:23][0m  [36;1m[0.92ms][0m  SELECT * FROM `system_config`    
[36mjuno-admin_1  |[0m [36;31m[3 rows affected or returned ][0m 
[36mjuno-admin_1  |[0m 
[36mjuno-admin_1  |[0m [35m(/home/runner/go/pkg/mod/github.com/douyu/jupiter@v0.3.3-0.20210826091832-c7a43d560176/pkg/store/gorm/interceptor.go:120)[0m 
[36mjuno-admin_1  |[0m [33m[2022-10-08 11:24:23][0m  [36;1m[1.43ms][0m  SELECT * FROM `test_pipeline_task`  WHERE `test_pipeline_task`.`deleted_at` IS NULL AND ((status = 'running') AND (updated_at < '2022-10-08 10:54:23'))  
[36mjuno-admin_1  |[0m [36;31m[0 rows affected or returned ][0m 
[36mjuno-admin_1  |[0m 
[36mjuno-admin_1  |[0m [35m(/home/runner/go/pkg/mod/github.com/douyu/jupiter@v0.3.3-0.20210826091832-c7a43d560176/pkg/store/gorm/interceptor.go:120)[0m 
[36mjuno-admin_1  |[0m [33m[2022-10-08 11:24:23][0m  [36;1m[1.51ms][0m  SELECT * FROM `worker_node`  WHERE `worker_node`.`deleted_at` IS NULL AND ((last_heartbeat >= '2022-10-08 11:24:23'))  
[36mjuno-admin_1  |[0m [36;31m[0 rows affected or returned ][0m 
[36mjuno-admin_1  |[0m 
[36mjuno-admin_1  |[0m [35m(/home/runner/go/pkg/mod/github.com/douyu/jupiter@v0.3.3-0.20210826091832-c7a43d560176/pkg/store/gorm/interceptor.go:120)[0m 
[36mjuno-admin_1  |[0m [33m[2022-10-08 11:24:23][0m  [36;1m[1.45ms][0m  SELECT * FROM `configuration`  WHERE `configuration`.`deleted_at` IS NULL AND ((lock_at is not null and lock_at < '2022-10-08 11:24:17'))  
[36mjuno-admin_1  |[0m [36;31m[0 rows affected or returned ][0m 
[36mjuno-admin_1  |[0m 
[36mjuno-admin_1  |[0m [35m(/home/runner/go/pkg/mod/github.com/douyu/jupiter@v0.3.3-0.20210826091832-c7a43d560176/pkg/store/gorm/interceptor.go:120)[0m 
[36mjuno-admin_1  |[0m [33m[2022-10-08 11:24:26][0m  [36;1m[1.43ms][0m  SELECT * FROM `configuration`  WHERE `configuration`.`deleted_at` IS NULL AND ((lock_at is not null and lock_at < '2022-10-08 11:24:20'))  
[36mjuno-admin_1  |[0m [36;31m[0 rows affected or returned ][0m 
[36mjuno-admin_1  |[0m 
[36mjuno-admin_1  |[0m [35m(/home/runner/go/pkg/mod/github.com/douyu/jupiter@v0.3.3-0.20210826091832-c7a43d560176/pkg/store/gorm/interceptor.go:120)[0m 
[36mjuno-admin_1  |[0m [33m[2022-10-08 11:24:29][0m  [36;1m[1.34ms][0m  SELECT * FROM `configuration`  WHERE `configuration`.`deleted_at` IS NULL AND ((lock_at is not null and lock_at < '2022-10-08 11:24:23'))  
[36mjuno-admin_1  |[0m [36;31m[0 rows affected or returned ][0m 
[36mjuno-admin_1  |[0m 
[36mjuno-admin_1  |[0m [35m(/home/runner/go/pkg/mod/github.com/douyu/jupiter@v0.3.3-0.20210826091832-c7a43d560176/pkg/store/gorm/interceptor.go:120)[0m 
[36mjuno-admin_1  |[0m [33m[2022-10-08 11:24:32][0m  [36;1m[1.26ms][0m  SELECT * FROM `configuration`  WHERE `configuration`.`deleted_at` IS NULL AND ((lock_at is not null and lock_at < '2022-10-08 11:24:26'))  
[36mjuno-admin_1  |[0m [36;31m[0 rows affected or returned ][0m 
[36mjuno-admin_1  |[0m 
[36mjuno-admin_1  |[0m [35m(/home/runner/go/pkg/mod/github.com/douyu/jupiter@v0.3.3-0.20210826091832-c7a43d560176/pkg/store/gorm/interceptor.go:120)[0m 
[36mjuno-admin_1  |[0m [33m[2022-10-08 11:24:33][0m  [36;1m[0.44ms][0m  SELECT * FROM `worker_node`  WHERE `worker_node`.`deleted_at` IS NULL AND ((last_heartbeat >= '2022-10-08 11:24:33'))  
[36mjuno-admin_1  |[0m [36;31m[0 rows affected or returned ][0m 
[36mjuno-admin_1  |[0m 
[36mjuno-admin_1  |[0m [35m(/home/runner/go/pkg/mod/github.com/douyu/jupiter@v0.3.3-0.20210826091832-c7a43d560176/pkg/store/gorm/interceptor.go:120)[0m 
[36mjuno-admin_1  |[0m [33m[2022-10-08 11:24:35][0m  [36;1m[1.27ms][0m  SELECT * FROM `configuration`  WHERE `configuration`.`deleted_at` IS NULL AND ((lock_at is not null and lock_at < '2022-10-08 11:24:29'))  
[36mjuno-admin_1  |[0m [36;31m[0 rows affected or returned ][0m 
[36mjuno-admin_1  |[0m 
[36mjuno-admin_1  |[0m [35m(/home/runner/go/pkg/mod/github.com/douyu/jupiter@v0.3.3-0.20210826091832-c7a43d560176/pkg/store/gorm/interceptor.go:120)[0m 
[36mjuno-admin_1  |[0m [33m[2022-10-08 11:24:38][0m  [36;1m[1.39ms][0m  SELECT * FROM `configuration`  WHERE `configuration`.`deleted_at` IS NULL AND ((lock_at is not null and lock_at < '2022-10-08 11:24:32'))  
[36mjuno-admin_1  |[0m [36;31m[0 rows affected or returned ][0m 
[36mjuno-admin_1  |[0m 
[36mjuno-admin_1  |[0m [35m(/home/runner/go/pkg/mod/github.com/douyu/jupiter@v0.3.3-0.20210826091832-c7a43d560176/pkg/store/gorm/interceptor.go:120)[0m 
[36mjuno-admin_1  |[0m [33m[2022-10-08 11:24:41][0m  [36;1m[1.19ms][0m  SELECT * FROM `configuration`  WHERE `configuration`.`deleted_at` IS NULL AND ((lock_at is not null and lock_at < '2022-10-08 11:24:35'))  
[36mjuno-admin_1  |[0m [36;31m[0 rows affected or returned ][0m 
[36mjuno-admin_1  |[0m 
[36mjuno-admin_1  |[0m [35m(/home/runner/go/pkg/mod/github.com/douyu/jupiter@v0.3.3-0.20210826091832-c7a43d560176/pkg/store/gorm/interceptor.go:120)[0m 
[36mjuno-admin_1  |[0m [33m[2022-10-08 11:24:43][0m  [36;1m[1.50ms][0m  SELECT * FROM `worker_node`  WHERE `worker_node`.`deleted_at` IS NULL AND ((last_heartbeat >= '2022-10-08 11:24:43'))  
[36mjuno-admin_1  |[0m [36;31m[0 rows affected or returned ][0m 
[36mjuno-admin_1  |[0m 
[36mjuno-admin_1  |[0m [35m(/home/runner/go/pkg/mod/github.com/douyu/jupiter@v0.3.3-0.20210826091832-c7a43d560176/pkg/store/gorm/interceptor.go:120)[0m 
[36mjuno-admin_1  |[0m [33m[2022-10-08 11:24:44][0m  [36;1m[1.35ms][0m  SELECT * FROM `configuration`  WHERE `configuration`.`deleted_at` IS NULL AND ((lock_at is not null and lock_at < '2022-10-08 11:24:38'))  
[36mjuno-admin_1  |[0m [36;31m[0 rows affected or returned ][0m 
[36mjuno-admin_1  |[0m 
[36mjuno-admin_1  |[0m [35m(/home/runner/go/pkg/mod/github.com/douyu/jupiter@v0.3.3-0.20210826091832-c7a43d560176/pkg/store/gorm/interceptor.go:120)[0m 
[36mjuno-admin_1  |[0m [33m[2022-10-08 11:24:47][0m  [36;1m[1.34ms][0m  SELECT * FROM `configuration`  WHERE `configuration`.`deleted_at` IS NULL AND ((lock_at is not null and lock_at < '2022-10-08 11:24:41'))  
[36mjuno-admin_1  |[0m [36;31m[0 rows affected or returned ][0m 
[36mjuno-admin_1  |[0m 
[36mjuno-admin_1  |[0m [35m(/home/runner/go/pkg/mod/github.com/douyu/jupiter@v0.3.3-0.20210826091832-c7a43d560176/pkg/store/gorm/interceptor.go:120)[0m 
[36mjuno-admin_1  |[0m [33m[2022-10-08 11:24:50][0m  [36;1m[1.33ms][0m  SELECT * FROM `configuration`  WHERE `configuration`.`deleted_at` IS NULL AND ((lock_at is not null and lock_at < '2022-10-08 11:24:44'))  
[36mjuno-admin_1  |[0m [36;31m[0 rows affected or returned ][0m 
[36mjuno-admin_1  |[0m 1665228293	[32mINFO[0m	xcron/config.go:149	cron wake                       	{"aid": "1234567890", "iid": "3dfa3a4ea3049ea77ecf5bcfd59b2055", "mod": "worker.cron", "now": 1665228293}
[36mjuno-admin_1  |[0m 1665228293	[32mINFO[0m	xcron/config.go:149	cron run                        	{"aid": "1234567890", "iid": "3dfa3a4ea3049ea77ecf5bcfd59b2055", "mod": "worker.cron", "now": 1665228293, "entry": 1, "next": 1665228353}
[36mjuno-admin_1  |[0m 
[36mjuno-admin_1  |[0m [35m(/home/runner/go/pkg/mod/github.com/douyu/jupiter@v0.3.3-0.20210826091832-c7a43d560176/pkg/store/gorm/interceptor.go:120)[0m 
[36mjuno-admin_1  |[0m [33m[2022-10-08 11:24:53][0m  [36;1m[1.41ms][0m  SELECT * FROM `proxy_manage`  WHERE (delete_time = 0)  
[36mjuno-admin_1  |[0m [36;31m[0 rows affected or returned ][0m 
[36mjuno-admin_1  |[0m 1665228293	[32mINFO[0m	xcron/config.go:217	run                             	{"aid": "1234567890", "iid": "3dfa3a4ea3049ea77ecf5bcfd59b2055", "mod": "worker.cron", "name": "github.com/douyu/juno/internal/pkg/service/proxyintegrat.RefreshProxyConfig"}
[36mjuno-admin_1  |[0m 
[36mjuno-admin_1  |[0m [35m(/home/runner/go/pkg/mod/github.com/douyu/jupiter@v0.3.3-0.20210826091832-c7a43d560176/pkg/store/gorm/interceptor.go:120)[0m 
[36mjuno-admin_1  |[0m [33m[2022-10-08 11:24:53][0m  [36;1m[2.97ms][0m  SELECT * FROM `system_config`    
[36mjuno-admin_1  |[0m [36;31m[3 rows affected or returned ][0m 
[36mjuno-admin_1  |[0m 
[36mjuno-admin_1  |[0m [35m(/home/runner/go/pkg/mod/github.com/douyu/jupiter@v0.3.3-0.20210826091832-c7a43d560176/pkg/store/gorm/interceptor.go:120)[0m 
[36mjuno-admin_1  |[0m [33m[2022-10-08 11:24:53][0m  [36;1m[1.29ms][0m  SELECT * FROM `test_pipeline_task`  WHERE `test_pipeline_task`.`deleted_at` IS NULL AND ((status = 'running') AND (updated_at < '2022-10-08 10:54:53'))  
[36mjuno-admin_1  |[0m [36;31m[0 rows affected or returned ][0m 
[36mjuno-admin_1  |[0m 
[36mjuno-admin_1  |[0m [35m(/home/runner/go/pkg/mod/github.com/douyu/jupiter@v0.3.3-0.20210826091832-c7a43d560176/pkg/store/gorm/interceptor.go:120)[0m 
[36mjuno-admin_1  |[0m [33m[2022-10-08 11:24:53][0m  [36;1m[0.50ms][0m  SELECT * FROM `worker_node`  WHERE `worker_node`.`deleted_at` IS NULL AND ((last_heartbeat >= '2022-10-08 11:24:53'))  
[36mjuno-admin_1  |[0m [36;31m[0 rows affected or returned ][0m 
[36mjuno-admin_1  |[0m 
[36mjuno-admin_1  |[0m [35m(/home/runner/go/pkg/mod/github.com/douyu/jupiter@v0.3.3-0.20210826091832-c7a43d560176/pkg/store/gorm/interceptor.go:120)[0m 
[36mjuno-admin_1  |[0m [33m[2022-10-08 11:24:53][0m  [36;1m[1.40ms][0m  SELECT * FROM `configuration`  WHERE `configuration`.`deleted_at` IS NULL AND ((lock_at is not null and lock_at < '2022-10-08 11:24:47'))  
[36mjuno-admin_1  |[0m [36;31m[0 rows affected or returned ][0m 
[36mjuno-admin_1  |[0m 
[36mjuno-admin_1  |[0m [35m(/home/runner/go/pkg/mod/github.com/douyu/jupiter@v0.3.3-0.20210826091832-c7a43d560176/pkg/store/gorm/interceptor.go:120)[0m 
[36mjuno-admin_1  |[0m [33m[2022-10-08 11:24:56][0m  [36;1m[1.42ms][0m  SELECT * FROM `configuration`  WHERE `configuration`.`deleted_at` IS NULL AND ((lock_at is not null and lock_at < '2022-10-08 11:24:50'))  
[36mjuno-admin_1  |[0m [36;31m[0 rows affected or returned ][0m 
[36mjuno-admin_1  |[0m 
[36mjuno-admin_1  |[0m [35m(/home/runner/go/pkg/mod/github.com/douyu/jupiter@v0.3.3-0.20210826091832-c7a43d560176/pkg/store/gorm/interceptor.go:120)[0m 
[36mjuno-admin_1  |[0m [33m[2022-10-08 11:24:59][0m  [36;1m[1.28ms][0m  SELECT * FROM `configuration`  WHERE `configuration`.`deleted_at` IS NULL AND ((lock_at is not null and lock_at < '2022-10-08 11:24:53'))  
[36mjuno-admin_1  |[0m [36;31m[0 rows affected or returned ][0m 
[36mjuno-admin_1  |[0m 
[36mjuno-admin_1  |[0m [35m(/home/runner/go/pkg/mod/github.com/douyu/jupiter@v0.3.3-0.20210826091832-c7a43d560176/pkg/store/gorm/interceptor.go:120)[0m 
[36mjuno-admin_1  |[0m [33m[2022-10-08 11:25:02][0m  [36;1m[1.38ms][0m  SELECT * FROM `configuration`  WHERE `configuration`.`deleted_at` IS NULL AND ((lock_at is not null and lock_at < '2022-10-08 11:24:56'))  
[36mjuno-admin_1  |[0m [36;31m[0 rows affected or returned ][0m 
[36mjuno-admin_1  |[0m 
[36mjuno-admin_1  |[0m [35m(/home/runner/go/pkg/mod/github.com/douyu/jupiter@v0.3.3-0.20210826091832-c7a43d560176/pkg/store/gorm/interceptor.go:120)[0m 
[36mjuno-admin_1  |[0m [33m[2022-10-08 11:25:03][0m  [36;1m[1.55ms][0m  SELECT * FROM `worker_node`  WHERE `worker_node`.`deleted_at` IS NULL AND ((last_heartbeat >= '2022-10-08 11:25:03'))  
[36mjuno-admin_1  |[0m [36;31m[0 rows affected or returned ][0m 
[36mjuno-admin_1  |[0m 
[36mjuno-admin_1  |[0m [35m(/home/runner/go/pkg/mod/github.com/douyu/jupiter@v0.3.3-0.20210826091832-c7a43d560176/pkg/store/gorm/interceptor.go:120)[0m 
[36mjuno-admin_1  |[0m [33m[2022-10-08 11:25:05][0m  [36;1m[0.64ms][0m  SELECT * FROM `configuration`  WHERE `configuration`.`deleted_at` IS NULL AND ((lock_at is not null and lock_at < '2022-10-08 11:24:59'))  
[36mjuno-admin_1  |[0m [36;31m[0 rows affected or returned ][0m 
[36mjuno-admin_1  |[0m 
[36mjuno-admin_1  |[0m [35m(/home/runner/go/pkg/mod/github.com/douyu/jupiter@v0.3.3-0.20210826091832-c7a43d560176/pkg/store/gorm/interceptor.go:120)[0m 
[36mjuno-admin_1  |[0m [33m[2022-10-08 11:25:08][0m  [36;1m[1.39ms][0m  SELECT * FROM `configuration`  WHERE `configuration`.`deleted_at` IS NULL AND ((lock_at is not null and lock_at < '2022-10-08 11:25:02'))  
[36mjuno-admin_1  |[0m [36;31m[0 rows affected or returned ][0m 
[36mjuno-admin_1  |[0m 
[36mjuno-admin_1  |[0m [35m(/home/runner/go/pkg/mod/github.com/douyu/jupiter@v0.3.3-0.20210826091832-c7a43d560176/pkg/store/gorm/interceptor.go:120)[0m 
[36mjuno-admin_1  |[0m [33m[2022-10-08 11:25:11][0m  [36;1m[1.38ms][0m  SELECT * FROM `configuration`  WHERE `configuration`.`deleted_at` IS NULL AND ((lock_at is not null and lock_at < '2022-10-08 11:25:05'))  
[36mjuno-admin_1  |[0m [36;31m[0 rows affected or returned ][0m 
[36mjuno-admin_1  |[0m 
[36mjuno-admin_1  |[0m [35m(/home/runner/go/pkg/mod/github.com/douyu/jupiter@v0.3.3-0.20210826091832-c7a43d560176/pkg/store/gorm/interceptor.go:120)[0m 
[36mjuno-admin_1  |[0m [33m[2022-10-08 11:25:13][0m  [36;1m[1.48ms][0m  SELECT * FROM `worker_node`  WHERE `worker_node`.`deleted_at` IS NULL AND ((last_heartbeat >= '2022-10-08 11:25:13'))  
[36mjuno-admin_1  |[0m [36;31m[0 rows affected or returned ][0m 
[36mjuno-admin_1  |[0m 
[36mjuno-admin_1  |[0m [35m(/home/runner/go/pkg/mod/github.com/douyu/jupiter@v0.3.3-0.20210826091832-c7a43d560176/pkg/store/gorm/interceptor.go:120)[0m 
[36mjuno-admin_1  |[0m [33m[2022-10-08 11:25:14][0m  [36;1m[1.41ms][0m  SELECT * FROM `configuration`  WHERE `configuration`.`deleted_at` IS NULL AND ((lock_at is not null and lock_at < '2022-10-08 11:25:08'))  
[36mjuno-admin_1  |[0m [36;31m[0 rows affected or returned ][0m 
[36mjuno-admin_1  |[0m 
[36mjuno-admin_1  |[0m [35m(/home/runner/go/pkg/mod/github.com/douyu/jupiter@v0.3.3-0.20210826091832-c7a43d560176/pkg/store/gorm/interceptor.go:120)[0m 
[36mjuno-admin_1  |[0m [33m[2022-10-08 11:25:17][0m  [36;1m[1.40ms][0m  SELECT * FROM `configuration`  WHERE `configuration`.`deleted_at` IS NULL AND ((lock_at is not null and lock_at < '2022-10-08 11:25:11'))  
[36mjuno-admin_1  |[0m [36;31m[0 rows affected or returned ][0m 
[36mjuno-admin_1  |[0m 
[36mjuno-admin_1  |[0m [35m(/home/runner/go/pkg/mod/github.com/douyu/jupiter@v0.3.3-0.20210826091832-c7a43d560176/pkg/store/gorm/interceptor.go:120)[0m 
[36mjuno-admin_1  |[0m [33m[2022-10-08 11:25:20][0m  [36;1m[1.35ms][0m  SELECT * FROM `configuration`  WHERE `configuration`.`deleted_at` IS NULL AND ((lock_at is not null and lock_at < '2022-10-08 11:25:14'))  
[36mjuno-admin_1  |[0m [36;31m[0 rows affected or returned ][0m 
[36mjuno-admin_1  |[0m 
[36mjuno-admin_1  |[0m [35m(/home/runner/go/pkg/mod/github.com/douyu/jupiter@v0.3.3-0.20210826091832-c7a43d560176/pkg/store/gorm/interceptor.go:120)[0m 
[36mjuno-admin_1  |[0m [33m[2022-10-08 11:25:23][0m  [36;1m[0.91ms][0m  SELECT * FROM `system_config`    
[36mjuno-admin_1  |[0m [36;31m[3 rows affected or returned ][0m 
[36mjuno-admin_1  |[0m 
[36mjuno-admin_1  |[0m [35m(/home/runner/go/pkg/mod/github.com/douyu/jupiter@v0.3.3-0.20210826091832-c7a43d560176/pkg/store/gorm/interceptor.go:120)[0m 
[36mjuno-admin_1  |[0m [33m[2022-10-08 11:25:23][0m  [36;1m[1.37ms][0m  SELECT * FROM `test_pipeline_task`  WHERE `test_pipeline_task`.`deleted_at` IS NULL AND ((status = 'running') AND (updated_at < '2022-10-08 10:55:23'))  
[36mjuno-admin_1  |[0m [36;31m[0 rows affected or returned ][0m 
[36mjuno-admin_1  |[0m 
[36mjuno-admin_1  |[0m [35m(/home/runner/go/pkg/mod/github.com/douyu/jupiter@v0.3.3-0.20210826091832-c7a43d560176/pkg/store/gorm/interceptor.go:120)[0m 
[36mjuno-admin_1  |[0m [33m[2022-10-08 11:25:23][0m  [36;1m[1.41ms][0m  SELECT * FROM `worker_node`  WHERE `worker_node`.`deleted_at` IS NULL AND ((last_heartbeat >= '2022-10-08 11:25:23'))  
[36mjuno-admin_1  |[0m [36;31m[0 rows affected or returned ][0m 
[36mjuno-admin_1  |[0m 
[36mjuno-admin_1  |[0m [35m(/home/runner/go/pkg/mod/github.com/douyu/jupiter@v0.3.3-0.20210826091832-c7a43d560176/pkg/store/gorm/interceptor.go:120)[0m 
[36mjuno-admin_1  |[0m [33m[2022-10-08 11:25:23][0m  [36;1m[1.26ms][0m  SELECT * FROM `configuration`  WHERE `configuration`.`deleted_at` IS NULL AND ((lock_at is not null and lock_at < '2022-10-08 11:25:17'))  
[36mjuno-admin_1  |[0m [36;31m[0 rows affected or returned ][0m 
[36mjuno-admin_1  |[0m 
[36mjuno-admin_1  |[0m [35m(/home/runner/go/pkg/mod/github.com/douyu/jupiter@v0.3.3-0.20210826091832-c7a43d560176/pkg/store/gorm/interceptor.go:120)[0m 
[36mjuno-admin_1  |[0m [33m[2022-10-08 11:25:26][0m  [36;1m[1.32ms][0m  SELECT * FROM `configuration`  WHERE `configuration`.`deleted_at` IS NULL AND ((lock_at is not null and lock_at < '2022-10-08 11:25:20'))  
[36mjuno-admin_1  |[0m [36;31m[0 rows affected or returned ][0m 
[36mjuno-admin_1  |[0m 
[36mjuno-admin_1  |[0m [35m(/home/runner/go/pkg/mod/github.com/douyu/jupiter@v0.3.3-0.20210826091832-c7a43d560176/pkg/store/gorm/interceptor.go:120)[0m 
[36mjuno-admin_1  |[0m [33m[2022-10-08 11:25:29][0m  [36;1m[1.29ms][0m  SELECT * FROM `configuration`  WHERE `configuration`.`deleted_at` IS NULL AND ((lock_at is not null and lock_at < '2022-10-08 11:25:23'))  
[36mjuno-admin_1  |[0m [36;31m[0 rows affected or returned ][0m 
[36mjuno-admin_1  |[0m 
[36mjuno-admin_1  |[0m [35m(/home/runner/go/pkg/mod/github.com/douyu/jupiter@v0.3.3-0.20210826091832-c7a43d560176/pkg/store/gorm/interceptor.go:120)[0m 
[36mjuno-admin_1  |[0m [33m[2022-10-08 11:25:32][0m  [36;1m[1.36ms][0m  SELECT * FROM `configuration`  WHERE `configuration`.`deleted_at` IS NULL AND ((lock_at is not null and lock_at < '2022-10-08 11:25:26'))  
[36mjuno-admin_1  |[0m [36;31m[0 rows affected or returned ][0m 
[36mjuno-admin_1  |[0m 
[36mjuno-admin_1  |[0m [35m(/home/runner/go/pkg/mod/github.com/douyu/jupiter@v0.3.3-0.20210826091832-c7a43d560176/pkg/store/gorm/interceptor.go:120)[0m 
[36mjuno-admin_1  |[0m [33m[2022-10-08 11:25:33][0m  [36;1m[1.40ms][0m  SELECT * FROM `worker_node`  WHERE `worker_node`.`deleted_at` IS NULL AND ((last_heartbeat >= '2022-10-08 11:25:33'))  
[36mjuno-admin_1  |[0m [36;31m[0 rows affected or returned ][0m 
[36mjuno-admin_1  |[0m 
[36mjuno-admin_1  |[0m [35m(/home/runner/go/pkg/mod/github.com/douyu/jupiter@v0.3.3-0.20210826091832-c7a43d560176/pkg/store/gorm/interceptor.go:120)[0m 
[36mjuno-admin_1  |[0m [33m[2022-10-08 11:25:35][0m  [36;1m[1.37ms][0m  SELECT * FROM `configuration`  WHERE `configuration`.`deleted_at` IS NULL AND ((lock_at is not null and lock_at < '2022-10-08 11:25:29'))  
[36mjuno-admin_1  |[0m [36;31m[0 rows affected or returned ][0m 
[36mjuno-admin_1  |[0m 
[36mjuno-admin_1  |[0m [35m(/home/runner/go/pkg/mod/github.com/douyu/jupiter@v0.3.3-0.20210826091832-c7a43d560176/pkg/store/gorm/interceptor.go:120)[0m 
[36mjuno-admin_1  |[0m [33m[2022-10-08 11:25:38][0m  [36;1m[1.38ms][0m  SELECT * FROM `configuration`  WHERE `configuration`.`deleted_at` IS NULL AND ((lock_at is not null and lock_at < '2022-10-08 11:25:32'))  
[36mjuno-admin_1  |[0m [36;31m[0 rows affected or returned ][0m 
[36mjuno-admin_1  |[0m 
[36mjuno-admin_1  |[0m [35m(/home/runner/go/pkg/mod/github.com/douyu/jupiter@v0.3.3-0.20210826091832-c7a43d560176/pkg/store/gorm/interceptor.go:120)[0m 
[36mjuno-admin_1  |[0m [33m[2022-10-08 11:25:41][0m  [36;1m[1.33ms][0m  SELECT * FROM `configuration`  WHERE `configuration`.`deleted_at` IS NULL AND ((lock_at is not null and lock_at < '2022-10-08 11:25:35'))  
[36mjuno-admin_1  |[0m [36;31m[0 rows affected or returned ][0m 
[36mjuno-admin_1  |[0m 
[36mjuno-admin_1  |[0m [35m(/home/runner/go/pkg/mod/github.com/douyu/jupiter@v0.3.3-0.20210826091832-c7a43d560176/pkg/store/gorm/interceptor.go:120)[0m 
[36mjuno-admin_1  |[0m [33m[2022-10-08 11:25:43][0m  [36;1m[1.44ms][0m  SELECT * FROM `worker_node`  WHERE `worker_node`.`deleted_at` IS NULL AND ((last_heartbeat >= '2022-10-08 11:25:43'))  
[36mjuno-admin_1  |[0m [36;31m[0 rows affected or returned ][0m 
[36mjuno-admin_1  |[0m 
[36mjuno-admin_1  |[0m [35m(/home/runner/go/pkg/mod/github.com/douyu/jupiter@v0.3.3-0.20210826091832-c7a43d560176/pkg/store/gorm/interceptor.go:120)[0m 
[36mjuno-admin_1  |[0m [33m[2022-10-08 11:25:44][0m  [36;1m[1.32ms][0m  SELECT * FROM `configuration`  WHERE `configuration`.`deleted_at` IS NULL AND ((lock_at is not null and lock_at < '2022-10-08 11:25:38'))  
[36mjuno-admin_1  |[0m [36;31m[0 rows affected or returned ][0m 
[36mjuno-admin_1  |[0m 
[36mjuno-admin_1  |[0m [35m(/home/runner/go/pkg/mod/github.com/douyu/jupiter@v0.3.3-0.20210826091832-c7a43d560176/pkg/store/gorm/interceptor.go:120)[0m 
[36mjuno-admin_1  |[0m [33m[2022-10-08 11:25:47][0m  [36;1m[1.34ms][0m  SELECT * FROM `configuration`  WHERE `configuration`.`deleted_at` IS NULL AND ((lock_at is not null and lock_at < '2022-10-08 11:25:41'))  
[36mjuno-admin_1  |[0m [36;31m[0 rows affected or returned ][0m 
[36mjuno-admin_1  |[0m 
[36mjuno-admin_1  |[0m [35m(/home/runner/go/pkg/mod/github.com/douyu/jupiter@v0.3.3-0.20210826091832-c7a43d560176/pkg/store/gorm/interceptor.go:120)[0m 
[36mjuno-admin_1  |[0m [33m[2022-10-08 11:25:50][0m  [36;1m[1.29ms][0m  SELECT * FROM `configuration`  WHERE `configuration`.`deleted_at` IS NULL AND ((lock_at is not null and lock_at < '2022-10-08 11:25:44'))  
[36mjuno-admin_1  |[0m [36;31m[0 rows affected or returned ][0m 
[36mjuno-admin_1  |[0m 1665228353	[32mINFO[0m	xcron/config.go:149	cron wake                       	{"aid": "1234567890", "iid": "3dfa3a4ea3049ea77ecf5bcfd59b2055", "mod": "worker.cron", "now": 1665228353}
[36mjuno-admin_1  |[0m 1665228353	[32mINFO[0m	xcron/config.go:149	cron run                        	{"aid": "1234567890", "iid": "3dfa3a4ea3049ea77ecf5bcfd59b2055", "mod": "worker.cron", "now": 1665228353, "entry": 1, "next": 1665228413}
[36mjuno-admin_1  |[0m 
[36mjuno-admin_1  |[0m [35m(/home/runner/go/pkg/mod/github.com/douyu/jupiter@v0.3.3-0.20210826091832-c7a43d560176/pkg/store/gorm/interceptor.go:120)[0m 
[36mjuno-admin_1  |[0m [33m[2022-10-08 11:25:53][0m  [36;1m[1.27ms][0m  SELECT * FROM `proxy_manage`  WHERE (delete_time = 0)  
[36mjuno-admin_1  |[0m [36;31m[0 rows affected or returned ][0m 
[36mjuno-admin_1  |[0m 1665228353	[32mINFO[0m	xcron/config.go:217	run                             	{"aid": "1234567890", "iid": "3dfa3a4ea3049ea77ecf5bcfd59b2055", "mod": "worker.cron", "name": "github.com/douyu/juno/internal/pkg/service/proxyintegrat.RefreshProxyConfig"}
[36mjuno-admin_1  |[0m 
[36mjuno-admin_1  |[0m [35m(/home/runner/go/pkg/mod/github.com/douyu/jupiter@v0.3.3-0.20210826091832-c7a43d560176/pkg/store/gorm/interceptor.go:120)[0m 
[36mjuno-admin_1  |[0m [33m[2022-10-08 11:25:53][0m  [36;1m[0.91ms][0m  SELECT * FROM `system_config`    
[36mjuno-admin_1  |[0m [36;31m[3 rows affected or returned ][0m 
[36mjuno-admin_1  |[0m 
[36mjuno-admin_1  |[0m [35m(/home/runner/go/pkg/mod/github.com/douyu/jupiter@v0.3.3-0.20210826091832-c7a43d560176/pkg/store/gorm/interceptor.go:120)[0m 
[36mjuno-admin_1  |[0m [33m[2022-10-08 11:25:53][0m  [36;1m[1.44ms][0m  SELECT * FROM `test_pipeline_task`  WHERE `test_pipeline_task`.`deleted_at` IS NULL AND ((status = 'running') AND (updated_at < '2022-10-08 10:55:53'))  
[36mjuno-admin_1  |[0m [36;31m[0 rows affected or returned ][0m 
[36mjuno-admin_1  |[0m 
[36mjuno-admin_1  |[0m [35m(/home/runner/go/pkg/mod/github.com/douyu/jupiter@v0.3.3-0.20210826091832-c7a43d560176/pkg/store/gorm/interceptor.go:120)[0m 
[36mjuno-admin_1  |[0m [33m[2022-10-08 11:25:53][0m  [36;1m[1.53ms][0m  SELECT * FROM `worker_node`  WHERE `worker_node`.`deleted_at` IS NULL AND ((last_heartbeat >= '2022-10-08 11:25:53'))  
[36mjuno-admin_1  |[0m [36;31m[0 rows affected or returned ][0m 
[36mjuno-admin_1  |[0m 
[36mjuno-admin_1  |[0m [35m(/home/runner/go/pkg/mod/github.com/douyu/jupiter@v0.3.3-0.20210826091832-c7a43d560176/pkg/store/gorm/interceptor.go:120)[0m 
[36mjuno-admin_1  |[0m [33m[2022-10-08 11:25:53][0m  [36;1m[0.57ms][0m  SELECT * FROM `configuration`  WHERE `configuration`.`deleted_at` IS NULL AND ((lock_at is not null and lock_at < '2022-10-08 11:25:47'))  
[36mjuno-admin_1  |[0m [36;31m[0 rows affected or returned ][0m 
[36mjuno-admin_1  |[0m 
[36mjuno-admin_1  |[0m [35m(/home/runner/go/pkg/mod/github.com/douyu/jupiter@v0.3.3-0.20210826091832-c7a43d560176/pkg/store/gorm/interceptor.go:120)[0m 
[36mjuno-admin_1  |[0m [33m[2022-10-08 11:25:56][0m  [36;1m[1.34ms][0m  SELECT * FROM `configuration`  WHERE `configuration`.`deleted_at` IS NULL AND ((lock_at is not null and lock_at < '2022-10-08 11:25:50'))  
[36mjuno-admin_1  |[0m [36;31m[0 rows affected or returned ][0m 
[36mjuno-admin_1  |[0m 
[36mjuno-admin_1  |[0m [35m(/home/runner/go/pkg/mod/github.com/douyu/jupiter@v0.3.3-0.20210826091832-c7a43d560176/pkg/store/gorm/interceptor.go:120)[0m 
[36mjuno-admin_1  |[0m [33m[2022-10-08 11:25:59][0m  [36;1m[1.42ms][0m  SELECT * FROM `configuration`  WHERE `configuration`.`deleted_at` IS NULL AND ((lock_at is not null and lock_at < '2022-10-08 11:25:53'))  
[36mjuno-admin_1  |[0m [36;31m[0 rows affected or returned ][0m 
[36mjuno-admin_1  |[0m starting juno-admin...
[36mjuno-admin_1  |[0m 2022-10-08 11:26:47.350533 I | read config: /root/juno/config/install.toml
[36mjuno-admin_1  |[0m 2022-10-08 11:26:47.350781 I | load config successfully
[36mjuno-admin_1  |[0m 2022-10-08 11:26:47.350789 I | hook config, init loggers
[36mjuno-admin_1  |[0m 2022-10-08 11:26:47.350796 I | hook config, init runtime(governor)
[36mjuno-admin_1  |[0m 2022-10-08 11:26:47.350799 I | hook config, init sentinel rules
[36mjuno-admin_1  |[0m 2022-10-08 11:26:47.350803 I | hook config, init registry
[36mjuno-admin_1  |[0m 2022-10-08 11:26:47.350854 I | hook config, read registry config failed: jupiter.registry: invalid key, maybe not exist in config
[36mjuno-admin_1  |[0m 2022-10-08 11:26:47.350872 I | load config from datasource[/root/juno/config/install.toml] completely!
[36mjuno-admin_1  |[0m [32m
[36mjuno-admin_1  |[0m    (_)_   _ _ __ (_) |_ ___ _ __
[36mjuno-admin_1  |[0m    | | | | | '_ \| | __/ _ \ '__|
[36mjuno-admin_1  |[0m    | | |_| | |_) | | ||  __/ |
[36mjuno-admin_1  |[0m   _/ |\__,_| .__/|_|\__\___|_|
[36mjuno-admin_1  |[0m  |__/      |_|
[36mjuno-admin_1  |[0m 
[36mjuno-admin_1  |[0m  Welcome to jupiter, starting application ...
[36mjuno-admin_1  |[0m [0m
[36mjuno-admin_1  |[0m create table ok
[36mjuno-admin_1  |[0m 
[36mjuno-admin_1  |[0m [33m[2022-10-08 11:26:47][0m [35m[info] replacing callback `gorm:delete` from /home/runner/go/pkg/mod/github.com/douyu/jupiter@v0.3.3-0.20210826091832-c7a43d560176/pkg/store/gorm/orm.go:112[0m [31;1m [0m
[36mjuno-admin_1  |[0m 
[36mjuno-admin_1  |[0m [33m[2022-10-08 11:26:47][0m [35m[info] replacing callback `gorm:update` from /home/runner/go/pkg/mod/github.com/douyu/jupiter@v0.3.3-0.20210826091832-c7a43d560176/pkg/store/gorm/orm.go:112[0m [31;1m [0m
[36mjuno-admin_1  |[0m 
[36mjuno-admin_1  |[0m [33m[2022-10-08 11:26:47][0m [35m[info] replacing callback `gorm:create` from /home/runner/go/pkg/mod/github.com/douyu/jupiter@v0.3.3-0.20210826091832-c7a43d560176/pkg/store/gorm/orm.go:112[0m [31;1m [0m
[36mjuno-admin_1  |[0m 
[36mjuno-admin_1  |[0m [33m[2022-10-08 11:26:47][0m [35m[info] replacing callback `gorm:query` from /home/runner/go/pkg/mod/github.com/douyu/jupiter@v0.3.3-0.20210826091832-c7a43d560176/pkg/store/gorm/orm.go:112[0m [31;1m [0m
[36mjuno-admin_1  |[0m 
[36mjuno-admin_1  |[0m [33m[2022-10-08 11:26:47][0m [35m[info] replacing callback `gorm:row_query` from /home/runner/go/pkg/mod/github.com/douyu/jupiter@v0.3.3-0.20210826091832-c7a43d560176/pkg/store/gorm/orm.go:112[0m [31;1m [0m
[36mjuno-admin_1  |[0m 
[36mjuno-admin_1  |[0m [35m(/home/runner/go/pkg/mod/github.com/douyu/jupiter@v0.3.3-0.20210826091832-c7a43d560176/pkg/store/gorm/interceptor.go:120)[0m 
[36mjuno-admin_1  |[0m [33m[2022-10-08 11:26:47][0m  [36;1m[0.99ms][0m  SELECT * FROM `proxy_manage`  WHERE (delete_time = 0)  
[36mjuno-admin_1  |[0m [36;31m[0 rows affected or returned ][0m 
[36mjuno-admin_1  |[0m 
[36mjuno-admin_1  |[0m [35m(/home/runner/go/pkg/mod/github.com/douyu/jupiter@v0.3.3-0.20210826091832-c7a43d560176/pkg/store/gorm/interceptor.go:120)[0m 
[36mjuno-admin_1  |[0m [33m[2022-10-08 11:26:47][0m  [36;1m[0.34ms][0m  SELECT * FROM `system_config`    
[36mjuno-admin_1  |[0m [36;31m[3 rows affected or returned ][0m 
[36mjuno-admin_1  |[0m 
[36mjuno-admin_1  |[0m [35m(/home/runner/go/pkg/mod/github.com/douyu/jupiter@v0.3.3-0.20210826091832-c7a43d560176/pkg/store/gorm/interceptor.go:120)[0m 
[36mjuno-admin_1  |[0m [33m[2022-10-08 11:26:47][0m  [36;1m[0.32ms][0m  SELECT * FROM `access_token`  WHERE `access_token`.`deleted_at` IS NULL  
[36mjuno-admin_1  |[0m [36;31m[0 rows affected or returned ][0m 
[36mjuno-admin_1  |[0m 
[36mjuno-admin_1  |[0m [35m(/home/runner/go/pkg/mod/github.com/douyu/jupiter@v0.3.3-0.20210826091832-c7a43d560176/pkg/store/gorm/interceptor.go:120)[0m 
[36mjuno-admin_1  |[0m [33m[2022-10-08 11:26:47][0m  [36;1m[0.30ms][0m  SELECT * FROM `system_config`  WHERE (name = 'test_platform') ORDER BY `system_config`.`name` ASC LIMIT 1  
[36mjuno-admin_1  |[0m [36;31m[0 rows affected or returned ][0m 
[36mjuno-admin_1  |[0m 
[36mjuno-admin_1  |[0m [35m(/home/runner/go/pkg/mod/github.com/douyu/jupiter@v0.3.3-0.20210826091832-c7a43d560176/pkg/store/gorm/interceptor.go:120)[0m 
[36mjuno-admin_1  |[0m [33m[2022-10-08 11:26:47][0m  [36;1m[0.57ms][0m  SELECT * FROM `test_pipeline_task`  WHERE `test_pipeline_task`.`deleted_at` IS NULL AND ((status = 'running') AND (updated_at < '2022-10-08 10:56:47'))  
[36mjuno-admin_1  |[0m [36;31m[0 rows affected or returned ][0m 
[36mjuno-admin_1  |[0m 
[36mjuno-admin_1  |[0m [35m(/home/runner/go/pkg/mod/github.com/douyu/jupiter@v0.3.3-0.20210826091832-c7a43d560176/pkg/store/gorm/interceptor.go:120)[0m 
[36mjuno-admin_1  |[0m [33m[2022-10-08 11:26:47][0m  [36;1m[0.88ms][0m  SELECT * FROM `system_config`  WHERE (name = 'version') ORDER BY `system_config`.`name` ASC LIMIT 1  
[36mjuno-admin_1  |[0m [36;31m[1 rows affected or returned ][0m 
[36mjuno-admin_1  |[0m mockSystemSet version result:
[36mjuno-admin_1  |[0m  {"code":0,"msg":"Success","data":""}
[36mjuno-admin_1  |[0m 
[36mjuno-admin_1  |[0m 
[36mjuno-admin_1  |[0m [35m(/home/runner/go/pkg/mod/github.com/douyu/jupiter@v0.3.3-0.20210826091832-c7a43d560176/pkg/store/gorm/interceptor.go:120)[0m 
[36mjuno-admin_1  |[0m [33m[2022-10-08 11:26:47][0m  [36;1m[1.42ms][0m  SELECT * FROM `worker_node`  WHERE `worker_node`.`deleted_at` IS NULL AND ((last_heartbeat >= '2022-10-08 11:26:47'))  
[36mjuno-admin_1  |[0m [36;31m[0 rows affected or returned ][0m 
[36mjuno-admin_1  |[0m 
[36mjuno-admin_1  |[0m [35m(/home/runner/go/pkg/mod/github.com/douyu/jupiter@v0.3.3-0.20210826091832-c7a43d560176/pkg/store/gorm/interceptor.go:120)[0m 
[36mjuno-admin_1  |[0m [33m[2022-10-08 11:26:47][0m  [36;1m[1.08ms][0m  SELECT * FROM `cron_job`  WHERE `cron_job`.`deleted_at` IS NULL AND ((enable = true))  
[36mjuno-admin_1  |[0m [36;31m[0 rows affected or returned ][0m 
[36mjuno-admin_1  |[0m 
[36mjuno-admin_1  |[0m [35m(/home/runner/go/pkg/mod/github.com/douyu/jupiter@v0.3.3-0.20210826091832-c7a43d560176/pkg/store/gorm/interceptor.go:120)[0m 
[36mjuno-admin_1  |[0m [33m[2022-10-08 11:26:47][0m  [36;1m[0.36ms][0m  SELECT * FROM `system_config`  WHERE (name = 'etcd') ORDER BY `system_config`.`name` ASC LIMIT 1  
[36mjuno-admin_1  |[0m [36;31m[1 rows affected or returned ][0m 
[36mjuno-admin_1  |[0m mockSystemSet etcd result:
[36mjuno-admin_1  |[0m  {"code":0,"msg":"Success","data":""}
[36mjuno-admin_1  |[0m 
[36mjuno-admin_1  |[0m 
[36mjuno-admin_1  |[0m [35m(/home/runner/go/pkg/mod/github.com/douyu/jupiter@v0.3.3-0.20210826091832-c7a43d560176/pkg/store/gorm/interceptor.go:120)[0m 
[36mjuno-admin_1  |[0m [33m[2022-10-08 11:26:47][0m  [36;1m[0.37ms][0m  SELECT * FROM `system_config`  WHERE (name = 'grafana') ORDER BY `system_config`.`name` ASC LIMIT 1  
[36mjuno-admin_1  |[0m [36;31m[1 rows affected or returned ][0m 
[36mjuno-admin_1  |[0m {"code":0,"msg":"Success","data":""}
[36mjuno-admin_1  |[0m 
[36mjuno-admin_1  |[0m 
[36mjuno-admin_1  |[0m [35m(/home/runner/go/pkg/mod/github.com/douyu/jupiter@v0.3.3-0.20210826091832-c7a43d560176/pkg/store/gorm/interceptor.go:120)[0m 
[36mjuno-admin_1  |[0m [33m[2022-10-08 11:26:47][0m  [36;1m[0.44ms][0m  SELECT * FROM `user`  WHERE (uid = 1)  
[36mjuno-admin_1  |[0m [36;31m[1 rows affected or returned ][0m 
[36mjuno-admin_1  |[0m 
[36mjuno-admin_1  |[0m [35m(/home/runner/go/pkg/mod/github.com/douyu/jupiter@v0.3.3-0.20210826091832-c7a43d560176/pkg/store/gorm/interceptor.go:120)[0m 
[36mjuno-admin_1  |[0m [33m[2022-10-08 11:26:47][0m  [36;1m[0.50ms][0m  SELECT * FROM `casbin_policy_group`  WHERE `casbin_policy_group`.`deleted_at` IS NULL AND ((uid = 1 and type = 'user'))  
[36mjuno-admin_1  |[0m [36;31m[1 rows affected or returned ][0m 
[36mjuno-admin_1  |[0m 
[36mjuno-admin_1  |[0m [35m(/home/runner/go/pkg/mod/github.com/douyu/jupiter@v0.3.3-0.20210826091832-c7a43d560176/pkg/store/gorm/interceptor.go:120)[0m 
[36mjuno-admin_1  |[0m [33m[2022-10-08 11:26:47][0m  [36;1m[0.34ms][0m  INSERT INTO `casbin_policy_group` (`created_at`,`updated_at`,`deleted_at`,`group_name`,`uid`,`app_name`,`app_env`,`url`,`type`) VALUES ('2022-10-08 11:26:47','2022-10-08 11:26:47',NULL,'grafana',1,'','','','user')  
[36mjuno-admin_1  |[0m [36;31m[1 rows affected or returned ][0m 
[36mjuno-admin_1  |[0m 2022-10-08 11:26:47.663434 I | read config: /root/juno/config/install.toml
[36mjuno-admin_1  |[0m 2022-10-08 11:26:47.663699 I | load config successfully
[36mjuno-admin_1  |[0m 2022-10-08 11:26:47.663707 I | hook config, init loggers
[36mjuno-admin_1  |[0m 2022-10-08 11:26:47.664122 I | hook config, init runtime(governor)
[36mjuno-admin_1  |[0m 2022-10-08 11:26:47.664133 I | hook config, init sentinel rules
[36mjuno-admin_1  |[0m 2022-10-08 11:26:47.664140 I | hook config, init registry
[36mjuno-admin_1  |[0m 2022-10-08 11:26:47.664181 I | hook config, read registry config failed: jupiter.registry: invalid key, maybe not exist in config
[36mjuno-admin_1  |[0m 2022-10-08 11:26:47.664194 I | load config from datasource[/root/juno/config/install.toml] completely!
[36mjuno-admin_1  |[0m [32m
[36mjuno-admin_1  |[0m    (_)_   _ _ __ (_) |_ ___ _ __
[36mjuno-admin_1  |[0m    | | | | | '_ \| | __/ _ \ '__|
[36mjuno-admin_1  |[0m    | | |_| | |_) | | ||  __/ |
[36mjuno-admin_1  |[0m   _/ |\__,_| .__/|_|\__\___|_|
[36mjuno-admin_1  |[0m  |__/      |_|
[36mjuno-admin_1  |[0m 
[36mjuno-admin_1  |[0m  Welcome to jupiter, starting application ...
[36mjuno-admin_1  |[0m [0m
[36mjuno-admin_1  |[0m 
[36mjuno-admin_1  |[0m [33m[2022-10-08 11:26:47][0m [35m[info] replacing callback `gorm:delete` from /home/runner/go/pkg/mod/github.com/douyu/jupiter@v0.3.3-0.20210826091832-c7a43d560176/pkg/store/gorm/orm.go:112[0m [31;1m [0m
[36mjuno-admin_1  |[0m 
[36mjuno-admin_1  |[0m [33m[2022-10-08 11:26:47][0m [35m[info] replacing callback `gorm:update` from /home/runner/go/pkg/mod/github.com/douyu/jupiter@v0.3.3-0.20210826091832-c7a43d560176/pkg/store/gorm/orm.go:112[0m [31;1m [0m
[36mjuno-admin_1  |[0m 
[36mjuno-admin_1  |[0m [33m[2022-10-08 11:26:47][0m [35m[info] replacing callback `gorm:create` from /home/runner/go/pkg/mod/github.com/douyu/jupiter@v0.3.3-0.20210826091832-c7a43d560176/pkg/store/gorm/orm.go:112[0m [31;1m [0m
[36mjuno-admin_1  |[0m 
[36mjuno-admin_1  |[0m [33m[2022-10-08 11:26:47][0m [35m[info] replacing callback `gorm:query` from /home/runner/go/pkg/mod/github.com/douyu/jupiter@v0.3.3-0.20210826091832-c7a43d560176/pkg/store/gorm/orm.go:112[0m [31;1m [0m
[36mjuno-admin_1  |[0m 
[36mjuno-admin_1  |[0m [33m[2022-10-08 11:26:47][0m [35m[info] replacing callback `gorm:row_query` from /home/runner/go/pkg/mod/github.com/douyu/jupiter@v0.3.3-0.20210826091832-c7a43d560176/pkg/store/gorm/orm.go:112[0m [31;1m [0m
[36mjuno-admin_1  |[0m 
[36mjuno-admin_1  |[0m [35m(/home/runner/go/pkg/mod/github.com/douyu/jupiter@v0.3.3-0.20210826091832-c7a43d560176/pkg/store/gorm/interceptor.go:120)[0m 
[36mjuno-admin_1  |[0m [33m[2022-10-08 11:26:47][0m  [36;1m[0.48ms][0m  SELECT * FROM `proxy_manage`  WHERE (delete_time = 0)  
[36mjuno-admin_1  |[0m [36;31m[0 rows affected or returned ][0m 
[36mjuno-admin_1  |[0m 
[36mjuno-admin_1  |[0m [35m(/home/runner/go/pkg/mod/github.com/douyu/jupiter@v0.3.3-0.20210826091832-c7a43d560176/pkg/store/gorm/interceptor.go:120)[0m 
[36mjuno-admin_1  |[0m [33m[2022-10-08 11:26:47][0m  [36;1m[0.35ms][0m  SELECT * FROM `system_config`    
[36mjuno-admin_1  |[0m [36;31m[3 rows affected or returned ][0m 
[36mjuno-admin_1  |[0m 
[36mjuno-admin_1  |[0m [35m(/home/runner/go/pkg/mod/github.com/douyu/jupiter@v0.3.3-0.20210826091832-c7a43d560176/pkg/store/gorm/interceptor.go:120)[0m 
[36mjuno-admin_1  |[0m [33m[2022-10-08 11:26:47][0m  [36;1m[0.42ms][0m  SELECT * FROM `access_token`  WHERE `access_token`.`deleted_at` IS NULL  
[36mjuno-admin_1  |[0m [36;31m[0 rows affected or returned ][0m 
[36mjuno-admin_1  |[0m 
[36mjuno-admin_1  |[0m [35m(/home/runner/go/pkg/mod/github.com/douyu/jupiter@v0.3.3-0.20210826091832-c7a43d560176/pkg/store/gorm/interceptor.go:120)[0m 
[36mjuno-admin_1  |[0m [33m[2022-10-08 11:26:47][0m  [36;1m[0.32ms][0m  SELECT * FROM `system_config`  WHERE (name = 'test_platform') ORDER BY `system_config`.`name` ASC LIMIT 1  
[36mjuno-admin_1  |[0m [36;31m[0 rows affected or returned ][0m 
[36mjuno-admin_1  |[0m 
[36mjuno-admin_1  |[0m [35m(/home/runner/go/pkg/mod/github.com/douyu/jupiter@v0.3.3-0.20210826091832-c7a43d560176/pkg/store/gorm/interceptor.go:120)[0m 
[36mjuno-admin_1  |[0m [33m[2022-10-08 11:26:47][0m  [36;1m[0.54ms][0m  SELECT * FROM `test_pipeline_task`  WHERE `test_pipeline_task`.`deleted_at` IS NULL AND ((status = 'running') AND (updated_at < '2022-10-08 10:56:47'))  
[36mjuno-admin_1  |[0m [36;31m[0 rows affected or returned ][0m 
[36mjuno-admin_1  |[0m 
[36mjuno-admin_1  |[0m [35m(/home/runner/go/pkg/mod/github.com/douyu/jupiter@v0.3.3-0.20210826091832-c7a43d560176/pkg/store/gorm/interceptor.go:120)[0m 
[36mjuno-admin_1  |[0m [33m[2022-10-08 11:26:47][0m  [36;1m[1.10ms][0m  SELECT * FROM `worker_node`  WHERE `worker_node`.`deleted_at` IS NULL AND ((last_heartbeat >= '2022-10-08 11:26:47'))  
[36mjuno-admin_1  |[0m [36;31m[0 rows affected or returned ][0m 
[36mjuno-admin_1  |[0m 
[36mjuno-admin_1  |[0m [35m(/home/runner/work/juno/juno/internal/pkg/service/resource/app.go:45)[0m 
[36mjuno-admin_1  |[0m [33m[2022-10-08 11:26:47][0m  [36;1m[0.84ms][0m  SELECT count(*) FROM `app_change_map`  WHERE (app_name = 'jupiter-demo' AND md5 = '23de0483bcc83e69d2f83a9583572b8c')  
[36mjuno-admin_1  |[0m [36;31m[0 rows affected or returned ][0m 
[36mjuno-admin_1  |[0m 
[36mjuno-admin_1  |[0m [35m(/home/runner/go/pkg/mod/github.com/douyu/jupiter@v0.3.3-0.20210826091832-c7a43d560176/pkg/store/gorm/interceptor.go:120)[0m 
[36mjuno-admin_1  |[0m [33m[2022-10-08 11:26:47][0m  [36;1m[1.01ms][0m  SELECT * FROM `cron_job`  WHERE `cron_job`.`deleted_at` IS NULL AND ((enable = true))  
[36mjuno-admin_1  |[0m [36;31m[0 rows affected or returned ][0m 
[36mjuno-admin_1  |[0m 
[36mjuno-admin_1  |[0m [35m(/home/runner/work/juno/juno/internal/pkg/service/resource/app.go:45)[0m 
[36mjuno-admin_1  |[0m [33m[2022-10-08 11:26:47][0m  [36;1m[0.33ms][0m  SELECT count(*) FROM `app_change_map`  WHERE (app_name = 'juno-admin' AND md5 = 'af66bc40d197e6b69c37a956d312dd5e')  
[36mjuno-admin_1  |[0m [36;31m[0 rows affected or returned ][0m 
[36mjuno-admin_1  |[0m {"code":0,"msg":"success","data":""}
[36mjuno-admin_1  |[0m 
[36mjuno-admin_1  |[0m 
[36mjuno-admin_1  |[0m [35m(/home/runner/go/pkg/mod/github.com/douyu/jupiter@v0.3.3-0.20210826091832-c7a43d560176/pkg/store/gorm/interceptor.go:120)[0m 
[36mjuno-admin_1  |[0m [33m[2022-10-08 11:26:47][0m  [36;1m[0.75ms][0m  SELECT * FROM `app`  WHERE (app_name = 'douyu-demo')  
[36mjuno-admin_1  |[0m [36;31m[0 rows affected or returned ][0m 
[36mjuno-admin_1  |[0m {"code":1,"msg":"record not found","data":""}
[36mjuno-admin_1  |[0m 
[36mjuno-admin_1  |[0m 
[36mjuno-admin_1  |[0m [35m(/home/runner/go/pkg/mod/github.com/douyu/jupiter@v0.3.3-0.20210826091832-c7a43d560176/pkg/store/gorm/interceptor.go:120)[0m 
[36mjuno-admin_1  |[0m [33m[2022-10-08 11:26:47][0m  [36;1m[0.50ms][0m  SELECT * FROM `app`  WHERE (app_name = 'juno-admin')  
[36mjuno-admin_1  |[0m [36;31m[1 rows affected or returned ][0m 
[36mjuno-admin_1  |[0m 
[36mjuno-admin_1  |[0m [35m(/home/runner/go/pkg/mod/github.com/douyu/jupiter@v0.3.3-0.20210826091832-c7a43d560176/pkg/store/gorm/interceptor.go:120)[0m 
[36mjuno-admin_1  |[0m [33m[2022-10-08 11:26:47][0m  [36;1m[0.30ms][0m  SELECT * FROM `app_node_map`  WHERE (app_name = 'juno-admin' AND md5 = 'd41d8cd98f00b204e9800998ecf8427e') ORDER BY `app_node_map`.`id` ASC LIMIT 1  
[36mjuno-admin_1  |[0m [36;31m[0 rows affected or returned ][0m 
[36mjuno-admin_1  |[0m 
[36mjuno-admin_1  |[0m [35m(/home/runner/go/pkg/mod/github.com/douyu/jupiter@v0.3.3-0.20210826091832-c7a43d560176/pkg/store/gorm/interceptor.go:120)[0m 
[36mjuno-admin_1  |[0m [33m[2022-10-08 11:26:47][0m  [36;1m[0.23ms][0m  DELETE FROM `app_node_map`  WHERE (app_name = 'juno-admin')  
[36mjuno-admin_1  |[0m [36;31m[0 rows affected or returned ][0m 
[36mjuno-admin_1  |[0m 
[36mjuno-admin_1  |[0m [35m(/home/runner/go/pkg/mod/github.com/douyu/jupiter@v0.3.3-0.20210826091832-c7a43d560176/pkg/store/gorm/interceptor.go:120)[0m 
[36mjuno-admin_1  |[0m [33m[2022-10-08 11:26:47][0m  [36;1m[0.21ms][0m  INSERT INTO `app_node_map` (`aid`,`app_name`,`md5`) VALUES (2,'juno-admin','d41d8cd98f00b204e9800998ecf8427e')  
[36mjuno-admin_1  |[0m [36;31m[1 rows affected or returned ][0m 
[36mjuno-admin_1  |[0m 
[36mjuno-admin_1  |[0m [35m(/home/runner/go/pkg/mod/github.com/douyu/jupiter@v0.3.3-0.20210826091832-c7a43d560176/pkg/store/gorm/interceptor.go:120)[0m 
[36mjuno-admin_1  |[0m [33m[2022-10-08 11:26:47][0m  [36;1m[0.30ms][0m  SELECT * FROM `app_node`  WHERE (`app_node`.`app_name` = 'juno-admin')  
[36mjuno-admin_1  |[0m [36;31m[0 rows affected or returned ][0m 
[36mjuno-admin_1  |[0m {"code":1,"msg":"all nodes in app_node already exist","data":""}
[36mjuno-admin_1  |[0m 
[36mjuno-admin_1  |[0m 
[36mjuno-admin_1  |[0m [35m(/home/runner/go/pkg/mod/github.com/douyu/jupiter@v0.3.3-0.20210826091832-c7a43d560176/pkg/store/gorm/interceptor.go:120)[0m 
[36mjuno-admin_1  |[0m [33m[2022-10-08 11:26:47][0m  [36;1m[0.61ms][0m  SELECT * FROM `system_config`  WHERE (name = 'version') ORDER BY `system_config`.`name` ASC LIMIT 1  
[36mjuno-admin_1  |[0m [36;31m[1 rows affected or returned ][0m 
[36mjuno-admin_1  |[0m mockSystemSet version result:
[36mjuno-admin_1  |[0m  {"code":0,"msg":"Success","data":""}
[36mjuno-admin_1  |[0m 
[36mjuno-admin_1  |[0m 
[36mjuno-admin_1  |[0m [35m(/home/runner/go/pkg/mod/github.com/douyu/jupiter@v0.3.3-0.20210826091832-c7a43d560176/pkg/store/gorm/interceptor.go:120)[0m 
[36mjuno-admin_1  |[0m [33m[2022-10-08 11:26:47][0m  [36;1m[0.37ms][0m  SELECT * FROM `system_config`  WHERE (name = 'etcd') ORDER BY `system_config`.`name` ASC LIMIT 1  
[36mjuno-admin_1  |[0m [36;31m[1 rows affected or returned ][0m 
[36mjuno-admin_1  |[0m mockSystemSet etcd result:
[36mjuno-admin_1  |[0m  {"code":0,"msg":"Success","data":""}
[36mjuno-admin_1  |[0m 
[36mjuno-admin_1  |[0m 
[36mjuno-admin_1  |[0m [35m(/home/runner/go/pkg/mod/github.com/douyu/jupiter@v0.3.3-0.20210826091832-c7a43d560176/pkg/store/gorm/interceptor.go:120)[0m 
[36mjuno-admin_1  |[0m [33m[2022-10-08 11:26:47][0m  [36;1m[3.21ms][0m  SELECT * FROM `user`  WHERE (username = 'admin')  
[36mjuno-admin_1  |[0m [36;31m[1 rows affected or returned ][0m 
[36mjuno-admin_1  |[0m {"code":1,"msg":"user name is exist","data":""}
[36mjuno-admin_1  |[0m 
[36mjuno-admin_1  |[0m 
[36mjuno-admin_1  |[0m [35m(/home/runner/go/pkg/mod/github.com/douyu/jupiter@v0.3.3-0.20210826091832-c7a43d560176/pkg/store/gorm/interceptor.go:120)[0m 
[36mjuno-admin_1  |[0m [33m[2022-10-08 11:26:47][0m  [36;1m[0.67ms][0m  SELECT * FROM `user`  WHERE (username = 'default')  
[36mjuno-admin_1  |[0m [36;31m[1 rows affected or returned ][0m 
[36mjuno-admin_1  |[0m 2022-10-08 11:26:47.841987 I | read config: /root/juno/config/single-region-admin.toml
[36mjuno-admin_1  |[0m 2022-10-08 11:26:47.842467 I | load config successfully
[36mjuno-admin_1  |[0m 2022-10-08 11:26:47.842475 I | hook config, init loggers
[36mjuno-admin_1  |[0m 2022-10-08 11:26:47.842488 I | hook config, init runtime(governor)
[36mjuno-admin_1  |[0m 2022-10-08 11:26:47.842490 I | hook config, init sentinel rules
[36mjuno-admin_1  |[0m 2022-10-08 11:26:47.842495 I | hook config, init registry
[36mjuno-admin_1  |[0m 2022-10-08 11:26:47.842539 I | hook config, read registry config failed: jupiter.registry: invalid key, maybe not exist in config
[36mjuno-admin_1  |[0m 2022-10-08 11:26:47.842550 I | load config from datasource[/root/juno/config/single-region-admin.toml] completely!
[36mjuno-admin_1  |[0m [32m
[36mjuno-admin_1  |[0m    (_)_   _ _ __ (_) |_ ___ _ __
[36mjuno-admin_1  |[0m    | | | | | '_ \| | __/ _ \ '__|
[36mjuno-admin_1  |[0m    | | |_| | |_) | | ||  __/ |
[36mjuno-admin_1  |[0m   _/ |\__,_| .__/|_|\__\___|_|
[36mjuno-admin_1  |[0m  |__/      |_|
[36mjuno-admin_1  |[0m 
[36mjuno-admin_1  |[0m  Welcome to jupiter, starting application ...
[36mjuno-admin_1  |[0m [0m
[36mjuno-admin_1  |[0m 1665228407	[32mINFO[0m	gorm/config.go:117	client mysql start              	{"aid": "1234567890", "iid": "3dfa3a4ea3049ea77ecf5bcfd59b2055", "mod": "gorm", "addr": "mysql:3306", "name": "juno"}
[36mjuno-admin_1  |[0m 
[36mjuno-admin_1  |[0m [33m[2022-10-08 11:26:47][0m [35m[info] replacing callback `gorm:delete` from /home/runner/go/pkg/mod/github.com/douyu/jupiter@v0.3.3-0.20210826091832-c7a43d560176/pkg/store/gorm/orm.go:112[0m [31;1m [0m
[36mjuno-admin_1  |[0m 
[36mjuno-admin_1  |[0m [33m[2022-10-08 11:26:47][0m [35m[info] replacing callback `gorm:update` from /home/runner/go/pkg/mod/github.com/douyu/jupiter@v0.3.3-0.20210826091832-c7a43d560176/pkg/store/gorm/orm.go:112[0m [31;1m [0m
[36mjuno-admin_1  |[0m 
[36mjuno-admin_1  |[0m [33m[2022-10-08 11:26:47][0m [35m[info] replacing callback `gorm:create` from /home/runner/go/pkg/mod/github.com/douyu/jupiter@v0.3.3-0.20210826091832-c7a43d560176/pkg/store/gorm/orm.go:112[0m [31;1m [0m
[36mjuno-admin_1  |[0m 
[36mjuno-admin_1  |[0m [33m[2022-10-08 11:26:47][0m [35m[info] replacing callback `gorm:query` from /home/runner/go/pkg/mod/github.com/douyu/jupiter@v0.3.3-0.20210826091832-c7a43d560176/pkg/store/gorm/orm.go:112[0m [31;1m [0m
[36mjuno-admin_1  |[0m 
[36mjuno-admin_1  |[0m [33m[2022-10-08 11:26:47][0m [35m[info] replacing callback `gorm:row_query` from /home/runner/go/pkg/mod/github.com/douyu/jupiter@v0.3.3-0.20210826091832-c7a43d560176/pkg/store/gorm/orm.go:112[0m [31;1m [0m
[36mjuno-admin_1  |[0m 
[36mjuno-admin_1  |[0m [35m(/home/runner/go/pkg/mod/github.com/douyu/jupiter@v0.3.3-0.20210826091832-c7a43d560176/pkg/store/gorm/interceptor.go:120)[0m 
[36mjuno-admin_1  |[0m [33m[2022-10-08 11:26:47][0m  [36;1m[0.46ms][0m  SELECT * FROM `proxy_manage`  WHERE (delete_time = 0)  
[36mjuno-admin_1  |[0m [36;31m[0 rows affected or returned ][0m 
[36mjuno-admin_1  |[0m 
[36mjuno-admin_1  |[0m [35m(/home/runner/go/pkg/mod/github.com/douyu/jupiter@v0.3.3-0.20210826091832-c7a43d560176/pkg/store/gorm/interceptor.go:120)[0m 
[36mjuno-admin_1  |[0m [33m[2022-10-08 11:26:47][0m  [36;1m[0.60ms][0m  SELECT * FROM `system_config`    
[36mjuno-admin_1  |[0m [36;31m[3 rows affected or returned ][0m 
[36mjuno-admin_1  |[0m 
[36mjuno-admin_1  |[0m [35m(/home/runner/go/pkg/mod/github.com/douyu/jupiter@v0.3.3-0.20210826091832-c7a43d560176/pkg/store/gorm/interceptor.go:120)[0m 
[36mjuno-admin_1  |[0m [33m[2022-10-08 11:26:47][0m  [36;1m[0.42ms][0m  SELECT * FROM `access_token`  WHERE `access_token`.`deleted_at` IS NULL  
[36mjuno-admin_1  |[0m [36;31m[0 rows affected or returned ][0m 
[36mjuno-admin_1  |[0m 
[36mjuno-admin_1  |[0m [35m(/home/runner/go/pkg/mod/github.com/douyu/jupiter@v0.3.3-0.20210826091832-c7a43d560176/pkg/store/gorm/interceptor.go:120)[0m 
[36mjuno-admin_1  |[0m [33m[2022-10-08 11:26:47][0m  [36;1m[0.30ms][0m  SELECT * FROM `system_config`  WHERE (name = 'test_platform') ORDER BY `system_config`.`name` ASC LIMIT 1  
[36mjuno-admin_1  |[0m [36;31m[0 rows affected or returned ][0m 
[36mjuno-admin_1  |[0m 1665228407	[33mWARN[0m	gorm/interceptor.go:63	record not found                	{"aid": "1234567890", "iid": "3dfa3a4ea3049ea77ecf5bcfd59b2055", "error": "record not found", "name": "juno.system_config", "method": "gorm:query"}
[36mjuno-admin_1  |[0m 1665228407	[32mINFO[0m	xlog/api.go:45	newAppLogD                      	{"aid": "1234567890", "iid": "3dfa3a4ea3049ea77ecf5bcfd59b2055", "data": {"":{"Project":"","LogStoreConsole":"","LogStoreJupiter":"","LogStoreBiz":""}}, "project": [{"Project":"","Env":[""],"LogStoreConsole":"","LogStoreJupiter":"","LogStoreBiz":""}]}
[36mjuno-admin_1  |[0m 1665228407	[33mWARN[0m	xlog/api.go:55	k8sWork                         	{"aid": "1234567890", "iid": "3dfa3a4ea3049ea77ecf5bcfd59b2055", "step": "init", "cfg.Cfg.K8s": {"LabelAid":"aid","Enable":false,"Prefix":[],"ExcludeSuffix":null,"Doc":""}}
[36mjuno-admin_1  |[0m 1665228407	[32mINFO[0m	xlog/api.go:45	NewSessionStore                 	{"aid": "1234567890", "iid": "3dfa3a4ea3049ea77ecf5bcfd59b2055", "cookie": "ldfgoqnf935nvav34"}
[36mjuno-admin_1  |[0m 
[36mjuno-admin_1  |[0m [35m(/home/runner/go/pkg/mod/github.com/douyu/jupiter@v0.3.3-0.20210826091832-c7a43d560176/pkg/store/gorm/interceptor.go:120)[0m 
[36mjuno-admin_1  |[0m [33m[2022-10-08 11:26:47][0m  [36;1m[0.66ms][0m  SELECT * FROM `worker_node`  WHERE `worker_node`.`deleted_at` IS NULL AND ((last_heartbeat >= '2022-10-08 11:26:47'))  
[36mjuno-admin_1  |[0m [36;31m[0 rows affected or returned ][0m 
[36mjuno-admin_1  |[0m 
[36mjuno-admin_1  |[0m [35m(/home/runner/go/pkg/mod/github.com/douyu/jupiter@v0.3.3-0.20210826091832-c7a43d560176/pkg/store/gorm/interceptor.go:120)[0m 
[36mjuno-admin_1  |[0m [33m[2022-10-08 11:26:47][0m  [36;1m[0.56ms][0m  SELECT * FROM `test_pipeline_task`  WHERE `test_pipeline_task`.`deleted_at` IS NULL AND ((status = 'running') AND (updated_at < '2022-10-08 10:56:47'))  
[36mjuno-admin_1  |[0m [36;31m[0 rows affected or returned ][0m 
[36mjuno-admin_1  |[0m 1665228407	[32mINFO[0m	etcdv3/client.go:116	dial etcd server                	{"aid": "1234567890", "iid": "3dfa3a4ea3049ea77ecf5bcfd59b2055", "mod": "client.etcd", "addr": ["http://etcd:2379"]}
[36mjuno-admin_1  |[0m 1665228407	[32mINFO[0m	etcdv3/client.go:116	dial etcd server                	{"aid": "1234567890", "iid": "3dfa3a4ea3049ea77ecf5bcfd59b2055", "mod": "client.etcd", "addr": ["http://etcd:2379"]}
[36mjuno-admin_1  |[0m 1665228407	[32mINFO[0m	xcron/cron.go:112	add job                         	{"aid": "1234567890", "iid": "3dfa3a4ea3049ea77ecf5bcfd59b2055", "mod": "worker.cron", "name": "github.com/douyu/juno/internal/pkg/service/proxyintegrat.RefreshProxyConfig"}
[36mjuno-admin_1  |[0m 1665228407	[32mINFO[0m	init listen signal              	{"mod": "app", "event": "init"}
[36mjuno-admin_1  |[0m 1665228407	[32mINFO[0m	xcron/cron.go:139	run worker                      	{"aid": "1234567890", "iid": "3dfa3a4ea3049ea77ecf5bcfd59b2055", "mod": "worker.cron", "number of scheduled jobs": 1}
[36mjuno-admin_1  |[0m 1665228407	[32mINFO[0m	xcron/config.go:149	cron start                      	{"aid": "1234567890", "iid": "3dfa3a4ea3049ea77ecf5bcfd59b2055", "mod": "worker.cron"}
[36mjuno-admin_1  |[0m 1665228407	[32mINFO[0m	xlog/api.go:45	register service locally        	{"aid": "1234567890", "iid": "3dfa3a4ea3049ea77ecf5bcfd59b2055", "mod": "registry", "name": "juno-admin", "addr": "http://127.0.0.1:50002"}
[36mjuno-admin_1  |[0m 1665228407	[32mINFO[0m	start server                    	{"mod": "app", "event": "init", "name": "juno-admin", "addr": "http://127.0.0.1:50002", "scheme": "http"}
[36mjuno-admin_1  |[0m 1665228407	[32mINFO[0m	xcron/config.go:149	cron schedule                   	{"aid": "1234567890", "iid": "3dfa3a4ea3049ea77ecf5bcfd59b2055", "mod": "worker.cron", "now": 1665228407, "entry": 1, "next": 1665228467}
[36mjuno-admin_1  |[0m 1665228407	[32mINFO[0m	xlog/api.go:45	register service locally        	{"aid": "1234567890", "iid": "3dfa3a4ea3049ea77ecf5bcfd59b2055", "mod": "registry", "name": "juno-admin", "addr": "http://0.0.0.0:50004"}
[36mjuno-admin_1  |[0m 1665228407	[32mINFO[0m	start server                    	{"mod": "app", "event": "init", "name": "juno-admin", "addr": "http://0.0.0.0:50004", "scheme": "http"}
[36mjuno-admin_1  |[0m 1665228407	[32mINFO[0m	xecho/server.go:75	add route                       	{"aid": "1234567890", "iid": "3dfa3a4ea3049ea77ecf5bcfd59b2055", "mod": "server.echo", "method": "TRACE", "path": "/api/admin/*"}
[36mjuno-admin_1  |[0m 1665228407	[32mINFO[0m	xecho/server.go:75	add route                       	{"aid": "1234567890", "iid": "3dfa3a4ea3049ea77ecf5bcfd59b2055", "mod": "server.echo", "method": "HEAD", "path": "/api/admin/confgo"}
[36mjuno-admin_1  |[0m 1665228407	[32mINFO[0m	xecho/server.go:75	add route                       	{"aid": "1234567890", "iid": "3dfa3a4ea3049ea77ecf5bcfd59b2055", "mod": "server.echo", "method": "DELETE", "path": "/api/admin/confgo/*"}
[36mjuno-admin_1  |[0m 1665228407	[32mINFO[0m	xecho/server.go:75	add route                       	{"aid": "1234567890", "iid": "3dfa3a4ea3049ea77ecf5bcfd59b2055", "mod": "server.echo", "method": "PATCH", "path": "/api/admin/confgov2/resource/*"}
[36mjuno-admin_1  |[0m 1665228407	[32mINFO[0m	xecho/server.go:75	add route                       	{"aid": "1234567890", "iid": "3dfa3a4ea3049ea77ecf5bcfd59b2055", "mod": "server.echo", "method": "CONNECT", "path": "/api/admin/proxyintegrat"}
[36mjuno-admin_1  |[0m 1665228407	[32mINFO[0m	xecho/server.go:75	add route                       	{"aid": "1234567890", "iid": "3dfa3a4ea3049ea77ecf5bcfd59b2055", "mod": "server.echo", "method": "POST", "path": "/api/v1/confgo/config/update"}
[36mjuno-admin_1  |[0m 1665228407	[32mINFO[0m	xecho/server.go:75	add route                       	{"aid": "1234567890", "iid": "3dfa3a4ea3049ea77ecf5bcfd59b2055", "mod": "server.echo", "method": "TRACE", "path": "/api/v1/analysis/*"}
[36mjuno-admin_1  |[0m 1665228407	[32mINFO[0m	xecho/server.go:75	add route                       	{"aid": "1234567890", "iid": "3dfa3a4ea3049ea77ecf5bcfd59b2055", "mod": "server.echo", "method": "CONNECT", "path": "/api/admin/test/platform/*"}
[36mjuno-admin_1  |[0m 1665228407	[32mINFO[0m	xecho/server.go:75	add route                       	{"aid": "1234567890", "iid": "3dfa3a4ea3049ea77ecf5bcfd59b2055", "mod": "server.echo", "method": "GET", "path": "/api/admin/test/platform/pipeline/list"}
[36mjuno-admin_1  |[0m 1665228407	[32mINFO[0m	xecho/server.go:75	add route                       	{"aid": "1234567890", "iid": "3dfa3a4ea3049ea77ecf5bcfd59b2055", "mod": "server.echo", "method": "GET", "path": "/api/admin/logger"}
[36mjuno-admin_1  |[0m 1665228407	[32mINFO[0m	xecho/server.go:75	add route                       	{"aid": "1234567890", "iid": "3dfa3a4ea3049ea77ecf5bcfd59b2055", "mod": "server.echo", "method": "TRACE", "path": "/grafana/*"}
[36mjuno-admin_1  |[0m 1665228407	[32mINFO[0m	xecho/server.go:75	add route                       	{"aid": "1234567890", "iid": "3dfa3a4ea3049ea77ecf5bcfd59b2055", "mod": "server.echo", "method": "PATCH", "path": "/proxy/*"}
[36mjuno-admin_1  |[0m 1665228407	[32mINFO[0m	xecho/server.go:75	add route                       	{"aid": "1234567890", "iid": "3dfa3a4ea3049ea77ecf5bcfd59b2055", "mod": "server.echo", "method": "PROPFIND", "path": "/api/admin/test/http/*"}
[36mjuno-admin_1  |[0m 1665228407	[32mINFO[0m	xecho/server.go:75	add route                       	{"aid": "1234567890", "iid": "3dfa3a4ea3049ea77ecf5bcfd59b2055", "mod": "server.echo", "method": "CONNECT", "path": "/api/admin/etcd"}
[36mjuno-admin_1  |[0m 1665228407	[32mINFO[0m	xecho/server.go:75	add route                       	{"aid": "1234567890", "iid": "3dfa3a4ea3049ea77ecf5bcfd59b2055", "mod": "server.echo", "method": "PUT", "path": "/api/v1/event/*"}
[36mjuno-admin_1  |[0m 1665228407	[32mINFO[0m	xecho/server.go:75	add route                       	{"aid": "1234567890", "iid": "3dfa3a4ea3049ea77ecf5bcfd59b2055", "mod": "server.echo", "method": "PATCH", "path": "/api/admin/cronjob/task"}
[36mjuno-admin_1  |[0m 1665228407	[32mINFO[0m	xecho/server.go:75	add route                       	{"aid": "1234567890", "iid": "3dfa3a4ea3049ea77ecf5bcfd59b2055", "mod": "server.echo", "method": "GET", "path": "/api/admin/proxyintegrat/proxyMenuList"}
[36mjuno-admin_1  |[0m 1665228407	[32mINFO[0m	xecho/server.go:75	add route                       	{"aid": "1234567890", "iid": "3dfa3a4ea3049ea77ecf5bcfd59b2055", "mod": "server.echo", "method": "POST", "path": "/proxy/*"}
[36mjuno-admin_1  |[0m 1665228407	[32mINFO[0m	xecho/server.go:75	add route                       	{"aid": "1234567890", "iid": "3dfa3a4ea3049ea77ecf5bcfd59b2055", "mod": "server.echo", "method": "OPTIONS", "path": "/api/admin/user/*"}
[36mjuno-admin_1  |[0m 1665228407	[32mINFO[0m	xecho/server.go:75	add route                       	{"aid": "1234567890", "iid": "3dfa3a4ea3049ea77ecf5bcfd59b2055", "mod": "server.echo", "method": "POST", "path": "/api/admin/test/http/request/send"}
[36mjuno-admin_1  |[0m 1665228407	[32mINFO[0m	xecho/server.go:75	add route                       	{"aid": "1234567890", "iid": "3dfa3a4ea3049ea77ecf5bcfd59b2055", "mod": "server.echo", "method": "PROPFIND", "path": "/api/admin/analysis"}
[36mjuno-admin_1  |[0m 1665228407	[32mINFO[0m	xecho/server.go:75	add route                       	{"aid": "1234567890", "iid": "3dfa3a4ea3049ea77ecf5bcfd59b2055", "mod": "server.echo", "method": "PUT", "path": "/api/v1/resource/*"}
[36mjuno-admin_1  |[0m 1665228407	[32mINFO[0m	xecho/server.go:75	add route                       	{"aid": "1234567890", "iid": "3dfa3a4ea3049ea77ecf5bcfd59b2055", "mod": "server.echo", "method": "GET", "path": "/api/v1/resource/app_node/list"}
[36mjuno-admin_1  |[0m 1665228407	[32mINFO[0m	xecho/server.go:75	add route                       	{"aid": "1234567890", "iid": "3dfa3a4ea3049ea77ecf5bcfd59b2055", "mod": "server.echo", "method": "OPTIONS", "path": "/api/v1/pprof/*"}
[36mjuno-admin_1  |[0m 1665228407	[32mINFO[0m	xecho/server.go:75	add route                       	{"aid": "1234567890", "iid": "3dfa3a4ea3049ea77ecf5bcfd59b2055", "mod": "server.echo", "method": "HEAD", "path": "/api/admin/event"}
[36mjuno-admin_1  |[0m 1665228407	[32mINFO[0m	xecho/server.go:75	add route                       	{"aid": "1234567890", "iid": "3dfa3a4ea3049ea77ecf5bcfd59b2055", "mod": "server.echo", "method": "GET", "path": "/api/v1"}
[36mjuno-admin_1  |[0m 1665228407	[32mINFO[0m	xecho/server.go:75	add route                       	{"aid": "1234567890", "iid": "3dfa3a4ea3049ea77ecf5bcfd59b2055", "mod": "server.echo", "method": "HEAD", "path": "/api/v1/pprof/*"}
[36mjuno-admin_1  |[0m 1665228407	[32mINFO[0m	xecho/server.go:75	add route                       	{"aid": "1234567890", "iid": "3dfa3a4ea3049ea77ecf5bcfd59b2055", "mod": "server.echo", "method": "PATCH", "path": "/api/v1/etcd/*"}
[36mjuno-admin_1  |[0m 1665228407	[32mINFO[0m	xecho/server.go:75	add route                       	{"aid": "1234567890", "iid": "3dfa3a4ea3049ea77ecf5bcfd59b2055", "mod": "server.echo", "method": "GET", "path": "/api/admin/public/*"}
[36mjuno-admin_1  |[0m 1665228407	[32mINFO[0m	xecho/server.go:75	add route                       	{"aid": "1234567890", "iid": "3dfa3a4ea3049ea77ecf5bcfd59b2055", "mod": "server.echo", "method": "PUT", "path": "/api/admin/public/*"}
[36mjuno-admin_1  |[0m 1665228407	[32mINFO[0m	xecho/server.go:75	add route                       	{"aid": "1234567890", "iid": "3dfa3a4ea3049ea77ecf5bcfd59b2055", "mod": "server.echo", "method": "PATCH", "path": "/api/admin/confgov2/resource"}
[36mjuno-admin_1  |[0m 1665228407	[32mINFO[0m	xecho/server.go:75	add route                       	{"aid": "1234567890", "iid": "3dfa3a4ea3049ea77ecf5bcfd59b2055", "mod": "server.echo", "method": "POST", "path": "/api/admin/event"}
[36mjuno-admin_1  |[0m 1665228407	[32mINFO[0m	xecho/server.go:75	add route                       	{"aid": "1234567890", "iid": "3dfa3a4ea3049ea77ecf5bcfd59b2055", "mod": "server.echo", "method": "REPORT", "path": "/api/admin/pprof/*"}
[36mjuno-admin_1  |[0m 1665228407	[32mINFO[0m	xecho/server.go:75	add route                       	{"aid": "1234567890", "iid": "3dfa3a4ea3049ea77ecf5bcfd59b2055", "mod": "server.echo", "method": "PATCH", "path": "/api/v1/event/*"}
[36mjuno-admin_1  |[0m 1665228407	[32mINFO[0m	xecho/server.go:75	add route                       	{"aid": "1234567890", "iid": "3dfa3a4ea3049ea77ecf5bcfd59b2055", "mod": "server.echo", "method": "PROPFIND", "path": "/api/admin/*"}
[36mjuno-admin_1  |[0m 1665228407	[32mINFO[0m	xecho/server.go:75	add route                       	{"aid": "1234567890", "iid": "3dfa3a4ea3049ea77ecf5bcfd59b2055", "mod": "server.echo", "method": "GET", "path": "/api/admin/resource/app/info"}
[36mjuno-admin_1  |[0m 1665228407	[32mINFO[0m	xecho/server.go:75	add route                       	{"aid": "1234567890", "iid": "3dfa3a4ea3049ea77ecf5bcfd59b2055", "mod": "server.echo", "method": "CONNECT", "path": "/api/admin/test/grpc"}
[36mjuno-admin_1  |[0m 1665228407	[32mINFO[0m	xecho/server.go:75	add route                       	{"aid": "1234567890", "iid": "3dfa3a4ea3049ea77ecf5bcfd59b2055", "mod": "server.echo", "method": "OPTIONS", "path": "/api/admin/analysis"}
[36mjuno-admin_1  |[0m 1665228407	[32mINFO[0m	xecho/server.go:75	add route                       	{"aid": "1234567890", "iid": "3dfa3a4ea3049ea77ecf5bcfd59b2055", "mod": "server.echo", "method": "REPORT", "path": "/api/admin/system/*"}
[36mjuno-admin_1  |[0m 1665228407	[32mINFO[0m	xecho/server.go:75	add route                       	{"aid": "1234567890", "iid": "3dfa3a4ea3049ea77ecf5bcfd59b2055", "mod": "server.echo", "method": "PATCH", "path": "/api/v1/resource/*"}
[36mjuno-admin_1  |[0m 1665228407	[32mINFO[0m	xecho/server.go:75	add route                       	{"aid": "1234567890", "iid": "3dfa3a4ea3049ea77ecf5bcfd59b2055", "mod": "server.echo", "method": "GET", "path": "/api/v1/analysis/*"}
[36mjuno-admin_1  |[0m 1665228407	[32mINFO[0m	xecho/server.go:75	add route                       	{"aid": "1234567890", "iid": "3dfa3a4ea3049ea77ecf5bcfd59b2055", "mod": "server.echo", "method": "HEAD", "path": "/proxy"}
[36mjuno-admin_1  |[0m 1665228407	[32mINFO[0m	xecho/server.go:75	add route                       	{"aid": "1234567890", "iid": "3dfa3a4ea3049ea77ecf5bcfd59b2055", "mod": "server.echo", "method": "POST", "path": "/api/admin/confgo/tpl/create"}
[36mjuno-admin_1  |[0m 1665228407	[32mINFO[0m	xecho/server.go:75	add route                       	{"aid": "1234567890", "iid": "3dfa3a4ea3049ea77ecf5bcfd59b2055", "mod": "server.echo", "method": "PATCH", "path": "/api/admin/test/platform/*"}
[36mjuno-admin_1  |[0m 1665228407	[32mINFO[0m	xecho/server.go:75	add route                       	{"aid": "1234567890", "iid": "3dfa3a4ea3049ea77ecf5bcfd59b2055", "mod": "server.echo", "method": "HEAD", "path": "/api/admin/cronjob/task/*"}
[36mjuno-admin_1  |[0m 1665228407	[32mINFO[0m	xecho/server.go:75	add route                       	{"aid": "1234567890", "iid": "3dfa3a4ea3049ea77ecf5bcfd59b2055", "mod": "server.echo", "method": "PATCH", "path": "/api/admin/permission/*"}
[36mjuno-admin_1  |[0m 1665228407	[32mINFO[0m	xecho/server.go:75	add route                       	{"aid": "1234567890", "iid": "3dfa3a4ea3049ea77ecf5bcfd59b2055", "mod": "server.echo", "method": "OPTIONS", "path": "/proxy/*"}
[36mjuno-admin_1  |[0m 1665228407	[32mINFO[0m	xecho/server.go:75	add route                       	{"aid": "1234567890", "iid": "3dfa3a4ea3049ea77ecf5bcfd59b2055", "mod": "server.echo", "method": "GET", "path": "/api/admin/confgov2/resource/*"}
[36mjuno-admin_1  |[0m 1665228407	[32mINFO[0m	xecho/server.go:75	add route                       	{"aid": "1234567890", "iid": "3dfa3a4ea3049ea77ecf5bcfd59b2055", "mod": "server.echo", "method": "PROPFIND", "path": "/api/admin/test/http"}
[36mjuno-admin_1  |[0m 1665228407	[32mINFO[0m	xecho/server.go:75	add route                       	{"aid": "1234567890", "iid": "3dfa3a4ea3049ea77ecf5bcfd59b2055", "mod": "server.echo", "method": "PROPFIND", "path": "/api/v1/event/*"}
[36mjuno-admin_1  |[0m 1665228407	[32mINFO[0m	xecho/server.go:75	add route                       	{"aid": "1234567890", "iid": "3dfa3a4ea3049ea77ecf5bcfd59b2055", "mod": "server.echo", "method": "OPTIONS", "path": "/api/v1/pprof"}
[36mjuno-admin_1  |[0m 1665228407	[32mINFO[0m	xecho/server.go:75	add route                       	{"aid": "1234567890", "iid": "3dfa3a4ea3049ea77ecf5bcfd59b2055", "mod": "server.echo", "method": "GET", "path": "/api/admin/test/http/request/history"}
[36mjuno-admin_1  |[0m 1665228407	[32mINFO[0m	xecho/server.go:75	add route                       	{"aid": "1234567890", "iid": "3dfa3a4ea3049ea77ecf5bcfd59b2055", "mod": "server.echo", "method": "DELETE", "path": "/api/v1/resource/*"}
[36mjuno-admin_1  |[0m 1665228407	[32mINFO[0m	xecho/server.go:75	add route                       	{"aid": "1234567890", "iid": "3dfa3a4ea3049ea77ecf5bcfd59b2055", "mod": "server.echo", "method": "HEAD", "path": "/api/v1/etcd"}
[36mjuno-admin_1  |[0m 1665228407	[32mINFO[0m	xecho/server.go:75	add route                       	{"aid": "1234567890", "iid": "3dfa3a4ea3049ea77ecf5bcfd59b2055", "mod": "server.echo", "method": "CONNECT", "path": "/proxy/"}
[36mjuno-admin_1  |[0m 1665228407	[32mINFO[0m	xecho/server.go:75	add route                       	{"aid": "1234567890", "iid": "3dfa3a4ea3049ea77ecf5bcfd59b2055", "mod": "server.echo", "method": "GET", "path": "/proxy/*"}
[36mjuno-admin_1  |[0m 1665228407	[32mINFO[0m	xecho/server.go:75	add route                       	{"aid": "1234567890", "iid": "3dfa3a4ea3049ea77ecf5bcfd59b2055", "mod": "server.echo", "method": "PROPFIND", "path": "/api/admin/resource/*"}
[36mjuno-admin_1  |[0m 1665228407	[32mINFO[0m	xecho/server.go:75	add route                       	{"aid": "1234567890", "iid": "3dfa3a4ea3049ea77ecf5bcfd59b2055", "mod": "server.echo", "method": "DELETE", "path": "/api/admin/test/platform"}
[36mjuno-admin_1  |[0m 1665228407	[32mINFO[0m	xecho/server.go:75	add route                       	{"aid": "1234567890", "iid": "3dfa3a4ea3049ea77ecf5bcfd59b2055", "mod": "server.echo", "method": "GET", "path": "/api/v1/system"}
[36mjuno-admin_1  |[0m 1665228407	[32mINFO[0m	xecho/server.go:75	add route                       	{"aid": "1234567890", "iid": "3dfa3a4ea3049ea77ecf5bcfd59b2055", "mod": "server.echo", "method": "GET", "path": "/grafana"}
[36mjuno-admin_1  |[0m 1665228407	[32mINFO[0m	xecho/server.go:75	add route                       	{"aid": "1234567890", "iid": "3dfa3a4ea3049ea77ecf5bcfd59b2055", "mod": "server.echo", "method": "POST", "path": "/api/admin/user/*"}
[36mjuno-admin_1  |[0m 1665228407	[32mINFO[0m	xecho/server.go:75	add route                       	{"aid": "1234567890", "iid": "3dfa3a4ea3049ea77ecf5bcfd59b2055", "mod": "server.echo", "method": "HEAD", "path": "/api/admin/grpc"}
[36mjuno-admin_1  |[0m 1665228407	[32mINFO[0m	xecho/server.go:75	add route                       	{"aid": "1234567890", "iid": "3dfa3a4ea3049ea77ecf5bcfd59b2055", "mod": "server.echo", "method": "CONNECT", "path": "/api/admin/grpc/*"}
[36mjuno-admin_1  |[0m 1665228407	[32mINFO[0m	xecho/server.go:75	add route                       	{"aid": "1234567890", "iid": "3dfa3a4ea3049ea77ecf5bcfd59b2055", "mod": "server.echo", "method": "PUT", "path": "/api/v1/analysis"}
[36mjuno-admin_1  |[0m 1665228407	[32mINFO[0m	xecho/server.go:75	add route                       	{"aid": "1234567890", "iid": "3dfa3a4ea3049ea77ecf5bcfd59b2055", "mod": "server.echo", "method": "OPTIONS", "path": "/api/v1/etcd/*"}
[36mjuno-admin_1  |[0m 1665228407	[32mINFO[0m	xecho/server.go:75	add route                       	{"aid": "1234567890", "iid": "3dfa3a4ea3049ea77ecf5bcfd59b2055", "mod": "server.echo", "method": "PUT", "path": "/proxy"}
[36mjuno-admin_1  |[0m 1665228407	[32mINFO[0m	xecho/server.go:75	add route                       	{"aid": "1234567890", "iid": "3dfa3a4ea3049ea77ecf5bcfd59b2055", "mod": "server.echo", "method": "PROPFIND", "path": "/api/admin/confgo/*"}
[36mjuno-admin_1  |[0m 1665228407	[32mINFO[0m	xecho/server.go:75	add route                       	{"aid": "1234567890", "iid": "3dfa3a4ea3049ea77ecf5bcfd59b2055", "mod": "server.echo", "method": "GET", "path": "/api/admin/resource/zone/zone_env"}
[36mjuno-admin_1  |[0m 1665228407	[32mINFO[0m	xecho/server.go:75	add route                       	{"aid": "1234567890", "iid": "3dfa3a4ea3049ea77ecf5bcfd59b2055", "mod": "server.echo", "method": "OPTIONS", "path": "/api/admin/test/http/*"}
[36mjuno-admin_1  |[0m 1665228407	[32mINFO[0m	xecho/server.go:75	add route                       	{"aid": "1234567890", "iid": "3dfa3a4ea3049ea77ecf5bcfd59b2055", "mod": "server.echo", "method": "PROPFIND", "path": "/api/admin/openAuth"}
[36mjuno-admin_1  |[0m 1665228407	[32mINFO[0m	xecho/server.go:75	add route                       	{"aid": "1234567890", "iid": "3dfa3a4ea3049ea77ecf5bcfd59b2055", "mod": "server.echo", "method": "PROPFIND", "path": "/api/admin/logger/*"}
[36mjuno-admin_1  |[0m 1665228407	[32mINFO[0m	xecho/server.go:75	add route                       	{"aid": "1234567890", "iid": "3dfa3a4ea3049ea77ecf5bcfd59b2055", "mod": "server.echo", "method": "DELETE", "path": "/api/v1/analysis"}
[36mjuno-admin_1  |[0m 1665228407	[32mINFO[0m	xecho/server.go:75	add route                       	{"aid": "1234567890", "iid": "3dfa3a4ea3049ea77ecf5bcfd59b2055", "mod": "server.echo", "method": "DELETE", "path": "/api/admin/public"}
[36mjuno-admin_1  |[0m 1665228407	[32mINFO[0m	xecho/server.go:75	add route                       	{"aid": "1234567890", "iid": "3dfa3a4ea3049ea77ecf5bcfd59b2055", "mod": "server.echo", "method": "GET", "path": "/api/admin/resource/node/transfer/list"}
[36mjuno-admin_1  |[0m 1665228407	[32mINFO[0m	xecho/server.go:75	add route                       	{"aid": "1234567890", "iid": "3dfa3a4ea3049ea77ecf5bcfd59b2055", "mod": "server.echo", "method": "CONNECT", "path": "/api/admin/system/*"}
[36mjuno-admin_1  |[0m 1665228407	[32mINFO[0m	xecho/server.go:75	add route                       	{"aid": "1234567890", "iid": "3dfa3a4ea3049ea77ecf5bcfd59b2055", "mod": "server.echo", "method": "TRACE", "path": "/api/admin/system/*"}
[36mjuno-admin_1  |[0m 1665228407	[32mINFO[0m	xecho/server.go:75	add route                       	{"aid": "1234567890", "iid": "3dfa3a4ea3049ea77ecf5bcfd59b2055", "mod": "server.echo", "method": "GET", "path": "/api/admin/system/menu"}
[36mjuno-admin_1  |[0m 1665228407	[32mINFO[0m	xecho/server.go:75	add route                       	{"aid": "1234567890", "iid": "3dfa3a4ea3049ea77ecf5bcfd59b2055", "mod": "server.echo", "method": "DELETE", "path": "/api/admin/proxyintegrat/*"}
[36mjuno-admin_1  |[0m 1665228407	[32mINFO[0m	xecho/server.go:75	add route                       	{"aid": "1234567890", "iid": "3dfa3a4ea3049ea77ecf5bcfd59b2055", "mod": "server.echo", "method": "OPTIONS", "path": "/api/v1/resource/*"}
[36mjuno-admin_1  |[0m 1665228407	[32mINFO[0m	xecho/server.go:75	add route                       	{"aid": "1234567890", "iid": "3dfa3a4ea3049ea77ecf5bcfd59b2055", "mod": "server.echo", "method": "GET", "path": "/api/admin/test/grpc/services"}
[36mjuno-admin_1  |[0m 1665228407	[32mINFO[0m	xecho/server.go:75	add route                       	{"aid": "1234567890", "iid": "3dfa3a4ea3049ea77ecf5bcfd59b2055", "mod": "server.echo", "method": "HEAD", "path": "/api/admin/cronjob/*"}
[36mjuno-admin_1  |[0m 1665228407	[32mINFO[0m	xecho/server.go:75	add route                       	{"aid": "1234567890", "iid": "3dfa3a4ea3049ea77ecf5bcfd59b2055", "mod": "server.echo", "method": "TRACE", "path": "/proxy/*"}
[36mjuno-admin_1  |[0m 1665228407	[32mINFO[0m	xecho/server.go:75	add route                       	{"aid": "1234567890", "iid": "3dfa3a4ea3049ea77ecf5bcfd59b2055", "mod": "server.echo", "method": "PROPFIND", "path": "/api/admin/test/platform/*"}
[36mjuno-admin_1  |[0m 1665228407	[32mINFO[0m	xecho/server.go:75	add route                       	{"aid": "1234567890", "iid": "3dfa3a4ea3049ea77ecf5bcfd59b2055", "mod": "server.echo", "method": "REPORT", "path": "/api/admin/cronjob"}
[36mjuno-admin_1  |[0m 1665228407	[32mINFO[0m	xecho/server.go:75	add route                       	{"aid": "1234567890", "iid": "3dfa3a4ea3049ea77ecf5bcfd59b2055", "mod": "server.echo", "method": "DELETE", "path": "/api/v1/resource"}
[36mjuno-admin_1  |[0m 1665228407	[32mINFO[0m	xecho/server.go:75	add route                       	{"aid": "1234567890", "iid": "3dfa3a4ea3049ea77ecf5bcfd59b2055", "mod": "server.echo", "method": "DELETE", "path": "/api/v1/system"}
[36mjuno-admin_1  |[0m 1665228407	[32mINFO[0m	xecho/server.go:75	add route                       	{"aid": "1234567890", "iid": "3dfa3a4ea3049ea77ecf5bcfd59b2055", "mod": "server.echo", "method": "PUT", "path": "/api/v1/event"}
[36mjuno-admin_1  |[0m 1665228407	[32mINFO[0m	xecho/server.go:75	add route                       	{"aid": "1234567890", "iid": "3dfa3a4ea3049ea77ecf5bcfd59b2055", "mod": "server.echo", "method": "CONNECT", "path": "/api/admin/confgov2"}
[36mjuno-admin_1  |[0m 1665228407	[32mINFO[0m	xecho/server.go:75	add route                       	{"aid": "1234567890", "iid": "3dfa3a4ea3049ea77ecf5bcfd59b2055", "mod": "server.echo", "method": "HEAD", "path": "/api/admin/proxyintegrat/*"}
[36mjuno-admin_1  |[0m 1665228407	[32mINFO[0m	xecho/server.go:75	add route                       	{"aid": "1234567890", "iid": "3dfa3a4ea3049ea77ecf5bcfd59b2055", "mod": "server.echo", "method": "POST", "path": "/api/admin/test/platform"}
[36mjuno-admin_1  |[0m 1665228407	[32mINFO[0m	xecho/server.go:75	add route                       	{"aid": "1234567890", "iid": "3dfa3a4ea3049ea77ecf5bcfd59b2055", "mod": "server.echo", "method": "DELETE", "path": "/api/admin/cronjob"}
[36mjuno-admin_1  |[0m 1665228407	[32mINFO[0m	xecho/server.go:75	add route                       	{"aid": "1234567890", "iid": "3dfa3a4ea3049ea77ecf5bcfd59b2055", "mod": "server.echo", "method": "HEAD", "path": "/api/v1/system"}
[36mjuno-admin_1  |[0m 1665228407	[32mINFO[0m	xecho/server.go:75	add route                       	{"aid": "1234567890", "iid": "3dfa3a4ea3049ea77ecf5bcfd59b2055", "mod": "server.echo", "method": "POST", "path": "/api/admin/user/update"}
[36mjuno-admin_1  |[0m 1665228407	[32mINFO[0m	xecho/server.go:75	add route                       	{"aid": "1234567890", "iid": "3dfa3a4ea3049ea77ecf5bcfd59b2055", "mod": "server.echo", "method": "POST", "path": "/api/admin/confgov2"}
[36mjuno-admin_1  |[0m 1665228407	[32mINFO[0m	xecho/server.go:75	add route                       	{"aid": "1234567890", "iid": "3dfa3a4ea3049ea77ecf5bcfd59b2055", "mod": "server.echo", "method": "OPTIONS", "path": "/api/admin/test/http"}
[36mjuno-admin_1  |[0m 1665228407	[32mINFO[0m	xecho/server.go:75	add route                       	{"aid": "1234567890", "iid": "3dfa3a4ea3049ea77ecf5bcfd59b2055", "mod": "server.echo", "method": "HEAD", "path": "/api/admin/test/platform"}
[36mjuno-admin_1  |[0m 1665228407	[32mINFO[0m	xecho/server.go:75	add route                       	{"aid": "1234567890", "iid": "3dfa3a4ea3049ea77ecf5bcfd59b2055", "mod": "server.echo", "method": "OPTIONS", "path": "/api/v1/confgo/*"}
[36mjuno-admin_1  |[0m 1665228407	[32mINFO[0m	xecho/server.go:75	add route                       	{"aid": "1234567890", "iid": "3dfa3a4ea3049ea77ecf5bcfd59b2055", "mod": "server.echo", "method": "CONNECT", "path": "/api/admin/user"}
[36mjuno-admin_1  |[0m 1665228407	[32mINFO[0m	xecho/server.go:75	add route                       	{"aid": "1234567890", "iid": "3dfa3a4ea3049ea77ecf5bcfd59b2055", "mod": "server.echo", "method": "GET", "path": "/api/admin/user"}
[36mjuno-admin_1  |[0m 1665228407	[32mINFO[0m	xecho/server.go:75	add route                       	{"aid": "1234567890", "iid": "3dfa3a4ea3049ea77ecf5bcfd59b2055", "mod": "server.echo", "method": "PROPFIND", "path": "/api/admin/confgo"}
[36mjuno-admin_1  |[0m 1665228407	[32mINFO[0m	xecho/server.go:75	add route                       	{"aid": "1234567890", "iid": "3dfa3a4ea3049ea77ecf5bcfd59b2055", "mod": "server.echo", "method": "HEAD", "path": "/api/admin/event/*"}
[36mjuno-admin_1  |[0m 1665228407	[32mINFO[0m	xecho/server.go:75	add route                       	{"aid": "1234567890", "iid": "3dfa3a4ea3049ea77ecf5bcfd59b2055", "mod": "server.echo", "method": "CONNECT", "path": "/api/v1/resource"}
[36mjuno-admin_1  |[0m 1665228407	[32mINFO[0m	xecho/server.go:75	add route                       	{"aid": "1234567890", "iid": "3dfa3a4ea3049ea77ecf5bcfd59b2055", "mod": "server.echo", "method": "REPORT", "path": "/api/v1/analysis/*"}
[36mjuno-admin_1  |[0m 1665228407	[32mINFO[0m	xecho/server.go:75	add route                       	{"aid": "1234567890", "iid": "3dfa3a4ea3049ea77ecf5bcfd59b2055", "mod": "server.echo", "method": "CONNECT", "path": "/api/v1/etcd"}
[36mjuno-admin_1  |[0m 1665228407	[32mINFO[0m	xecho/server.go:75	add route                       	{"aid": "1234567890", "iid": "3dfa3a4ea3049ea77ecf5bcfd59b2055", "mod": "server.echo", "method": "PUT", "path": "/api/admin/confgov2/resource"}
[36mjuno-admin_1  |[0m 1665228407	[32mINFO[0m	xecho/server.go:75	add route                       	{"aid": "1234567890", "iid": "3dfa3a4ea3049ea77ecf5bcfd59b2055", "mod": "server.echo", "method": "REPORT", "path": "/api/admin/confgov2/resource"}
[36mjuno-admin_1  |[0m 1665228407	[32mINFO[0m	xecho/server.go:75	add route                       	{"aid": "1234567890", "iid": "3dfa3a4ea3049ea77ecf5bcfd59b2055", "mod": "server.echo", "method": "PUT", "path": "/api/admin/test"}
[36mjuno-admin_1  |[0m 1665228407	[32mINFO[0m	xecho/server.go:75	add route                       	{"aid": "1234567890", "iid": "3dfa3a4ea3049ea77ecf5bcfd59b2055", "mod": "server.echo", "method": "POST", "path": "/api/admin/cronjob/update"}
[36mjuno-admin_1  |[0m 1665228407	[32mINFO[0m	xecho/server.go:75	add route                       	{"aid": "1234567890", "iid": "3dfa3a4ea3049ea77ecf5bcfd59b2055", "mod": "server.echo", "method": "POST", "path": "/api/admin/cronjob/dispatch"}
[36mjuno-admin_1  |[0m 1665228407	[32mINFO[0m	xecho/server.go:75	add route                       	{"aid": "1234567890", "iid": "3dfa3a4ea3049ea77ecf5bcfd59b2055", "mod": "server.echo", "method": "POST", "path": "/api/admin/permission/user/group/setApiPermission"}
[36mjuno-admin_1  |[0m 1665228407	[32mINFO[0m	xecho/server.go:75	add route                       	{"aid": "1234567890", "iid": "3dfa3a4ea3049ea77ecf5bcfd59b2055", "mod": "server.echo", "method": "GET", "path": "/api/v1/confgo/config/detail"}
[36mjuno-admin_1  |[0m 1665228407	[32mINFO[0m	xecho/server.go:75	add route                       	{"aid": "1234567890", "iid": "3dfa3a4ea3049ea77ecf5bcfd59b2055", "mod": "server.echo", "method": "PATCH", "path": "/proxy/"}
[36mjuno-admin_1  |[0m 1665228407	[32mINFO[0m	xecho/server.go:75	add route                       	{"aid": "1234567890", "iid": "3dfa3a4ea3049ea77ecf5bcfd59b2055", "mod": "server.echo", "method": "GET", "path": "/api/admin/confgov2/config/instance/configContent"}
[36mjuno-admin_1  |[0m 1665228407	[32mINFO[0m	xecho/server.go:75	add route                       	{"aid": "1234567890", "iid": "3dfa3a4ea3049ea77ecf5bcfd59b2055", "mod": "server.echo", "method": "POST", "path": "/api/admin/test/platform/pipeline/delete"}
[36mjuno-admin_1  |[0m 1665228407	[32mINFO[0m	xecho/server.go:75	add route                       	{"aid": "1234567890", "iid": "3dfa3a4ea3049ea77ecf5bcfd59b2055", "mod": "server.echo", "method": "POST", "path": "/api/admin/etcd"}
[36mjuno-admin_1  |[0m 1665228407	[32mINFO[0m	xecho/server.go:75	add route                       	{"aid": "1234567890", "iid": "3dfa3a4ea3049ea77ecf5bcfd59b2055", "mod": "server.echo", "method": "PROPFIND", "path": "/api/admin/analysis/*"}
[36mjuno-admin_1  |[0m 1665228407	[32mINFO[0m	xecho/server.go:75	add route                       	{"aid": "1234567890", "iid": "3dfa3a4ea3049ea77ecf5bcfd59b2055", "mod": "server.echo", "method": "PROPFIND", "path": "/api/admin/user/*"}
[36mjuno-admin_1  |[0m 1665228407	[32mINFO[0m	xecho/server.go:75	add route                       	{"aid": "1234567890", "iid": "3dfa3a4ea3049ea77ecf5bcfd59b2055", "mod": "server.echo", "method": "CONNECT", "path": "/api/admin/cronjob/task/*"}
[36mjuno-admin_1  |[0m 1665228407	[32mINFO[0m	xecho/server.go:75	add route                       	{"aid": "1234567890", "iid": "3dfa3a4ea3049ea77ecf5bcfd59b2055", "mod": "server.echo", "method": "PATCH", "path": "/api/v1/system/*"}
[36mjuno-admin_1  |[0m 1665228407	[32mINFO[0m	xecho/server.go:75	add route                       	{"aid": "1234567890", "iid": "3dfa3a4ea3049ea77ecf5bcfd59b2055", "mod": "server.echo", "method": "PUT", "path": "/api/admin/user"}
[36mjuno-admin_1  |[0m 1665228407	[32mINFO[0m	xecho/server.go:75	add route                       	{"aid": "1234567890", "iid": "3dfa3a4ea3049ea77ecf5bcfd59b2055", "mod": "server.echo", "method": "OPTIONS", "path": "/api/admin/test/*"}
[36mjuno-admin_1  |[0m 1665228407	[32mINFO[0m	xecho/server.go:75	add route                       	{"aid": "1234567890", "iid": "3dfa3a4ea3049ea77ecf5bcfd59b2055", "mod": "server.echo", "method": "PATCH", "path": "/api/admin/analysis/*"}
[36mjuno-admin_1  |[0m 1665228407	[32mINFO[0m	xecho/server.go:75	add route                       	{"aid": "1234567890", "iid": "3dfa3a4ea3049ea77ecf5bcfd59b2055", "mod": "server.echo", "method": "GET", "path": "/api/v1/analysis/index"}
[36mjuno-admin_1  |[0m 1665228407	[32mINFO[0m	xecho/server.go:75	add route                       	{"aid": "1234567890", "iid": "3dfa3a4ea3049ea77ecf5bcfd59b2055", "mod": "server.echo", "method": "DELETE", "path": "/grafana/"}
[36mjuno-admin_1  |[0m 1665228407	[32mINFO[0m	xecho/server.go:75	add route                       	{"aid": "1234567890", "iid": "3dfa3a4ea3049ea77ecf5bcfd59b2055", "mod": "server.echo", "method": "POST", "path": "/api/admin/confgov2/resource/create"}
[36mjuno-admin_1  |[0m 1665228407	[32mINFO[0m	xecho/server.go:75	add route                       	{"aid": "1234567890", "iid": "3dfa3a4ea3049ea77ecf5bcfd59b2055", "mod": "server.echo", "method": "PATCH", "path": "/api/admin/event/*"}
[36mjuno-admin_1  |[0m 1665228407	[32mINFO[0m	xecho/server.go:75	add route                       	{"aid": "1234567890", "iid": "3dfa3a4ea3049ea77ecf5bcfd59b2055", "mod": "server.echo", "method": "DELETE", "path": "/api/v1/system/*"}
[36mjuno-admin_1  |[0m 1665228407	[32mINFO[0m	xecho/server.go:75	add route                       	{"aid": "1234567890", "iid": "3dfa3a4ea3049ea77ecf5bcfd59b2055", "mod": "server.echo", "method": "REPORT", "path": "/api/v1/event/*"}
[36mjuno-admin_1  |[0m 1665228407	[32mINFO[0m	xecho/server.go:75	add route                       	{"aid": "1234567890", "iid": "3dfa3a4ea3049ea77ecf5bcfd59b2055", "mod": "server.echo", "method": "GET", "path": "/api/admin/test"}
[36mjuno-admin_1  |[0m 1665228407	[32mINFO[0m	xecho/server.go:75	add route                       	{"aid": "1234567890", "iid": "3dfa3a4ea3049ea77ecf5bcfd59b2055", "mod": "server.echo", "method": "GET", "path": "/api/admin/proxyintegrat"}
[36mjuno-admin_1  |[0m 1665228407	[32mINFO[0m	xecho/server.go:75	add route                       	{"aid": "1234567890", "iid": "3dfa3a4ea3049ea77ecf5bcfd59b2055", "mod": "server.echo", "method": "PATCH", "path": "/api/admin/etcd"}
[36mjuno-admin_1  |[0m 1665228407	[32mINFO[0m	xecho/server.go:75	add route                       	{"aid": "1234567890", "iid": "3dfa3a4ea3049ea77ecf5bcfd59b2055", "mod": "server.echo", "method": "POST", "path": "/api/v1/confgo/config/diffVersion"}
[36mjuno-admin_1  |[0m 1665228407	[32mINFO[0m	xecho/server.go:75	add route                       	{"aid": "1234567890", "iid": "3dfa3a4ea3049ea77ecf5bcfd59b2055", "mod": "server.echo", "method": "POST", "path": "/api/v1/pprof/*"}
[36mjuno-admin_1  |[0m 1665228407	[32mINFO[0m	xecho/server.go:75	add route                       	{"aid": "1234567890", "iid": "3dfa3a4ea3049ea77ecf5bcfd59b2055", "mod": "server.echo", "method": "HEAD", "path": "/grafana"}
[36mjuno-admin_1  |[0m 1665228407	[32mINFO[0m	xecho/server.go:75	add route                       	{"aid": "1234567890", "iid": "3dfa3a4ea3049ea77ecf5bcfd59b2055", "mod": "server.echo", "method": "CONNECT", "path": "/api/admin/analysis/*"}
[36mjuno-admin_1  |[0m 1665228407	[32mINFO[0m	xecho/server.go:75	add route                       	{"aid": "1234567890", "iid": "3dfa3a4ea3049ea77ecf5bcfd59b2055", "mod": "server.echo", "method": "DELETE", "path": "/api/admin/system/*"}
[36mjuno-admin_1  |[0m 1665228407	[32mINFO[0m	xecho/server.go:75	add route                       	{"aid": "1234567890", "iid": "3dfa3a4ea3049ea77ecf5bcfd59b2055", "mod": "server.echo", "method": "OPTIONS", "path": "/api/admin/pprof"}
[36mjuno-admin_1  |[0m 1665228407	[32mINFO[0m	xecho/server.go:75	add route                       	{"aid": "1234567890", "iid": "3dfa3a4ea3049ea77ecf5bcfd59b2055", "mod": "server.echo", "method": "DELETE", "path": "/api/v1/*"}
[36mjuno-admin_1  |[0m 1665228407	[32mINFO[0m	xecho/server.go:75	add route                       	{"aid": "1234567890", "iid": "3dfa3a4ea3049ea77ecf5bcfd59b2055", "mod": "server.echo", "method": "POST", "path": "/api/v1/system/*"}
[36mjuno-admin_1  |[0m 1665228407	[32mINFO[0m	xecho/server.go:75	add route                       	{"aid": "1234567890", "iid": "3dfa3a4ea3049ea77ecf5bcfd59b2055", "mod": "server.echo", "method": "PATCH", "path": "/api/v1/event"}
[36mjuno-admin_1  |[0m 1665228407	[32mINFO[0m	xecho/server.go:75	add route                       	{"aid": "1234567890", "iid": "3dfa3a4ea3049ea77ecf5bcfd59b2055", "mod": "server.echo", "method": "REPORT", "path": "/api/admin/test"}
[36mjuno-admin_1  |[0m 1665228407	[32mINFO[0m	xecho/server.go:75	add route                       	{"aid": "1234567890", "iid": "3dfa3a4ea3049ea77ecf5bcfd59b2055", "mod": "server.echo", "method": "PATCH", "path": "/api/admin/test/*"}
[36mjuno-admin_1  |[0m 1665228407	[32mINFO[0m	xecho/server.go:75	add route                       	{"aid": "1234567890", "iid": "3dfa3a4ea3049ea77ecf5bcfd59b2055", "mod": "server.echo", "method": "POST", "path": "/api/admin/cronjob/delete"}
[36mjuno-admin_1  |[0m 1665228407	[32mINFO[0m	xecho/server.go:75	add route                       	{"aid": "1234567890", "iid": "3dfa3a4ea3049ea77ecf5bcfd59b2055", "mod": "server.echo", "method": "DELETE", "path": "/api/admin/pprof/*"}
[36mjuno-admin_1  |[0m 1665228407	[32mINFO[0m	xecho/server.go:75	add route                       	{"aid": "1234567890", "iid": "3dfa3a4ea3049ea77ecf5bcfd59b2055", "mod": "server.echo", "method": "OPTIONS", "path": "/api/admin/public"}
[36mjuno-admin_1  |[0m 1665228407	[32mINFO[0m	xecho/server.go:75	add route                       	{"aid": "1234567890", "iid": "3dfa3a4ea3049ea77ecf5bcfd59b2055", "mod": "server.echo", "method": "TRACE", "path": "/api/admin/confgo"}
[36mjuno-admin_1  |[0m 1665228407	[32mINFO[0m	xecho/server.go:75	add route                       	{"aid": "1234567890", "iid": "3dfa3a4ea3049ea77ecf5bcfd59b2055", "mod": "server.echo", "method": "GET", "path": "/api/admin/test/platform/worker/zones"}
[36mjuno-admin_1  |[0m 1665228407	[32mINFO[0m	xecho/server.go:75	add route                       	{"aid": "1234567890", "iid": "3dfa3a4ea3049ea77ecf5bcfd59b2055", "mod": "server.echo", "method": "PUT", "path": "/api/admin/logger"}
[36mjuno-admin_1  |[0m 1665228407	[32mINFO[0m	xecho/server.go:75	add route                       	{"aid": "1234567890", "iid": "3dfa3a4ea3049ea77ecf5bcfd59b2055", "mod": "server.echo", "method": "PUT", "path": "/api/v1/confgo"}
[36mjuno-admin_1  |[0m 1665228407	[32mINFO[0m	xecho/server.go:75	add route                       	{"aid": "1234567890", "iid": "3dfa3a4ea3049ea77ecf5bcfd59b2055", "mod": "server.echo", "method": "GET", "path": "/api/v1/confgo/config/list"}
[36mjuno-admin_1  |[0m 1665228407	[32mINFO[0m	xecho/server.go:75	add route                       	{"aid": "1234567890", "iid": "3dfa3a4ea3049ea77ecf5bcfd59b2055", "mod": "server.echo", "method": "PROPFIND", "path": "/api/v1/analysis"}
[36mjuno-admin_1  |[0m 1665228407	[32mINFO[0m	xecho/server.go:75	add route                       	{"aid": "1234567890", "iid": "3dfa3a4ea3049ea77ecf5bcfd59b2055", "mod": "server.echo", "method": "PUT", "path": "/api/admin/cronjob/task"}
[36mjuno-admin_1  |[0m 1665228407	[32mINFO[0m	xecho/server.go:75	add route                       	{"aid": "1234567890", "iid": "3dfa3a4ea3049ea77ecf5bcfd59b2055", "mod": "server.echo", "method": "REPORT", "path": "/api/v1/event"}
[36mjuno-admin_1  |[0m 1665228407	[32mINFO[0m	xecho/server.go:75	add route                       	{"aid": "1234567890", "iid": "3dfa3a4ea3049ea77ecf5bcfd59b2055", "mod": "server.echo", "method": "POST", "path": "/api/admin/test/http"}
[36mjuno-admin_1  |[0m 1665228407	[32mINFO[0m	xecho/server.go:75	add route                       	{"aid": "1234567890", "iid": "3dfa3a4ea3049ea77ecf5bcfd59b2055", "mod": "server.echo", "method": "PROPFIND", "path": "/api/admin/cronjob/task/*"}
[36mjuno-admin_1  |[0m 1665228407	[32mINFO[0m	xecho/server.go:75	add route                       	{"aid": "1234567890", "iid": "3dfa3a4ea3049ea77ecf5bcfd59b2055", "mod": "server.echo", "method": "GET", "path": "/api/admin/permission/appPermissions"}
[36mjuno-admin_1  |[0m 1665228407	[32mINFO[0m	xecho/server.go:75	add route                       	{"aid": "1234567890", "iid": "3dfa3a4ea3049ea77ecf5bcfd59b2055", "mod": "server.echo", "method": "OPTIONS", "path": "/api/admin/system/*"}
[36mjuno-admin_1  |[0m 1665228407	[32mINFO[0m	xecho/server.go:75	add route                       	{"aid": "1234567890", "iid": "3dfa3a4ea3049ea77ecf5bcfd59b2055", "mod": "server.echo", "method": "OPTIONS", "path": "/grafana/"}
[36mjuno-admin_1  |[0m 1665228407	[32mINFO[0m	xecho/server.go:75	add route                       	{"aid": "1234567890", "iid": "3dfa3a4ea3049ea77ecf5bcfd59b2055", "mod": "server.echo", "method": "OPTIONS", "path": "/api/admin/confgov2"}
[36mjuno-admin_1  |[0m 1665228407	[32mINFO[0m	xecho/server.go:75	add route                       	{"aid": "1234567890", "iid": "3dfa3a4ea3049ea77ecf5bcfd59b2055", "mod": "server.echo", "method": "CONNECT", "path": "/api/admin/test/platform"}
[36mjuno-admin_1  |[0m 1665228407	[32mINFO[0m	xecho/server.go:75	add route                       	{"aid": "1234567890", "iid": "3dfa3a4ea3049ea77ecf5bcfd59b2055", "mod": "server.echo", "method": "CONNECT", "path": "/api/admin/event/*"}
[36mjuno-admin_1  |[0m 1665228407	[32mINFO[0m	xecho/server.go:75	add route                       	{"aid": "1234567890", "iid": "3dfa3a4ea3049ea77ecf5bcfd59b2055", "mod": "server.echo", "method": "PROPFIND", "path": "/grafana/*"}
[36mjuno-admin_1  |[0m 1665228407	[32mINFO[0m	xecho/server.go:75	add route                       	{"aid": "1234567890", "iid": "3dfa3a4ea3049ea77ecf5bcfd59b2055", "mod": "server.echo", "method": "CONNECT", "path": "/api/admin/event"}
[36mjuno-admin_1  |[0m 1665228407	[32mINFO[0m	xecho/server.go:75	add route                       	{"aid": "1234567890", "iid": "3dfa3a4ea3049ea77ecf5bcfd59b2055", "mod": "server.echo", "method": "HEAD", "path": "/api/admin/etcd/*"}
[36mjuno-admin_1  |[0m 1665228407	[32mINFO[0m	xecho/server.go:75	add route                       	{"aid": "1234567890", "iid": "3dfa3a4ea3049ea77ecf5bcfd59b2055", "mod": "server.echo", "method": "POST", "path": "/grafana/"}
[36mjuno-admin_1  |[0m 1665228407	[32mINFO[0m	xecho/server.go:75	add route                       	{"aid": "1234567890", "iid": "3dfa3a4ea3049ea77ecf5bcfd59b2055", "mod": "server.echo", "method": "POST", "path": "/api/admin/openAuth"}
[36mjuno-admin_1  |[0m 1665228407	[32mINFO[0m	xecho/server.go:75	add route                       	{"aid": "1234567890", "iid": "3dfa3a4ea3049ea77ecf5bcfd59b2055", "mod": "server.echo", "method": "HEAD", "path": "/api/admin/logger/*"}
[36mjuno-admin_1  |[0m 1665228407	[32mINFO[0m	xecho/server.go:75	add route                       	{"aid": "1234567890", "iid": "3dfa3a4ea3049ea77ecf5bcfd59b2055", "mod": "server.echo", "method": "PATCH", "path": "/api/admin/logger/*"}
[36mjuno-admin_1  |[0m 1665228407	[32mINFO[0m	xecho/server.go:75	add route                       	{"aid": "1234567890", "iid": "3dfa3a4ea3049ea77ecf5bcfd59b2055", "mod": "server.echo", "method": "TRACE", "path": "/api/v1"}
[36mjuno-admin_1  |[0m 1665228407	[32mINFO[0m	xecho/server.go:75	add route                       	{"aid": "1234567890", "iid": "3dfa3a4ea3049ea77ecf5bcfd59b2055", "mod": "server.echo", "method": "CONNECT", "path": "/api/v1/etcd/*"}
[36mjuno-admin_1  |[0m 1665228407	[32mINFO[0m	xecho/server.go:75	add route                       	{"aid": "1234567890", "iid": "3dfa3a4ea3049ea77ecf5bcfd59b2055", "mod": "server.echo", "method": "HEAD", "path": "/grafana/*"}
[36mjuno-admin_1  |[0m 1665228407	[32mINFO[0m	xecho/server.go:75	add route                       	{"aid": "1234567890", "iid": "3dfa3a4ea3049ea77ecf5bcfd59b2055", "mod": "server.echo", "method": "PUT", "path": "/grafana/"}
[36mjuno-admin_1  |[0m 1665228407	[32mINFO[0m	xecho/server.go:75	add route                       	{"aid": "1234567890", "iid": "3dfa3a4ea3049ea77ecf5bcfd59b2055", "mod": "server.echo", "method": "REPORT", "path": "/api/admin/public"}
[36mjuno-admin_1  |[0m 1665228407	[32mINFO[0m	xecho/server.go:75	add route                       	{"aid": "1234567890", "iid": "3dfa3a4ea3049ea77ecf5bcfd59b2055", "mod": "server.echo", "method": "GET", "path": "/api/admin/test/http"}
[36mjuno-admin_1  |[0m 1665228407	[32mINFO[0m	xecho/server.go:75	add route                       	{"aid": "1234567890", "iid": "3dfa3a4ea3049ea77ecf5bcfd59b2055", "mod": "server.echo", "method": "POST", "path": "/api/admin/permission/app/changeGroup"}
[36mjuno-admin_1  |[0m 1665228407	[32mINFO[0m	xecho/server.go:75	add route                       	{"aid": "1234567890", "iid": "3dfa3a4ea3049ea77ecf5bcfd59b2055", "mod": "server.echo", "method": "PATCH", "path": "/api/admin/grpc"}
[36mjuno-admin_1  |[0m 1665228407	[32mINFO[0m	xecho/server.go:75	add route                       	{"aid": "1234567890", "iid": "3dfa3a4ea3049ea77ecf5bcfd59b2055", "mod": "server.echo", "method": "POST", "path": "/api/v1/system/option/update"}
[36mjuno-admin_1  |[0m 1665228407	[32mINFO[0m	xecho/server.go:75	add route                       	{"aid": "1234567890", "iid": "3dfa3a4ea3049ea77ecf5bcfd59b2055", "mod": "server.echo", "method": "PROPFIND", "path": "/api/admin/confgov2/resource/*"}
[36mjuno-admin_1  |[0m 1665228407	[32mINFO[0m	xecho/server.go:75	add route                       	{"aid": "1234567890", "iid": "3dfa3a4ea3049ea77ecf5bcfd59b2055", "mod": "server.echo", "method": "PUT", "path": "/api/admin/test/grpc"}
[36mjuno-admin_1  |[0m 1665228407	[32mINFO[0m	xecho/server.go:75	add route                       	{"aid": "1234567890", "iid": "3dfa3a4ea3049ea77ecf5bcfd59b2055", "mod": "server.echo", "method": "POST", "path": "/api/admin/openAuth/accessToken/delete"}
[36mjuno-admin_1  |[0m 1665228407	[32mINFO[0m	xecho/server.go:75	add route                       	{"aid": "1234567890", "iid": "3dfa3a4ea3049ea77ecf5bcfd59b2055", "mod": "server.echo", "method": "OPTIONS", "path": "/api/admin/logger"}
[36mjuno-admin_1  |[0m 1665228407	[32mINFO[0m	xecho/server.go:75	add route                       	{"aid": "1234567890", "iid": "3dfa3a4ea3049ea77ecf5bcfd59b2055", "mod": "server.echo", "method": "GET", "path": "/api/v1/analysis/deppkg/list"}
[36mjuno-admin_1  |[0m 1665228407	[32mINFO[0m	xecho/server.go:75	add route                       	{"aid": "1234567890", "iid": "3dfa3a4ea3049ea77ecf5bcfd59b2055", "mod": "server.echo", "method": "PUT", "path": "/grafana"}
[36mjuno-admin_1  |[0m 1665228407	[32mINFO[0m	xecho/server.go:75	add route                       	{"aid": "1234567890", "iid": "3dfa3a4ea3049ea77ecf5bcfd59b2055", "mod": "server.echo", "method": "CONNECT", "path": "/api/admin/resource/*"}
[36mjuno-admin_1  |[0m 1665228407	[32mINFO[0m	xecho/server.go:75	add route                       	{"aid": "1234567890", "iid": "3dfa3a4ea3049ea77ecf5bcfd59b2055", "mod": "server.echo", "method": "HEAD", "path": "/api/admin/resource/*"}
[36mjuno-admin_1  |[0m 1665228407	[32mINFO[0m	xecho/server.go:75	add route                       	{"aid": "1234567890", "iid": "3dfa3a4ea3049ea77ecf5bcfd59b2055", "mod": "server.echo", "method": "TRACE", "path": "/api/admin/proxyintegrat/*"}
[36mjuno-admin_1  |[0m 1665228407	[32mINFO[0m	xecho/server.go:75	add route                       	{"aid": "1234567890", "iid": "3dfa3a4ea3049ea77ecf5bcfd59b2055", "mod": "server.echo", "method": "DELETE", "path": "/api/admin/pprof"}
[36mjuno-admin_1  |[0m 1665228407	[32mINFO[0m	xecho/server.go:75	add route                       	{"aid": "1234567890", "iid": "3dfa3a4ea3049ea77ecf5bcfd59b2055", "mod": "server.echo", "method": "POST", "path": "/api/admin/confgov2/config/delete"}
[36mjuno-admin_1  |[0m 1665228407	[32mINFO[0m	xecho/server.go:75	add route                       	{"aid": "1234567890", "iid": "3dfa3a4ea3049ea77ecf5bcfd59b2055", "mod": "server.echo", "method": "OPTIONS", "path": "/api/admin/test/grpc"}
[36mjuno-admin_1  |[0m 1665228407	[32mINFO[0m	xecho/server.go:75	add route                       	{"aid": "1234567890", "iid": "3dfa3a4ea3049ea77ecf5bcfd59b2055", "mod": "server.echo", "method": "TRACE", "path": "/api/admin/cronjob/*"}
[36mjuno-admin_1  |[0m 1665228407	[32mINFO[0m	xecho/server.go:75	add route                       	{"aid": "1234567890", "iid": "3dfa3a4ea3049ea77ecf5bcfd59b2055", "mod": "server.echo", "method": "CONNECT", "path": "/api/admin/analysis"}
[36mjuno-admin_1  |[0m 1665228407	[32mINFO[0m	xecho/server.go:75	add route                       	{"aid": "1234567890", "iid": "3dfa3a4ea3049ea77ecf5bcfd59b2055", "mod": "server.echo", "method": "DELETE", "path": "/api/v1/confgo/*"}
[36mjuno-admin_1  |[0m 1665228407	[32mINFO[0m	xecho/server.go:75	add route                       	{"aid": "1234567890", "iid": "3dfa3a4ea3049ea77ecf5bcfd59b2055", "mod": "server.echo", "method": "CONNECT", "path": "/grafana/*"}
[36mjuno-admin_1  |[0m 1665228407	[32mINFO[0m	xecho/server.go:75	add route                       	{"aid": "1234567890", "iid": "3dfa3a4ea3049ea77ecf5bcfd59b2055", "mod": "server.echo", "method": "POST", "path": "/api/admin/public/*"}
[36mjuno-admin_1  |[0m 1665228407	[32mINFO[0m	xecho/server.go:75	add route                       	{"aid": "1234567890", "iid": "3dfa3a4ea3049ea77ecf5bcfd59b2055", "mod": "server.echo", "method": "GET", "path": "/api/admin/resource/app/httpAddrList"}
[36mjuno-admin_1  |[0m 1665228407	[32mINFO[0m	xecho/server.go:75	add route                       	{"aid": "1234567890", "iid": "3dfa3a4ea3049ea77ecf5bcfd59b2055", "mod": "server.echo", "method": "POST", "path": "/api/admin/test/http/useCases/create"}
[36mjuno-admin_1  |[0m 1665228407	[32mINFO[0m	xecho/server.go:75	add route                       	{"aid": "1234567890", "iid": "3dfa3a4ea3049ea77ecf5bcfd59b2055", "mod": "server.echo", "method": "GET", "path": "/api/admin/permission"}
[36mjuno-admin_1  |[0m 1665228407	[32mINFO[0m	xecho/server.go:75	add route                       	{"aid": "1234567890", "iid": "3dfa3a4ea3049ea77ecf5bcfd59b2055", "mod": "server.echo", "method": "GET", "path": "/api/admin/etcd"}
[36mjuno-admin_1  |[0m 1665228407	[32mINFO[0m	xecho/server.go:75	add route                       	{"aid": "1234567890", "iid": "3dfa3a4ea3049ea77ecf5bcfd59b2055", "mod": "server.echo", "method": "GET", "path": "/api/admin/grpc/aggregation/list"}
[36mjuno-admin_1  |[0m 1665228407	[32mINFO[0m	xecho/server.go:75	add route                       	{"aid": "1234567890", "iid": "3dfa3a4ea3049ea77ecf5bcfd59b2055", "mod": "server.echo", "method": "REPORT", "path": "/api/v1/resource"}
[36mjuno-admin_1  |[0m 1665228407	[32mINFO[0m	xecho/server.go:75	add route                       	{"aid": "1234567890", "iid": "3dfa3a4ea3049ea77ecf5bcfd59b2055", "mod": "server.echo", "method": "PROPFIND", "path": "/api/v1/resource/*"}
[36mjuno-admin_1  |[0m 1665228407	[32mINFO[0m	xecho/server.go:75	add route                       	{"aid": "1234567890", "iid": "3dfa3a4ea3049ea77ecf5bcfd59b2055", "mod": "server.echo", "method": "OPTIONS", "path": "/api/admin/test/grpc/*"}
[36mjuno-admin_1  |[0m 1665228407	[32mINFO[0m	xecho/server.go:75	add route                       	{"aid": "1234567890", "iid": "3dfa3a4ea3049ea77ecf5bcfd59b2055", "mod": "server.echo", "method": "PROPFIND", "path": "/api/admin/logger"}
[36mjuno-admin_1  |[0m 1665228407	[32mINFO[0m	xecho/server.go:75	add route                       	{"aid": "1234567890", "iid": "3dfa3a4ea3049ea77ecf5bcfd59b2055", "mod": "server.echo", "method": "CONNECT", "path": "/api/v1/system"}
[36mjuno-admin_1  |[0m 1665228407	[32mINFO[0m	xecho/server.go:75	add route                       	{"aid": "1234567890", "iid": "3dfa3a4ea3049ea77ecf5bcfd59b2055", "mod": "server.echo", "method": "HEAD", "path": "/proxy/"}
[36mjuno-admin_1  |[0m 1665228407	[32mINFO[0m	xecho/server.go:75	add route                       	{"aid": "1234567890", "iid": "3dfa3a4ea3049ea77ecf5bcfd59b2055", "mod": "server.echo", "method": "POST", "path": "/api/admin/public/user/appViewHistory"}
[36mjuno-admin_1  |[0m 1665228407	[32mINFO[0m	xecho/server.go:75	add route                       	{"aid": "1234567890", "iid": "3dfa3a4ea3049ea77ecf5bcfd59b2055", "mod": "server.echo", "method": "REPORT", "path": "/api/admin/user"}
[36mjuno-admin_1  |[0m 1665228407	[32mINFO[0m	xecho/server.go:75	add route                       	{"aid": "1234567890", "iid": "3dfa3a4ea3049ea77ecf5bcfd59b2055", "mod": "server.echo", "method": "PATCH", "path": "/api/admin/test/grpc/*"}
[36mjuno-admin_1  |[0m 1665228407	[32mINFO[0m	xecho/server.go:75	add route                       	{"aid": "1234567890", "iid": "3dfa3a4ea3049ea77ecf5bcfd59b2055", "mod": "server.echo", "method": "GET", "path": "/api/v1/system/option/list"}
[36mjuno-admin_1  |[0m 1665228407	[32mINFO[0m	xecho/server.go:75	add route                       	{"aid": "1234567890", "iid": "3dfa3a4ea3049ea77ecf5bcfd59b2055", "mod": "server.echo", "method": "TRACE", "path": "/api/admin/test/http"}
[36mjuno-admin_1  |[0m 1665228407	[32mINFO[0m	xecho/server.go:75	add route                       	{"aid": "1234567890", "iid": "3dfa3a4ea3049ea77ecf5bcfd59b2055", "mod": "server.echo", "method": "POST", "path": "/api/v1/event"}
[36mjuno-admin_1  |[0m 1665228407	[32mINFO[0m	xecho/server.go:75	add route                       	{"aid": "1234567890", "iid": "3dfa3a4ea3049ea77ecf5bcfd59b2055", "mod": "server.echo", "method": "TRACE", "path": "/api/admin/confgo/*"}
[36mjuno-admin_1  |[0m 1665228407	[32mINFO[0m	xecho/server.go:75	add route                       	{"aid": "1234567890", "iid": "3dfa3a4ea3049ea77ecf5bcfd59b2055", "mod": "server.echo", "method": "PUT", "path": "/api/admin/event"}
[36mjuno-admin_1  |[0m 1665228407	[32mINFO[0m	xecho/server.go:75	add route                       	{"aid": "1234567890", "iid": "3dfa3a4ea3049ea77ecf5bcfd59b2055", "mod": "server.echo", "method": "GET", "path": "/api/v1/resource/*"}
[36mjuno-admin_1  |[0m 1665228407	[32mINFO[0m	xecho/server.go:75	add route                       	{"aid": "1234567890", "iid": "3dfa3a4ea3049ea77ecf5bcfd59b2055", "mod": "server.echo", "method": "PUT", "path": "/api/v1/system"}
[36mjuno-admin_1  |[0m 1665228407	[32mINFO[0m	xecho/server.go:75	add route                       	{"aid": "1234567890", "iid": "3dfa3a4ea3049ea77ecf5bcfd59b2055", "mod": "server.echo", "method": "GET", "path": "/api/admin/public/user/logout"}
[36mjuno-admin_1  |[0m 1665228407	[32mINFO[0m	xecho/server.go:75	add route                       	{"aid": "1234567890", "iid": "3dfa3a4ea3049ea77ecf5bcfd59b2055", "mod": "server.echo", "method": "TRACE", "path": "/api/v1/event"}
[36mjuno-admin_1  |[0m 1665228407	[32mINFO[0m	xecho/server.go:75	add route                       	{"aid": "1234567890", "iid": "3dfa3a4ea3049ea77ecf5bcfd59b2055", "mod": "server.echo", "method": "GET", "path": "/api/admin/confgov2/config/instance/list"}
[36mjuno-admin_1  |[0m 1665228407	[32mINFO[0m	xecho/server.go:75	add route                       	{"aid": "1234567890", "iid": "3dfa3a4ea3049ea77ecf5bcfd59b2055", "mod": "server.echo", "method": "POST", "path": "/api/admin/confgov2/resource/batchCheckVersion"}
[36mjuno-admin_1  |[0m 1665228407	[32mINFO[0m	xecho/server.go:75	add route                       	{"aid": "1234567890", "iid": "3dfa3a4ea3049ea77ecf5bcfd59b2055", "mod": "server.echo", "method": "TRACE", "path": "/api/admin/resource"}
[36mjuno-admin_1  |[0m 1665228407	[32mINFO[0m	xecho/server.go:75	add route                       	{"aid": "1234567890", "iid": "3dfa3a4ea3049ea77ecf5bcfd59b2055", "mod": "server.echo", "method": "POST", "path": "/api/admin/cronjob"}
[36mjuno-admin_1  |[0m 1665228407	[32mINFO[0m	xecho/server.go:75	add route                       	{"aid": "1234567890", "iid": "3dfa3a4ea3049ea77ecf5bcfd59b2055", "mod": "server.echo", "method": "OPTIONS", "path": "/proxy"}
[36mjuno-admin_1  |[0m 1665228407	[32mINFO[0m	xecho/server.go:75	add route                       	{"aid": "1234567890", "iid": "3dfa3a4ea3049ea77ecf5bcfd59b2055", "mod": "server.echo", "method": "REPORT", "path": "/api/admin/cronjob/task"}
[36mjuno-admin_1  |[0m 1665228407	[32mINFO[0m	xecho/server.go:75	add route                       	{"aid": "1234567890", "iid": "3dfa3a4ea3049ea77ecf5bcfd59b2055", "mod": "server.echo", "method": "PATCH", "path": "/api/admin/confgo"}
[36mjuno-admin_1  |[0m 1665228407	[32mINFO[0m	xecho/server.go:75	add route                       	{"aid": "1234567890", "iid": "3dfa3a4ea3049ea77ecf5bcfd59b2055", "mod": "server.echo", "method": "GET", "path": "/api/admin/system/option/list"}
[36mjuno-admin_1  |[0m 1665228407	[32mINFO[0m	xecho/server.go:75	add route                       	{"aid": "1234567890", "iid": "3dfa3a4ea3049ea77ecf5bcfd59b2055", "mod": "server.echo", "method": "REPORT", "path": "/api/admin/event"}
[36mjuno-admin_1  |[0m 1665228407	[32mINFO[0m	xecho/server.go:75	add route                       	{"aid": "1234567890", "iid": "3dfa3a4ea3049ea77ecf5bcfd59b2055", "mod": "server.echo", "method": "PUT", "path": "/api/admin/pprof"}
[36mjuno-admin_1  |[0m 1665228407	[32mINFO[0m	xecho/server.go:75	add route                       	{"aid": "1234567890", "iid": "3dfa3a4ea3049ea77ecf5bcfd59b2055", "mod": "server.echo", "method": "GET", "path": "/api/v1/confgo"}
[36mjuno-admin_1  |[0m 1665228407	[32mINFO[0m	xecho/server.go:75	add route                       	{"aid": "1234567890", "iid": "3dfa3a4ea3049ea77ecf5bcfd59b2055", "mod": "server.echo", "method": "POST", "path": "/api/admin/user/delete"}
[36mjuno-admin_1  |[0m 1665228407	[32mINFO[0m	xecho/server.go:75	add route                       	{"aid": "1234567890", "iid": "3dfa3a4ea3049ea77ecf5bcfd59b2055", "mod": "server.echo", "method": "POST", "path": "/api/admin/proxyintegrat/proxyMenuDelete"}
[36mjuno-admin_1  |[0m 1665228407	[32mINFO[0m	xecho/server.go:75	add route                       	{"aid": "1234567890", "iid": "3dfa3a4ea3049ea77ecf5bcfd59b2055", "mod": "server.echo", "method": "GET", "path": "/api/admin/event/*"}
[36mjuno-admin_1  |[0m 1665228407	[32mINFO[0m	xecho/server.go:75	add route                       	{"aid": "1234567890", "iid": "3dfa3a4ea3049ea77ecf5bcfd59b2055", "mod": "server.echo", "method": "POST", "path": "/api/admin/user"}
[36mjuno-admin_1  |[0m 1665228407	[32mINFO[0m	xecho/server.go:75	add route                       	{"aid": "1234567890", "iid": "3dfa3a4ea3049ea77ecf5bcfd59b2055", "mod": "server.echo", "method": "POST", "path": "/api/admin/system/*"}
[36mjuno-admin_1  |[0m 1665228407	[32mINFO[0m	xecho/server.go:75	add route                       	{"aid": "1234567890", "iid": "3dfa3a4ea3049ea77ecf5bcfd59b2055", "mod": "server.echo", "method": "PATCH", "path": "/api/admin/pprof"}
[36mjuno-admin_1  |[0m 1665228407	[32mINFO[0m	xecho/server.go:75	add route                       	{"aid": "1234567890", "iid": "3dfa3a4ea3049ea77ecf5bcfd59b2055", "mod": "server.echo", "method": "PUT", "path": "/api/admin/confgov2/*"}
[36mjuno-admin_1  |[0m 1665228407	[32mINFO[0m	xecho/server.go:75	add route                       	{"aid": "1234567890", "iid": "3dfa3a4ea3049ea77ecf5bcfd59b2055", "mod": "server.echo", "method": "TRACE", "path": "/api/admin/test/*"}
[36mjuno-admin_1  |[0m 1665228407	[32mINFO[0m	xecho/server.go:75	add route                       	{"aid": "1234567890", "iid": "3dfa3a4ea3049ea77ecf5bcfd59b2055", "mod": "server.echo", "method": "POST", "path": "/api/admin/permission/user/group/setAppPermission"}
[36mjuno-admin_1  |[0m 1665228407	[32mINFO[0m	xecho/server.go:75	add route                       	{"aid": "1234567890", "iid": "3dfa3a4ea3049ea77ecf5bcfd59b2055", "mod": "server.echo", "method": "PATCH", "path": "/api/admin/openAuth/*"}
[36mjuno-admin_1  |[0m 1665228407	[32mINFO[0m	xecho/server.go:75	add route                       	{"aid": "1234567890", "iid": "3dfa3a4ea3049ea77ecf5bcfd59b2055", "mod": "server.echo", "method": "REPORT", "path": "/api/admin/test/platform"}
[36mjuno-admin_1  |[0m 1665228407	[32mINFO[0m	xecho/server.go:75	add route                       	{"aid": "1234567890", "iid": "3dfa3a4ea3049ea77ecf5bcfd59b2055", "mod": "server.echo", "method": "GET", "path": "/api/admin/permission/user/group/list"}
[36mjuno-admin_1  |[0m 1665228407	[32mINFO[0m	xecho/server.go:75	add route                       	{"aid": "1234567890", "iid": "3dfa3a4ea3049ea77ecf5bcfd59b2055", "mod": "server.echo", "method": "PUT", "path": "/api/admin/event/*"}
[36mjuno-admin_1  |[0m 1665228407	[32mINFO[0m	xecho/server.go:75	add route                       	{"aid": "1234567890", "iid": "3dfa3a4ea3049ea77ecf5bcfd59b2055", "mod": "server.echo", "method": "GET", "path": "/api/admin/confgov2/resource/tags"}
[36mjuno-admin_1  |[0m 1665228407	[32mINFO[0m	xecho/server.go:75	add route                       	{"aid": "1234567890", "iid": "3dfa3a4ea3049ea77ecf5bcfd59b2055", "mod": "server.echo", "method": "POST", "path": "/api/v1/event/*"}
[36mjuno-admin_1  |[0m 1665228407	[32mINFO[0m	xecho/server.go:75	add route                       	{"aid": "1234567890", "iid": "3dfa3a4ea3049ea77ecf5bcfd59b2055", "mod": "server.echo", "method": "GET", "path": "/api/admin/pprof/config/list"}
[36mjuno-admin_1  |[0m 1665228407	[32mINFO[0m	xecho/server.go:75	add route                       	{"aid": "1234567890", "iid": "3dfa3a4ea3049ea77ecf5bcfd59b2055", "mod": "server.echo", "method": "TRACE", "path": "/api/admin/pprof/*"}
[36mjuno-admin_1  |[0m 1665228407	[32mINFO[0m	xecho/server.go:75	add route                       	{"aid": "1234567890", "iid": "3dfa3a4ea3049ea77ecf5bcfd59b2055", "mod": "server.echo", "method": "POST", "path": "/api/v1/etcd"}
[36mjuno-admin_1  |[0m 1665228407	[32mINFO[0m	xecho/server.go:75	add route                       	{"aid": "1234567890", "iid": "3dfa3a4ea3049ea77ecf5bcfd59b2055", "mod": "server.echo", "method": "TRACE", "path": "/api/admin"}
[36mjuno-admin_1  |[0m 1665228407	[32mINFO[0m	xecho/server.go:75	add route                       	{"aid": "1234567890", "iid": "3dfa3a4ea3049ea77ecf5bcfd59b2055", "mod": "server.echo", "method": "CONNECT", "path": "/api/admin/confgo"}
[36mjuno-admin_1  |[0m 1665228407	[32mINFO[0m	xecho/server.go:75	add route                       	{"aid": "1234567890", "iid": "3dfa3a4ea3049ea77ecf5bcfd59b2055", "mod": "server.echo", "method": "CONNECT", "path": "/api/admin/test/http"}
[36mjuno-admin_1  |[0m 1665228407	[32mINFO[0m	xecho/server.go:75	add route                       	{"aid": "1234567890", "iid": "3dfa3a4ea3049ea77ecf5bcfd59b2055", "mod": "server.echo", "method": "HEAD", "path": "/api/admin/proxyintegrat"}
[36mjuno-admin_1  |[0m 1665228407	[32mINFO[0m	xecho/server.go:75	add route                       	{"aid": "1234567890", "iid": "3dfa3a4ea3049ea77ecf5bcfd59b2055", "mod": "server.echo", "method": "PUT", "path": "/api/admin/openAuth/*"}
[36mjuno-admin_1  |[0m 1665228407	[32mINFO[0m	xecho/server.go:75	add route                       	{"aid": "1234567890", "iid": "3dfa3a4ea3049ea77ecf5bcfd59b2055", "mod": "server.echo", "method": "PATCH", "path": "/api/v1/pprof/*"}
[36mjuno-admin_1  |[0m 1665228407	[32mINFO[0m	xecho/server.go:75	add route                       	{"aid": "1234567890", "iid": "3dfa3a4ea3049ea77ecf5bcfd59b2055", "mod": "server.echo", "method": "PUT", "path": "/api/admin/test/platform"}
[36mjuno-admin_1  |[0m 1665228407	[32mINFO[0m	xecho/server.go:75	add route                       	{"aid": "1234567890", "iid": "3dfa3a4ea3049ea77ecf5bcfd59b2055", "mod": "server.echo", "method": "PROPFIND", "path": "/api/v1/etcd/*"}
[36mjuno-admin_1  |[0m 1665228407	[32mINFO[0m	xecho/server.go:75	add route                       	{"aid": "1234567890", "iid": "3dfa3a4ea3049ea77ecf5bcfd59b2055", "mod": "server.echo", "method": "OPTIONS", "path": "/proxy/"}
[36mjuno-admin_1  |[0m 1665228407	[32mINFO[0m	xecho/server.go:75	add route                       	{"aid": "1234567890", "iid": "3dfa3a4ea3049ea77ecf5bcfd59b2055", "mod": "server.echo", "method": "GET", "path": "/api/admin/resource/zone/list"}
[36mjuno-admin_1  |[0m 1665228407	[32mINFO[0m	xecho/server.go:75	add route                       	{"aid": "1234567890", "iid": "3dfa3a4ea3049ea77ecf5bcfd59b2055", "mod": "server.echo", "method": "POST", "path": "/api/admin/system/option/delete"}
[36mjuno-admin_1  |[0m 1665228407	[32mINFO[0m	xecho/server.go:75	add route                       	{"aid": "1234567890", "iid": "3dfa3a4ea3049ea77ecf5bcfd59b2055", "mod": "server.echo", "method": "POST", "path": "/api/v1/confgo/config/delete"}
[36mjuno-admin_1  |[0m 1665228407	[32mINFO[0m	xecho/server.go:75	add route                       	{"aid": "1234567890", "iid": "3dfa3a4ea3049ea77ecf5bcfd59b2055", "mod": "server.echo", "method": "DELETE", "path": "/api/v1/pprof"}
[36mjuno-admin_1  |[0m 1665228407	[32mINFO[0m	xecho/server.go:75	add route                       	{"aid": "1234567890", "iid": "3dfa3a4ea3049ea77ecf5bcfd59b2055", "mod": "server.echo", "method": "GET", "path": "/api/admin/permission/user/group/apiPermission"}
[36mjuno-admin_1  |[0m 1665228407	[32mINFO[0m	xecho/server.go:75	add route                       	{"aid": "1234567890", "iid": "3dfa3a4ea3049ea77ecf5bcfd59b2055", "mod": "server.echo", "method": "PROPFIND", "path": "/api/v1/confgo"}
[36mjuno-admin_1  |[0m 1665228407	[32mINFO[0m	xecho/server.go:75	add route                       	{"aid": "1234567890", "iid": "3dfa3a4ea3049ea77ecf5bcfd59b2055", "mod": "server.echo", "method": "POST", "path": "/api/admin/logger/*"}
[36mjuno-admin_1  |[0m 1665228407	[32mINFO[0m	xecho/server.go:75	add route                       	{"aid": "1234567890", "iid": "3dfa3a4ea3049ea77ecf5bcfd59b2055", "mod": "server.echo", "method": "POST", "path": "/api/v1/system/setting/update"}
[36mjuno-admin_1  |[0m 1665228407	[32mINFO[0m	xecho/server.go:75	add route                       	{"aid": "1234567890", "iid": "3dfa3a4ea3049ea77ecf5bcfd59b2055", "mod": "server.echo", "method": "GET", "path": "/api/v1/event/list"}
[36mjuno-admin_1  |[0m 1665228407	[32mINFO[0m	xecho/server.go:75	add route                       	{"aid": "1234567890", "iid": "3dfa3a4ea3049ea77ecf5bcfd59b2055", "mod": "server.echo", "method": "HEAD", "path": "/api/admin/confgov2/*"}
[36mjuno-admin_1  |[0m 1665228407	[32mINFO[0m	xecho/server.go:75	add route                       	{"aid": "1234567890", "iid": "3dfa3a4ea3049ea77ecf5bcfd59b2055", "mod": "server.echo", "method": "TRACE", "path": "/api/admin/confgov2/resource/*"}
[36mjuno-admin_1  |[0m 1665228407	[32mINFO[0m	xecho/server.go:75	add route                       	{"aid": "1234567890", "iid": "3dfa3a4ea3049ea77ecf5bcfd59b2055", "mod": "server.echo", "method": "GET", "path": "/api/admin/proxyintegrat/*"}
[36mjuno-admin_1  |[0m 1665228407	[32mINFO[0m	xecho/server.go:75	add route                       	{"aid": "1234567890", "iid": "3dfa3a4ea3049ea77ecf5bcfd59b2055", "mod": "server.echo", "method": "GET", "path": "/api/v1/resource/app_node/info"}
[36mjuno-admin_1  |[0m 1665228407	[32mINFO[0m	xecho/server.go:75	add route                       	{"aid": "1234567890", "iid": "3dfa3a4ea3049ea77ecf5bcfd59b2055", "mod": "server.echo", "method": "PATCH", "path": "/api/admin/user/*"}
[36mjuno-admin_1  |[0m 1665228407	[32mINFO[0m	xecho/server.go:75	add route                       	{"aid": "1234567890", "iid": "3dfa3a4ea3049ea77ecf5bcfd59b2055", "mod": "server.echo", "method": "DELETE", "path": "/api/admin/confgo"}
[36mjuno-admin_1  |[0m 1665228407	[32mINFO[0m	xecho/server.go:75	add route                       	{"aid": "1234567890", "iid": "3dfa3a4ea3049ea77ecf5bcfd59b2055", "mod": "server.echo", "method": "GET", "path": "/api/admin/confgo/*"}
[36mjuno-admin_1  |[0m 1665228407	[32mINFO[0m	xecho/server.go:75	add route                       	{"aid": "1234567890", "iid": "3dfa3a4ea3049ea77ecf5bcfd59b2055", "mod": "server.echo", "method": "GET", "path": "/api/admin/test/*"}
[36mjuno-admin_1  |[0m 1665228407	[32mINFO[0m	xecho/server.go:75	add route                       	{"aid": "1234567890", "iid": "3dfa3a4ea3049ea77ecf5bcfd59b2055", "mod": "server.echo", "method": "CONNECT", "path": "/api/admin/pprof/*"}
[36mjuno-admin_1  |[0m 1665228407	[32mINFO[0m	xecho/server.go:75	add route                       	{"aid": "1234567890", "iid": "3dfa3a4ea3049ea77ecf5bcfd59b2055", "mod": "server.echo", "method": "OPTIONS", "path": "/api/admin/grpc/*"}
[36mjuno-admin_1  |[0m 1665228407	[32mINFO[0m	xecho/server.go:75	add route                       	{"aid": "1234567890", "iid": "3dfa3a4ea3049ea77ecf5bcfd59b2055", "mod": "server.echo", "method": "GET", "path": "/api/v1/resource"}
[36mjuno-admin_1  |[0m 1665228407	[32mINFO[0m	xecho/server.go:75	add route                       	{"aid": "1234567890", "iid": "3dfa3a4ea3049ea77ecf5bcfd59b2055", "mod": "server.echo", "method": "PATCH", "path": "/api/v1/analysis/*"}
[36mjuno-admin_1  |[0m 1665228407	[32mINFO[0m	xecho/server.go:75	add route                       	{"aid": "1234567890", "iid": "3dfa3a4ea3049ea77ecf5bcfd59b2055", "mod": "server.echo", "method": "PUT", "path": "/api/v1/pprof/*"}
[36mjuno-admin_1  |[0m 1665228407	[32mINFO[0m	xecho/server.go:75	add route                       	{"aid": "1234567890", "iid": "3dfa3a4ea3049ea77ecf5bcfd59b2055", "mod": "server.echo", "method": "GET", "path": "/pprof/*/*"}
[36mjuno-admin_1  |[0m 1665228407	[32mINFO[0m	xecho/server.go:75	add route                       	{"aid": "1234567890", "iid": "3dfa3a4ea3049ea77ecf5bcfd59b2055", "mod": "server.echo", "method": "DELETE", "path": "/api/admin/permission"}
[36mjuno-admin_1  |[0m 1665228407	[32mINFO[0m	xecho/server.go:75	add route                       	{"aid": "1234567890", "iid": "3dfa3a4ea3049ea77ecf5bcfd59b2055", "mod": "server.echo", "method": "PROPFIND", "path": "/api/admin/public/*"}
[36mjuno-admin_1  |[0m 1665228407	[32mINFO[0m	xecho/server.go:75	add route                       	{"aid": "1234567890", "iid": "3dfa3a4ea3049ea77ecf5bcfd59b2055", "mod": "server.echo", "method": "GET", "path": "/api/admin/test/grpc/request/history"}
[36mjuno-admin_1  |[0m 1665228407	[32mINFO[0m	xecho/server.go:75	add route                       	{"aid": "1234567890", "iid": "3dfa3a4ea3049ea77ecf5bcfd59b2055", "mod": "server.echo", "method": "DELETE", "path": "/api/admin/test/platform/*"}
[36mjuno-admin_1  |[0m 1665228407	[32mINFO[0m	xecho/server.go:75	add route                       	{"aid": "1234567890", "iid": "3dfa3a4ea3049ea77ecf5bcfd59b2055", "mod": "server.echo", "method": "GET", "path": "/api/admin/system/*"}
[36mjuno-admin_1  |[0m 1665228407	[32mINFO[0m	xecho/server.go:75	add route                       	{"aid": "1234567890", "iid": "3dfa3a4ea3049ea77ecf5bcfd59b2055", "mod": "server.echo", "method": "HEAD", "path": "/api/admin/system/*"}
[36mjuno-admin_1  |[0m 1665228407	[32mINFO[0m	xecho/server.go:75	add route                       	{"aid": "1234567890", "iid": "3dfa3a4ea3049ea77ecf5bcfd59b2055", "mod": "server.echo", "method": "GET", "path": "/api/v1/pprof/config/list"}
[36mjuno-admin_1  |[0m 1665228407	[32mINFO[0m	xecho/server.go:75	add route                       	{"aid": "1234567890", "iid": "3dfa3a4ea3049ea77ecf5bcfd59b2055", "mod": "server.echo", "method": "POST", "path": "/api/admin/confgov2/config/create"}
[36mjuno-admin_1  |[0m 1665228407	[32mINFO[0m	xecho/server.go:75	add route                       	{"aid": "1234567890", "iid": "3dfa3a4ea3049ea77ecf5bcfd59b2055", "mod": "server.echo", "method": "CONNECT", "path": "/api/admin/cronjob/*"}
[36mjuno-admin_1  |[0m 1665228407	[32mINFO[0m	xecho/server.go:75	add route                       	{"aid": "1234567890", "iid": "3dfa3a4ea3049ea77ecf5bcfd59b2055", "mod": "server.echo", "method": "REPORT", "path": "/api/admin/openAuth"}
[36mjuno-admin_1  |[0m 1665228407	[32mINFO[0m	xecho/server.go:75	add route                       	{"aid": "1234567890", "iid": "3dfa3a4ea3049ea77ecf5bcfd59b2055", "mod": "server.echo", "method": "PUT", "path": "/api/admin/user/*"}
[36mjuno-admin_1  |[0m 1665228407	[32mINFO[0m	xecho/server.go:75	add route                       	{"aid": "1234567890", "iid": "3dfa3a4ea3049ea77ecf5bcfd59b2055", "mod": "server.echo", "method": "GET", "path": "/api/admin/permission/user/group/appPermission"}
[36mjuno-admin_1  |[0m 1665228407	[32mINFO[0m	xecho/server.go:75	add route                       	{"aid": "1234567890", "iid": "3dfa3a4ea3049ea77ecf5bcfd59b2055", "mod": "server.echo", "method": "GET", "path": "/api/admin/pprof"}
[36mjuno-admin_1  |[0m 1665228407	[32mINFO[0m	xecho/server.go:75	add route                       	{"aid": "1234567890", "iid": "3dfa3a4ea3049ea77ecf5bcfd59b2055", "mod": "server.echo", "method": "HEAD", "path": "/api/admin/etcd"}
[36mjuno-admin_1  |[0m 1665228407	[32mINFO[0m	xecho/server.go:75	add route                       	{"aid": "1234567890", "iid": "3dfa3a4ea3049ea77ecf5bcfd59b2055", "mod": "server.echo", "method": "GET", "path": "/api/admin/user/*"}
[36mjuno-admin_1  |[0m 1665228407	[32mINFO[0m	xecho/server.go:75	add route                       	{"aid": "1234567890", "iid": "3dfa3a4ea3049ea77ecf5bcfd59b2055", "mod": "server.echo", "method": "DELETE", "path": "/api/admin/resource"}
[36mjuno-admin_1  |[0m 1665228407	[32mINFO[0m	xecho/server.go:75	add route                       	{"aid": "1234567890", "iid": "3dfa3a4ea3049ea77ecf5bcfd59b2055", "mod": "server.echo", "method": "PUT", "path": "/api/admin/resource/*"}
[36mjuno-admin_1  |[0m 1665228407	[32mINFO[0m	xecho/server.go:75	add route                       	{"aid": "1234567890", "iid": "3dfa3a4ea3049ea77ecf5bcfd59b2055", "mod": "server.echo", "method": "GET", "path": "/api/admin/resource/node/statics"}
[36mjuno-admin_1  |[0m 1665228407	[32mINFO[0m	xecho/server.go:75	add route                       	{"aid": "1234567890", "iid": "3dfa3a4ea3049ea77ecf5bcfd59b2055", "mod": "server.echo", "method": "REPORT", "path": "/api/admin/test/http"}
[36mjuno-admin_1  |[0m 1665228407	[32mINFO[0m	xecho/server.go:75	add route                       	{"aid": "1234567890", "iid": "3dfa3a4ea3049ea77ecf5bcfd59b2055", "mod": "server.echo", "method": "PUT", "path": "/api/v1/etcd/*"}
[36mjuno-admin_1  |[0m 1665228407	[32mINFO[0m	xecho/server.go:75	add route                       	{"aid": "1234567890", "iid": "3dfa3a4ea3049ea77ecf5bcfd59b2055", "mod": "server.echo", "method": "GET", "path": "/proxy"}
[36mjuno-admin_1  |[0m 1665228407	[32mINFO[0m	xecho/server.go:75	add route                       	{"aid": "1234567890", "iid": "3dfa3a4ea3049ea77ecf5bcfd59b2055", "mod": "server.echo", "method": "HEAD", "path": "/api/admin/public/*"}
[36mjuno-admin_1  |[0m 1665228407	[32mINFO[0m	xecho/server.go:75	add route                       	{"aid": "1234567890", "iid": "3dfa3a4ea3049ea77ecf5bcfd59b2055", "mod": "server.echo", "method": "CONNECT", "path": "/api/admin/user/*"}
[36mjuno-admin_1  |[0m 1665228407	[32mINFO[0m	xecho/server.go:75	add route                       	{"aid": "1234567890", "iid": "3dfa3a4ea3049ea77ecf5bcfd59b2055", "mod": "server.echo", "method": "PROPFIND", "path": "/api/admin/cronjob"}
[36mjuno-admin_1  |[0m 1665228407	[32mINFO[0m	xecho/server.go:75	add route                       	{"aid": "1234567890", "iid": "3dfa3a4ea3049ea77ecf5bcfd59b2055", "mod": "server.echo", "method": "PATCH", "path": "/api/admin/event"}
[36mjuno-admin_1  |[0m 1665228407	[32mINFO[0m	xecho/server.go:75	add route                       	{"aid": "1234567890", "iid": "3dfa3a4ea3049ea77ecf5bcfd59b2055", "mod": "server.echo", "method": "REPORT", "path": "/api/admin/test/*"}
[36mjuno-admin_1  |[0m 1665228407	[32mINFO[0m	xecho/server.go:75	add route                       	{"aid": "1234567890", "iid": "3dfa3a4ea3049ea77ecf5bcfd59b2055", "mod": "server.echo", "method": "GET", "path": "/api/admin/test/grpc/appServiceTree"}
[36mjuno-admin_1  |[0m 1665228407	[32mINFO[0m	xecho/server.go:75	add route                       	{"aid": "1234567890", "iid": "3dfa3a4ea3049ea77ecf5bcfd59b2055", "mod": "server.echo", "method": "REPORT", "path": "/api/admin/test/http/*"}
[36mjuno-admin_1  |[0m 1665228407	[32mINFO[0m	xecho/server.go:75	add route                       	{"aid": "1234567890", "iid": "3dfa3a4ea3049ea77ecf5bcfd59b2055", "mod": "server.echo", "method": "PATCH", "path": "/api/v1/resource"}
[36mjuno-admin_1  |[0m 1665228407	[32mINFO[0m	xecho/server.go:75	add route                       	{"aid": "1234567890", "iid": "3dfa3a4ea3049ea77ecf5bcfd59b2055", "mod": "server.echo", "method": "HEAD", "path": "/api/admin/user/*"}
[36mjuno-admin_1  |[0m 1665228407	[32mINFO[0m	xecho/server.go:75	add route                       	{"aid": "1234567890", "iid": "3dfa3a4ea3049ea77ecf5bcfd59b2055", "mod": "server.echo", "method": "POST", "path": "/api/admin/test/grpc/useCases/update"}
[36mjuno-admin_1  |[0m 1665228407	[32mINFO[0m	xecho/server.go:75	add route                       	{"aid": "1234567890", "iid": "3dfa3a4ea3049ea77ecf5bcfd59b2055", "mod": "server.echo", "method": "OPTIONS", "path": "/api/admin/permission"}
[36mjuno-admin_1  |[0m 1665228407	[32mINFO[0m	xecho/server.go:75	add route                       	{"aid": "1234567890", "iid": "3dfa3a4ea3049ea77ecf5bcfd59b2055", "mod": "server.echo", "method": "POST", "path": "/api/v1/confgo/config/publish"}
[36mjuno-admin_1  |[0m 1665228407	[32mINFO[0m	xecho/server.go:75	add route                       	{"aid": "1234567890", "iid": "3dfa3a4ea3049ea77ecf5bcfd59b2055", "mod": "server.echo", "method": "CONNECT", "path": "/api/admin/openAuth/*"}
[36mjuno-admin_1  |[0m 1665228407	[32mINFO[0m	xecho/server.go:75	add route                       	{"aid": "1234567890", "iid": "3dfa3a4ea3049ea77ecf5bcfd59b2055", "mod": "server.echo", "method": "HEAD", "path": "/api/admin/openAuth/*"}
[36mjuno-admin_1  |[0m 1665228407	[32mINFO[0m	xecho/server.go:75	add route                       	{"aid": "1234567890", "iid": "3dfa3a4ea3049ea77ecf5bcfd59b2055", "mod": "server.echo", "method": "POST", "path": "/api/v1/resource/node/heartbeat"}
[36mjuno-admin_1  |[0m 1665228407	[32mINFO[0m	xecho/server.go:75	add route                       	{"aid": "1234567890", "iid": "3dfa3a4ea3049ea77ecf5bcfd59b2055", "mod": "server.echo", "method": "GET", "path": "/api/v1/pprof/list"}
[36mjuno-admin_1  |[0m 1665228407	[32mINFO[0m	xecho/server.go:75	add route                       	{"aid": "1234567890", "iid": "3dfa3a4ea3049ea77ecf5bcfd59b2055", "mod": "server.echo", "method": "POST", "path": "/api/admin/resource/app_node/transfer/put"}
[36mjuno-admin_1  |[0m 1665228407	[32mINFO[0m	xecho/server.go:75	add route                       	{"aid": "1234567890", "iid": "3dfa3a4ea3049ea77ecf5bcfd59b2055", "mod": "server.echo", "method": "GET", "path": "/api/admin/test/grpc/useCases"}
[36mjuno-admin_1  |[0m 1665228407	[32mINFO[0m	xecho/server.go:75	add route                       	{"aid": "1234567890", "iid": "3dfa3a4ea3049ea77ecf5bcfd59b2055", "mod": "server.echo", "method": "PROPFIND", "path": "/api/admin/permission/*"}
[36mjuno-admin_1  |[0m 1665228407	[32mINFO[0m	xecho/server.go:75	add route                       	{"aid": "1234567890", "iid": "3dfa3a4ea3049ea77ecf5bcfd59b2055", "mod": "server.echo", "method": "GET", "path": "/api/admin/pprof/*"}
[36mjuno-admin_1  |[0m 1665228407	[32mINFO[0m	xecho/server.go:75	add route                       	{"aid": "1234567890", "iid": "3dfa3a4ea3049ea77ecf5bcfd59b2055", "mod": "server.echo", "method": "DELETE", "path": "/api/admin/grpc"}
[36mjuno-admin_1  |[0m 1665228407	[32mINFO[0m	xecho/server.go:75	add route                       	{"aid": "1234567890", "iid": "3dfa3a4ea3049ea77ecf5bcfd59b2055", "mod": "server.echo", "method": "PROPFIND", "path": "/api/admin/openAuth/*"}
[36mjuno-admin_1  |[0m 1665228407	[32mINFO[0m	xecho/server.go:75	add route                       	{"aid": "1234567890", "iid": "3dfa3a4ea3049ea77ecf5bcfd59b2055", "mod": "server.echo", "method": "GET", "path": "/api/v1/pprof/dep/check"}
[36mjuno-admin_1  |[0m 1665228407	[32mINFO[0m	xecho/server.go:75	add route                       	{"aid": "1234567890", "iid": "3dfa3a4ea3049ea77ecf5bcfd59b2055", "mod": "server.echo", "method": "POST", "path": "/api/admin/confgov2/config/update"}
[36mjuno-admin_1  |[0m 1665228407	[32mINFO[0m	xecho/server.go:75	add route                       	{"aid": "1234567890", "iid": "3dfa3a4ea3049ea77ecf5bcfd59b2055", "mod": "server.echo", "method": "GET", "path": "/api/admin/resource/app/list"}
[36mjuno-admin_1  |[0m 1665228407	[32mINFO[0m	xecho/server.go:75	add route                       	{"aid": "1234567890", "iid": "3dfa3a4ea3049ea77ecf5bcfd59b2055", "mod": "server.echo", "method": "TRACE", "path": "/api/admin/cronjob/task/*"}
[36mjuno-admin_1  |[0m 1665228407	[32mINFO[0m	xecho/server.go:75	add route                       	{"aid": "1234567890", "iid": "3dfa3a4ea3049ea77ecf5bcfd59b2055", "mod": "server.echo", "method": "PROPFIND", "path": "/api/admin/proxyintegrat"}
[36mjuno-admin_1  |[0m 1665228407	[32mINFO[0m	xecho/server.go:75	add route                       	{"aid": "1234567890", "iid": "3dfa3a4ea3049ea77ecf5bcfd59b2055", "mod": "server.echo", "method": "DELETE", "path": "/api/admin/openAuth"}
[36mjuno-admin_1  |[0m 1665228407	[32mINFO[0m	xecho/server.go:75	add route                       	{"aid": "1234567890", "iid": "3dfa3a4ea3049ea77ecf5bcfd59b2055", "mod": "server.echo", "method": "PROPFIND", "path": "/api/v1/system/*"}
[36mjuno-admin_1  |[0m 1665228407	[32mINFO[0m	xecho/server.go:75	add route                       	{"aid": "1234567890", "iid": "3dfa3a4ea3049ea77ecf5bcfd59b2055", "mod": "server.echo", "method": "REPORT", "path": "/api/v1/pprof"}
[36mjuno-admin_1  |[0m 1665228407	[32mINFO[0m	xecho/server.go:75	add route                       	{"aid": "1234567890", "iid": "3dfa3a4ea3049ea77ecf5bcfd59b2055", "mod": "server.echo", "method": "OPTIONS", "path": "/api/admin/test"}
[36mjuno-admin_1  |[0m 1665228407	[32mINFO[0m	xecho/server.go:75	add route                       	{"aid": "1234567890", "iid": "3dfa3a4ea3049ea77ecf5bcfd59b2055", "mod": "server.echo", "method": "PATCH", "path": "/api/admin/system/*"}
[36mjuno-admin_1  |[0m 1665228407	[32mINFO[0m	xecho/server.go:75	add route                       	{"aid": "1234567890", "iid": "3dfa3a4ea3049ea77ecf5bcfd59b2055", "mod": "server.echo", "method": "POST", "path": "/api/admin/proxyintegrat/proxyManageDelete"}
[36mjuno-admin_1  |[0m 1665228407	[32mINFO[0m	xecho/server.go:75	add route                       	{"aid": "1234567890", "iid": "3dfa3a4ea3049ea77ecf5bcfd59b2055", "mod": "server.echo", "method": "PROPFIND", "path": "/api/admin/etcd"}
[36mjuno-admin_1  |[0m 1665228407	[32mINFO[0m	xecho/server.go:75	add route                       	{"aid": "1234567890", "iid": "3dfa3a4ea3049ea77ecf5bcfd59b2055", "mod": "server.echo", "method": "TRACE", "path": "/api/admin/etcd"}
[36mjuno-admin_1  |[0m 1665228407	[32mINFO[0m	xecho/server.go:75	add route                       	{"aid": "1234567890", "iid": "3dfa3a4ea3049ea77ecf5bcfd59b2055", "mod": "server.echo", "method": "POST", "path": "/grafana/*"}
[36mjuno-admin_1  |[0m 1665228407	[32mINFO[0m	xecho/server.go:75	add route                       	{"aid": "1234567890", "iid": "3dfa3a4ea3049ea77ecf5bcfd59b2055", "mod": "server.echo", "method": "GET", "path": "/api/admin/*"}
[36mjuno-admin_1  |[0m 1665228407	[32mINFO[0m	xecho/server.go:75	add route                       	{"aid": "1234567890", "iid": "3dfa3a4ea3049ea77ecf5bcfd59b2055", "mod": "server.echo", "method": "REPORT", "path": "/api/admin/resource"}
[36mjuno-admin_1  |[0m 1665228407	[32mINFO[0m	xecho/server.go:75	add route                       	{"aid": "1234567890", "iid": "3dfa3a4ea3049ea77ecf5bcfd59b2055", "mod": "server.echo", "method": "CONNECT", "path": "/api/admin/test/*"}
[36mjuno-admin_1  |[0m 1665228407	[32mINFO[0m	xecho/server.go:75	add route                       	{"aid": "1234567890", "iid": "3dfa3a4ea3049ea77ecf5bcfd59b2055", "mod": "server.echo", "method": "POST", "path": "/api/v1/resource/zone/put"}
[36mjuno-admin_1  |[0m 1665228407	[32mINFO[0m	xecho/server.go:75	add route                       	{"aid": "1234567890", "iid": "3dfa3a4ea3049ea77ecf5bcfd59b2055", "mod": "server.echo", "method": "TRACE", "path": "/api/v1/confgo/*"}
[36mjuno-admin_1  |[0m 1665228407	[32mINFO[0m	xecho/server.go:75	add route                       	{"aid": "1234567890", "iid": "3dfa3a4ea3049ea77ecf5bcfd59b2055", "mod": "server.echo", "method": "OPTIONS", "path": "/api/admin/confgov2/resource/*"}
[36mjuno-admin_1  |[0m 1665228407	[32mINFO[0m	xecho/server.go:75	add route                       	{"aid": "1234567890", "iid": "3dfa3a4ea3049ea77ecf5bcfd59b2055", "mod": "server.echo", "method": "REPORT", "path": "/api/admin/grpc/*"}
[36mjuno-admin_1  |[0m 1665228407	[32mINFO[0m	xecho/server.go:75	add route                       	{"aid": "1234567890", "iid": "3dfa3a4ea3049ea77ecf5bcfd59b2055", "mod": "server.echo", "method": "POST", "path": "/api/v1/worker/testTask/update"}
[36mjuno-admin_1  |[0m 1665228407	[32mINFO[0m	xecho/server.go:75	add route                       	{"aid": "1234567890", "iid": "3dfa3a4ea3049ea77ecf5bcfd59b2055", "mod": "server.echo", "method": "CONNECT", "path": "/api/admin/*"}
[36mjuno-admin_1  |[0m 1665228407	[32mINFO[0m	xecho/server.go:75	add route                       	{"aid": "1234567890", "iid": "3dfa3a4ea3049ea77ecf5bcfd59b2055", "mod": "server.echo", "method": "CONNECT", "path": "/api/admin/public"}
[36mjuno-admin_1  |[0m 1665228407	[32mINFO[0m	xecho/server.go:75	add route                       	{"aid": "1234567890", "iid": "3dfa3a4ea3049ea77ecf5bcfd59b2055", "mod": "server.echo", "method": "POST", "path": "/api/admin/confgov2/resource/*"}
[36mjuno-admin_1  |[0m 1665228407	[32mINFO[0m	xecho/server.go:75	add route                       	{"aid": "1234567890", "iid": "3dfa3a4ea3049ea77ecf5bcfd59b2055", "mod": "server.echo", "method": "POST", "path": "/api/admin/resource/node/create"}
[36mjuno-admin_1  |[0m 1665228407	[32mINFO[0m	xecho/server.go:75	add route                       	{"aid": "1234567890", "iid": "3dfa3a4ea3049ea77ecf5bcfd59b2055", "mod": "server.echo", "method": "POST", "path": "/api/admin/test/grpc/request/send"}
[36mjuno-admin_1  |[0m 1665228407	[32mINFO[0m	xecho/server.go:75	add route                       	{"aid": "1234567890", "iid": "3dfa3a4ea3049ea77ecf5bcfd59b2055", "mod": "server.echo", "method": "OPTIONS", "path": "/api/v1/event/*"}
[36mjuno-admin_1  |[0m 1665228407	[32mINFO[0m	xecho/server.go:75	add route                       	{"aid": "1234567890", "iid": "3dfa3a4ea3049ea77ecf5bcfd59b2055", "mod": "server.echo", "method": "POST", "path": "/api/admin/test/platform/pipeline/update"}
[36mjuno-admin_1  |[0m 1665228407	[32mINFO[0m	xecho/server.go:75	add route                       	{"aid": "1234567890", "iid": "3dfa3a4ea3049ea77ecf5bcfd59b2055", "mod": "server.echo", "method": "GET", "path": "/api/v1/resource/app_env_zone/list"}
[36mjuno-admin_1  |[0m 1665228407	[32mINFO[0m	xecho/server.go:75	add route                       	{"aid": "1234567890", "iid": "3dfa3a4ea3049ea77ecf5bcfd59b2055", "mod": "server.echo", "method": "POST", "path": "/api/v1/pprof/run"}
[36mjuno-admin_1  |[0m 1665228407	[32mINFO[0m	xecho/server.go:75	add route                       	{"aid": "1234567890", "iid": "3dfa3a4ea3049ea77ecf5bcfd59b2055", "mod": "server.echo", "method": "PATCH", "path": "/api/admin/user"}
[36mjuno-admin_1  |[0m 1665228407	[32mINFO[0m	xecho/server.go:75	add route                       	{"aid": "1234567890", "iid": "3dfa3a4ea3049ea77ecf5bcfd59b2055", "mod": "server.echo", "method": "POST", "path": "/api/admin/confgov2/config/unlock"}
[36mjuno-admin_1  |[0m 1665228407	[32mINFO[0m	xecho/server.go:75	add route                       	{"aid": "1234567890", "iid": "3dfa3a4ea3049ea77ecf5bcfd59b2055", "mod": "server.echo", "method": "REPORT", "path": "/api/admin/cronjob/task/*"}
[36mjuno-admin_1  |[0m 1665228407	[32mINFO[0m	xecho/server.go:75	add route                       	{"aid": "1234567890", "iid": "3dfa3a4ea3049ea77ecf5bcfd59b2055", "mod": "server.echo", "method": "GET", "path": "/api/admin/analysis/topology/relationship"}
[36mjuno-admin_1  |[0m 1665228407	[32mINFO[0m	xecho/server.go:75	add route                       	{"aid": "1234567890", "iid": "3dfa3a4ea3049ea77ecf5bcfd59b2055", "mod": "server.echo", "method": "PUT", "path": "/api/admin/etcd"}
[36mjuno-admin_1  |[0m 1665228407	[32mINFO[0m	xecho/server.go:75	add route                       	{"aid": "1234567890", "iid": "3dfa3a4ea3049ea77ecf5bcfd59b2055", "mod": "server.echo", "method": "GET", "path": "/api/v1/pprof/*"}
[36mjuno-admin_1  |[0m 1665228407	[32mINFO[0m	xecho/server.go:75	add route                       	{"aid": "1234567890", "iid": "3dfa3a4ea3049ea77ecf5bcfd59b2055", "mod": "server.echo", "method": "GET", "path": "/api/admin/proxyintegrat/proxyManageList"}
[36mjuno-admin_1  |[0m 1665228407	[32mINFO[0m	xecho/server.go:75	add route                       	{"aid": "1234567890", "iid": "3dfa3a4ea3049ea77ecf5bcfd59b2055", "mod": "server.echo", "method": "TRACE", "path": "/api/admin/event/*"}
[36mjuno-admin_1  |[0m 1665228407	[32mINFO[0m	xecho/server.go:75	add route                       	{"aid": "1234567890", "iid": "3dfa3a4ea3049ea77ecf5bcfd59b2055", "mod": "server.echo", "method": "CONNECT", "path": "/api/v1/confgo/*"}
[36mjuno-admin_1  |[0m 1665228407	[32mINFO[0m	xecho/server.go:75	add route                       	{"aid": "1234567890", "iid": "3dfa3a4ea3049ea77ecf5bcfd59b2055", "mod": "server.echo", "method": "HEAD", "path": "/api/admin"}
[36mjuno-admin_1  |[0m 1665228407	[32mINFO[0m	xecho/server.go:75	add route                       	{"aid": "1234567890", "iid": "3dfa3a4ea3049ea77ecf5bcfd59b2055", "mod": "server.echo", "method": "OPTIONS", "path": "/api/admin"}
[36mjuno-admin_1  |[0m 1665228407	[32mINFO[0m	xecho/server.go:75	add route                       	{"aid": "1234567890", "iid": "3dfa3a4ea3049ea77ecf5bcfd59b2055", "mod": "server.echo", "method": "HEAD", "path": "/api/admin/openAuth"}
[36mjuno-admin_1  |[0m 1665228407	[32mINFO[0m	xecho/server.go:75	add route                       	{"aid": "1234567890", "iid": "3dfa3a4ea3049ea77ecf5bcfd59b2055", "mod": "server.echo", "method": "PATCH", "path": "/api/v1/confgo"}
[36mjuno-admin_1  |[0m 1665228407	[32mINFO[0m	xecho/server.go:75	add route                       	{"aid": "1234567890", "iid": "3dfa3a4ea3049ea77ecf5bcfd59b2055", "mod": "server.echo", "method": "REPORT", "path": "/api/admin/permission"}
[36mjuno-admin_1  |[0m 1665228407	[32mINFO[0m	xecho/server.go:75	add route                       	{"aid": "1234567890", "iid": "3dfa3a4ea3049ea77ecf5bcfd59b2055", "mod": "server.echo", "method": "TRACE", "path": "/api/admin/analysis/*"}
[36mjuno-admin_1  |[0m 1665228407	[32mINFO[0m	xecho/server.go:75	add route                       	{"aid": "1234567890", "iid": "3dfa3a4ea3049ea77ecf5bcfd59b2055", "mod": "server.echo", "method": "GET", "path": "/api/admin/system/setting/list"}
[36mjuno-admin_1  |[0m 1665228407	[32mINFO[0m	xecho/server.go:75	add route                       	{"aid": "1234567890", "iid": "3dfa3a4ea3049ea77ecf5bcfd59b2055", "mod": "server.echo", "method": "GET", "path": "/api/admin/permission/permissionTree"}
[36mjuno-admin_1  |[0m 1665228407	[32mINFO[0m	xecho/server.go:75	add route                       	{"aid": "1234567890", "iid": "3dfa3a4ea3049ea77ecf5bcfd59b2055", "mod": "server.echo", "method": "CONNECT", "path": "/api/v1/event/*"}
[36mjuno-admin_1  |[0m 1665228407	[32mINFO[0m	xecho/server.go:75	add route                       	{"aid": "1234567890", "iid": "3dfa3a4ea3049ea77ecf5bcfd59b2055", "mod": "server.echo", "method": "CONNECT", "path": "/api/admin/confgov2/*"}
[36mjuno-admin_1  |[0m 1665228407	[32mINFO[0m	xecho/server.go:75	add route                       	{"aid": "1234567890", "iid": "3dfa3a4ea3049ea77ecf5bcfd59b2055", "mod": "server.echo", "method": "GET", "path": "/api/admin/test/http/*"}
[36mjuno-admin_1  |[0m 1665228407	[32mINFO[0m	xecho/server.go:75	add route                       	{"aid": "1234567890", "iid": "3dfa3a4ea3049ea77ecf5bcfd59b2055", "mod": "server.echo", "method": "POST", "path": "/api/admin/pprof/*"}
[36mjuno-admin_1  |[0m 1665228407	[32mINFO[0m	xecho/server.go:75	add route                       	{"aid": "1234567890", "iid": "3dfa3a4ea3049ea77ecf5bcfd59b2055", "mod": "server.echo", "method": "HEAD", "path": "/proxy/*"}
[36mjuno-admin_1  |[0m 1665228407	[32mINFO[0m	xecho/server.go:75	add route                       	{"aid": "1234567890", "iid": "3dfa3a4ea3049ea77ecf5bcfd59b2055", "mod": "server.echo", "method": "GET", "path": "/api/admin/confgov2/resource"}
[36mjuno-admin_1  |[0m 1665228407	[32mINFO[0m	xecho/server.go:75	add route                       	{"aid": "1234567890", "iid": "3dfa3a4ea3049ea77ecf5bcfd59b2055", "mod": "server.echo", "method": "POST", "path": "/api/v1/resource/node/put"}
[36mjuno-admin_1  |[0m 1665228407	[32mINFO[0m	xecho/server.go:75	add route                       	{"aid": "1234567890", "iid": "3dfa3a4ea3049ea77ecf5bcfd59b2055", "mod": "server.echo", "method": "PROPFIND", "path": "/api/admin/test"}
[36mjuno-admin_1  |[0m 1665228407	[32mINFO[0m	xecho/server.go:75	add route                       	{"aid": "1234567890", "iid": "3dfa3a4ea3049ea77ecf5bcfd59b2055", "mod": "server.echo", "method": "DELETE", "path": "/api/admin/test/grpc/*"}
[36mjuno-admin_1  |[0m 1665228407	[32mINFO[0m	xecho/server.go:75	add route                       	{"aid": "1234567890", "iid": "3dfa3a4ea3049ea77ecf5bcfd59b2055", "mod": "server.echo", "method": "OPTIONS", "path": "/api/admin/public/*"}
[36mjuno-admin_1  |[0m 1665228407	[32mINFO[0m	xecho/server.go:75	add route                       	{"aid": "1234567890", "iid": "3dfa3a4ea3049ea77ecf5bcfd59b2055", "mod": "server.echo", "method": "OPTIONS", "path": "/api/admin/confgo/*"}
[36mjuno-admin_1  |[0m 1665228407	[32mINFO[0m	xecho/server.go:75	add route                       	{"aid": "1234567890", "iid": "3dfa3a4ea3049ea77ecf5bcfd59b2055", "mod": "server.echo", "method": "GET", "path": "/api/admin/resource"}
[36mjuno-admin_1  |[0m 1665228407	[32mINFO[0m	xecho/server.go:75	add route                       	{"aid": "1234567890", "iid": "3dfa3a4ea3049ea77ecf5bcfd59b2055", "mod": "server.echo", "method": "POST", "path": "/api/admin/resource/zone/update"}
[36mjuno-admin_1  |[0m 1665228407	[32mINFO[0m	xecho/server.go:75	add route                       	{"aid": "1234567890", "iid": "3dfa3a4ea3049ea77ecf5bcfd59b2055", "mod": "server.echo", "method": "PROPFIND", "path": "/api/admin/event/*"}
[36mjuno-admin_1  |[0m 1665228407	[32mINFO[0m	xecho/server.go:75	add route                       	{"aid": "1234567890", "iid": "3dfa3a4ea3049ea77ecf5bcfd59b2055", "mod": "server.echo", "method": "TRACE", "path": "/api/v1/system/*"}
[36mjuno-admin_1  |[0m 1665228407	[32mINFO[0m	xecho/server.go:75	add route                       	{"aid": "1234567890", "iid": "3dfa3a4ea3049ea77ecf5bcfd59b2055", "mod": "server.echo", "method": "OPTIONS", "path": "/api/admin/*"}
[36mjuno-admin_1  |[0m 1665228407	[32mINFO[0m	xecho/server.go:75	add route                       	{"aid": "1234567890", "iid": "3dfa3a4ea3049ea77ecf5bcfd59b2055", "mod": "server.echo", "method": "POST", "path": "/api/admin/confgo/tpl/update"}
[36mjuno-admin_1  |[0m 1665228407	[32mINFO[0m	xecho/server.go:75	add route                       	{"aid": "1234567890", "iid": "3dfa3a4ea3049ea77ecf5bcfd59b2055", "mod": "server.echo", "method": "GET", "path": "/api/admin/test/http/useCases/detail"}
[36mjuno-admin_1  |[0m 1665228407	[32mINFO[0m	xecho/server.go:75	add route                       	{"aid": "1234567890", "iid": "3dfa3a4ea3049ea77ecf5bcfd59b2055", "mod": "server.echo", "method": "OPTIONS", "path": "/api/admin/cronjob/task"}
[36mjuno-admin_1  |[0m 1665228407	[32mINFO[0m	xecho/server.go:75	add route                       	{"aid": "1234567890", "iid": "3dfa3a4ea3049ea77ecf5bcfd59b2055", "mod": "server.echo", "method": "OPTIONS", "path": "/api/v1/resource"}
[36mjuno-admin_1  |[0m 1665228407	[32mINFO[0m	xecho/server.go:75	add route                       	{"aid": "1234567890", "iid": "3dfa3a4ea3049ea77ecf5bcfd59b2055", "mod": "server.echo", "method": "POST", "path": "/api/admin/confgov2/resource"}
[36mjuno-admin_1  |[0m 1665228407	[32mINFO[0m	xecho/server.go:75	add route                       	{"aid": "1234567890", "iid": "3dfa3a4ea3049ea77ecf5bcfd59b2055", "mod": "server.echo", "method": "POST", "path": "/api/admin/resource/app/update"}
[36mjuno-admin_1  |[0m 1665228407	[32mINFO[0m	xecho/server.go:75	add route                       	{"aid": "1234567890", "iid": "3dfa3a4ea3049ea77ecf5bcfd59b2055", "mod": "server.echo", "method": "PUT", "path": "/api/admin/analysis/*"}
[36mjuno-admin_1  |[0m 1665228407	[32mINFO[0m	xecho/server.go:75	add route                       	{"aid": "1234567890", "iid": "3dfa3a4ea3049ea77ecf5bcfd59b2055", "mod": "server.echo", "method": "TRACE", "path": "/proxy"}
[36mjuno-admin_1  |[0m 1665228407	[32mINFO[0m	xecho/server.go:75	add route                       	{"aid": "1234567890", "iid": "3dfa3a4ea3049ea77ecf5bcfd59b2055", "mod": "server.echo", "method": "REPORT", "path": "/api/admin/*"}
[36mjuno-admin_1  |[0m 1665228407	[32mINFO[0m	xecho/server.go:75	add route                       	{"aid": "1234567890", "iid": "3dfa3a4ea3049ea77ecf5bcfd59b2055", "mod": "server.echo", "method": "GET", "path": "/api/v1/resource/zone/info"}
[36mjuno-admin_1  |[0m 1665228407	[32mINFO[0m	xecho/server.go:75	add route                       	{"aid": "1234567890", "iid": "3dfa3a4ea3049ea77ecf5bcfd59b2055", "mod": "server.echo", "method": "PROPFIND", "path": "/api/admin/grpc/*"}
[36mjuno-admin_1  |[0m 1665228407	[32mINFO[0m	xecho/server.go:75	add route                       	{"aid": "1234567890", "iid": "3dfa3a4ea3049ea77ecf5bcfd59b2055", "mod": "server.echo", "method": "POST", "path": "/proxy"}
[36mjuno-admin_1  |[0m 1665228407	[32mINFO[0m	xecho/server.go:75	add route                       	{"aid": "1234567890", "iid": "3dfa3a4ea3049ea77ecf5bcfd59b2055", "mod": "server.echo", "method": "POST", "path": "/api/admin/test/*"}
[36mjuno-admin_1  |[0m 1665228407	[32mINFO[0m	xecho/server.go:75	add route                       	{"aid": "1234567890", "iid": "3dfa3a4ea3049ea77ecf5bcfd59b2055", "mod": "server.echo", "method": "TRACE", "path": "/api/admin/test/grpc"}
[36mjuno-admin_1  |[0m 1665228407	[32mINFO[0m	xecho/server.go:75	add route                       	{"aid": "1234567890", "iid": "3dfa3a4ea3049ea77ecf5bcfd59b2055", "mod": "server.echo", "method": "DELETE", "path": "/api/admin/test/http"}
[36mjuno-admin_1  |[0m 1665228407	[32mINFO[0m	xecho/server.go:75	add route                       	{"aid": "1234567890", "iid": "3dfa3a4ea3049ea77ecf5bcfd59b2055", "mod": "server.echo", "method": "DELETE", "path": "/api/admin/analysis/*"}
[36mjuno-admin_1  |[0m 1665228407	[32mINFO[0m	xecho/server.go:75	add route                       	{"aid": "1234567890", "iid": "3dfa3a4ea3049ea77ecf5bcfd59b2055", "mod": "server.echo", "method": "GET", "path": "/api/admin/permission/*"}
[36mjuno-admin_1  |[0m 1665228407	[32mINFO[0m	xecho/server.go:75	add route                       	{"aid": "1234567890", "iid": "3dfa3a4ea3049ea77ecf5bcfd59b2055", "mod": "server.echo", "method": "POST", "path": "/api/admin/pprof/run"}
[36mjuno-admin_1  |[0m 1665228407	[32mINFO[0m	xecho/server.go:75	add route                       	{"aid": "1234567890", "iid": "3dfa3a4ea3049ea77ecf5bcfd59b2055", "mod": "server.echo", "method": "OPTIONS", "path": "/api/v1/analysis/*"}
[36mjuno-admin_1  |[0m 1665228407	[32mINFO[0m	xecho/server.go:75	add route                       	{"aid": "1234567890", "iid": "3dfa3a4ea3049ea77ecf5bcfd59b2055", "mod": "server.echo", "method": "TRACE", "path": "/grafana"}
[36mjuno-admin_1  |[0m 1665228407	[32mINFO[0m	xecho/server.go:75	add route                       	{"aid": "1234567890", "iid": "3dfa3a4ea3049ea77ecf5bcfd59b2055", "mod": "server.echo", "method": "GET", "path": "/api/admin/resource/*"}
[36mjuno-admin_1  |[0m 1665228407	[32mINFO[0m	xecho/server.go:75	add route                       	{"aid": "1234567890", "iid": "3dfa3a4ea3049ea77ecf5bcfd59b2055", "mod": "server.echo", "method": "DELETE", "path": "/api/admin/test/*"}
[36mjuno-admin_1  |[0m 1665228407	[32mINFO[0m	xecho/server.go:75	add route                       	{"aid": "1234567890", "iid": "3dfa3a4ea3049ea77ecf5bcfd59b2055", "mod": "server.echo", "method": "OPTIONS", "path": "/api/admin/cronjob/*"}
[36mjuno-admin_1  |[0m 1665228407	[32mINFO[0m	xecho/server.go:75	add route                       	{"aid": "1234567890", "iid": "3dfa3a4ea3049ea77ecf5bcfd59b2055", "mod": "server.echo", "method": "GET", "path": "/api/v1/analysis"}
[36mjuno-admin_1  |[0m 1665228407	[32mINFO[0m	xecho/server.go:75	add route                       	{"aid": "1234567890", "iid": "3dfa3a4ea3049ea77ecf5bcfd59b2055", "mod": "server.echo", "method": "GET", "path": "/api/v1/pprof"}
[36mjuno-admin_1  |[0m 1665228407	[32mINFO[0m	xecho/server.go:75	add route                       	{"aid": "1234567890", "iid": "3dfa3a4ea3049ea77ecf5bcfd59b2055", "mod": "server.echo", "method": "PROPFIND", "path": "/api/admin/test/grpc/*"}
[36mjuno-admin_1  |[0m 1665228407	[32mINFO[0m	xecho/server.go:75	add route                       	{"aid": "1234567890", "iid": "3dfa3a4ea3049ea77ecf5bcfd59b2055", "mod": "server.echo", "method": "POST", "path": "/api/admin/test/http/useCases/delete"}
[36mjuno-admin_1  |[0m 1665228407	[32mINFO[0m	xecho/server.go:75	add route                       	{"aid": "1234567890", "iid": "3dfa3a4ea3049ea77ecf5bcfd59b2055", "mod": "server.echo", "method": "GET", "path": "/api/admin/event"}
[36mjuno-admin_1  |[0m 1665228407	[32mINFO[0m	xecho/server.go:75	add route                       	{"aid": "1234567890", "iid": "3dfa3a4ea3049ea77ecf5bcfd59b2055", "mod": "server.echo", "method": "PROPFIND", "path": "/api/admin/event"}
[36mjuno-admin_1  |[0m 1665228407	[32mINFO[0m	xecho/server.go:75	add route                       	{"aid": "1234567890", "iid": "3dfa3a4ea3049ea77ecf5bcfd59b2055", "mod": "server.echo", "method": "REPORT", "path": "/api/v1/system/*"}
[36mjuno-admin_1  |[0m 1665228407	[32mINFO[0m	xecho/server.go:75	add route                       	{"aid": "1234567890", "iid": "3dfa3a4ea3049ea77ecf5bcfd59b2055", "mod": "server.echo", "method": "HEAD", "path": "/api/admin/analysis/*"}
[36mjuno-admin_1  |[0m 1665228407	[32mINFO[0m	xecho/server.go:75	add route                       	{"aid": "1234567890", "iid": "3dfa3a4ea3049ea77ecf5bcfd59b2055", "mod": "server.echo", "method": "PUT", "path": "/api/admin/grpc/*"}
[36mjuno-admin_1  |[0m 1665228407	[32mINFO[0m	xecho/server.go:75	add route                       	{"aid": "1234567890", "iid": "3dfa3a4ea3049ea77ecf5bcfd59b2055", "mod": "server.echo", "method": "TRACE", "path": "/api/v1/event/*"}
[36mjuno-admin_1  |[0m 1665228407	[32mINFO[0m	xecho/server.go:75	add route                       	{"aid": "1234567890", "iid": "3dfa3a4ea3049ea77ecf5bcfd59b2055", "mod": "server.echo", "method": "OPTIONS", "path": "/api/admin/test/platform"}
[36mjuno-admin_1  |[0m 1665228407	[32mINFO[0m	xecho/server.go:75	add route                       	{"aid": "1234567890", "iid": "3dfa3a4ea3049ea77ecf5bcfd59b2055", "mod": "server.echo", "method": "GET", "path": "/api/admin/analysis"}
[36mjuno-admin_1  |[0m 1665228407	[32mINFO[0m	xecho/server.go:75	add route                       	{"aid": "1234567890", "iid": "3dfa3a4ea3049ea77ecf5bcfd59b2055", "mod": "server.echo", "method": "GET", "path": "/api/admin/analysis/topology/select"}
[36mjuno-admin_1  |[0m 1665228407	[32mINFO[0m	xecho/server.go:75	add route                       	{"aid": "1234567890", "iid": "3dfa3a4ea3049ea77ecf5bcfd59b2055", "mod": "server.echo", "method": "PROPFIND", "path": "/api/admin/pprof"}
[36mjuno-admin_1  |[0m 1665228407	[32mINFO[0m	xecho/server.go:75	add route                       	{"aid": "1234567890", "iid": "3dfa3a4ea3049ea77ecf5bcfd59b2055", "mod": "server.echo", "method": "TRACE", "path": "/api/v1/etcd/*"}
[36mjuno-admin_1  |[0m 1665228407	[32mINFO[0m	xecho/server.go:75	add route                       	{"aid": "1234567890", "iid": "3dfa3a4ea3049ea77ecf5bcfd59b2055", "mod": "server.echo", "method": "TRACE", "path": "/api/admin/user/*"}
[36mjuno-admin_1  |[0m 1665228407	[32mINFO[0m	xecho/server.go:75	add route                       	{"aid": "1234567890", "iid": "3dfa3a4ea3049ea77ecf5bcfd59b2055", "mod": "server.echo", "method": "PUT", "path": "/api/admin/permission"}
[36mjuno-admin_1  |[0m 1665228407	[32mINFO[0m	xecho/server.go:75	add route                       	{"aid": "1234567890", "iid": "3dfa3a4ea3049ea77ecf5bcfd59b2055", "mod": "server.echo", "method": "OPTIONS", "path": "/api/admin/permission/*"}
[36mjuno-admin_1  |[0m 1665228407	[32mINFO[0m	xecho/server.go:75	add route                       	{"aid": "1234567890", "iid": "3dfa3a4ea3049ea77ecf5bcfd59b2055", "mod": "server.echo", "method": "PROPFIND", "path": "/api/v1/confgo/*"}
[36mjuno-admin_1  |[0m 1665228407	[32mINFO[0m	xecho/server.go:75	add route                       	{"aid": "1234567890", "iid": "3dfa3a4ea3049ea77ecf5bcfd59b2055", "mod": "server.echo", "method": "GET", "path": "/grafana/"}
[36mjuno-admin_1  |[0m 1665228407	[32mINFO[0m	xecho/server.go:75	add route                       	{"aid": "1234567890", "iid": "3dfa3a4ea3049ea77ecf5bcfd59b2055", "mod": "server.echo", "method": "HEAD", "path": "/api/admin/public"}
[36mjuno-admin_1  |[0m 1665228407	[32mINFO[0m	xecho/server.go:75	add route                       	{"aid": "1234567890", "iid": "3dfa3a4ea3049ea77ecf5bcfd59b2055", "mod": "server.echo", "method": "REPORT", "path": "/api/admin/confgo"}
[36mjuno-admin_1  |[0m 1665228407	[32mINFO[0m	xecho/server.go:75	add route                       	{"aid": "1234567890", "iid": "3dfa3a4ea3049ea77ecf5bcfd59b2055", "mod": "server.echo", "method": "GET", "path": "/api/admin/test/grpc/request/history/detail"}
[36mjuno-admin_1  |[0m 1665228407	[32mINFO[0m	xecho/server.go:75	add route                       	{"aid": "1234567890", "iid": "3dfa3a4ea3049ea77ecf5bcfd59b2055", "mod": "server.echo", "method": "GET", "path": "/api/admin/test/platform"}
[36mjuno-admin_1  |[0m 1665228407	[32mINFO[0m	xecho/server.go:75	add route                       	{"aid": "1234567890", "iid": "3dfa3a4ea3049ea77ecf5bcfd59b2055", "mod": "server.echo", "method": "DELETE", "path": "/api/admin/cronjob/task/*"}
[36mjuno-admin_1  |[0m 1665228407	[32mINFO[0m	xecho/server.go:75	add route                       	{"aid": "1234567890", "iid": "3dfa3a4ea3049ea77ecf5bcfd59b2055", "mod": "server.echo", "method": "GET", "path": "/api/admin/permission/user/group/update"}
[36mjuno-admin_1  |[0m 1665228407	[32mINFO[0m	xecho/server.go:75	add route                       	{"aid": "1234567890", "iid": "3dfa3a4ea3049ea77ecf5bcfd59b2055", "mod": "server.echo", "method": "REPORT", "path": "/api/v1/resource/*"}
[36mjuno-admin_1  |[0m 1665228407	[32mINFO[0m	xecho/server.go:75	add route                       	{"aid": "1234567890", "iid": "3dfa3a4ea3049ea77ecf5bcfd59b2055", "mod": "server.echo", "method": "DELETE", "path": "/api/v1/event/*"}
[36mjuno-admin_1  |[0m 1665228407	[32mINFO[0m	xecho/server.go:75	add route                       	{"aid": "1234567890", "iid": "3dfa3a4ea3049ea77ecf5bcfd59b2055", "mod": "server.echo", "method": "POST", "path": "/api/admin/test/platform/*"}
[36mjuno-admin_1  |[0m 1665228407	[32mINFO[0m	xecho/server.go:75	add route                       	{"aid": "1234567890", "iid": "3dfa3a4ea3049ea77ecf5bcfd59b2055", "mod": "server.echo", "method": "POST", "path": "/api/admin/system"}
[36mjuno-admin_1  |[0m 1665228407	[32mINFO[0m	xecho/server.go:75	add route                       	{"aid": "1234567890", "iid": "3dfa3a4ea3049ea77ecf5bcfd59b2055", "mod": "server.echo", "method": "CONNECT", "path": "/api/admin/logger"}
[36mjuno-admin_1  |[0m 1665228407	[32mINFO[0m	xecho/server.go:75	add route                       	{"aid": "1234567890", "iid": "3dfa3a4ea3049ea77ecf5bcfd59b2055", "mod": "server.echo", "method": "TRACE", "path": "/api/v1/*"}
[36mjuno-admin_1  |[0m 1665228407	[32mINFO[0m	xecho/server.go:75	add route                       	{"aid": "1234567890", "iid": "3dfa3a4ea3049ea77ecf5bcfd59b2055", "mod": "server.echo", "method": "PATCH", "path": "/api/v1/confgo/*"}
[36mjuno-admin_1  |[0m 1665228407	[32mINFO[0m	xecho/server.go:75	add route                       	{"aid": "1234567890", "iid": "3dfa3a4ea3049ea77ecf5bcfd59b2055", "mod": "server.echo", "method": "DELETE", "path": "/api/admin/public/*"}
[36mjuno-admin_1  |[0m 1665228407	[32mINFO[0m	xecho/server.go:75	add route                       	{"aid": "1234567890", "iid": "3dfa3a4ea3049ea77ecf5bcfd59b2055", "mod": "server.echo", "method": "PATCH", "path": "/api/admin/confgo/*"}
[36mjuno-admin_1  |[0m 1665228407	[32mINFO[0m	xecho/server.go:75	add route                       	{"aid": "1234567890", "iid": "3dfa3a4ea3049ea77ecf5bcfd59b2055", "mod": "server.echo", "method": "GET", "path": "/api/admin/test/grpc/*"}
[36mjuno-admin_1  |[0m 1665228407	[32mINFO[0m	xecho/server.go:75	add route                       	{"aid": "1234567890", "iid": "3dfa3a4ea3049ea77ecf5bcfd59b2055", "mod": "server.echo", "method": "PUT", "path": "/api/admin/test/http"}
[36mjuno-admin_1  |[0m 1665228407	[32mINFO[0m	xecho/server.go:75	add route                       	{"aid": "1234567890", "iid": "3dfa3a4ea3049ea77ecf5bcfd59b2055", "mod": "server.echo", "method": "CONNECT", "path": "/api/v1/confgo"}
[36mjuno-admin_1  |[0m 1665228407	[32mINFO[0m	xecho/server.go:75	add route                       	{"aid": "1234567890", "iid": "3dfa3a4ea3049ea77ecf5bcfd59b2055", "mod": "server.echo", "method": "POST", "path": "/api/v1/confgo/*"}
[36mjuno-admin_1  |[0m 1665228407	[32mINFO[0m	xecho/server.go:75	add route                       	{"aid": "1234567890", "iid": "3dfa3a4ea3049ea77ecf5bcfd59b2055", "mod": "server.echo", "method": "GET", "path": "/api/admin/test/grpc"}
[36mjuno-admin_1  |[0m 1665228407	[32mINFO[0m	xecho/server.go:75	add route                       	{"aid": "1234567890", "iid": "3dfa3a4ea3049ea77ecf5bcfd59b2055", "mod": "server.echo", "method": "GET", "path": "/api/admin/test/grpc/useCases/detail"}
[36mjuno-admin_1  |[0m 1665228407	[32mINFO[0m	xecho/server.go:75	add route                       	{"aid": "1234567890", "iid": "3dfa3a4ea3049ea77ecf5bcfd59b2055", "mod": "server.echo", "method": "PUT", "path": "/api/admin/confgov2"}
[36mjuno-admin_1  |[0m 1665228407	[32mINFO[0m	xecho/server.go:75	add route                       	{"aid": "1234567890", "iid": "3dfa3a4ea3049ea77ecf5bcfd59b2055", "mod": "server.echo", "method": "CONNECT", "path": "/api/admin/confgov2/resource"}
[36mjuno-admin_1  |[0m 1665228407	[32mINFO[0m	xecho/server.go:75	add route                       	{"aid": "1234567890", "iid": "3dfa3a4ea3049ea77ecf5bcfd59b2055", "mod": "server.echo", "method": "PATCH", "path": "/api/admin/resource"}
[36mjuno-admin_1  |[0m 1665228407	[32mINFO[0m	xecho/server.go:75	add route                       	{"aid": "1234567890", "iid": "3dfa3a4ea3049ea77ecf5bcfd59b2055", "mod": "server.echo", "method": "POST", "path": "/api/v1/resource/app_node/put"}
[36mjuno-admin_1  |[0m 1665228407	[32mINFO[0m	xecho/server.go:75	add route                       	{"aid": "1234567890", "iid": "3dfa3a4ea3049ea77ecf5bcfd59b2055", "mod": "server.echo", "method": "POST", "path": "/api/admin/confgo/tpl/delete"}
[36mjuno-admin_1  |[0m 1665228407	[32mINFO[0m	xecho/server.go:75	add route                       	{"aid": "1234567890", "iid": "3dfa3a4ea3049ea77ecf5bcfd59b2055", "mod": "server.echo", "method": "CONNECT", "path": "/api/admin/grpc"}
[36mjuno-admin_1  |[0m 1665228407	[32mINFO[0m	xecho/server.go:75	add route                       	{"aid": "1234567890", "iid": "3dfa3a4ea3049ea77ecf5bcfd59b2055", "mod": "server.echo", "method": "POST", "path": "/api/v1"}
[36mjuno-admin_1  |[0m 1665228407	[32mINFO[0m	xecho/server.go:75	add route                       	{"aid": "1234567890", "iid": "3dfa3a4ea3049ea77ecf5bcfd59b2055", "mod": "server.echo", "method": "POST", "path": "/api/v1/confgo"}
[36mjuno-admin_1  |[0m 1665228407	[32mINFO[0m	xecho/server.go:75	add route                       	{"aid": "1234567890", "iid": "3dfa3a4ea3049ea77ecf5bcfd59b2055", "mod": "server.echo", "method": "GET", "path": "/api/v1/analysis/topology/select"}
[36mjuno-admin_1  |[0m 1665228407	[32mINFO[0m	xecho/server.go:75	add route                       	{"aid": "1234567890", "iid": "3dfa3a4ea3049ea77ecf5bcfd59b2055", "mod": "server.echo", "method": "POST", "path": "/proxy/"}
[36mjuno-admin_1  |[0m 1665228407	[32mINFO[0m	xecho/server.go:75	add route                       	{"aid": "1234567890", "iid": "3dfa3a4ea3049ea77ecf5bcfd59b2055", "mod": "server.echo", "method": "GET", "path": "/api/admin/confgov2/resource/getByName"}
[36mjuno-admin_1  |[0m 1665228407	[32mINFO[0m	xecho/server.go:75	add route                       	{"aid": "1234567890", "iid": "3dfa3a4ea3049ea77ecf5bcfd59b2055", "mod": "server.echo", "method": "GET", "path": "/api/admin/test/platform/pipeline/tasks"}
[36mjuno-admin_1  |[0m 1665228407	[32mINFO[0m	xecho/server.go:75	add route                       	{"aid": "1234567890", "iid": "3dfa3a4ea3049ea77ecf5bcfd59b2055", "mod": "server.echo", "method": "PUT", "path": "/api/admin/proxyintegrat/*"}
[36mjuno-admin_1  |[0m 1665228407	[32mINFO[0m	xecho/server.go:75	add route                       	{"aid": "1234567890", "iid": "3dfa3a4ea3049ea77ecf5bcfd59b2055", "mod": "server.echo", "method": "CONNECT", "path": "/api/admin/public/*"}
[36mjuno-admin_1  |[0m 1665228407	[32mINFO[0m	xecho/server.go:75	add route                       	{"aid": "1234567890", "iid": "3dfa3a4ea3049ea77ecf5bcfd59b2055", "mod": "server.echo", "method": "CONNECT", "path": "/api/admin/confgo/*"}
[36mjuno-admin_1  |[0m 1665228407	[32mINFO[0m	xecho/server.go:75	add route                       	{"aid": "1234567890", "iid": "3dfa3a4ea3049ea77ecf5bcfd59b2055", "mod": "server.echo", "method": "OPTIONS", "path": "/api/admin/confgov2/resource"}
[36mjuno-admin_1  |[0m 1665228407	[32mINFO[0m	xecho/server.go:75	add route                       	{"aid": "1234567890", "iid": "3dfa3a4ea3049ea77ecf5bcfd59b2055", "mod": "server.echo", "method": "PROPFIND", "path": "/api/v1/etcd"}
[36mjuno-admin_1  |[0m 1665228407	[32mINFO[0m	xecho/server.go:75	add route                       	{"aid": "1234567890", "iid": "3dfa3a4ea3049ea77ecf5bcfd59b2055", "mod": "server.echo", "method": "HEAD", "path": "/api/admin/test/*"}
[36mjuno-admin_1  |[0m 1665228407	[32mINFO[0m	xecho/server.go:75	add route                       	{"aid": "1234567890", "iid": "3dfa3a4ea3049ea77ecf5bcfd59b2055", "mod": "server.echo", "method": "POST", "path": "/api/admin/logger"}
[36mjuno-admin_1  |[0m 1665228407	[32mINFO[0m	xecho/server.go:75	add route                       	{"aid": "1234567890", "iid": "3dfa3a4ea3049ea77ecf5bcfd59b2055", "mod": "server.echo", "method": "POST", "path": "/api/admin/resource/node/transfer/put"}
[36mjuno-admin_1  |[0m 1665228407	[32mINFO[0m	xecho/server.go:75	add route                       	{"aid": "1234567890", "iid": "3dfa3a4ea3049ea77ecf5bcfd59b2055", "mod": "server.echo", "method": "HEAD", "path": "/api/admin/system"}
[36mjuno-admin_1  |[0m 1665228407	[32mINFO[0m	xecho/server.go:75	add route                       	{"aid": "1234567890", "iid": "3dfa3a4ea3049ea77ecf5bcfd59b2055", "mod": "server.echo", "method": "TRACE", "path": "/api/admin/openAuth/*"}
[36mjuno-admin_1  |[0m 1665228407	[32mINFO[0m	xecho/server.go:75	add route                       	{"aid": "1234567890", "iid": "3dfa3a4ea3049ea77ecf5bcfd59b2055", "mod": "server.echo", "method": "REPORT", "path": "/api/admin/public/*"}
[36mjuno-admin_1  |[0m 1665228407	[32mINFO[0m	xecho/server.go:75	add route                       	{"aid": "1234567890", "iid": "3dfa3a4ea3049ea77ecf5bcfd59b2055", "mod": "server.echo", "method": "GET", "path": "/api/admin/public/user/appConfig"}
[36mjuno-admin_1  |[0m 1665228407	[32mINFO[0m	xecho/server.go:75	add route                       	{"aid": "1234567890", "iid": "3dfa3a4ea3049ea77ecf5bcfd59b2055", "mod": "server.echo", "method": "GET", "path": "/grafana/*"}
[36mjuno-admin_1  |[0m 1665228407	[32mINFO[0m	xecho/server.go:75	add route                       	{"aid": "1234567890", "iid": "3dfa3a4ea3049ea77ecf5bcfd59b2055", "mod": "server.echo", "method": "OPTIONS", "path": "/api/admin/confgo"}
[36mjuno-admin_1  |[0m 1665228407	[32mINFO[0m	xecho/server.go:75	add route                       	{"aid": "1234567890", "iid": "3dfa3a4ea3049ea77ecf5bcfd59b2055", "mod": "server.echo", "method": "REPORT", "path": "/api/admin/confgov2/resource/*"}
[36mjuno-admin_1  |[0m 1665228407	[32mINFO[0m	xecho/server.go:75	add route                       	{"aid": "1234567890", "iid": "3dfa3a4ea3049ea77ecf5bcfd59b2055", "mod": "server.echo", "method": "HEAD", "path": "/api/admin/test"}
[36mjuno-admin_1  |[0m 1665228407	[32mINFO[0m	xecho/server.go:75	add route                       	{"aid": "1234567890", "iid": "3dfa3a4ea3049ea77ecf5bcfd59b2055", "mod": "server.echo", "method": "CONNECT", "path": "/grafana"}
[36mjuno-admin_1  |[0m 1665228407	[32mINFO[0m	xecho/server.go:75	add route                       	{"aid": "1234567890", "iid": "3dfa3a4ea3049ea77ecf5bcfd59b2055", "mod": "server.echo", "method": "TRACE", "path": "/api/admin/test/grpc/*"}
[36mjuno-admin_1  |[0m 1665228407	[32mINFO[0m	xecho/server.go:75	add route                       	{"aid": "1234567890", "iid": "3dfa3a4ea3049ea77ecf5bcfd59b2055", "mod": "server.echo", "method": "PUT", "path": "/api/v1/pprof"}
[36mjuno-admin_1  |[0m 1665228407	[32mINFO[0m	xecho/server.go:75	add route                       	{"aid": "1234567890", "iid": "3dfa3a4ea3049ea77ecf5bcfd59b2055", "mod": "server.echo", "method": "CONNECT", "path": "/api/admin/cronjob"}
[36mjuno-admin_1  |[0m 1665228407	[32mINFO[0m	xecho/server.go:75	add route                       	{"aid": "1234567890", "iid": "3dfa3a4ea3049ea77ecf5bcfd59b2055", "mod": "server.echo", "method": "POST", "path": "/api/v1/resource"}
[36mjuno-admin_1  |[0m 1665228407	[32mINFO[0m	xecho/server.go:75	add route                       	{"aid": "1234567890", "iid": "3dfa3a4ea3049ea77ecf5bcfd59b2055", "mod": "server.echo", "method": "CONNECT", "path": "/api/v1/analysis/*"}
[36mjuno-admin_1  |[0m 1665228407	[32mINFO[0m	xecho/server.go:75	add route                       	{"aid": "1234567890", "iid": "3dfa3a4ea3049ea77ecf5bcfd59b2055", "mod": "server.echo", "method": "POST", "path": "/api/v1/system"}
[36mjuno-admin_1  |[0m 1665228407	[32mINFO[0m	xecho/server.go:75	add route                       	{"aid": "1234567890", "iid": "3dfa3a4ea3049ea77ecf5bcfd59b2055", "mod": "server.echo", "method": "GET", "path": "/api/admin/permission/user/group/menuPermission"}
[36mjuno-admin_1  |[0m 1665228407	[32mINFO[0m	xecho/server.go:75	add route                       	{"aid": "1234567890", "iid": "3dfa3a4ea3049ea77ecf5bcfd59b2055", "mod": "server.echo", "method": "TRACE", "path": "/api/admin/logger/*"}
[36mjuno-admin_1  |[0m 1665228407	[32mINFO[0m	xecho/server.go:75	add route                       	{"aid": "1234567890", "iid": "3dfa3a4ea3049ea77ecf5bcfd59b2055", "mod": "server.echo", "method": "GET", "path": "/api/v1/resource/node/transfer/list"}
[36mjuno-admin_1  |[0m 1665228407	[32mINFO[0m	xecho/server.go:75	add route                       	{"aid": "1234567890", "iid": "3dfa3a4ea3049ea77ecf5bcfd59b2055", "mod": "server.echo", "method": "PUT", "path": "/api/v1/confgo/*"}
[36mjuno-admin_1  |[0m 1665228407	[32mINFO[0m	xecho/server.go:75	add route                       	{"aid": "1234567890", "iid": "3dfa3a4ea3049ea77ecf5bcfd59b2055", "mod": "server.echo", "method": "GET", "path": "/api/v1/confgo/config/instance/list"}
[36mjuno-admin_1  |[0m 1665228407	[32mINFO[0m	xecho/server.go:75	add route                       	{"aid": "1234567890", "iid": "3dfa3a4ea3049ea77ecf5bcfd59b2055", "mod": "server.echo", "method": "TRACE", "path": "/api/v1/pprof"}
[36mjuno-admin_1  |[0m 1665228407	[32mINFO[0m	xecho/server.go:75	add route                       	{"aid": "1234567890", "iid": "3dfa3a4ea3049ea77ecf5bcfd59b2055", "mod": "server.echo", "method": "PATCH", "path": "/api/admin/*"}
[36mjuno-admin_1  |[0m 1665228407	[32mINFO[0m	xecho/server.go:75	add route                       	{"aid": "1234567890", "iid": "3dfa3a4ea3049ea77ecf5bcfd59b2055", "mod": "server.echo", "method": "GET", "path": "/api/admin/public/user/appViewHistory"}
[36mjuno-admin_1  |[0m 1665228407	[32mINFO[0m	xecho/server.go:75	add route                       	{"aid": "1234567890", "iid": "3dfa3a4ea3049ea77ecf5bcfd59b2055", "mod": "server.echo", "method": "HEAD", "path": "/api/admin/confgo/*"}
[36mjuno-admin_1  |[0m 1665228407	[32mINFO[0m	xecho/server.go:75	add route                       	{"aid": "1234567890", "iid": "3dfa3a4ea3049ea77ecf5bcfd59b2055", "mod": "server.echo", "method": "HEAD", "path": "/api/admin/permission/*"}
[36mjuno-admin_1  |[0m 1665228407	[32mINFO[0m	xecho/server.go:75	add route                       	{"aid": "1234567890", "iid": "3dfa3a4ea3049ea77ecf5bcfd59b2055", "mod": "server.echo", "method": "PATCH", "path": "/api/admin/pprof/*"}
[36mjuno-admin_1  |[0m 1665228407	[32mINFO[0m	xecho/server.go:75	add route                       	{"aid": "1234567890", "iid": "3dfa3a4ea3049ea77ecf5bcfd59b2055", "mod": "server.echo", "method": "DELETE", "path": "/api/admin/grpc/*"}
[36mjuno-admin_1  |[0m 1665228407	[32mINFO[0m	xecho/server.go:75	add route                       	{"aid": "1234567890", "iid": "3dfa3a4ea3049ea77ecf5bcfd59b2055", "mod": "server.echo", "method": "GET", "path": "/api/v1/resource/node/transfer/put"}
[36mjuno-admin_1  |[0m 1665228407	[32mINFO[0m	xecho/server.go:75	add route                       	{"aid": "1234567890", "iid": "3dfa3a4ea3049ea77ecf5bcfd59b2055", "mod": "server.echo", "method": "HEAD", "path": "/api/admin/test/grpc"}
[36mjuno-admin_1  |[0m 1665228407	[32mINFO[0m	xecho/server.go:75	add route                       	{"aid": "1234567890", "iid": "3dfa3a4ea3049ea77ecf5bcfd59b2055", "mod": "server.echo", "method": "PATCH", "path": "/api/v1"}
[36mjuno-admin_1  |[0m 1665228407	[32mINFO[0m	xecho/server.go:75	add route                       	{"aid": "1234567890", "iid": "3dfa3a4ea3049ea77ecf5bcfd59b2055", "mod": "server.echo", "method": "GET", "path": "/api/admin/resource/app_node/info"}
[36mjuno-admin_1  |[0m 1665228407	[32mINFO[0m	xecho/server.go:75	add route                       	{"aid": "1234567890", "iid": "3dfa3a4ea3049ea77ecf5bcfd59b2055", "mod": "server.echo", "method": "GET", "path": "/api/v1/resource/app/list"}
[36mjuno-admin_1  |[0m 1665228407	[32mINFO[0m	xecho/server.go:75	add route                       	{"aid": "1234567890", "iid": "3dfa3a4ea3049ea77ecf5bcfd59b2055", "mod": "server.echo", "method": "PROPFIND", "path": "/api/admin/test/grpc"}
[36mjuno-admin_1  |[0m 1665228407	[32mINFO[0m	xecho/server.go:75	add route                       	{"aid": "1234567890", "iid": "3dfa3a4ea3049ea77ecf5bcfd59b2055", "mod": "server.echo", "method": "REPORT", "path": "/api/admin/analysis/*"}
[36mjuno-admin_1  |[0m 1665228407	[32mINFO[0m	xecho/server.go:75	add route                       	{"aid": "1234567890", "iid": "3dfa3a4ea3049ea77ecf5bcfd59b2055", "mod": "server.echo", "method": "GET", "path": "/api/admin/grpc"}
[36mjuno-admin_1  |[0m 1665228407	[32mINFO[0m	xecho/server.go:75	add route                       	{"aid": "1234567890", "iid": "3dfa3a4ea3049ea77ecf5bcfd59b2055", "mod": "server.echo", "method": "REPORT", "path": "/api/admin/permission/*"}
[36mjuno-admin_1  |[0m 1665228407	[32mINFO[0m	xecho/server.go:75	add route                       	{"aid": "1234567890", "iid": "3dfa3a4ea3049ea77ecf5bcfd59b2055", "mod": "server.echo", "method": "HEAD", "path": "/api/v1/confgo"}
[36mjuno-admin_1  |[0m 1665228407	[32mINFO[0m	xecho/server.go:75	add route                       	{"aid": "1234567890", "iid": "3dfa3a4ea3049ea77ecf5bcfd59b2055", "mod": "server.echo", "method": "PUT", "path": "/api/admin/confgo"}
[36mjuno-admin_1  |[0m 1665228407	[32mINFO[0m	xecho/server.go:75	add route                       	{"aid": "1234567890", "iid": "3dfa3a4ea3049ea77ecf5bcfd59b2055", "mod": "server.echo", "method": "PUT", "path": "/api/admin/cronjob/*"}
[36mjuno-admin_1  |[0m 1665228407	[32mINFO[0m	xecho/server.go:75	add route                       	{"aid": "1234567890", "iid": "3dfa3a4ea3049ea77ecf5bcfd59b2055", "mod": "server.echo", "method": "POST", "path": "/api/v1/analysis/*"}
[36mjuno-admin_1  |[0m 1665228407	[32mINFO[0m	xecho/server.go:75	add route                       	{"aid": "1234567890", "iid": "3dfa3a4ea3049ea77ecf5bcfd59b2055", "mod": "server.echo", "method": "PATCH", "path": "/api/admin"}
[36mjuno-admin_1  |[0m 1665228407	[32mINFO[0m	xecho/server.go:75	add route                       	{"aid": "1234567890", "iid": "3dfa3a4ea3049ea77ecf5bcfd59b2055", "mod": "server.echo", "method": "PUT", "path": "/api/admin/*"}
[36mjuno-admin_1  |[0m 1665228407	[32mINFO[0m	xecho/server.go:75	add route                       	{"aid": "1234567890", "iid": "3dfa3a4ea3049ea77ecf5bcfd59b2055", "mod": "server.echo", "method": "CONNECT", "path": "/api/admin/etcd/*"}
[36mjuno-admin_1  |[0m 1665228407	[32mINFO[0m	xecho/server.go:75	add route                       	{"aid": "1234567890", "iid": "3dfa3a4ea3049ea77ecf5bcfd59b2055", "mod": "server.echo", "method": "POST", "path": "/api/v1/worker/heartbeat"}
[36mjuno-admin_1  |[0m 1665228407	[32mINFO[0m	xecho/server.go:75	add route                       	{"aid": "1234567890", "iid": "3dfa3a4ea3049ea77ecf5bcfd59b2055", "mod": "server.echo", "method": "DELETE", "path": "/api/v1/etcd/*"}
[36mjuno-admin_1  |[0m 1665228407	[32mINFO[0m	xecho/server.go:75	add route                       	{"aid": "1234567890", "iid": "3dfa3a4ea3049ea77ecf5bcfd59b2055", "mod": "server.echo", "method": "OPTIONS", "path": "/api/admin/user"}
[36mjuno-admin_1  |[0m 1665228407	[32mINFO[0m	xecho/server.go:75	add route                       	{"aid": "1234567890", "iid": "3dfa3a4ea3049ea77ecf5bcfd59b2055", "mod": "server.echo", "method": "POST", "path": "/api/admin/user/login"}
[36mjuno-admin_1  |[0m 1665228407	[32mINFO[0m	xecho/server.go:75	add route                       	{"aid": "1234567890", "iid": "3dfa3a4ea3049ea77ecf5bcfd59b2055", "mod": "server.echo", "method": "POST", "path": "/api/admin/resource/app/delete"}
[36mjuno-admin_1  |[0m 1665228407	[32mINFO[0m	xecho/server.go:75	add route                       	{"aid": "1234567890", "iid": "3dfa3a4ea3049ea77ecf5bcfd59b2055", "mod": "server.echo", "method": "PATCH", "path": "/api/admin/test/http"}
[36mjuno-admin_1  |[0m 1665228407	[32mINFO[0m	xecho/server.go:75	add route                       	{"aid": "1234567890", "iid": "3dfa3a4ea3049ea77ecf5bcfd59b2055", "mod": "server.echo", "method": "DELETE", "path": "/api/admin/logger"}
[36mjuno-admin_1  |[0m 1665228407	[32mINFO[0m	xecho/server.go:75	add route                       	{"aid": "1234567890", "iid": "3dfa3a4ea3049ea77ecf5bcfd59b2055", "mod": "server.echo", "method": "PUT", "path": "/api/admin/confgo/*"}
[36mjuno-admin_1  |[0m 1665228407	[32mINFO[0m	xecho/server.go:75	add route                       	{"aid": "1234567890", "iid": "3dfa3a4ea3049ea77ecf5bcfd59b2055", "mod": "server.echo", "method": "TRACE", "path": "/api/admin/test"}
[36mjuno-admin_1  |[0m 1665228407	[32mINFO[0m	xecho/server.go:75	add route                       	{"aid": "1234567890", "iid": "3dfa3a4ea3049ea77ecf5bcfd59b2055", "mod": "server.echo", "method": "TRACE", "path": "/api/admin/cronjob/task"}
[36mjuno-admin_1  |[0m 1665228407	[32mINFO[0m	xecho/server.go:75	add route                       	{"aid": "1234567890", "iid": "3dfa3a4ea3049ea77ecf5bcfd59b2055", "mod": "server.echo", "method": "POST", "path": "/api/admin/proxyintegrat"}
[36mjuno-admin_1  |[0m 1665228407	[32mINFO[0m	xecho/server.go:75	add route                       	{"aid": "1234567890", "iid": "3dfa3a4ea3049ea77ecf5bcfd59b2055", "mod": "server.echo", "method": "POST", "path": "/api/admin/pprof"}
[36mjuno-admin_1  |[0m 1665228407	[32mINFO[0m	xecho/server.go:75	add route                       	{"aid": "1234567890", "iid": "3dfa3a4ea3049ea77ecf5bcfd59b2055", "mod": "server.echo", "method": "REPORT", "path": "/api/admin/pprof"}
[36mjuno-admin_1  |[0m 1665228407	[32mINFO[0m	xecho/server.go:75	add route                       	{"aid": "1234567890", "iid": "3dfa3a4ea3049ea77ecf5bcfd59b2055", "mod": "server.echo", "method": "GET", "path": "/api/admin/logger/*"}
[36mjuno-admin_1  |[0m 1665228407	[32mINFO[0m	xecho/server.go:75	add route                       	{"aid": "1234567890", "iid": "3dfa3a4ea3049ea77ecf5bcfd59b2055", "mod": "server.echo", "method": "DELETE", "path": "/api/admin"}
[36mjuno-admin_1  |[0m 1665228407	[32mINFO[0m	xecho/server.go:75	add route                       	{"aid": "1234567890", "iid": "3dfa3a4ea3049ea77ecf5bcfd59b2055", "mod": "server.echo", "method": "POST", "path": "/api/admin/confgo"}
[36mjuno-admin_1  |[0m 1665228407	[32mINFO[0m	xecho/server.go:75	add route                       	{"aid": "1234567890", "iid": "3dfa3a4ea3049ea77ecf5bcfd59b2055", "mod": "server.echo", "method": "PATCH", "path": "/api/admin/test/platform"}
[36mjuno-admin_1  |[0m 1665228407	[32mINFO[0m	xecho/server.go:75	add route                       	{"aid": "1234567890", "iid": "3dfa3a4ea3049ea77ecf5bcfd59b2055", "mod": "server.echo", "method": "PATCH", "path": "/api/admin/cronjob/*"}
[36mjuno-admin_1  |[0m 1665228407	[32mINFO[0m	xecho/server.go:75	add route                       	{"aid": "1234567890", "iid": "3dfa3a4ea3049ea77ecf5bcfd59b2055", "mod": "server.echo", "method": "HEAD", "path": "/api/admin/cronjob/task"}
[36mjuno-admin_1  |[0m 1665228407	[32mINFO[0m	xecho/server.go:75	add route                       	{"aid": "1234567890", "iid": "3dfa3a4ea3049ea77ecf5bcfd59b2055", "mod": "server.echo", "method": "OPTIONS", "path": "/api/admin/event"}
[36mjuno-admin_1  |[0m 1665228407	[32mINFO[0m	xecho/server.go:75	add route                       	{"aid": "1234567890", "iid": "3dfa3a4ea3049ea77ecf5bcfd59b2055", "mod": "server.echo", "method": "PATCH", "path": "/grafana/*"}
[36mjuno-admin_1  |[0m 1665228407	[32mINFO[0m	xecho/server.go:75	add route                       	{"aid": "1234567890", "iid": "3dfa3a4ea3049ea77ecf5bcfd59b2055", "mod": "server.echo", "method": "CONNECT", "path": "/api/admin/system"}
[36mjuno-admin_1  |[0m 1665228407	[32mINFO[0m	xecho/server.go:75	add route                       	{"aid": "1234567890", "iid": "3dfa3a4ea3049ea77ecf5bcfd59b2055", "mod": "server.echo", "method": "REPORT", "path": "/api/admin/resource/*"}
[36mjuno-admin_1  |[0m 1665228407	[32mINFO[0m	xecho/server.go:75	add route                       	{"aid": "1234567890", "iid": "3dfa3a4ea3049ea77ecf5bcfd59b2055", "mod": "server.echo", "method": "DELETE", "path": "/api/admin/permission/*"}
[36mjuno-admin_1  |[0m 1665228407	[32mINFO[0m	xecho/server.go:75	add route                       	{"aid": "1234567890", "iid": "3dfa3a4ea3049ea77ecf5bcfd59b2055", "mod": "server.echo", "method": "TRACE", "path": "/api/admin/permission/*"}
[36mjuno-admin_1  |[0m 1665228407	[32mINFO[0m	xecho/server.go:75	add route                       	{"aid": "1234567890", "iid": "3dfa3a4ea3049ea77ecf5bcfd59b2055", "mod": "server.echo", "method": "PATCH", "path": "/api/admin/grpc/*"}
[36mjuno-admin_1  |[0m 1665228407	[32mINFO[0m	xecho/server.go:75	add route                       	{"aid": "1234567890", "iid": "3dfa3a4ea3049ea77ecf5bcfd59b2055", "mod": "server.echo", "method": "OPTIONS", "path": "/api/v1/*"}
[36mjuno-admin_1  |[0m 1665228407	[32mINFO[0m	xecho/server.go:75	add route                       	{"aid": "1234567890", "iid": "3dfa3a4ea3049ea77ecf5bcfd59b2055", "mod": "server.echo", "method": "HEAD", "path": "/api/v1/confgo/*"}
[36mjuno-admin_1  |[0m 1665228407	[32mINFO[0m	xecho/server.go:75	add route                       	{"aid": "1234567890", "iid": "3dfa3a4ea3049ea77ecf5bcfd59b2055", "mod": "server.echo", "method": "PUT", "path": "/api/admin/openAuth"}
[36mjuno-admin_1  |[0m 1665228407	[32mINFO[0m	xecho/server.go:75	add route                       	{"aid": "1234567890", "iid": "3dfa3a4ea3049ea77ecf5bcfd59b2055", "mod": "server.echo", "method": "GET", "path": "/api/v1/resource/app/info"}
[36mjuno-admin_1  |[0m 1665228407	[32mINFO[0m	xecho/server.go:75	add route                       	{"aid": "1234567890", "iid": "3dfa3a4ea3049ea77ecf5bcfd59b2055", "mod": "server.echo", "method": "HEAD", "path": "/api/admin/test/http"}
[36mjuno-admin_1  |[0m 1665228407	[32mINFO[0m	xecho/server.go:75	add route                       	{"aid": "1234567890", "iid": "3dfa3a4ea3049ea77ecf5bcfd59b2055", "mod": "server.echo", "method": "POST", "path": "/api/admin/openAuth/accessToken/create"}
[36mjuno-admin_1  |[0m 1665228407	[32mINFO[0m	xecho/server.go:75	add route                       	{"aid": "1234567890", "iid": "3dfa3a4ea3049ea77ecf5bcfd59b2055", "mod": "server.echo", "method": "GET", "path": "/api/v1/etcd/list"}
[36mjuno-admin_1  |[0m 1665228407	[32mINFO[0m	xecho/server.go:75	add route                       	{"aid": "1234567890", "iid": "3dfa3a4ea3049ea77ecf5bcfd59b2055", "mod": "server.echo", "method": "POST", "path": "/api/admin/analysis"}
[36mjuno-admin_1  |[0m 1665228407	[32mINFO[0m	xecho/server.go:75	add route                       	{"aid": "1234567890", "iid": "3dfa3a4ea3049ea77ecf5bcfd59b2055", "mod": "server.echo", "method": "PUT", "path": "/api/v1/resource"}
[36mjuno-admin_1  |[0m 1665228407	[32mINFO[0m	xecho/server.go:75	add route                       	{"aid": "1234567890", "iid": "3dfa3a4ea3049ea77ecf5bcfd59b2055", "mod": "server.echo", "method": "TRACE", "path": "/api/v1/analysis"}
[36mjuno-admin_1  |[0m 1665228407	[32mINFO[0m	xecho/server.go:75	add route                       	{"aid": "1234567890", "iid": "3dfa3a4ea3049ea77ecf5bcfd59b2055", "mod": "server.echo", "method": "DELETE", "path": "/proxy"}
[36mjuno-admin_1  |[0m 1665228407	[32mINFO[0m	xecho/server.go:75	add route                       	{"aid": "1234567890", "iid": "3dfa3a4ea3049ea77ecf5bcfd59b2055", "mod": "server.echo", "method": "GET", "path": "/api/admin/public/system/config"}
[36mjuno-admin_1  |[0m 1665228407	[32mINFO[0m	xecho/server.go:75	add route                       	{"aid": "1234567890", "iid": "3dfa3a4ea3049ea77ecf5bcfd59b2055", "mod": "server.echo", "method": "POST", "path": "/api/admin/resource/app/create"}
[36mjuno-admin_1  |[0m 1665228407	[32mINFO[0m	xecho/server.go:75	add route                       	{"aid": "1234567890", "iid": "3dfa3a4ea3049ea77ecf5bcfd59b2055", "mod": "server.echo", "method": "GET", "path": "/api/admin/logger/logstore"}
[36mjuno-admin_1  |[0m 1665228407	[32mINFO[0m	xecho/server.go:75	add route                       	{"aid": "1234567890", "iid": "3dfa3a4ea3049ea77ecf5bcfd59b2055", "mod": "server.echo", "method": "TRACE", "path": "/grafana/"}
[36mjuno-admin_1  |[0m 1665228407	[32mINFO[0m	xecho/server.go:75	add route                       	{"aid": "1234567890", "iid": "3dfa3a4ea3049ea77ecf5bcfd59b2055", "mod": "server.echo", "method": "REPORT", "path": "/api/v1/etcd"}
[36mjuno-admin_1  |[0m 1665228407	[32mINFO[0m	xecho/server.go:75	add route                       	{"aid": "1234567890", "iid": "3dfa3a4ea3049ea77ecf5bcfd59b2055", "mod": "server.echo", "method": "HEAD", "path": "/api/admin/user"}
[36mjuno-admin_1  |[0m 1665228407	[32mINFO[0m	xecho/server.go:75	add route                       	{"aid": "1234567890", "iid": "3dfa3a4ea3049ea77ecf5bcfd59b2055", "mod": "server.echo", "method": "DELETE", "path": "/api/admin/confgov2"}
[36mjuno-admin_1  |[0m 1665228407	[32mINFO[0m	xecho/server.go:75	add route                       	{"aid": "1234567890", "iid": "3dfa3a4ea3049ea77ecf5bcfd59b2055", "mod": "server.echo", "method": "POST", "path": "/api/admin/confgov2/config/publish"}
[36mjuno-admin_1  |[0m 1665228407	[32mINFO[0m	xecho/server.go:75	add route                       	{"aid": "1234567890", "iid": "3dfa3a4ea3049ea77ecf5bcfd59b2055", "mod": "server.echo", "method": "OPTIONS", "path": "/api/admin/cronjob"}
[36mjuno-admin_1  |[0m 1665228407	[32mINFO[0m	xecho/server.go:75	add route                       	{"aid": "1234567890", "iid": "3dfa3a4ea3049ea77ecf5bcfd59b2055", "mod": "server.echo", "method": "PUT", "path": "/api/v1/*"}
[36mjuno-admin_1  |[0m 1665228407	[32mINFO[0m	xecho/server.go:75	add route                       	{"aid": "1234567890", "iid": "3dfa3a4ea3049ea77ecf5bcfd59b2055", "mod": "server.echo", "method": "OPTIONS", "path": "/api/admin/analysis/*"}
[36mjuno-admin_1  |[0m 1665228407	[32mINFO[0m	xecho/server.go:75	add route                       	{"aid": "1234567890", "iid": "3dfa3a4ea3049ea77ecf5bcfd59b2055", "mod": "server.echo", "method": "PATCH", "path": "/api/admin/proxyintegrat/*"}
[36mjuno-admin_1  |[0m 1665228407	[32mINFO[0m	xecho/server.go:75	add route                       	{"aid": "1234567890", "iid": "3dfa3a4ea3049ea77ecf5bcfd59b2055", "mod": "server.echo", "method": "GET", "path": "/api/v1/etcd"}
[36mjuno-admin_1  |[0m 1665228407	[32mINFO[0m	xecho/server.go:75	add route                       	{"aid": "1234567890", "iid": "3dfa3a4ea3049ea77ecf5bcfd59b2055", "mod": "server.echo", "method": "REPORT", "path": "/grafana"}
[36mjuno-admin_1  |[0m 1665228407	[32mINFO[0m	xecho/server.go:75	add route                       	{"aid": "1234567890", "iid": "3dfa3a4ea3049ea77ecf5bcfd59b2055", "mod": "server.echo", "method": "HEAD", "path": "/api/admin/confgov2"}
[36mjuno-admin_1  |[0m 1665228407	[32mINFO[0m	xecho/server.go:75	add route                       	{"aid": "1234567890", "iid": "3dfa3a4ea3049ea77ecf5bcfd59b2055", "mod": "server.echo", "method": "CONNECT", "path": "/api/admin/test/http/*"}
[36mjuno-admin_1  |[0m 1665228407	[32mINFO[0m	xecho/server.go:75	add route                       	{"aid": "1234567890", "iid": "3dfa3a4ea3049ea77ecf5bcfd59b2055", "mod": "server.echo", "method": "OPTIONS", "path": "/api/admin/openAuth"}
[36mjuno-admin_1  |[0m 1665228407	[32mINFO[0m	xecho/server.go:75	add route                       	{"aid": "1234567890", "iid": "3dfa3a4ea3049ea77ecf5bcfd59b2055", "mod": "server.echo", "method": "PROPFIND", "path": "/api/admin/user"}
[36mjuno-admin_1  |[0m 1665228407	[32mINFO[0m	xecho/server.go:75	add route                       	{"aid": "1234567890", "iid": "3dfa3a4ea3049ea77ecf5bcfd59b2055", "mod": "server.echo", "method": "REPORT", "path": "/api/admin/user/*"}
[36mjuno-admin_1  |[0m 1665228407	[32mINFO[0m	xecho/server.go:75	add route                       	{"aid": "1234567890", "iid": "3dfa3a4ea3049ea77ecf5bcfd59b2055", "mod": "server.echo", "method": "TRACE", "path": "/api/admin/confgov2"}
[36mjuno-admin_1  |[0m 1665228407	[32mINFO[0m	xecho/server.go:75	add route                       	{"aid": "1234567890", "iid": "3dfa3a4ea3049ea77ecf5bcfd59b2055", "mod": "server.echo", "method": "GET", "path": "/api/admin/resource/app_node/list"}
[36mjuno-admin_1  |[0m 1665228407	[32mINFO[0m	xecho/server.go:75	add route                       	{"aid": "1234567890", "iid": "3dfa3a4ea3049ea77ecf5bcfd59b2055", "mod": "server.echo", "method": "GET", "path": "/api/admin/resource/app_node/listSync"}
[36mjuno-admin_1  |[0m 1665228407	[32mINFO[0m	xecho/server.go:75	add route                       	{"aid": "1234567890", "iid": "3dfa3a4ea3049ea77ecf5bcfd59b2055", "mod": "server.echo", "method": "HEAD", "path": "/api/admin/grpc/*"}
[36mjuno-admin_1  |[0m 1665228407	[32mINFO[0m	xecho/server.go:75	add route                       	{"aid": "1234567890", "iid": "3dfa3a4ea3049ea77ecf5bcfd59b2055", "mod": "server.echo", "method": "PATCH", "path": "/proxy"}
[36mjuno-admin_1  |[0m 1665228407	[32mINFO[0m	xecho/server.go:75	add route                       	{"aid": "1234567890", "iid": "3dfa3a4ea3049ea77ecf5bcfd59b2055", "mod": "server.echo", "method": "GET", "path": "/api/admin/resource/node/list"}
[36mjuno-admin_1  |[0m 1665228407	[32mINFO[0m	xecho/server.go:75	add route                       	{"aid": "1234567890", "iid": "3dfa3a4ea3049ea77ecf5bcfd59b2055", "mod": "server.echo", "method": "TRACE", "path": "/api/admin/pprof"}
[36mjuno-admin_1  |[0m 1665228407	[32mINFO[0m	xecho/server.go:75	add route                       	{"aid": "1234567890", "iid": "3dfa3a4ea3049ea77ecf5bcfd59b2055", "mod": "server.echo", "method": "POST", "path": "/api/admin/resource/*"}
[36mjuno-admin_1  |[0m 1665228407	[32mINFO[0m	xecho/server.go:75	add route                       	{"aid": "1234567890", "iid": "3dfa3a4ea3049ea77ecf5bcfd59b2055", "mod": "server.echo", "method": "HEAD", "path": "/api/admin/test/grpc/*"}
[36mjuno-admin_1  |[0m 1665228407	[32mINFO[0m	xecho/server.go:75	add route                       	{"aid": "1234567890", "iid": "3dfa3a4ea3049ea77ecf5bcfd59b2055", "mod": "server.echo", "method": "CONNECT", "path": "/api/admin/cronjob/task"}
[36mjuno-admin_1  |[0m 1665228407	[32mINFO[0m	xecho/server.go:75	add route                       	{"aid": "1234567890", "iid": "3dfa3a4ea3049ea77ecf5bcfd59b2055", "mod": "server.echo", "method": "CONNECT", "path": "/api/v1/pprof"}
[36mjuno-admin_1  |[0m 1665228407	[32mINFO[0m	xecho/server.go:75	add route                       	{"aid": "1234567890", "iid": "3dfa3a4ea3049ea77ecf5bcfd59b2055", "mod": "server.echo", "method": "HEAD", "path": "/api/v1/etcd/*"}
[36mjuno-admin_1  |[0m 1665228407	[32mINFO[0m	xecho/server.go:75	add route                       	{"aid": "1234567890", "iid": "3dfa3a4ea3049ea77ecf5bcfd59b2055", "mod": "server.echo", "method": "POST", "path": "/api/admin/test/grpc/useCases/delete"}
[36mjuno-admin_1  |[0m 1665228407	[32mINFO[0m	xecho/server.go:75	add route                       	{"aid": "1234567890", "iid": "3dfa3a4ea3049ea77ecf5bcfd59b2055", "mod": "server.echo", "method": "PATCH", "path": "/api/admin/permission"}
[36mjuno-admin_1  |[0m 1665228407	[32mINFO[0m	xecho/server.go:75	add route                       	{"aid": "1234567890", "iid": "3dfa3a4ea3049ea77ecf5bcfd59b2055", "mod": "server.echo", "method": "CONNECT", "path": "/api/v1/event"}
[36mjuno-admin_1  |[0m 1665228407	[32mINFO[0m	xecho/server.go:75	add route                       	{"aid": "1234567890", "iid": "3dfa3a4ea3049ea77ecf5bcfd59b2055", "mod": "server.echo", "method": "PROPFIND", "path": "/api/v1/pprof"}
[36mjuno-admin_1  |[0m 1665228407	[32mINFO[0m	xecho/server.go:75	add route                       	{"aid": "1234567890", "iid": "3dfa3a4ea3049ea77ecf5bcfd59b2055", "mod": "server.echo", "method": "REPORT", "path": "/api/admin/confgov2"}
[36mjuno-admin_1  |[0m 1665228407	[32mINFO[0m	xecho/server.go:75	add route                       	{"aid": "1234567890", "iid": "3dfa3a4ea3049ea77ecf5bcfd59b2055", "mod": "server.echo", "method": "TRACE", "path": "/api/admin/system"}
[36mjuno-admin_1  |[0m 1665228407	[32mINFO[0m	xecho/server.go:75	add route                       	{"aid": "1234567890", "iid": "3dfa3a4ea3049ea77ecf5bcfd59b2055", "mod": "server.echo", "method": "REPORT", "path": "/api/v1/confgo/*"}
[36mjuno-admin_1  |[0m 1665228407	[32mINFO[0m	xecho/server.go:75	add route                       	{"aid": "1234567890", "iid": "3dfa3a4ea3049ea77ecf5bcfd59b2055", "mod": "server.echo", "method": "GET", "path": "/"}
[36mjuno-admin_1  |[0m 1665228407	[32mINFO[0m	xecho/server.go:75	add route                       	{"aid": "1234567890", "iid": "3dfa3a4ea3049ea77ecf5bcfd59b2055", "mod": "server.echo", "method": "GET", "path": "/api/admin/confgo"}
[36mjuno-admin_1  |[0m 1665228407	[32mINFO[0m	xecho/server.go:75	add route                       	{"aid": "1234567890", "iid": "3dfa3a4ea3049ea77ecf5bcfd59b2055", "mod": "server.echo", "method": "HEAD", "path": "/api/admin/confgov2/resource/*"}
[36mjuno-admin_1  |[0m 1665228407	[32mINFO[0m	xecho/server.go:75	add route                       	{"aid": "1234567890", "iid": "3dfa3a4ea3049ea77ecf5bcfd59b2055", "mod": "server.echo", "method": "PROPFIND", "path": "/grafana"}
[36mjuno-admin_1  |[0m 1665228407	[32mINFO[0m	xecho/server.go:75	add route                       	{"aid": "1234567890", "iid": "3dfa3a4ea3049ea77ecf5bcfd59b2055", "mod": "server.echo", "method": "DELETE", "path": "/api/admin/etcd/*"}
[36mjuno-admin_1  |[0m 1665228407	[32mINFO[0m	xecho/server.go:75	add route                       	{"aid": "1234567890", "iid": "3dfa3a4ea3049ea77ecf5bcfd59b2055", "mod": "server.echo", "method": "POST", "path": "/api/v1/resource/*"}
[36mjuno-admin_1  |[0m 1665228407	[32mINFO[0m	xecho/server.go:75	add route                       	{"aid": "1234567890", "iid": "3dfa3a4ea3049ea77ecf5bcfd59b2055", "mod": "server.echo", "method": "GET", "path": "/api/v1/system/setting/list"}
[36mjuno-admin_1  |[0m 1665228407	[32mINFO[0m	xecho/server.go:75	add route                       	{"aid": "1234567890", "iid": "3dfa3a4ea3049ea77ecf5bcfd59b2055", "mod": "server.echo", "method": "TRACE", "path": "/api/admin/public"}
[36mjuno-admin_1  |[0m 1665228407	[32mINFO[0m	xecho/server.go:75	add route                       	{"aid": "1234567890", "iid": "3dfa3a4ea3049ea77ecf5bcfd59b2055", "mod": "server.echo", "method": "DELETE", "path": "/api/admin/resource/*"}
[36mjuno-admin_1  |[0m 1665228407	[32mINFO[0m	xecho/server.go:75	add route                       	{"aid": "1234567890", "iid": "3dfa3a4ea3049ea77ecf5bcfd59b2055", "mod": "server.echo", "method": "GET", "path": "/api/admin/cronjob"}
[36mjuno-admin_1  |[0m 1665228407	[32mINFO[0m	xecho/server.go:75	add route                       	{"aid": "1234567890", "iid": "3dfa3a4ea3049ea77ecf5bcfd59b2055", "mod": "server.echo", "method": "REPORT", "path": "/api/v1/system"}
[36mjuno-admin_1  |[0m 1665228407	[32mINFO[0m	xecho/server.go:75	add route                       	{"aid": "1234567890", "iid": "3dfa3a4ea3049ea77ecf5bcfd59b2055", "mod": "server.echo", "method": "HEAD", "path": "/api/v1/system/*"}
[36mjuno-admin_1  |[0m 1665228407	[32mINFO[0m	xecho/server.go:75	add route                       	{"aid": "1234567890", "iid": "3dfa3a4ea3049ea77ecf5bcfd59b2055", "mod": "server.echo", "method": "POST", "path": "/api/admin"}
[36mjuno-admin_1  |[0m 1665228407	[32mINFO[0m	xecho/server.go:75	add route                       	{"aid": "1234567890", "iid": "3dfa3a4ea3049ea77ecf5bcfd59b2055", "mod": "server.echo", "method": "DELETE", "path": "/api/admin/confgov2/resource/*"}
[36mjuno-admin_1  |[0m 1665228407	[32mINFO[0m	xecho/server.go:75	add route                       	{"aid": "1234567890", "iid": "3dfa3a4ea3049ea77ecf5bcfd59b2055", "mod": "server.echo", "method": "POST", "path": "/api/admin/test/grpc/*"}
[36mjuno-admin_1  |[0m 1665228407	[32mINFO[0m	xecho/server.go:75	add route                       	{"aid": "1234567890", "iid": "3dfa3a4ea3049ea77ecf5bcfd59b2055", "mod": "server.echo", "method": "PUT", "path": "/api/admin/test/grpc/*"}
[36mjuno-admin_1  |[0m 1665228407	[32mINFO[0m	xecho/server.go:75	add route                       	{"aid": "1234567890", "iid": "3dfa3a4ea3049ea77ecf5bcfd59b2055", "mod": "server.echo", "method": "CONNECT", "path": "/api/admin/permission/*"}
[36mjuno-admin_1  |[0m 1665228407	[32mINFO[0m	xecho/server.go:75	add route                       	{"aid": "1234567890", "iid": "3dfa3a4ea3049ea77ecf5bcfd59b2055", "mod": "server.echo", "method": "PROPFIND", "path": "/api/admin/pprof/*"}
[36mjuno-admin_1  |[0m 1665228407	[32mINFO[0m	xecho/server.go:75	add route                       	{"aid": "1234567890", "iid": "3dfa3a4ea3049ea77ecf5bcfd59b2055", "mod": "server.echo", "method": "PATCH", "path": "/api/v1/analysis"}
[36mjuno-admin_1  |[0m 1665228407	[32mINFO[0m	xecho/server.go:75	add route                       	{"aid": "1234567890", "iid": "3dfa3a4ea3049ea77ecf5bcfd59b2055", "mod": "server.echo", "method": "DELETE", "path": "/api/admin/*"}
[36mjuno-admin_1  |[0m 1665228407	[32mINFO[0m	xecho/server.go:75	add route                       	{"aid": "1234567890", "iid": "3dfa3a4ea3049ea77ecf5bcfd59b2055", "mod": "server.echo", "method": "PROPFIND", "path": "/api/admin/proxyintegrat/*"}
[36mjuno-admin_1  |[0m 1665228407	[32mINFO[0m	xecho/server.go:75	add route                       	{"aid": "1234567890", "iid": "3dfa3a4ea3049ea77ecf5bcfd59b2055", "mod": "server.echo", "method": "PUT", "path": "/api/v1"}
[36mjuno-admin_1  |[0m 1665228407	[32mINFO[0m	xecho/server.go:75	add route                       	{"aid": "1234567890", "iid": "3dfa3a4ea3049ea77ecf5bcfd59b2055", "mod": "server.echo", "method": "REPORT", "path": "/api/v1/*"}
[36mjuno-admin_1  |[0m 1665228407	[32mINFO[0m	xecho/server.go:75	add route                       	{"aid": "1234567890", "iid": "3dfa3a4ea3049ea77ecf5bcfd59b2055", "mod": "server.echo", "method": "PROPFIND", "path": "/api/v1/analysis/*"}
[36mjuno-admin_1  |[0m 1665228407	[32mINFO[0m	xecho/server.go:75	add route                       	{"aid": "1234567890", "iid": "3dfa3a4ea3049ea77ecf5bcfd59b2055", "mod": "server.echo", "method": "HEAD", "path": "/api/v1/event"}
[36mjuno-admin_1  |[0m 1665228407	[32mINFO[0m	xecho/server.go:75	add route                       	{"aid": "1234567890", "iid": "3dfa3a4ea3049ea77ecf5bcfd59b2055", "mod": "server.echo", "method": "PUT", "path": "/proxy/*"}
[36mjuno-admin_1  |[0m 1665228407	[32mINFO[0m	xecho/server.go:75	add route                       	{"aid": "1234567890", "iid": "3dfa3a4ea3049ea77ecf5bcfd59b2055", "mod": "server.echo", "method": "GET", "path": "/api/admin/analysis/deppkg/list"}
[36mjuno-admin_1  |[0m 1665228407	[32mINFO[0m	xecho/server.go:75	add route                       	{"aid": "1234567890", "iid": "3dfa3a4ea3049ea77ecf5bcfd59b2055", "mod": "server.echo", "method": "POST", "path": "/api/admin/confgov2/config/batchClusterPublishConfigInfo"}
[36mjuno-admin_1  |[0m 1665228407	[32mINFO[0m	xecho/server.go:75	add route                       	{"aid": "1234567890", "iid": "3dfa3a4ea3049ea77ecf5bcfd59b2055", "mod": "server.echo", "method": "GET", "path": "/api/admin/resource/app/listWithEnv"}
[36mjuno-admin_1  |[0m 1665228407	[32mINFO[0m	xecho/server.go:75	add route                       	{"aid": "1234567890", "iid": "3dfa3a4ea3049ea77ecf5bcfd59b2055", "mod": "server.echo", "method": "GET", "path": "/api/admin/cronjob/task/*"}
[36mjuno-admin_1  |[0m 1665228407	[32mINFO[0m	xecho/server.go:75	add route                       	{"aid": "1234567890", "iid": "3dfa3a4ea3049ea77ecf5bcfd59b2055", "mod": "server.echo", "method": "GET", "path": "/api/admin/confgo/tpl/info"}
[36mjuno-admin_1  |[0m 1665228407	[32mINFO[0m	xecho/server.go:75	add route                       	{"aid": "1234567890", "iid": "3dfa3a4ea3049ea77ecf5bcfd59b2055", "mod": "server.echo", "method": "TRACE", "path": "/api/admin/confgov2/*"}
[36mjuno-admin_1  |[0m 1665228407	[32mINFO[0m	xecho/server.go:75	add route                       	{"aid": "1234567890", "iid": "3dfa3a4ea3049ea77ecf5bcfd59b2055", "mod": "server.echo", "method": "DELETE", "path": "/api/admin/event"}
[36mjuno-admin_1  |[0m 1665228407	[32mINFO[0m	xecho/server.go:75	add route                       	{"aid": "1234567890", "iid": "3dfa3a4ea3049ea77ecf5bcfd59b2055", "mod": "server.echo", "method": "REPORT", "path": "/api/v1/analysis"}
[36mjuno-admin_1  |[0m 1665228407	[32mINFO[0m	xecho/server.go:75	add route                       	{"aid": "1234567890", "iid": "3dfa3a4ea3049ea77ecf5bcfd59b2055", "mod": "server.echo", "method": "PROPFIND", "path": "/api/admin/test/platform"}
[36mjuno-admin_1  |[0m 1665228407	[32mINFO[0m	xecho/server.go:75	add route                       	{"aid": "1234567890", "iid": "3dfa3a4ea3049ea77ecf5bcfd59b2055", "mod": "server.echo", "method": "GET", "path": "/api/admin/cronjob/task/detail"}
[36mjuno-admin_1  |[0m 1665228407	[32mINFO[0m	xecho/server.go:75	add route                       	{"aid": "1234567890", "iid": "3dfa3a4ea3049ea77ecf5bcfd59b2055", "mod": "server.echo", "method": "GET", "path": "/api/admin/grpc/*"}
[36mjuno-admin_1  |[0m 1665228407	[32mINFO[0m	xecho/server.go:75	add route                       	{"aid": "1234567890", "iid": "3dfa3a4ea3049ea77ecf5bcfd59b2055", "mod": "server.echo", "method": "DELETE", "path": "/api/v1/etcd"}
[36mjuno-admin_1  |[0m 1665228407	[32mINFO[0m	xecho/server.go:75	add route                       	{"aid": "1234567890", "iid": "3dfa3a4ea3049ea77ecf5bcfd59b2055", "mod": "server.echo", "method": "HEAD", "path": "/api/admin/confgov2/resource"}
[36mjuno-admin_1  |[0m 1665228407	[32mINFO[0m	xecho/server.go:75	add route                       	{"aid": "1234567890", "iid": "3dfa3a4ea3049ea77ecf5bcfd59b2055", "mod": "server.echo", "method": "PUT", "path": "/api/admin/permission/*"}
[36mjuno-admin_1  |[0m 1665228407	[32mINFO[0m	xecho/server.go:75	add route                       	{"aid": "1234567890", "iid": "3dfa3a4ea3049ea77ecf5bcfd59b2055", "mod": "server.echo", "method": "GET", "path": "/api/admin/user/list"}
[36mjuno-admin_1  |[0m 1665228407	[32mINFO[0m	xecho/server.go:75	add route                       	{"aid": "1234567890", "iid": "3dfa3a4ea3049ea77ecf5bcfd59b2055", "mod": "server.echo", "method": "DELETE", "path": "/api/admin/analysis"}
[36mjuno-admin_1  |[0m 1665228407	[32mINFO[0m	xecho/server.go:75	add route                       	{"aid": "1234567890", "iid": "3dfa3a4ea3049ea77ecf5bcfd59b2055", "mod": "server.echo", "method": "REPORT", "path": "/api/admin/proxyintegrat/*"}
[36mjuno-admin_1  |[0m 1665228407	[32mINFO[0m	xecho/server.go:75	add route                       	{"aid": "1234567890", "iid": "3dfa3a4ea3049ea77ecf5bcfd59b2055", "mod": "server.echo", "method": "GET", "path": "/api/admin/permission/app/group"}
[36mjuno-admin_1  |[0m 1665228407	[32mINFO[0m	xecho/server.go:75	add route                       	{"aid": "1234567890", "iid": "3dfa3a4ea3049ea77ecf5bcfd59b2055", "mod": "server.echo", "method": "POST", "path": "/api/v1/system/option/create"}
[36mjuno-admin_1  |[0m 1665228407	[32mINFO[0m	xecho/server.go:75	add route                       	{"aid": "1234567890", "iid": "3dfa3a4ea3049ea77ecf5bcfd59b2055", "mod": "server.echo", "method": "CONNECT", "path": "/proxy"}
[36mjuno-admin_1  |[0m 1665228407	[32mINFO[0m	xecho/server.go:75	add route                       	{"aid": "1234567890", "iid": "3dfa3a4ea3049ea77ecf5bcfd59b2055", "mod": "server.echo", "method": "TRACE", "path": "/api/admin/test/platform/*"}
[36mjuno-admin_1  |[0m 1665228407	[32mINFO[0m	xecho/server.go:75	add route                       	{"aid": "1234567890", "iid": "3dfa3a4ea3049ea77ecf5bcfd59b2055", "mod": "server.echo", "method": "PROPFIND", "path": "/api/admin/cronjob/task"}
[36mjuno-admin_1  |[0m 1665228407	[32mINFO[0m	xecho/server.go:75	add route                       	{"aid": "1234567890", "iid": "3dfa3a4ea3049ea77ecf5bcfd59b2055", "mod": "server.echo", "method": "PUT", "path": "/api/admin/pprof/*"}
[36mjuno-admin_1  |[0m 1665228407	[32mINFO[0m	xecho/server.go:75	add route                       	{"aid": "1234567890", "iid": "3dfa3a4ea3049ea77ecf5bcfd59b2055", "mod": "server.echo", "method": "CONNECT", "path": "/api/v1/*"}
[36mjuno-admin_1  |[0m 1665228407	[32mINFO[0m	xecho/server.go:75	add route                       	{"aid": "1234567890", "iid": "3dfa3a4ea3049ea77ecf5bcfd59b2055", "mod": "server.echo", "method": "GET", "path": "/api/admin/public/user/info"}
[36mjuno-admin_1  |[0m 1665228407	[32mINFO[0m	xecho/server.go:75	add route                       	{"aid": "1234567890", "iid": "3dfa3a4ea3049ea77ecf5bcfd59b2055", "mod": "server.echo", "method": "GET", "path": "/api/admin/test/platform/pipeline/tasks/steps"}
[36mjuno-admin_1  |[0m 1665228407	[32mINFO[0m	xecho/server.go:75	add route                       	{"aid": "1234567890", "iid": "3dfa3a4ea3049ea77ecf5bcfd59b2055", "mod": "server.echo", "method": "HEAD", "path": "/api/admin/analysis"}
[36mjuno-admin_1  |[0m 1665228407	[32mINFO[0m	xecho/server.go:75	add route                       	{"aid": "1234567890", "iid": "3dfa3a4ea3049ea77ecf5bcfd59b2055", "mod": "server.echo", "method": "HEAD", "path": "/api/admin/cronjob"}
[36mjuno-admin_1  |[0m 1665228407	[32mINFO[0m	xecho/server.go:75	add route                       	{"aid": "1234567890", "iid": "3dfa3a4ea3049ea77ecf5bcfd59b2055", "mod": "server.echo", "method": "PUT", "path": "/api/admin/system/*"}
[36mjuno-admin_1  |[0m 1665228407	[32mINFO[0m	xecho/server.go:75	add route                       	{"aid": "1234567890", "iid": "3dfa3a4ea3049ea77ecf5bcfd59b2055", "mod": "server.echo", "method": "POST", "path": "/api/admin/grpc/configurators/update"}
[36mjuno-admin_1  |[0m 1665228407	[32mINFO[0m	xecho/server.go:75	add route                       	{"aid": "1234567890", "iid": "3dfa3a4ea3049ea77ecf5bcfd59b2055", "mod": "server.echo", "method": "GET", "path": "/api/admin"}
[36mjuno-admin_1  |[0m 1665228407	[32mINFO[0m	xecho/server.go:75	add route                       	{"aid": "1234567890", "iid": "3dfa3a4ea3049ea77ecf5bcfd59b2055", "mod": "server.echo", "method": "GET", "path": "/api/admin/confgov2/resource/detail"}
[36mjuno-admin_1  |[0m 1665228407	[32mINFO[0m	xecho/server.go:75	add route                       	{"aid": "1234567890", "iid": "3dfa3a4ea3049ea77ecf5bcfd59b2055", "mod": "server.echo", "method": "PUT", "path": "/api/admin/logger/*"}
[36mjuno-admin_1  |[0m 1665228407	[32mINFO[0m	xecho/server.go:75	add route                       	{"aid": "1234567890", "iid": "3dfa3a4ea3049ea77ecf5bcfd59b2055", "mod": "server.echo", "method": "REPORT", "path": "/api/v1/pprof/*"}
[36mjuno-admin_1  |[0m 1665228407	[32mINFO[0m	xecho/server.go:75	add route                       	{"aid": "1234567890", "iid": "3dfa3a4ea3049ea77ecf5bcfd59b2055", "mod": "server.echo", "method": "PUT", "path": "/api/admin/public"}
[36mjuno-admin_1  |[0m 1665228407	[32mINFO[0m	xecho/server.go:75	add route                       	{"aid": "1234567890", "iid": "3dfa3a4ea3049ea77ecf5bcfd59b2055", "mod": "server.echo", "method": "REPORT", "path": "/api/admin/test/grpc/*"}
[36mjuno-admin_1  |[0m 1665228407	[32mINFO[0m	xecho/server.go:75	add route                       	{"aid": "1234567890", "iid": "3dfa3a4ea3049ea77ecf5bcfd59b2055", "mod": "server.echo", "method": "PUT", "path": "/api/admin/cronjob/task/*"}
[36mjuno-admin_1  |[0m 1665228407	[32mINFO[0m	xecho/server.go:75	add route                       	{"aid": "1234567890", "iid": "3dfa3a4ea3049ea77ecf5bcfd59b2055", "mod": "server.echo", "method": "DELETE", "path": "/proxy/"}
[36mjuno-admin_1  |[0m 1665228407	[32mINFO[0m	xecho/server.go:75	add route                       	{"aid": "1234567890", "iid": "3dfa3a4ea3049ea77ecf5bcfd59b2055", "mod": "server.echo", "method": "DELETE", "path": "/api/admin/confgov2/resource"}
[36mjuno-admin_1  |[0m 1665228407	[32mINFO[0m	xecho/server.go:75	add route                       	{"aid": "1234567890", "iid": "3dfa3a4ea3049ea77ecf5bcfd59b2055", "mod": "server.echo", "method": "POST", "path": "/api/admin/proxyintegrat/proxyMenuCreateOrUpdate"}
[36mjuno-admin_1  |[0m 1665228407	[32mINFO[0m	xecho/server.go:75	add route                       	{"aid": "1234567890", "iid": "3dfa3a4ea3049ea77ecf5bcfd59b2055", "mod": "server.echo", "method": "TRACE", "path": "/api/admin/proxyintegrat"}
[36mjuno-admin_1  |[0m 1665228407	[32mINFO[0m	xecho/server.go:75	add route                       	{"aid": "1234567890", "iid": "3dfa3a4ea3049ea77ecf5bcfd59b2055", "mod": "server.echo", "method": "POST", "path": "/api/admin/system/option/update"}
[36mjuno-admin_1  |[0m 1665228407	[32mINFO[0m	xecho/server.go:75	add route                       	{"aid": "1234567890", "iid": "3dfa3a4ea3049ea77ecf5bcfd59b2055", "mod": "server.echo", "method": "POST", "path": "/api/v1/etcd/*"}
[36mjuno-admin_1  |[0m 1665228407	[32mINFO[0m	xecho/server.go:75	add route                       	{"aid": "1234567890", "iid": "3dfa3a4ea3049ea77ecf5bcfd59b2055", "mod": "server.echo", "method": "PROPFIND", "path": "/api/admin"}
[36mjuno-admin_1  |[0m 1665228407	[32mINFO[0m	xecho/server.go:75	add route                       	{"aid": "1234567890", "iid": "3dfa3a4ea3049ea77ecf5bcfd59b2055", "mod": "server.echo", "method": "REPORT", "path": "/api/admin/confgov2/*"}
[36mjuno-admin_1  |[0m 1665228407	[32mINFO[0m	xecho/server.go:75	add route                       	{"aid": "1234567890", "iid": "3dfa3a4ea3049ea77ecf5bcfd59b2055", "mod": "server.echo", "method": "PUT", "path": "/api/admin/test/http/*"}
[36mjuno-admin_1  |[0m 1665228407	[32mINFO[0m	xecho/server.go:75	add route                       	{"aid": "1234567890", "iid": "3dfa3a4ea3049ea77ecf5bcfd59b2055", "mod": "server.echo", "method": "REPORT", "path": "/api/admin/logger"}
[36mjuno-admin_1  |[0m 1665228407	[32mINFO[0m	xecho/server.go:75	add route                       	{"aid": "1234567890", "iid": "3dfa3a4ea3049ea77ecf5bcfd59b2055", "mod": "server.echo", "method": "GET", "path": "/proxy/"}
[36mjuno-admin_1  |[0m 1665228407	[32mINFO[0m	xecho/server.go:75	add route                       	{"aid": "1234567890", "iid": "3dfa3a4ea3049ea77ecf5bcfd59b2055", "mod": "server.echo", "method": "GET", "path": "/api/admin/confgov2/resource/list"}
[36mjuno-admin_1  |[0m 1665228407	[32mINFO[0m	xecho/server.go:75	add route                       	{"aid": "1234567890", "iid": "3dfa3a4ea3049ea77ecf5bcfd59b2055", "mod": "server.echo", "method": "PROPFIND", "path": "/api/admin/test/*"}
[36mjuno-admin_1  |[0m 1665228407	[32mINFO[0m	xecho/server.go:75	add route                       	{"aid": "1234567890", "iid": "3dfa3a4ea3049ea77ecf5bcfd59b2055", "mod": "server.echo", "method": "TRACE", "path": "/api/admin/grpc/*"}
[36mjuno-admin_1  |[0m 1665228407	[32mINFO[0m	xecho/server.go:75	add route                       	{"aid": "1234567890", "iid": "3dfa3a4ea3049ea77ecf5bcfd59b2055", "mod": "server.echo", "method": "TRACE", "path": "/api/admin/openAuth"}
[36mjuno-admin_1  |[0m 1665228407	[32mINFO[0m	xecho/server.go:75	add route                       	{"aid": "1234567890", "iid": "3dfa3a4ea3049ea77ecf5bcfd59b2055", "mod": "server.echo", "method": "PUT", "path": "/api/v1/analysis/*"}
[36mjuno-admin_1  |[0m 1665228407	[32mINFO[0m	xecho/server.go:75	add route                       	{"aid": "1234567890", "iid": "3dfa3a4ea3049ea77ecf5bcfd59b2055", "mod": "server.echo", "method": "DELETE", "path": "/api/v1/event"}
[36mjuno-admin_1  |[0m 1665228407	[32mINFO[0m	xecho/server.go:75	add route                       	{"aid": "1234567890", "iid": "3dfa3a4ea3049ea77ecf5bcfd59b2055", "mod": "server.echo", "method": "HEAD", "path": "/api/admin/permission"}
[36mjuno-admin_1  |[0m 1665228407	[32mINFO[0m	xecho/server.go:75	add route                       	{"aid": "1234567890", "iid": "3dfa3a4ea3049ea77ecf5bcfd59b2055", "mod": "server.echo", "method": "DELETE", "path": "/api/admin/event/*"}
[36mjuno-admin_1  |[0m 1665228407	[32mINFO[0m	xecho/server.go:75	add route                       	{"aid": "1234567890", "iid": "3dfa3a4ea3049ea77ecf5bcfd59b2055", "mod": "server.echo", "method": "GET", "path": "/api/admin/confgov2"}
[36mjuno-admin_1  |[0m 1665228407	[32mINFO[0m	xecho/server.go:75	add route                       	{"aid": "1234567890", "iid": "3dfa3a4ea3049ea77ecf5bcfd59b2055", "mod": "server.echo", "method": "PUT", "path": "/api/admin/cronjob"}
[36mjuno-admin_1  |[0m 1665228407	[32mINFO[0m	xecho/server.go:75	add route                       	{"aid": "1234567890", "iid": "3dfa3a4ea3049ea77ecf5bcfd59b2055", "mod": "server.echo", "method": "POST", "path": "/api/admin/permission/*"}
[36mjuno-admin_1  |[0m 1665228407	[32mINFO[0m	xecho/server.go:75	add route                       	{"aid": "1234567890", "iid": "3dfa3a4ea3049ea77ecf5bcfd59b2055", "mod": "server.echo", "method": "DELETE", "path": "/api/admin/etcd"}
[36mjuno-admin_1  |[0m 1665228407	[32mINFO[0m	xecho/server.go:75	add route                       	{"aid": "1234567890", "iid": "3dfa3a4ea3049ea77ecf5bcfd59b2055", "mod": "server.echo", "method": "DELETE", "path": "/api/admin/test"}
[36mjuno-admin_1  |[0m 1665228407	[32mINFO[0m	xecho/server.go:75	add route                       	{"aid": "1234567890", "iid": "3dfa3a4ea3049ea77ecf5bcfd59b2055", "mod": "server.echo", "method": "TRACE", "path": "/api/admin/analysis"}
[36mjuno-admin_1  |[0m 1665228407	[32mINFO[0m	xecho/server.go:75	add route                       	{"aid": "1234567890", "iid": "3dfa3a4ea3049ea77ecf5bcfd59b2055", "mod": "server.echo", "method": "POST", "path": "/api/v1/analysis"}
[36mjuno-admin_1  |[0m 1665228407	[32mINFO[0m	xecho/server.go:75	add route                       	{"aid": "1234567890", "iid": "3dfa3a4ea3049ea77ecf5bcfd59b2055", "mod": "server.echo", "method": "GET", "path": "/api/admin/analysis/register/list"}
[36mjuno-admin_1  |[0m 1665228407	[32mINFO[0m	xecho/server.go:75	add route                       	{"aid": "1234567890", "iid": "3dfa3a4ea3049ea77ecf5bcfd59b2055", "mod": "server.echo", "method": "DELETE", "path": "/api/v1/pprof/*"}
[36mjuno-admin_1  |[0m 1665228407	[32mINFO[0m	xecho/server.go:75	add route                       	{"aid": "1234567890", "iid": "3dfa3a4ea3049ea77ecf5bcfd59b2055", "mod": "server.echo", "method": "PROPFIND", "path": "/api/v1/resource"}
[36mjuno-admin_1  |[0m 1665228407	[32mINFO[0m	xecho/server.go:75	add route                       	{"aid": "1234567890", "iid": "3dfa3a4ea3049ea77ecf5bcfd59b2055", "mod": "server.echo", "method": "CONNECT", "path": "/grafana/"}
[36mjuno-admin_1  |[0m 1665228407	[32mINFO[0m	xecho/server.go:75	add route                       	{"aid": "1234567890", "iid": "3dfa3a4ea3049ea77ecf5bcfd59b2055", "mod": "server.echo", "method": "HEAD", "path": "/api/admin/*"}
[36mjuno-admin_1  |[0m 1665228407	[32mINFO[0m	xecho/server.go:75	add route                       	{"aid": "1234567890", "iid": "3dfa3a4ea3049ea77ecf5bcfd59b2055", "mod": "server.echo", "method": "PATCH", "path": "/api/admin/public"}
[36mjuno-admin_1  |[0m 1665228407	[32mINFO[0m	xecho/server.go:75	add route                       	{"aid": "1234567890", "iid": "3dfa3a4ea3049ea77ecf5bcfd59b2055", "mod": "server.echo", "method": "PUT", "path": "/api/admin/test/*"}
[36mjuno-admin_1  |[0m 1665228407	[32mINFO[0m	xecho/server.go:75	add route                       	{"aid": "1234567890", "iid": "3dfa3a4ea3049ea77ecf5bcfd59b2055", "mod": "server.echo", "method": "TRACE", "path": "/api/admin/cronjob"}
[36mjuno-admin_1  |[0m 1665228407	[32mINFO[0m	xecho/server.go:75	add route                       	{"aid": "1234567890", "iid": "3dfa3a4ea3049ea77ecf5bcfd59b2055", "mod": "server.echo", "method": "POST", "path": "/api/admin/system/setting/update"}
[36mjuno-admin_1  |[0m 1665228407	[32mINFO[0m	xecho/server.go:75	add route                       	{"aid": "1234567890", "iid": "3dfa3a4ea3049ea77ecf5bcfd59b2055", "mod": "server.echo", "method": "POST", "path": "/api/admin/openAuth/*"}
[36mjuno-admin_1  |[0m 1665228407	[32mINFO[0m	xecho/server.go:75	add route                       	{"aid": "1234567890", "iid": "3dfa3a4ea3049ea77ecf5bcfd59b2055", "mod": "server.echo", "method": "OPTIONS", "path": "/grafana"}
[36mjuno-admin_1  |[0m 1665228407	[32mINFO[0m	xecho/server.go:75	add route                       	{"aid": "1234567890", "iid": "3dfa3a4ea3049ea77ecf5bcfd59b2055", "mod": "server.echo", "method": "TRACE", "path": "/api/admin/public/*"}
[36mjuno-admin_1  |[0m 1665228407	[32mINFO[0m	xecho/server.go:75	add route                       	{"aid": "1234567890", "iid": "3dfa3a4ea3049ea77ecf5bcfd59b2055", "mod": "server.echo", "method": "PUT", "path": "/api/admin/test/platform/*"}
[36mjuno-admin_1  |[0m 1665228407	[32mINFO[0m	xecho/server.go:75	add route                       	{"aid": "1234567890", "iid": "3dfa3a4ea3049ea77ecf5bcfd59b2055", "mod": "server.echo", "method": "REPORT", "path": "/api/admin/event/*"}
[36mjuno-admin_1  |[0m 1665228407	[32mINFO[0m	xecho/server.go:75	add route                       	{"aid": "1234567890", "iid": "3dfa3a4ea3049ea77ecf5bcfd59b2055", "mod": "server.echo", "method": "OPTIONS", "path": "/api/v1/analysis"}
[36mjuno-admin_1  |[0m 1665228407	[32mINFO[0m	xecho/server.go:75	add route                       	{"aid": "1234567890", "iid": "3dfa3a4ea3049ea77ecf5bcfd59b2055", "mod": "server.echo", "method": "POST", "path": "/api/v1/system/option/delete"}
[36mjuno-admin_1  |[0m 1665228407	[32mINFO[0m	xecho/server.go:75	add route                       	{"aid": "1234567890", "iid": "3dfa3a4ea3049ea77ecf5bcfd59b2055", "mod": "server.echo", "method": "POST", "path": "/api/admin/public"}
[36mjuno-admin_1  |[0m 1665228407	[32mINFO[0m	xecho/server.go:75	add route                       	{"aid": "1234567890", "iid": "3dfa3a4ea3049ea77ecf5bcfd59b2055", "mod": "server.echo", "method": "PROPFIND", "path": "/api/v1/*"}
[36mjuno-admin_1  |[0m 1665228407	[32mINFO[0m	xecho/server.go:75	add route                       	{"aid": "1234567890", "iid": "3dfa3a4ea3049ea77ecf5bcfd59b2055", "mod": "server.echo", "method": "GET", "path": "/api/admin/user/login/:oauth"}
[36mjuno-admin_1  |[0m 1665228407	[32mINFO[0m	xecho/server.go:75	add route                       	{"aid": "1234567890", "iid": "3dfa3a4ea3049ea77ecf5bcfd59b2055", "mod": "server.echo", "method": "DELETE", "path": "/api/admin/confgov2/*"}
[36mjuno-admin_1  |[0m 1665228407	[32mINFO[0m	xecho/server.go:75	add route                       	{"aid": "1234567890", "iid": "3dfa3a4ea3049ea77ecf5bcfd59b2055", "mod": "server.echo", "method": "POST", "path": "/api/admin/confgov2/resource/createVersion"}
[36mjuno-admin_1  |[0m 1665228407	[32mINFO[0m	xecho/server.go:75	add route                       	{"aid": "1234567890", "iid": "3dfa3a4ea3049ea77ecf5bcfd59b2055", "mod": "server.echo", "method": "OPTIONS", "path": "/api/admin/resource/*"}
[36mjuno-admin_1  |[0m 1665228407	[32mINFO[0m	xecho/server.go:75	add route                       	{"aid": "1234567890", "iid": "3dfa3a4ea3049ea77ecf5bcfd59b2055", "mod": "server.echo", "method": "DELETE", "path": "/api/admin/test/http/*"}
[36mjuno-admin_1  |[0m 1665228407	[32mINFO[0m	xecho/server.go:75	add route                       	{"aid": "1234567890", "iid": "3dfa3a4ea3049ea77ecf5bcfd59b2055", "mod": "server.echo", "method": "POST", "path": "/api/admin/proxyintegrat/*"}
[36mjuno-admin_1  |[0m 1665228407	[32mINFO[0m	xecho/server.go:75	add route                       	{"aid": "1234567890", "iid": "3dfa3a4ea3049ea77ecf5bcfd59b2055", "mod": "server.echo", "method": "GET", "path": "/api/admin/openAuth"}
[36mjuno-admin_1  |[0m 1665228407	[32mINFO[0m	xecho/server.go:75	add route                       	{"aid": "1234567890", "iid": "3dfa3a4ea3049ea77ecf5bcfd59b2055", "mod": "server.echo", "method": "DELETE", "path": "/api/v1/analysis/*"}
[36mjuno-admin_1  |[0m 1665228407	[32mINFO[0m	xecho/server.go:75	add route                       	{"aid": "1234567890", "iid": "3dfa3a4ea3049ea77ecf5bcfd59b2055", "mod": "server.echo", "method": "GET", "path": "/api/v1/analysis/topology/relationship"}
[36mjuno-admin_1  |[0m 1665228407	[32mINFO[0m	xecho/server.go:75	add route                       	{"aid": "1234567890", "iid": "3dfa3a4ea3049ea77ecf5bcfd59b2055", "mod": "server.echo", "method": "PATCH", "path": "/api/v1/etcd"}
[36mjuno-admin_1  |[0m 1665228407	[32mINFO[0m	xecho/server.go:75	add route                       	{"aid": "1234567890", "iid": "3dfa3a4ea3049ea77ecf5bcfd59b2055", "mod": "server.echo", "method": "PUT", "path": "/grafana/*"}
[36mjuno-admin_1  |[0m 1665228407	[32mINFO[0m	xecho/server.go:75	add route                       	{"aid": "1234567890", "iid": "3dfa3a4ea3049ea77ecf5bcfd59b2055", "mod": "server.echo", "method": "PROPFIND", "path": "/api/admin/confgov2"}
[36mjuno-admin_1  |[0m 1665228407	[32mINFO[0m	xecho/server.go:75	add route                       	{"aid": "1234567890", "iid": "3dfa3a4ea3049ea77ecf5bcfd59b2055", "mod": "server.echo", "method": "TRACE", "path": "/api/admin/resource/*"}
[36mjuno-admin_1  |[0m 1665228407	[32mINFO[0m	xecho/server.go:75	add route                       	{"aid": "1234567890", "iid": "3dfa3a4ea3049ea77ecf5bcfd59b2055", "mod": "server.echo", "method": "CONNECT", "path": "/api/admin/test/grpc/*"}
[36mjuno-admin_1  |[0m 1665228407	[32mINFO[0m	xecho/server.go:75	add route                       	{"aid": "1234567890", "iid": "3dfa3a4ea3049ea77ecf5bcfd59b2055", "mod": "server.echo", "method": "OPTIONS", "path": "/api/admin/pprof/*"}
[36mjuno-admin_1  |[0m 1665228407	[32mINFO[0m	xecho/server.go:75	add route                       	{"aid": "1234567890", "iid": "3dfa3a4ea3049ea77ecf5bcfd59b2055", "mod": "server.echo", "method": "HEAD", "path": "/api/v1/resource/*"}
[36mjuno-admin_1  |[0m 1665228407	[32mINFO[0m	xecho/server.go:75	add route                       	{"aid": "1234567890", "iid": "3dfa3a4ea3049ea77ecf5bcfd59b2055", "mod": "server.echo", "method": "POST", "path": "/api/v1/pprof"}
[36mjuno-admin_1  |[0m 1665228407	[32mINFO[0m	xecho/server.go:75	add route                       	{"aid": "1234567890", "iid": "3dfa3a4ea3049ea77ecf5bcfd59b2055", "mod": "server.echo", "method": "OPTIONS", "path": "/api/admin/proxyintegrat"}
[36mjuno-admin_1  |[0m 1665228407	[32mINFO[0m	xecho/server.go:75	add route                       	{"aid": "1234567890", "iid": "3dfa3a4ea3049ea77ecf5bcfd59b2055", "mod": "server.echo", "method": "POST", "path": "/api/v1/*"}
[36mjuno-admin_1  |[0m 1665228407	[32mINFO[0m	xecho/server.go:75	add route                       	{"aid": "1234567890", "iid": "3dfa3a4ea3049ea77ecf5bcfd59b2055", "mod": "server.echo", "method": "DELETE", "path": "/api/admin/user/*"}
[36mjuno-admin_1  |[0m 1665228407	[32mINFO[0m	xecho/server.go:75	add route                       	{"aid": "1234567890", "iid": "3dfa3a4ea3049ea77ecf5bcfd59b2055", "mod": "server.echo", "method": "TRACE", "path": "/api/admin/test/http/*"}
[36mjuno-admin_1  |[0m 1665228407	[32mINFO[0m	xecho/server.go:75	add route                       	{"aid": "1234567890", "iid": "3dfa3a4ea3049ea77ecf5bcfd59b2055", "mod": "server.echo", "method": "POST", "path": "/api/admin/permission/app/group/update"}
[36mjuno-admin_1  |[0m 1665228407	[32mINFO[0m	xecho/server.go:75	add route                       	{"aid": "1234567890", "iid": "3dfa3a4ea3049ea77ecf5bcfd59b2055", "mod": "server.echo", "method": "GET", "path": "/api/v1/confgo/*"}
[36mjuno-admin_1  |[0m 1665228407	[32mINFO[0m	xecho/server.go:75	add route                       	{"aid": "1234567890", "iid": "3dfa3a4ea3049ea77ecf5bcfd59b2055", "mod": "server.echo", "method": "TRACE", "path": "/api/v1/resource/*"}
[36mjuno-admin_1  |[0m 1665228407	[32mINFO[0m	xecho/server.go:75	add route                       	{"aid": "1234567890", "iid": "3dfa3a4ea3049ea77ecf5bcfd59b2055", "mod": "server.echo", "method": "GET", "path": "/api/v1/analysis/topology/list"}
[36mjuno-admin_1  |[0m 1665228407	[32mINFO[0m	xecho/server.go:75	add route                       	{"aid": "1234567890", "iid": "3dfa3a4ea3049ea77ecf5bcfd59b2055", "mod": "server.echo", "method": "REPORT", "path": "/api/admin/analysis"}
[36mjuno-admin_1  |[0m 1665228407	[32mINFO[0m	xecho/server.go:75	add route                       	{"aid": "1234567890", "iid": "3dfa3a4ea3049ea77ecf5bcfd59b2055", "mod": "server.echo", "method": "GET", "path": "/api/admin/resource/app/frameVersion"}
[36mjuno-admin_1  |[0m 1665228407	[32mINFO[0m	xecho/server.go:75	add route                       	{"aid": "1234567890", "iid": "3dfa3a4ea3049ea77ecf5bcfd59b2055", "mod": "server.echo", "method": "PUT", "path": "/api/admin/proxyintegrat"}
[36mjuno-admin_1  |[0m 1665228407	[32mINFO[0m	xecho/server.go:75	add route                       	{"aid": "1234567890", "iid": "3dfa3a4ea3049ea77ecf5bcfd59b2055", "mod": "server.echo", "method": "CONNECT", "path": "/api/admin/pprof"}
[36mjuno-admin_1  |[0m 1665228407	[32mINFO[0m	xecho/server.go:75	add route                       	{"aid": "1234567890", "iid": "3dfa3a4ea3049ea77ecf5bcfd59b2055", "mod": "server.echo", "method": "POST", "path": "/api/v1/confgo/config/create"}
[36mjuno-admin_1  |[0m 1665228407	[32mINFO[0m	xecho/server.go:75	add route                       	{"aid": "1234567890", "iid": "3dfa3a4ea3049ea77ecf5bcfd59b2055", "mod": "server.echo", "method": "CONNECT", "path": "/api/v1/pprof/*"}
[36mjuno-admin_1  |[0m 1665228407	[32mINFO[0m	xecho/server.go:75	add route                       	{"aid": "1234567890", "iid": "3dfa3a4ea3049ea77ecf5bcfd59b2055", "mod": "server.echo", "method": "HEAD", "path": "/api/admin/pprof/*"}
[36mjuno-admin_1  |[0m 1665228407	[32mINFO[0m	xecho/server.go:75	add route                       	{"aid": "1234567890", "iid": "3dfa3a4ea3049ea77ecf5bcfd59b2055", "mod": "server.echo", "method": "REPORT", "path": "/api/admin/etcd"}
[36mjuno-admin_1  |[0m 1665228407	[32mINFO[0m	xecho/server.go:75	add route                       	{"aid": "1234567890", "iid": "3dfa3a4ea3049ea77ecf5bcfd59b2055", "mod": "server.echo", "method": "PROPFIND", "path": "/api/admin/grpc"}
[36mjuno-admin_1  |[0m 1665228407	[32mINFO[0m	xecho/server.go:75	add route                       	{"aid": "1234567890", "iid": "3dfa3a4ea3049ea77ecf5bcfd59b2055", "mod": "server.echo", "method": "TRACE", "path": "/api/v1/resource"}
[36mjuno-admin_1  |[0m 1665228407	[32mINFO[0m	xecho/server.go:75	add route                       	{"aid": "1234567890", "iid": "3dfa3a4ea3049ea77ecf5bcfd59b2055", "mod": "server.echo", "method": "CONNECT", "path": "/api/admin/openAuth"}
[36mjuno-admin_1  |[0m 1665228407	[32mINFO[0m	xecho/server.go:75	add route                       	{"aid": "1234567890", "iid": "3dfa3a4ea3049ea77ecf5bcfd59b2055", "mod": "server.echo", "method": "GET", "path": "/api/admin/openAuth/accessToken/list"}
[36mjuno-admin_1  |[0m 1665228407	[32mINFO[0m	xecho/server.go:75	add route                       	{"aid": "1234567890", "iid": "3dfa3a4ea3049ea77ecf5bcfd59b2055", "mod": "server.echo", "method": "REPORT", "path": "/api/admin/etcd/*"}
[36mjuno-admin_1  |[0m 1665228407	[32mINFO[0m	xecho/server.go:75	add route                       	{"aid": "1234567890", "iid": "3dfa3a4ea3049ea77ecf5bcfd59b2055", "mod": "server.echo", "method": "HEAD", "path": "/api/v1/resource"}
[36mjuno-admin_1  |[0m 1665228407	[32mINFO[0m	xecho/server.go:75	add route                       	{"aid": "1234567890", "iid": "3dfa3a4ea3049ea77ecf5bcfd59b2055", "mod": "server.echo", "method": "GET", "path": "/api/v1/resource/node/list"}
[36mjuno-admin_1  |[0m 1665228407	[32mINFO[0m	xecho/server.go:75	add route                       	{"aid": "1234567890", "iid": "3dfa3a4ea3049ea77ecf5bcfd59b2055", "mod": "server.echo", "method": "PATCH", "path": "/grafana"}
[36mjuno-admin_1  |[0m 1665228407	[32mINFO[0m	xecho/server.go:75	add route                       	{"aid": "1234567890", "iid": "3dfa3a4ea3049ea77ecf5bcfd59b2055", "mod": "server.echo", "method": "GET", "path": "/api/admin/resource/node/info"}
[36mjuno-admin_1  |[0m 1665228407	[32mINFO[0m	xecho/server.go:75	add route                       	{"aid": "1234567890", "iid": "3dfa3a4ea3049ea77ecf5bcfd59b2055", "mod": "server.echo", "method": "GET", "path": "/api/admin/test/grpc/proto/methods/detail"}
[36mjuno-admin_1  |[0m 1665228407	[32mINFO[0m	xecho/server.go:75	add route                       	{"aid": "1234567890", "iid": "3dfa3a4ea3049ea77ecf5bcfd59b2055", "mod": "server.echo", "method": "POST", "path": "/api/admin/test/http/useCases/update"}
[36mjuno-admin_1  |[0m 1665228407	[32mINFO[0m	xecho/server.go:75	add route                       	{"aid": "1234567890", "iid": "3dfa3a4ea3049ea77ecf5bcfd59b2055", "mod": "server.echo", "method": "PATCH", "path": "/api/admin/system"}
[36mjuno-admin_1  |[0m 1665228407	[32mINFO[0m	xecho/server.go:75	add route                       	{"aid": "1234567890", "iid": "3dfa3a4ea3049ea77ecf5bcfd59b2055", "mod": "server.echo", "method": "PROPFIND", "path": "/api/admin/etcd/*"}
[36mjuno-admin_1  |[0m 1665228407	[32mINFO[0m	xecho/server.go:75	add route                       	{"aid": "1234567890", "iid": "3dfa3a4ea3049ea77ecf5bcfd59b2055", "mod": "server.echo", "method": "PATCH", "path": "/api/v1/*"}
[36mjuno-admin_1  |[0m 1665228407	[32mINFO[0m	xecho/server.go:75	add route                       	{"aid": "1234567890", "iid": "3dfa3a4ea3049ea77ecf5bcfd59b2055", "mod": "server.echo", "method": "POST", "path": "/api/admin/resource/app_node/put"}
[36mjuno-admin_1  |[0m 1665228407	[32mINFO[0m	xecho/server.go:75	add route                       	{"aid": "1234567890", "iid": "3dfa3a4ea3049ea77ecf5bcfd59b2055", "mod": "server.echo", "method": "GET", "path": "/api/admin/event/list"}
[36mjuno-admin_1  |[0m 1665228407	[32mINFO[0m	xecho/server.go:75	add route                       	{"aid": "1234567890", "iid": "3dfa3a4ea3049ea77ecf5bcfd59b2055", "mod": "server.echo", "method": "PATCH", "path": "/api/admin/proxyintegrat"}
[36mjuno-admin_1  |[0m 1665228407	[32mINFO[0m	xecho/server.go:75	add route                       	{"aid": "1234567890", "iid": "3dfa3a4ea3049ea77ecf5bcfd59b2055", "mod": "server.echo", "method": "GET", "path": "/api/admin/pprof/list"}
[36mjuno-admin_1  |[0m 1665228407	[32mINFO[0m	xecho/server.go:75	add route                       	{"aid": "1234567890", "iid": "3dfa3a4ea3049ea77ecf5bcfd59b2055", "mod": "server.echo", "method": "DELETE", "path": "/api/admin/cronjob/*"}
[36mjuno-admin_1  |[0m 1665228407	[32mINFO[0m	xecho/server.go:75	add route                       	{"aid": "1234567890", "iid": "3dfa3a4ea3049ea77ecf5bcfd59b2055", "mod": "server.echo", "method": "GET", "path": "/api/admin/pprof/dep/check"}
[36mjuno-admin_1  |[0m 1665228407	[32mINFO[0m	xecho/server.go:75	add route                       	{"aid": "1234567890", "iid": "3dfa3a4ea3049ea77ecf5bcfd59b2055", "mod": "server.echo", "method": "REPORT", "path": "/api/v1/etcd/*"}
[36mjuno-admin_1  |[0m 1665228407	[32mINFO[0m	xecho/server.go:75	add route                       	{"aid": "1234567890", "iid": "3dfa3a4ea3049ea77ecf5bcfd59b2055", "mod": "server.echo", "method": "GET", "path": "/api/admin/resource/app_node/transfer/list"}
[36mjuno-admin_1  |[0m 1665228407	[32mINFO[0m	xecho/server.go:75	add route                       	{"aid": "1234567890", "iid": "3dfa3a4ea3049ea77ecf5bcfd59b2055", "mod": "server.echo", "method": "CONNECT", "path": "/api/v1/resource/*"}
[36mjuno-admin_1  |[0m 1665228407	[32mINFO[0m	xecho/server.go:75	add route                       	{"aid": "1234567890", "iid": "3dfa3a4ea3049ea77ecf5bcfd59b2055", "mod": "server.echo", "method": "PUT", "path": "/api/admin"}
[36mjuno-admin_1  |[0m 1665228407	[32mINFO[0m	xecho/server.go:75	add route                       	{"aid": "1234567890", "iid": "3dfa3a4ea3049ea77ecf5bcfd59b2055", "mod": "server.echo", "method": "DELETE", "path": "/api/admin/test/grpc"}
[36mjuno-admin_1  |[0m 1665228407	[32mINFO[0m	xecho/server.go:75	add route                       	{"aid": "1234567890", "iid": "3dfa3a4ea3049ea77ecf5bcfd59b2055", "mod": "server.echo", "method": "PUT", "path": "/api/admin/grpc"}
[36mjuno-admin_1  |[0m 1665228407	[32mINFO[0m	xecho/server.go:75	add route                       	{"aid": "1234567890", "iid": "3dfa3a4ea3049ea77ecf5bcfd59b2055", "mod": "server.echo", "method": "POST", "path": "/api/admin/cronjob/task/*"}
[36mjuno-admin_1  |[0m 1665228407	[32mINFO[0m	xecho/server.go:75	add route                       	{"aid": "1234567890", "iid": "3dfa3a4ea3049ea77ecf5bcfd59b2055", "mod": "server.echo", "method": "HEAD", "path": "/api/admin/logger"}
[36mjuno-admin_1  |[0m 1665228407	[32mINFO[0m	xecho/server.go:75	add route                       	{"aid": "1234567890", "iid": "3dfa3a4ea3049ea77ecf5bcfd59b2055", "mod": "server.echo", "method": "GET", "path": "/api/v1/resource/zone/list"}
[36mjuno-admin_1  |[0m 1665228407	[32mINFO[0m	xecho/server.go:75	add route                       	{"aid": "1234567890", "iid": "3dfa3a4ea3049ea77ecf5bcfd59b2055", "mod": "server.echo", "method": "PROPFIND", "path": "/api/v1/event"}
[36mjuno-admin_1  |[0m 1665228407	[32mINFO[0m	xecho/server.go:75	add route                       	{"aid": "1234567890", "iid": "3dfa3a4ea3049ea77ecf5bcfd59b2055", "mod": "server.echo", "method": "DELETE", "path": "/api/admin/openAuth/*"}
[36mjuno-admin_1  |[0m 1665228407	[32mINFO[0m	xecho/server.go:75	add route                       	{"aid": "1234567890", "iid": "3dfa3a4ea3049ea77ecf5bcfd59b2055", "mod": "server.echo", "method": "GET", "path": "/api/v1/confgo/config/diff"}
[36mjuno-admin_1  |[0m 1665228407	[32mINFO[0m	xecho/server.go:75	add route                       	{"aid": "1234567890", "iid": "3dfa3a4ea3049ea77ecf5bcfd59b2055", "mod": "server.echo", "method": "PROPFIND", "path": "/api/admin/confgov2/resource"}
[36mjuno-admin_1  |[0m 1665228407	[32mINFO[0m	xecho/server.go:75	add route                       	{"aid": "1234567890", "iid": "3dfa3a4ea3049ea77ecf5bcfd59b2055", "mod": "server.echo", "method": "CONNECT", "path": "/api/admin/confgov2/resource/*"}
[36mjuno-admin_1  |[0m 1665228407	[32mINFO[0m	xecho/server.go:75	add route                       	{"aid": "1234567890", "iid": "3dfa3a4ea3049ea77ecf5bcfd59b2055", "mod": "server.echo", "method": "PUT", "path": "/api/v1/etcd"}
[36mjuno-admin_1  |[0m 1665228407	[32mINFO[0m	xecho/server.go:75	add route                       	{"aid": "1234567890", "iid": "3dfa3a4ea3049ea77ecf5bcfd59b2055", "mod": "server.echo", "method": "DELETE", "path": "/grafana"}
[36mjuno-admin_1  |[0m 1665228407	[32mINFO[0m	xecho/server.go:75	add route                       	{"aid": "1234567890", "iid": "3dfa3a4ea3049ea77ecf5bcfd59b2055", "mod": "server.echo", "method": "PUT", "path": "/proxy/"}
[36mjuno-admin_1  |[0m 1665228407	[32mINFO[0m	xecho/server.go:75	add route                       	{"aid": "1234567890", "iid": "3dfa3a4ea3049ea77ecf5bcfd59b2055", "mod": "server.echo", "method": "POST", "path": "/api/admin/test/http/collections/delete"}
[36mjuno-admin_1  |[0m 1665228407	[32mINFO[0m	xecho/server.go:75	add route                       	{"aid": "1234567890", "iid": "3dfa3a4ea3049ea77ecf5bcfd59b2055", "mod": "server.echo", "method": "GET", "path": "/api/admin/permission/menu/list"}
[36mjuno-admin_1  |[0m 1665228407	[32mINFO[0m	xecho/server.go:75	add route                       	{"aid": "1234567890", "iid": "3dfa3a4ea3049ea77ecf5bcfd59b2055", "mod": "server.echo", "method": "HEAD", "path": "/api/v1/*"}
[36mjuno-admin_1  |[0m 1665228407	[32mINFO[0m	xecho/server.go:75	add route                       	{"aid": "1234567890", "iid": "3dfa3a4ea3049ea77ecf5bcfd59b2055", "mod": "server.echo", "method": "PUT", "path": "/api/v1/system/*"}
[36mjuno-admin_1  |[0m 1665228407	[32mINFO[0m	xecho/server.go:75	add route                       	{"aid": "1234567890", "iid": "3dfa3a4ea3049ea77ecf5bcfd59b2055", "mod": "server.echo", "method": "POST", "path": "/api/admin/*"}
[36mjuno-admin_1  |[0m 1665228407	[32mINFO[0m	xecho/server.go:75	add route                       	{"aid": "1234567890", "iid": "3dfa3a4ea3049ea77ecf5bcfd59b2055", "mod": "server.echo", "method": "POST", "path": "/api/admin/test/grpc/proto/bind"}
[36mjuno-admin_1  |[0m 1665228407	[32mINFO[0m	xecho/server.go:75	add route                       	{"aid": "1234567890", "iid": "3dfa3a4ea3049ea77ecf5bcfd59b2055", "mod": "server.echo", "method": "PROPFIND", "path": "/api/admin/cronjob/*"}
[36mjuno-admin_1  |[0m 1665228407	[32mINFO[0m	xecho/server.go:75	add route                       	{"aid": "1234567890", "iid": "3dfa3a4ea3049ea77ecf5bcfd59b2055", "mod": "server.echo", "method": "REPORT", "path": "/api/admin/proxyintegrat"}
[36mjuno-admin_1  |[0m 1665228407	[32mINFO[0m	xecho/server.go:75	add route                       	{"aid": "1234567890", "iid": "3dfa3a4ea3049ea77ecf5bcfd59b2055", "mod": "server.echo", "method": "POST", "path": "/api/admin/etcd/*"}
[36mjuno-admin_1  |[0m 1665228407	[32mINFO[0m	xecho/server.go:75	add route                       	{"aid": "1234567890", "iid": "3dfa3a4ea3049ea77ecf5bcfd59b2055", "mod": "server.echo", "method": "PATCH", "path": "/api/v1/pprof"}
[36mjuno-admin_1  |[0m 1665228407	[32mINFO[0m	xecho/server.go:75	add route                       	{"aid": "1234567890", "iid": "3dfa3a4ea3049ea77ecf5bcfd59b2055", "mod": "server.echo", "method": "DELETE", "path": "/proxy/*"}
[36mjuno-admin_1  |[0m 1665228407	[32mINFO[0m	xecho/server.go:75	add route                       	{"aid": "1234567890", "iid": "3dfa3a4ea3049ea77ecf5bcfd59b2055", "mod": "server.echo", "method": "DELETE", "path": "/api/admin/cronjob/task"}
[36mjuno-admin_1  |[0m 1665228407	[32mINFO[0m	xecho/server.go:75	add route                       	{"aid": "1234567890", "iid": "3dfa3a4ea3049ea77ecf5bcfd59b2055", "mod": "server.echo", "method": "OPTIONS", "path": "/api/admin/etcd/*"}
[36mjuno-admin_1  |[0m 1665228407	[32mINFO[0m	xecho/server.go:75	add route                       	{"aid": "1234567890", "iid": "3dfa3a4ea3049ea77ecf5bcfd59b2055", "mod": "server.echo", "method": "CONNECT", "path": "/api/admin"}
[36mjuno-admin_1  |[0m 1665228407	[32mINFO[0m	xecho/server.go:75	add route                       	{"aid": "1234567890", "iid": "3dfa3a4ea3049ea77ecf5bcfd59b2055", "mod": "server.echo", "method": "PATCH", "path": "/api/admin/confgov2"}
[36mjuno-admin_1  |[0m 1665228407	[32mINFO[0m	xecho/server.go:75	add route                       	{"aid": "1234567890", "iid": "3dfa3a4ea3049ea77ecf5bcfd59b2055", "mod": "server.echo", "method": "POST", "path": "/api/admin/cronjob/create"}
[36mjuno-admin_1  |[0m 1665228407	[32mINFO[0m	xecho/server.go:75	add route                       	{"aid": "1234567890", "iid": "3dfa3a4ea3049ea77ecf5bcfd59b2055", "mod": "server.echo", "method": "GET", "path": "/api/admin/etcd/*"}
[36mjuno-admin_1  |[0m 1665228407	[32mINFO[0m	xecho/server.go:75	add route                       	{"aid": "1234567890", "iid": "3dfa3a4ea3049ea77ecf5bcfd59b2055", "mod": "server.echo", "method": "POST", "path": "/api/admin/confgov2/app/action"}
[36mjuno-admin_1  |[0m 1665228407	[32mINFO[0m	xecho/server.go:75	add route                       	{"aid": "1234567890", "iid": "3dfa3a4ea3049ea77ecf5bcfd59b2055", "mod": "server.echo", "method": "TRACE", "path": "/api/admin/confgov2/resource"}
[36mjuno-admin_1  |[0m 1665228407	[32mINFO[0m	xecho/server.go:75	add route                       	{"aid": "1234567890", "iid": "3dfa3a4ea3049ea77ecf5bcfd59b2055", "mod": "server.echo", "method": "POST", "path": "/api/admin/resource/zone/delete"}
[36mjuno-admin_1  |[0m 1665228407	[32mINFO[0m	xecho/server.go:75	add route                       	{"aid": "1234567890", "iid": "3dfa3a4ea3049ea77ecf5bcfd59b2055", "mod": "server.echo", "method": "POST", "path": "/api/admin/test/platform/pipeline/create"}
[36mjuno-admin_1  |[0m 1665228407	[32mINFO[0m	xecho/server.go:75	add route                       	{"aid": "1234567890", "iid": "3dfa3a4ea3049ea77ecf5bcfd59b2055", "mod": "server.echo", "method": "POST", "path": "/api/admin/analysis/*"}
[36mjuno-admin_1  |[0m 1665228407	[32mINFO[0m	xecho/server.go:75	add route                       	{"aid": "1234567890", "iid": "3dfa3a4ea3049ea77ecf5bcfd59b2055", "mod": "server.echo", "method": "OPTIONS", "path": "/api/v1/system"}
[36mjuno-admin_1  |[0m 1665228407	[32mINFO[0m	xecho/server.go:75	add route                       	{"aid": "1234567890", "iid": "3dfa3a4ea3049ea77ecf5bcfd59b2055", "mod": "server.echo", "method": "OPTIONS", "path": "/api/admin/confgov2/*"}
[36mjuno-admin_1  |[0m 1665228407	[32mINFO[0m	xecho/server.go:75	add route                       	{"aid": "1234567890", "iid": "3dfa3a4ea3049ea77ecf5bcfd59b2055", "mod": "server.echo", "method": "PATCH", "path": "/api/admin/test/grpc"}
[36mjuno-admin_1  |[0m 1665228407	[32mINFO[0m	xecho/server.go:75	add route                       	{"aid": "1234567890", "iid": "3dfa3a4ea3049ea77ecf5bcfd59b2055", "mod": "server.echo", "method": "TRACE", "path": "/api/v1/system"}
[36mjuno-admin_1  |[0m 1665228407	[32mINFO[0m	xecho/server.go:75	add route                       	{"aid": "1234567890", "iid": "3dfa3a4ea3049ea77ecf5bcfd59b2055", "mod": "server.echo", "method": "HEAD", "path": "/api/v1/pprof"}
[36mjuno-admin_1  |[0m 1665228407	[32mINFO[0m	xecho/server.go:75	add route                       	{"aid": "1234567890", "iid": "3dfa3a4ea3049ea77ecf5bcfd59b2055", "mod": "server.echo", "method": "OPTIONS", "path": "/api/admin/system"}
[36mjuno-admin_1  |[0m 1665228407	[32mINFO[0m	xecho/server.go:75	add route                       	{"aid": "1234567890", "iid": "3dfa3a4ea3049ea77ecf5bcfd59b2055", "mod": "server.echo", "method": "POST", "path": "/api/admin/proxyintegrat/proxyManageCreateOrUpdate"}
[36mjuno-admin_1  |[0m 1665228407	[32mINFO[0m	xecho/server.go:75	add route                       	{"aid": "1234567890", "iid": "3dfa3a4ea3049ea77ecf5bcfd59b2055", "mod": "server.echo", "method": "OPTIONS", "path": "/api/admin/proxyintegrat/*"}
[36mjuno-admin_1  |[0m 1665228407	[32mINFO[0m	xecho/server.go:75	add route                       	{"aid": "1234567890", "iid": "3dfa3a4ea3049ea77ecf5bcfd59b2055", "mod": "server.echo", "method": "GET", "path": "/api/admin/confgov2/config/statics"}
[36mjuno-admin_1  |[0m 1665228407	[32mINFO[0m	xecho/server.go:75	add route                       	{"aid": "1234567890", "iid": "3dfa3a4ea3049ea77ecf5bcfd59b2055", "mod": "server.echo", "method": "POST", "path": "/api/admin/test/grpc"}
[36mjuno-admin_1  |[0m 1665228407	[32mINFO[0m	xecho/server.go:75	add route                       	{"aid": "1234567890", "iid": "3dfa3a4ea3049ea77ecf5bcfd59b2055", "mod": "server.echo", "method": "OPTIONS", "path": "/api/admin/test/platform/*"}
[36mjuno-admin_1  |[0m 1665228407	[32mINFO[0m	xecho/server.go:75	add route                       	{"aid": "1234567890", "iid": "3dfa3a4ea3049ea77ecf5bcfd59b2055", "mod": "server.echo", "method": "DELETE", "path": "/api/v1/confgo"}
[36mjuno-admin_1  |[0m 1665228407	[32mINFO[0m	xecho/server.go:75	add route                       	{"aid": "1234567890", "iid": "3dfa3a4ea3049ea77ecf5bcfd59b2055", "mod": "server.echo", "method": "REPORT", "path": "/grafana/*"}
[36mjuno-admin_1  |[0m 1665228407	[32mINFO[0m	xecho/server.go:75	add route                       	{"aid": "1234567890", "iid": "3dfa3a4ea3049ea77ecf5bcfd59b2055", "mod": "server.echo", "method": "POST", "path": "/api/admin/user/create"}
[36mjuno-admin_1  |[0m 1665228407	[32mINFO[0m	xecho/server.go:75	add route                       	{"aid": "1234567890", "iid": "3dfa3a4ea3049ea77ecf5bcfd59b2055", "mod": "server.echo", "method": "POST", "path": "/api/admin/test/http/collections/create"}
[36mjuno-admin_1  |[0m 1665228407	[32mINFO[0m	xecho/server.go:75	add route                       	{"aid": "1234567890", "iid": "3dfa3a4ea3049ea77ecf5bcfd59b2055", "mod": "server.echo", "method": "GET", "path": "/api/admin/system"}
[36mjuno-admin_1  |[0m 1665228407	[32mINFO[0m	xecho/server.go:75	add route                       	{"aid": "1234567890", "iid": "3dfa3a4ea3049ea77ecf5bcfd59b2055", "mod": "server.echo", "method": "PROPFIND", "path": "/api/admin/system/*"}
[36mjuno-admin_1  |[0m 1665228407	[32mINFO[0m	xecho/server.go:75	add route                       	{"aid": "1234567890", "iid": "3dfa3a4ea3049ea77ecf5bcfd59b2055", "mod": "server.echo", "method": "HEAD", "path": "/grafana/"}
[36mjuno-admin_1  |[0m 1665228407	[32mINFO[0m	xecho/server.go:75	add route                       	{"aid": "1234567890", "iid": "3dfa3a4ea3049ea77ecf5bcfd59b2055", "mod": "server.echo", "method": "PUT", "path": "/api/admin/resource"}
[36mjuno-admin_1  |[0m 1665228407	[32mINFO[0m	xecho/server.go:75	add route                       	{"aid": "1234567890", "iid": "3dfa3a4ea3049ea77ecf5bcfd59b2055", "mod": "server.echo", "method": "PATCH", "path": "/api/admin/test"}
[36mjuno-admin_1  |[0m 1665228407	[32mINFO[0m	xecho/server.go:75	add route                       	{"aid": "1234567890", "iid": "3dfa3a4ea3049ea77ecf5bcfd59b2055", "mod": "server.echo", "method": "CONNECT", "path": "/api/v1"}
[36mjuno-admin_1  |[0m 1665228407	[32mINFO[0m	xecho/server.go:75	add route                       	{"aid": "1234567890", "iid": "3dfa3a4ea3049ea77ecf5bcfd59b2055", "mod": "server.echo", "method": "GET", "path": "/api/v1/*"}
[36mjuno-admin_1  |[0m 1665228407	[32mINFO[0m	xecho/server.go:75	add route                       	{"aid": "1234567890", "iid": "3dfa3a4ea3049ea77ecf5bcfd59b2055", "mod": "server.echo", "method": "POST", "path": "/api/admin/public/user/tabVisit"}
[36mjuno-admin_1  |[0m 1665228407	[32mINFO[0m	xecho/server.go:75	add route                       	{"aid": "1234567890", "iid": "3dfa3a4ea3049ea77ecf5bcfd59b2055", "mod": "server.echo", "method": "PUT", "path": "/api/admin/analysis"}
[36mjuno-admin_1  |[0m 1665228407	[32mINFO[0m	xecho/server.go:75	add route                       	{"aid": "1234567890", "iid": "3dfa3a4ea3049ea77ecf5bcfd59b2055", "mod": "server.echo", "method": "PATCH", "path": "/api/admin/etcd/*"}
[36mjuno-admin_1  |[0m 1665228407	[32mINFO[0m	xecho/server.go:75	add route                       	{"aid": "1234567890", "iid": "3dfa3a4ea3049ea77ecf5bcfd59b2055", "mod": "server.echo", "method": "POST", "path": "/api/admin/grpc"}
[36mjuno-admin_1  |[0m 1665228407	[32mINFO[0m	xecho/server.go:75	add route                       	{"aid": "1234567890", "iid": "3dfa3a4ea3049ea77ecf5bcfd59b2055", "mod": "server.echo", "method": "GET", "path": "/api/admin/resource/app/grpcAddrList"}
[36mjuno-admin_1  |[0m 1665228407	[32mINFO[0m	xecho/server.go:75	add route                       	{"aid": "1234567890", "iid": "3dfa3a4ea3049ea77ecf5bcfd59b2055", "mod": "server.echo", "method": "TRACE", "path": "/api/admin/permission"}
[36mjuno-admin_1  |[0m 1665228407	[32mINFO[0m	xecho/server.go:75	add route                       	{"aid": "1234567890", "iid": "3dfa3a4ea3049ea77ecf5bcfd59b2055", "mod": "server.echo", "method": "OPTIONS", "path": "/api/admin/event/*"}
[36mjuno-admin_1  |[0m 1665228407	[32mINFO[0m	xecho/server.go:75	add route                       	{"aid": "1234567890", "iid": "3dfa3a4ea3049ea77ecf5bcfd59b2055", "mod": "server.echo", "method": "HEAD", "path": "/api/v1/event/*"}
[36mjuno-admin_1  |[0m 1665228407	[32mINFO[0m	xecho/server.go:75	add route                       	{"aid": "1234567890", "iid": "3dfa3a4ea3049ea77ecf5bcfd59b2055", "mod": "server.echo", "method": "DELETE", "path": "/api/admin/system"}
[36mjuno-admin_1  |[0m 1665228407	[32mINFO[0m	xecho/server.go:75	add route                       	{"aid": "1234567890", "iid": "3dfa3a4ea3049ea77ecf5bcfd59b2055", "mod": "server.echo", "method": "REPORT", "path": "/api/admin/grpc"}
[36mjuno-admin_1  |[0m 1665228407	[32mINFO[0m	xecho/server.go:75	add route                       	{"aid": "1234567890", "iid": "3dfa3a4ea3049ea77ecf5bcfd59b2055", "mod": "server.echo", "method": "REPORT", "path": "/api/admin/openAuth/*"}
[36mjuno-admin_1  |[0m 1665228407	[32mINFO[0m	xecho/server.go:75	add route                       	{"aid": "1234567890", "iid": "3dfa3a4ea3049ea77ecf5bcfd59b2055", "mod": "server.echo", "method": "OPTIONS", "path": "/api/v1/system/*"}
[36mjuno-admin_1  |[0m 1665228407	[32mINFO[0m	xecho/server.go:75	add route                       	{"aid": "1234567890", "iid": "3dfa3a4ea3049ea77ecf5bcfd59b2055", "mod": "server.echo", "method": "POST", "path": "/api/admin/test/grpc/useCases/create"}
[36mjuno-admin_1  |[0m 1665228407	[32mINFO[0m	xecho/server.go:75	add route                       	{"aid": "1234567890", "iid": "3dfa3a4ea3049ea77ecf5bcfd59b2055", "mod": "server.echo", "method": "OPTIONS", "path": "/api/admin/etcd"}
[36mjuno-admin_1  |[0m 1665228407	[32mINFO[0m	xecho/server.go:75	add route                       	{"aid": "1234567890", "iid": "3dfa3a4ea3049ea77ecf5bcfd59b2055", "mod": "server.echo", "method": "HEAD", "path": "/api/v1/analysis/*"}
[36mjuno-admin_1  |[0m 1665228407	[32mINFO[0m	xecho/server.go:75	add route                       	{"aid": "1234567890", "iid": "3dfa3a4ea3049ea77ecf5bcfd59b2055", "mod": "server.echo", "method": "PUT", "path": "/api/admin/confgov2/resource/*"}
[36mjuno-admin_1  |[0m 1665228407	[32mINFO[0m	xecho/server.go:75	add route                       	{"aid": "1234567890", "iid": "3dfa3a4ea3049ea77ecf5bcfd59b2055", "mod": "server.echo", "method": "CONNECT", "path": "/api/admin/resource"}
[36mjuno-admin_1  |[0m 1665228407	[32mINFO[0m	xecho/server.go:75	add route                       	{"aid": "1234567890", "iid": "3dfa3a4ea3049ea77ecf5bcfd59b2055", "mod": "server.echo", "method": "GET", "path": "/api/admin/test/http/collections"}
[36mjuno-admin_1  |[0m 1665228407	[32mINFO[0m	xecho/server.go:75	add route                       	{"aid": "1234567890", "iid": "3dfa3a4ea3049ea77ecf5bcfd59b2055", "mod": "server.echo", "method": "POST", "path": "/api/admin/system/option/create"}
[36mjuno-admin_1  |[0m 1665228407	[32mINFO[0m	xecho/server.go:75	add route                       	{"aid": "1234567890", "iid": "3dfa3a4ea3049ea77ecf5bcfd59b2055", "mod": "server.echo", "method": "GET", "path": "/api/v1/event"}
[36mjuno-admin_1  |[0m 1665228407	[32mINFO[0m	xecho/server.go:75	add route                       	{"aid": "1234567890", "iid": "3dfa3a4ea3049ea77ecf5bcfd59b2055", "mod": "server.echo", "method": "CONNECT", "path": "/proxy/*"}
[36mjuno-admin_1  |[0m 1665228407	[32mINFO[0m	xecho/server.go:75	add route                       	{"aid": "1234567890", "iid": "3dfa3a4ea3049ea77ecf5bcfd59b2055", "mod": "server.echo", "method": "POST", "path": "/api/admin/public/user/appConfig"}
[36mjuno-admin_1  |[0m 1665228407	[32mINFO[0m	xecho/server.go:75	add route                       	{"aid": "1234567890", "iid": "3dfa3a4ea3049ea77ecf5bcfd59b2055", "mod": "server.echo", "method": "GET", "path": "/api/v1/system/*"}
[36mjuno-admin_1  |[0m 1665228407	[32mINFO[0m	xecho/server.go:75	add route                       	{"aid": "1234567890", "iid": "3dfa3a4ea3049ea77ecf5bcfd59b2055", "mod": "server.echo", "method": "GET", "path": "/api/admin/confgov2/*"}
[36mjuno-admin_1  |[0m 1665228407	[32mINFO[0m	xecho/server.go:75	add route                       	{"aid": "1234567890", "iid": "3dfa3a4ea3049ea77ecf5bcfd59b2055", "mod": "server.echo", "method": "PATCH", "path": "/api/admin/confgov2/*"}
[36mjuno-admin_1  |[0m 1665228407	[32mINFO[0m	xecho/server.go:75	add route                       	{"aid": "1234567890", "iid": "3dfa3a4ea3049ea77ecf5bcfd59b2055", "mod": "server.echo", "method": "GET", "path": "/api/admin/confgov2/config/detail"}
[36mjuno-admin_1  |[0m 1665228407	[32mINFO[0m	xecho/server.go:75	add route                       	{"aid": "1234567890", "iid": "3dfa3a4ea3049ea77ecf5bcfd59b2055", "mod": "server.echo", "method": "PROPFIND", "path": "/api/admin/system"}
[36mjuno-admin_1  |[0m 1665228407	[32mINFO[0m	xecho/server.go:75	add route                       	{"aid": "1234567890", "iid": "3dfa3a4ea3049ea77ecf5bcfd59b2055", "mod": "server.echo", "method": "POST", "path": "/api/admin/permission"}
[36mjuno-admin_1  |[0m 1665228407	[32mINFO[0m	xecho/server.go:75	add route                       	{"aid": "1234567890", "iid": "3dfa3a4ea3049ea77ecf5bcfd59b2055", "mod": "server.echo", "method": "OPTIONS", "path": "/api/admin/openAuth/*"}
[36mjuno-admin_1  |[0m 1665228407	[32mINFO[0m	xecho/server.go:75	add route                       	{"aid": "1234567890", "iid": "3dfa3a4ea3049ea77ecf5bcfd59b2055", "mod": "server.echo", "method": "POST", "path": "/api/v1/analysis/deppkg/list"}
[36mjuno-admin_1  |[0m 1665228407	[32mINFO[0m	xecho/server.go:75	add route                       	{"aid": "1234567890", "iid": "3dfa3a4ea3049ea77ecf5bcfd59b2055", "mod": "server.echo", "method": "GET", "path": "/api/admin/cronjob/list"}
[36mjuno-admin_1  |[0m 1665228407	[32mINFO[0m	xecho/server.go:75	add route                       	{"aid": "1234567890", "iid": "3dfa3a4ea3049ea77ecf5bcfd59b2055", "mod": "server.echo", "method": "PATCH", "path": "/api/admin/cronjob/task/*"}
[36mjuno-admin_1  |[0m 1665228407	[32mINFO[0m	xecho/server.go:75	add route                       	{"aid": "1234567890", "iid": "3dfa3a4ea3049ea77ecf5bcfd59b2055", "mod": "server.echo", "method": "CONNECT", "path": "/api/admin/logger/*"}
[36mjuno-admin_1  |[0m 1665228407	[32mINFO[0m	xecho/server.go:75	add route                       	{"aid": "1234567890", "iid": "3dfa3a4ea3049ea77ecf5bcfd59b2055", "mod": "server.echo", "method": "GET", "path": "/api/admin/confgo/tpl/list"}
[36mjuno-admin_1  |[0m 1665228407	[32mINFO[0m	xecho/server.go:75	add route                       	{"aid": "1234567890", "iid": "3dfa3a4ea3049ea77ecf5bcfd59b2055", "mod": "server.echo", "method": "CONNECT", "path": "/api/admin/permission"}
[36mjuno-admin_1  |[0m 1665228407	[32mINFO[0m	xecho/server.go:75	add route                       	{"aid": "1234567890", "iid": "3dfa3a4ea3049ea77ecf5bcfd59b2055", "mod": "server.echo", "method": "TRACE", "path": "/api/admin/logger"}
[36mjuno-admin_1  |[0m 1665228407	[32mINFO[0m	xecho/server.go:75	add route                       	{"aid": "1234567890", "iid": "3dfa3a4ea3049ea77ecf5bcfd59b2055", "mod": "server.echo", "method": "POST", "path": "/api/v1/resource/app/put"}
[36mjuno-admin_1  |[0m 1665228407	[32mINFO[0m	xecho/server.go:75	add route                       	{"aid": "1234567890", "iid": "3dfa3a4ea3049ea77ecf5bcfd59b2055", "mod": "server.echo", "method": "GET", "path": "/ant/*/*"}
[36mjuno-admin_1  |[0m 1665228407	[32mINFO[0m	xecho/server.go:75	add route                       	{"aid": "1234567890", "iid": "3dfa3a4ea3049ea77ecf5bcfd59b2055", "mod": "server.echo", "method": "GET", "path": "/api/admin/test/http/request/history/detail"}
[36mjuno-admin_1  |[0m 1665228407	[32mINFO[0m	xecho/server.go:75	add route                       	{"aid": "1234567890", "iid": "3dfa3a4ea3049ea77ecf5bcfd59b2055", "mod": "server.echo", "method": "GET", "path": "/api/admin/proxyintegrat/uilist"}
[36mjuno-admin_1  |[0m 1665228407	[32mINFO[0m	xecho/server.go:75	add route                       	{"aid": "1234567890", "iid": "3dfa3a4ea3049ea77ecf5bcfd59b2055", "mod": "server.echo", "method": "GET", "path": "/api/admin/permission/user/list"}
[36mjuno-admin_1  |[0m 1665228407	[32mINFO[0m	xecho/server.go:75	add route                       	{"aid": "1234567890", "iid": "3dfa3a4ea3049ea77ecf5bcfd59b2055", "mod": "server.echo", "method": "POST", "path": "/api/admin/permission/user/group/setMenuPermission"}
[36mjuno-admin_1  |[0m 1665228407	[32mINFO[0m	xecho/server.go:75	add route                       	{"aid": "1234567890", "iid": "3dfa3a4ea3049ea77ecf5bcfd59b2055", "mod": "server.echo", "method": "PATCH", "path": "/api/v1/system"}
[36mjuno-admin_1  |[0m 1665228407	[32mINFO[0m	xecho/server.go:75	add route                       	{"aid": "1234567890", "iid": "3dfa3a4ea3049ea77ecf5bcfd59b2055", "mod": "server.echo", "method": "PATCH", "path": "/api/admin/test/http/*"}
[36mjuno-admin_1  |[0m 1665228407	[32mINFO[0m	xecho/server.go:75	add route                       	{"aid": "1234567890", "iid": "3dfa3a4ea3049ea77ecf5bcfd59b2055", "mod": "server.echo", "method": "POST", "path": "/api/admin/cronjob/*"}
[36mjuno-admin_1  |[0m 1665228407	[32mINFO[0m	xecho/server.go:75	add route                       	{"aid": "1234567890", "iid": "3dfa3a4ea3049ea77ecf5bcfd59b2055", "mod": "server.echo", "method": "OPTIONS", "path": "/api/admin/cronjob/task/*"}
[36mjuno-admin_1  |[0m 1665228407	[32mINFO[0m	xecho/server.go:75	add route                       	{"aid": "1234567890", "iid": "3dfa3a4ea3049ea77ecf5bcfd59b2055", "mod": "server.echo", "method": "DELETE", "path": "/api/v1"}
[36mjuno-admin_1  |[0m 1665228407	[32mINFO[0m	xecho/server.go:75	add route                       	{"aid": "1234567890", "iid": "3dfa3a4ea3049ea77ecf5bcfd59b2055", "mod": "server.echo", "method": "HEAD", "path": "/api/admin/test/http/*"}
[36mjuno-admin_1  |[0m 1665228407	[32mINFO[0m	xecho/server.go:75	add route                       	{"aid": "1234567890", "iid": "3dfa3a4ea3049ea77ecf5bcfd59b2055", "mod": "server.echo", "method": "GET", "path": "/api/admin/etcd/list"}
[36mjuno-admin_1  |[0m 1665228407	[32mINFO[0m	xecho/server.go:75	add route                       	{"aid": "1234567890", "iid": "3dfa3a4ea3049ea77ecf5bcfd59b2055", "mod": "server.echo", "method": "OPTIONS", "path": "/api/v1/confgo"}
[36mjuno-admin_1  |[0m 1665228407	[32mINFO[0m	xecho/server.go:75	add route                       	{"aid": "1234567890", "iid": "3dfa3a4ea3049ea77ecf5bcfd59b2055", "mod": "server.echo", "method": "OPTIONS", "path": "/grafana/*"}
[36mjuno-admin_1  |[0m 1665228407	[32mINFO[0m	xecho/server.go:75	add route                       	{"aid": "1234567890", "iid": "3dfa3a4ea3049ea77ecf5bcfd59b2055", "mod": "server.echo", "method": "PATCH", "path": "/grafana/"}
[36mjuno-admin_1  |[0m 1665228407	[32mINFO[0m	xecho/server.go:75	add route                       	{"aid": "1234567890", "iid": "3dfa3a4ea3049ea77ecf5bcfd59b2055", "mod": "server.echo", "method": "POST", "path": "/api/admin/confgov2/config/lock"}
[36mjuno-admin_1  |[0m 1665228407	[32mINFO[0m	xecho/server.go:75	add route                       	{"aid": "1234567890", "iid": "3dfa3a4ea3049ea77ecf5bcfd59b2055", "mod": "server.echo", "method": "PROPFIND", "path": "/api/admin/permission"}
[36mjuno-admin_1  |[0m 1665228407	[32mINFO[0m	xecho/server.go:75	add route                       	{"aid": "1234567890", "iid": "3dfa3a4ea3049ea77ecf5bcfd59b2055", "mod": "server.echo", "method": "REPORT", "path": "/api/admin/confgo/*"}
[36mjuno-admin_1  |[0m 1665228407	[32mINFO[0m	xecho/server.go:75	add route                       	{"aid": "1234567890", "iid": "3dfa3a4ea3049ea77ecf5bcfd59b2055", "mod": "server.echo", "method": "GET", "path": "/api/admin/confgov2/config/list"}
[36mjuno-admin_1  |[0m 1665228407	[32mINFO[0m	xecho/server.go:75	add route                       	{"aid": "1234567890", "iid": "3dfa3a4ea3049ea77ecf5bcfd59b2055", "mod": "server.echo", "method": "TRACE", "path": "/api/v1/confgo"}
[36mjuno-admin_1  |[0m 1665228407	[32mINFO[0m	xecho/server.go:75	add route                       	{"aid": "1234567890", "iid": "3dfa3a4ea3049ea77ecf5bcfd59b2055", "mod": "server.echo", "method": "CONNECT", "path": "/api/v1/analysis"}
[36mjuno-admin_1  |[0m 1665228407	[32mINFO[0m	xecho/server.go:75	add route                       	{"aid": "1234567890", "iid": "3dfa3a4ea3049ea77ecf5bcfd59b2055", "mod": "server.echo", "method": "GET", "path": "/api/admin/confgov2/config/history"}
[36mjuno-admin_1  |[0m 1665228407	[32mINFO[0m	xecho/server.go:75	add route                       	{"aid": "1234567890", "iid": "3dfa3a4ea3049ea77ecf5bcfd59b2055", "mod": "server.echo", "method": "POST", "path": "/api/admin/resource/node/delete"}
[36mjuno-admin_1  |[0m 1665228407	[32mINFO[0m	xecho/server.go:75	add route                       	{"aid": "1234567890", "iid": "3dfa3a4ea3049ea77ecf5bcfd59b2055", "mod": "server.echo", "method": "TRACE", "path": "/api/admin/grpc"}
[36mjuno-admin_1  |[0m 1665228407	[32mINFO[0m	xecho/server.go:75	add route                       	{"aid": "1234567890", "iid": "3dfa3a4ea3049ea77ecf5bcfd59b2055", "mod": "server.echo", "method": "POST", "path": "/api/admin/grpc/*"}
[36mjuno-admin_1  |[0m 1665228407	[32mINFO[0m	xecho/server.go:75	add route                       	{"aid": "1234567890", "iid": "3dfa3a4ea3049ea77ecf5bcfd59b2055", "mod": "server.echo", "method": "REPORT", "path": "/api/v1"}
[36mjuno-admin_1  |[0m 1665228407	[32mINFO[0m	xecho/server.go:75	add route                       	{"aid": "1234567890", "iid": "3dfa3a4ea3049ea77ecf5bcfd59b2055", "mod": "server.echo", "method": "REPORT", "path": "/api/v1/confgo"}
[36mjuno-admin_1  |[0m 1665228407	[32mINFO[0m	xecho/server.go:75	add route                       	{"aid": "1234567890", "iid": "3dfa3a4ea3049ea77ecf5bcfd59b2055", "mod": "server.echo", "method": "GET", "path": "/api/admin/test/grpc/proto"}
[36mjuno-admin_1  |[0m 1665228407	[32mINFO[0m	xecho/server.go:75	add route                       	{"aid": "1234567890", "iid": "3dfa3a4ea3049ea77ecf5bcfd59b2055", "mod": "server.echo", "method": "HEAD", "path": "/api/admin/test/platform/*"}
[36mjuno-admin_1  |[0m 1665228407	[32mINFO[0m	xecho/server.go:75	add route                       	{"aid": "1234567890", "iid": "3dfa3a4ea3049ea77ecf5bcfd59b2055", "mod": "server.echo", "method": "POST", "path": "/api/admin/test/platform/pipeline/run"}
[36mjuno-admin_1  |[0m 1665228407	[32mINFO[0m	xecho/server.go:75	add route                       	{"aid": "1234567890", "iid": "3dfa3a4ea3049ea77ecf5bcfd59b2055", "mod": "server.echo", "method": "HEAD", "path": "/api/v1"}
[36mjuno-admin_1  |[0m 1665228407	[32mINFO[0m	xecho/server.go:75	add route                       	{"aid": "1234567890", "iid": "3dfa3a4ea3049ea77ecf5bcfd59b2055", "mod": "server.echo", "method": "GET", "path": "/api/v1/system/option/info"}
[36mjuno-admin_1  |[0m 1665228407	[32mINFO[0m	xecho/server.go:75	add route                       	{"aid": "1234567890", "iid": "3dfa3a4ea3049ea77ecf5bcfd59b2055", "mod": "server.echo", "method": "PROPFIND", "path": "/api/admin/confgov2/*"}
[36mjuno-admin_1  |[0m 1665228407	[32mINFO[0m	xecho/server.go:75	add route                       	{"aid": "1234567890", "iid": "3dfa3a4ea3049ea77ecf5bcfd59b2055", "mod": "server.echo", "method": "GET", "path": "/api/admin/analysis/*"}
[36mjuno-admin_1  |[0m 1665228407	[32mINFO[0m	xecho/server.go:75	add route                       	{"aid": "1234567890", "iid": "3dfa3a4ea3049ea77ecf5bcfd59b2055", "mod": "server.echo", "method": "PUT", "path": "/api/admin/etcd/*"}
[36mjuno-admin_1  |[0m 1665228407	[32mINFO[0m	xecho/server.go:75	add route                       	{"aid": "1234567890", "iid": "3dfa3a4ea3049ea77ecf5bcfd59b2055", "mod": "server.echo", "method": "GET", "path": "/api/v1/event/*"}
[36mjuno-admin_1  |[0m 1665228407	[32mINFO[0m	xecho/server.go:75	add route                       	{"aid": "1234567890", "iid": "3dfa3a4ea3049ea77ecf5bcfd59b2055", "mod": "server.echo", "method": "GET", "path": "/api/v1/etcd/*"}
[36mjuno-admin_1  |[0m 1665228407	[32mINFO[0m	xecho/server.go:75	add route                       	{"aid": "1234567890", "iid": "3dfa3a4ea3049ea77ecf5bcfd59b2055", "mod": "server.echo", "method": "POST", "path": "/api/admin/permission/user/changeGroup"}
[36mjuno-admin_1  |[0m 1665228407	[32mINFO[0m	xecho/server.go:75	add route                       	{"aid": "1234567890", "iid": "3dfa3a4ea3049ea77ecf5bcfd59b2055", "mod": "server.echo", "method": "REPORT", "path": "/api/admin"}
[36mjuno-admin_1  |[0m 1665228407	[32mINFO[0m	xecho/server.go:75	add route                       	{"aid": "1234567890", "iid": "3dfa3a4ea3049ea77ecf5bcfd59b2055", "mod": "server.echo", "method": "DELETE", "path": "/api/admin/user"}
[36mjuno-admin_1  |[0m 1665228407	[32mINFO[0m	xecho/server.go:75	add route                       	{"aid": "1234567890", "iid": "3dfa3a4ea3049ea77ecf5bcfd59b2055", "mod": "server.echo", "method": "GET", "path": "/api/admin/resource/app_env_zone/list"}
[36mjuno-admin_1  |[0m 1665228407	[32mINFO[0m	xecho/server.go:75	add route                       	{"aid": "1234567890", "iid": "3dfa3a4ea3049ea77ecf5bcfd59b2055", "mod": "server.echo", "method": "POST", "path": "/api/admin/test"}
[36mjuno-admin_1  |[0m 1665228407	[32mINFO[0m	xecho/server.go:75	add route                       	{"aid": "1234567890", "iid": "3dfa3a4ea3049ea77ecf5bcfd59b2055", "mod": "server.echo", "method": "POST", "path": "/api/admin/test/http/*"}
[36mjuno-admin_1  |[0m 1665228407	[32mINFO[0m	xecho/server.go:75	add route                       	{"aid": "1234567890", "iid": "3dfa3a4ea3049ea77ecf5bcfd59b2055", "mod": "server.echo", "method": "POST", "path": "/api/admin/cronjob/task"}
[36mjuno-admin_1  |[0m 1665228407	[32mINFO[0m	xecho/server.go:75	add route                       	{"aid": "1234567890", "iid": "3dfa3a4ea3049ea77ecf5bcfd59b2055", "mod": "server.echo", "method": "GET", "path": "/api/admin/analysis/index"}
[36mjuno-admin_1  |[0m 1665228407	[32mINFO[0m	xecho/server.go:75	add route                       	{"aid": "1234567890", "iid": "3dfa3a4ea3049ea77ecf5bcfd59b2055", "mod": "server.echo", "method": "REPORT", "path": "/api/admin/test/platform/*"}
[36mjuno-admin_1  |[0m 1665228407	[32mINFO[0m	xecho/server.go:75	add route                       	{"aid": "1234567890", "iid": "3dfa3a4ea3049ea77ecf5bcfd59b2055", "mod": "server.echo", "method": "REPORT", "path": "/api/admin/cronjob/*"}
[36mjuno-admin_1  |[0m 1665228407	[32mINFO[0m	xecho/server.go:75	add route                       	{"aid": "1234567890", "iid": "3dfa3a4ea3049ea77ecf5bcfd59b2055", "mod": "server.echo", "method": "POST", "path": "/grafana"}
[36mjuno-admin_1  |[0m 1665228407	[32mINFO[0m	xecho/server.go:75	add route                       	{"aid": "1234567890", "iid": "3dfa3a4ea3049ea77ecf5bcfd59b2055", "mod": "server.echo", "method": "DELETE", "path": "/grafana/*"}
[36mjuno-admin_1  |[0m 1665228407	[32mINFO[0m	xecho/server.go:75	add route                       	{"aid": "1234567890", "iid": "3dfa3a4ea3049ea77ecf5bcfd59b2055", "mod": "server.echo", "method": "HEAD", "path": "/api/admin/resource"}
[36mjuno-admin_1  |[0m 1665228407	[32mINFO[0m	xecho/server.go:75	add route                       	{"aid": "1234567890", "iid": "3dfa3a4ea3049ea77ecf5bcfd59b2055", "mod": "server.echo", "method": "POST", "path": "/api/admin/resource/zone/create"}
[36mjuno-admin_1  |[0m 1665228407	[32mINFO[0m	xecho/server.go:75	add route                       	{"aid": "1234567890", "iid": "3dfa3a4ea3049ea77ecf5bcfd59b2055", "mod": "server.echo", "method": "TRACE", "path": "/api/admin/test/platform"}
[36mjuno-admin_1  |[0m 1665228407	[32mINFO[0m	xecho/server.go:75	add route                       	{"aid": "1234567890", "iid": "3dfa3a4ea3049ea77ecf5bcfd59b2055", "mod": "server.echo", "method": "REPORT", "path": "/api/admin/logger/*"}
[36mjuno-admin_1  |[0m 1665228407	[32mINFO[0m	xecho/server.go:75	add route                       	{"aid": "1234567890", "iid": "3dfa3a4ea3049ea77ecf5bcfd59b2055", "mod": "server.echo", "method": "CONNECT", "path": "/api/v1/system/*"}
[36mjuno-admin_1  |[0m 1665228407	[32mINFO[0m	xecho/server.go:75	add route                       	{"aid": "1234567890", "iid": "3dfa3a4ea3049ea77ecf5bcfd59b2055", "mod": "server.echo", "method": "GET", "path": "/api/v1/confgo/config/history"}
[36mjuno-admin_1  |[0m 1665228407	[32mINFO[0m	xecho/server.go:75	add route                       	{"aid": "1234567890", "iid": "3dfa3a4ea3049ea77ecf5bcfd59b2055", "mod": "server.echo", "method": "TRACE", "path": "/api/admin/user"}
[36mjuno-admin_1  |[0m 1665228407	[32mINFO[0m	xecho/server.go:75	add route                       	{"aid": "1234567890", "iid": "3dfa3a4ea3049ea77ecf5bcfd59b2055", "mod": "server.echo", "method": "POST", "path": "/api/admin/resource"}
[36mjuno-admin_1  |[0m 1665228407	[32mINFO[0m	xecho/server.go:75	add route                       	{"aid": "1234567890", "iid": "3dfa3a4ea3049ea77ecf5bcfd59b2055", "mod": "server.echo", "method": "PROPFIND", "path": "/api/admin/resource"}
[36mjuno-admin_1  |[0m 1665228407	[32mINFO[0m	xecho/server.go:75	add route                       	{"aid": "1234567890", "iid": "3dfa3a4ea3049ea77ecf5bcfd59b2055", "mod": "server.echo", "method": "REPORT", "path": "/api/admin/test/grpc"}
[36mjuno-admin_1  |[0m 1665228407	[32mINFO[0m	xecho/server.go:75	add route                       	{"aid": "1234567890", "iid": "3dfa3a4ea3049ea77ecf5bcfd59b2055", "mod": "server.echo", "method": "GET", "path": "/api/admin/test/platform/*"}
[36mjuno-admin_1  |[0m 1665228407	[32mINFO[0m	xecho/server.go:75	add route                       	{"aid": "1234567890", "iid": "3dfa3a4ea3049ea77ecf5bcfd59b2055", "mod": "server.echo", "method": "GET", "path": "/api/admin/cronjob/*"}
[36mjuno-admin_1  |[0m 1665228407	[32mINFO[0m	xecho/server.go:75	add route                       	{"aid": "1234567890", "iid": "3dfa3a4ea3049ea77ecf5bcfd59b2055", "mod": "server.echo", "method": "PATCH", "path": "/api/admin/analysis"}
[36mjuno-admin_1  |[0m 1665228407	[32mINFO[0m	xecho/server.go:75	add route                       	{"aid": "1234567890", "iid": "3dfa3a4ea3049ea77ecf5bcfd59b2055", "mod": "server.echo", "method": "PATCH", "path": "/api/admin/public/*"}
[36mjuno-admin_1  |[0m 1665228407	[32mINFO[0m	xecho/server.go:75	add route                       	{"aid": "1234567890", "iid": "3dfa3a4ea3049ea77ecf5bcfd59b2055", "mod": "server.echo", "method": "GET", "path": "/api/admin/analysis/topology/list"}
[36mjuno-admin_1  |[0m 1665228407	[32mINFO[0m	xecho/server.go:75	add route                       	{"aid": "1234567890", "iid": "3dfa3a4ea3049ea77ecf5bcfd59b2055", "mod": "server.echo", "method": "GET", "path": "/api/admin/system/option/info"}
[36mjuno-admin_1  |[0m 1665228407	[32mINFO[0m	xecho/server.go:75	add route                       	{"aid": "1234567890", "iid": "3dfa3a4ea3049ea77ecf5bcfd59b2055", "mod": "server.echo", "method": "POST", "path": "/api/admin/event/*"}
[36mjuno-admin_1  |[0m 1665228407	[32mINFO[0m	xecho/server.go:75	add route                       	{"aid": "1234567890", "iid": "3dfa3a4ea3049ea77ecf5bcfd59b2055", "mod": "server.echo", "method": "OPTIONS", "path": "/api/v1/etcd"}
[36mjuno-admin_1  |[0m 1665228407	[32mINFO[0m	xecho/server.go:75	add route                       	{"aid": "1234567890", "iid": "3dfa3a4ea3049ea77ecf5bcfd59b2055", "mod": "server.echo", "method": "TRACE", "path": "/api/admin/event"}
[36mjuno-admin_1  |[0m 1665228407	[32mINFO[0m	xecho/server.go:75	add route                       	{"aid": "1234567890", "iid": "3dfa3a4ea3049ea77ecf5bcfd59b2055", "mod": "server.echo", "method": "GET", "path": "/api/admin/public/user/tabVisit"}
[36mjuno-admin_1  |[0m 1665228407	[32mINFO[0m	xecho/server.go:75	add route                       	{"aid": "1234567890", "iid": "3dfa3a4ea3049ea77ecf5bcfd59b2055", "mod": "server.echo", "method": "CONNECT", "path": "/api/admin/test"}
[36mjuno-admin_1  |[0m 1665228407	[32mINFO[0m	xecho/server.go:75	add route                       	{"aid": "1234567890", "iid": "3dfa3a4ea3049ea77ecf5bcfd59b2055", "mod": "server.echo", "method": "GET", "path": "/api/admin/cronjob/task/list"}
[36mjuno-admin_1  |[0m 1665228407	[32mINFO[0m	xecho/server.go:75	add route                       	{"aid": "1234567890", "iid": "3dfa3a4ea3049ea77ecf5bcfd59b2055", "mod": "server.echo", "method": "GET", "path": "/api/v1/resource/node/info"}
[36mjuno-admin_1  |[0m 1665228407	[32mINFO[0m	xecho/server.go:75	add route                       	{"aid": "1234567890", "iid": "3dfa3a4ea3049ea77ecf5bcfd59b2055", "mod": "server.echo", "method": "REPORT", "path": "/api/admin/system"}
[36mjuno-admin_1  |[0m 1665228407	[32mINFO[0m	xecho/server.go:75	add route                       	{"aid": "1234567890", "iid": "3dfa3a4ea3049ea77ecf5bcfd59b2055", "mod": "server.echo", "method": "PATCH", "path": "/api/admin/openAuth"}
[36mjuno-admin_1  |[0m 1665228407	[32mINFO[0m	xecho/server.go:75	add route                       	{"aid": "1234567890", "iid": "3dfa3a4ea3049ea77ecf5bcfd59b2055", "mod": "server.echo", "method": "TRACE", "path": "/api/v1/etcd"}
[36mjuno-admin_1  |[0m 1665228407	[32mINFO[0m	xecho/server.go:75	add route                       	{"aid": "1234567890", "iid": "3dfa3a4ea3049ea77ecf5bcfd59b2055", "mod": "server.echo", "method": "GET", "path": "/api/admin/public"}
[36mjuno-admin_1  |[0m 1665228407	[32mINFO[0m	xecho/server.go:75	add route                       	{"aid": "1234567890", "iid": "3dfa3a4ea3049ea77ecf5bcfd59b2055", "mod": "server.echo", "method": "PATCH", "path": "/api/admin/cronjob"}
[36mjuno-admin_1  |[0m 1665228407	[32mINFO[0m	xecho/server.go:75	add route                       	{"aid": "1234567890", "iid": "3dfa3a4ea3049ea77ecf5bcfd59b2055", "mod": "server.echo", "method": "HEAD", "path": "/api/admin/pprof"}
[36mjuno-admin_1  |[0m 1665228407	[32mINFO[0m	xecho/server.go:75	add route                       	{"aid": "1234567890", "iid": "3dfa3a4ea3049ea77ecf5bcfd59b2055", "mod": "server.echo", "method": "OPTIONS", "path": "/api/admin/logger/*"}
[36mjuno-admin_1  |[0m 1665228407	[32mINFO[0m	xecho/server.go:75	add route                       	{"aid": "1234567890", "iid": "3dfa3a4ea3049ea77ecf5bcfd59b2055", "mod": "server.echo", "method": "DELETE", "path": "/api/admin/logger/*"}
[36mjuno-admin_1  |[0m 1665228407	[32mINFO[0m	xecho/server.go:75	add route                       	{"aid": "1234567890", "iid": "3dfa3a4ea3049ea77ecf5bcfd59b2055", "mod": "server.echo", "method": "PROPFIND", "path": "/api/v1/system"}
[36mjuno-admin_1  |[0m 1665228407	[32mINFO[0m	xecho/server.go:75	add route                       	{"aid": "1234567890", "iid": "3dfa3a4ea3049ea77ecf5bcfd59b2055", "mod": "server.echo", "method": "TRACE", "path": "/proxy/"}
[36mjuno-admin_1  |[0m 1665228407	[32mINFO[0m	xecho/server.go:75	add route                       	{"aid": "1234567890", "iid": "3dfa3a4ea3049ea77ecf5bcfd59b2055", "mod": "server.echo", "method": "PATCH", "path": "/api/admin/resource/*"}
[36mjuno-admin_1  |[0m 1665228407	[32mINFO[0m	xecho/server.go:75	add route                       	{"aid": "1234567890", "iid": "3dfa3a4ea3049ea77ecf5bcfd59b2055", "mod": "server.echo", "method": "GET", "path": "/api/admin/resource/zone/info"}
[36mjuno-admin_1  |[0m 1665228407	[32mINFO[0m	xecho/server.go:75	add route                       	{"aid": "1234567890", "iid": "3dfa3a4ea3049ea77ecf5bcfd59b2055", "mod": "server.echo", "method": "PATCH", "path": "/api/admin/logger"}
[36mjuno-admin_1  |[0m 1665228407	[32mINFO[0m	xecho/server.go:75	add route                       	{"aid": "1234567890", "iid": "3dfa3a4ea3049ea77ecf5bcfd59b2055", "mod": "server.echo", "method": "PROPFIND", "path": "/api/admin/public"}
[36mjuno-admin_1  |[0m 1665228407	[32mINFO[0m	xecho/server.go:75	add route                       	{"aid": "1234567890", "iid": "3dfa3a4ea3049ea77ecf5bcfd59b2055", "mod": "server.echo", "method": "GET", "path": "/api/admin/cronjob/task"}
[36mjuno-admin_1  |[0m 1665228407	[32mINFO[0m	xecho/server.go:75	add route                       	{"aid": "1234567890", "iid": "3dfa3a4ea3049ea77ecf5bcfd59b2055", "mod": "server.echo", "method": "OPTIONS", "path": "/api/v1"}
[36mjuno-admin_1  |[0m 1665228407	[32mINFO[0m	xecho/server.go:75	add route                       	{"aid": "1234567890", "iid": "3dfa3a4ea3049ea77ecf5bcfd59b2055", "mod": "server.echo", "method": "OPTIONS", "path": "/api/admin/resource"}
[36mjuno-admin_1  |[0m 1665228407	[32mINFO[0m	xecho/server.go:75	add route                       	{"aid": "1234567890", "iid": "3dfa3a4ea3049ea77ecf5bcfd59b2055", "mod": "server.echo", "method": "POST", "path": "/api/admin/resource/node/update"}
[36mjuno-admin_1  |[0m 1665228407	[32mINFO[0m	xecho/server.go:75	add route                       	{"aid": "1234567890", "iid": "3dfa3a4ea3049ea77ecf5bcfd59b2055", "mod": "server.echo", "method": "PROPFIND", "path": "/api/v1/pprof/*"}
[36mjuno-admin_1  |[0m 1665228407	[32mINFO[0m	xecho/server.go:75	add route                       	{"aid": "1234567890", "iid": "3dfa3a4ea3049ea77ecf5bcfd59b2055", "mod": "server.echo", "method": "POST", "path": "/api/admin/confgov2/*"}
[36mjuno-admin_1  |[0m 1665228407	[32mINFO[0m	xecho/server.go:75	add route                       	{"aid": "1234567890", "iid": "3dfa3a4ea3049ea77ecf5bcfd59b2055", "mod": "server.echo", "method": "OPTIONS", "path": "/api/v1/event"}
[36mjuno-admin_1  |[0m 1665228407	[32mINFO[0m	xecho/server.go:75	add route                       	{"aid": "1234567890", "iid": "3dfa3a4ea3049ea77ecf5bcfd59b2055", "mod": "server.echo", "method": "HEAD", "path": "/api/v1/analysis"}
[36mjuno-admin_1  |[0m 1665228407	[32mINFO[0m	xecho/server.go:75	add route                       	{"aid": "1234567890", "iid": "3dfa3a4ea3049ea77ecf5bcfd59b2055", "mod": "server.echo", "method": "GET", "path": "/api/admin/confgov2/config/diff"}
[36mjuno-admin_1  |[0m 1665228407	[32mINFO[0m	xecho/server.go:75	add route                       	{"aid": "1234567890", "iid": "3dfa3a4ea3049ea77ecf5bcfd59b2055", "mod": "server.echo", "method": "PUT", "path": "/api/admin/system"}
[36mjuno-admin_1  |[0m 1665228407	[32mINFO[0m	xecho/server.go:75	add route                       	{"aid": "1234567890", "iid": "3dfa3a4ea3049ea77ecf5bcfd59b2055", "mod": "server.echo", "method": "DELETE", "path": "/api/admin/proxyintegrat"}
[36mjuno-admin_1  |[0m 1665228407	[32mINFO[0m	xecho/server.go:75	add route                       	{"aid": "1234567890", "iid": "3dfa3a4ea3049ea77ecf5bcfd59b2055", "mod": "server.echo", "method": "POST", "path": "/api/admin/confgo/*"}
[36mjuno-admin_1  |[0m 1665228407	[32mINFO[0m	xecho/server.go:75	add route                       	{"aid": "1234567890", "iid": "3dfa3a4ea3049ea77ecf5bcfd59b2055", "mod": "server.echo", "method": "OPTIONS", "path": "/api/admin/grpc"}
[36mjuno-admin_1  |[0m 1665228407	[32mINFO[0m	xecho/server.go:75	add route                       	{"aid": "1234567890", "iid": "3dfa3a4ea3049ea77ecf5bcfd59b2055", "mod": "server.echo", "method": "PROPFIND", "path": "/api/v1"}
[36mjuno-admin_1  |[0m 1665228407	[32mINFO[0m	xecho/server.go:75	add route                       	{"aid": "1234567890", "iid": "3dfa3a4ea3049ea77ecf5bcfd59b2055", "mod": "server.echo", "method": "CONNECT", "path": "/api/admin/proxyintegrat/*"}
[36mjuno-admin_1  |[0m 1665228407	[32mINFO[0m	xecho/server.go:75	add route                       	{"aid": "1234567890", "iid": "3dfa3a4ea3049ea77ecf5bcfd59b2055", "mod": "server.echo", "method": "TRACE", "path": "/api/admin/etcd/*"}
[36mjuno-admin_1  |[0m 1665228407	[32mINFO[0m	xecho/server.go:75	add route                       	{"aid": "1234567890", "iid": "3dfa3a4ea3049ea77ecf5bcfd59b2055", "mod": "server.echo", "method": "GET", "path": "/api/admin/openAuth/*"}
[36mjuno-admin_1  |[0m 1665228407	[32mINFO[0m	xecho/server.go:75	add route                       	{"aid": "1234567890", "iid": "3dfa3a4ea3049ea77ecf5bcfd59b2055", "mod": "server.echo", "method": "TRACE", "path": "/api/v1/pprof/*"}
[36mjuno-admin_1  |[0m ⇨ http server started on 127.0.0.1:50002
[36mjuno-admin_1  |[0m 
[36mjuno-admin_1  |[0m [35m(/home/runner/go/pkg/mod/github.com/douyu/jupiter@v0.3.3-0.20210826091832-c7a43d560176/pkg/store/gorm/interceptor.go:120)[0m 
[36mjuno-admin_1  |[0m [33m[2022-10-08 11:26:50][0m  [36;1m[2.60ms][0m  SELECT * FROM `configuration`  WHERE `configuration`.`deleted_at` IS NULL AND ((lock_at is not null and lock_at < '2022-10-08 11:26:44'))  
[36mjuno-admin_1  |[0m [36;31m[0 rows affected or returned ][0m 
[36mjuno-admin_1  |[0m 
[36mjuno-admin_1  |[0m [35m(/home/runner/go/pkg/mod/github.com/douyu/jupiter@v0.3.3-0.20210826091832-c7a43d560176/pkg/store/gorm/interceptor.go:120)[0m 
[36mjuno-admin_1  |[0m [33m[2022-10-08 11:26:53][0m  [36;1m[1.55ms][0m  SELECT * FROM `configuration`  WHERE `configuration`.`deleted_at` IS NULL AND ((lock_at is not null and lock_at < '2022-10-08 11:26:47'))  
[36mjuno-admin_1  |[0m [36;31m[0 rows affected or returned ][0m 
[36mjuno-admin_1  |[0m 
[36mjuno-admin_1  |[0m [35m(/home/runner/go/pkg/mod/github.com/douyu/jupiter@v0.3.3-0.20210826091832-c7a43d560176/pkg/store/gorm/interceptor.go:120)[0m 
[36mjuno-admin_1  |[0m [33m[2022-10-08 11:26:56][0m  [36;1m[1.26ms][0m  SELECT * FROM `configuration`  WHERE `configuration`.`deleted_at` IS NULL AND ((lock_at is not null and lock_at < '2022-10-08 11:26:50'))  
[36mjuno-admin_1  |[0m [36;31m[0 rows affected or returned ][0m 
[36mjuno-admin_1  |[0m 
[36mjuno-admin_1  |[0m [35m(/home/runner/go/pkg/mod/github.com/douyu/jupiter@v0.3.3-0.20210826091832-c7a43d560176/pkg/store/gorm/interceptor.go:120)[0m 
[36mjuno-admin_1  |[0m [33m[2022-10-08 11:26:57][0m  [36;1m[1.70ms][0m  SELECT * FROM `worker_node`  WHERE `worker_node`.`deleted_at` IS NULL AND ((last_heartbeat >= '2022-10-08 11:26:57'))  
[36mjuno-admin_1  |[0m [36;31m[0 rows affected or returned ][0m 
[36mjuno-admin_1  |[0m 
[36mjuno-admin_1  |[0m [35m(/home/runner/go/pkg/mod/github.com/douyu/jupiter@v0.3.3-0.20210826091832-c7a43d560176/pkg/store/gorm/interceptor.go:120)[0m 
[36mjuno-admin_1  |[0m [33m[2022-10-08 11:26:59][0m  [36;1m[1.40ms][0m  SELECT * FROM `configuration`  WHERE `configuration`.`deleted_at` IS NULL AND ((lock_at is not null and lock_at < '2022-10-08 11:26:53'))  
[36mjuno-admin_1  |[0m [36;31m[0 rows affected or returned ][0m 
[36mjuno-admin_1  |[0m 
[36mjuno-admin_1  |[0m [35m(/home/runner/go/pkg/mod/github.com/douyu/jupiter@v0.3.3-0.20210826091832-c7a43d560176/pkg/store/gorm/interceptor.go:120)[0m 
[36mjuno-admin_1  |[0m [33m[2022-10-08 11:27:02][0m  [36;1m[1.47ms][0m  SELECT * FROM `configuration`  WHERE `configuration`.`deleted_at` IS NULL AND ((lock_at is not null and lock_at < '2022-10-08 11:26:56'))  
[36mjuno-admin_1  |[0m [36;31m[0 rows affected or returned ][0m 
[36mjuno-admin_1  |[0m 
[36mjuno-admin_1  |[0m [35m(/home/runner/go/pkg/mod/github.com/douyu/jupiter@v0.3.3-0.20210826091832-c7a43d560176/pkg/store/gorm/interceptor.go:120)[0m 
[36mjuno-admin_1  |[0m [33m[2022-10-08 11:27:05][0m  [36;1m[1.43ms][0m  SELECT * FROM `configuration`  WHERE `configuration`.`deleted_at` IS NULL AND ((lock_at is not null and lock_at < '2022-10-08 11:26:59'))  
[36mjuno-admin_1  |[0m [36;31m[0 rows affected or returned ][0m 
[36mjuno-admin_1  |[0m 
[36mjuno-admin_1  |[0m [35m(/home/runner/go/pkg/mod/github.com/douyu/jupiter@v0.3.3-0.20210826091832-c7a43d560176/pkg/store/gorm/interceptor.go:120)[0m 
[36mjuno-admin_1  |[0m [33m[2022-10-08 11:27:07][0m  [36;1m[1.56ms][0m  SELECT * FROM `worker_node`  WHERE `worker_node`.`deleted_at` IS NULL AND ((last_heartbeat >= '2022-10-08 11:27:07'))  
[36mjuno-admin_1  |[0m [36;31m[0 rows affected or returned ][0m 
[36mjuno-admin_1  |[0m 
[36mjuno-admin_1  |[0m [35m(/home/runner/go/pkg/mod/github.com/douyu/jupiter@v0.3.3-0.20210826091832-c7a43d560176/pkg/store/gorm/interceptor.go:120)[0m 
[36mjuno-admin_1  |[0m [33m[2022-10-08 11:27:08][0m  [36;1m[1.21ms][0m  SELECT * FROM `configuration`  WHERE `configuration`.`deleted_at` IS NULL AND ((lock_at is not null and lock_at < '2022-10-08 11:27:02'))  
[36mjuno-admin_1  |[0m [36;31m[0 rows affected or returned ][0m 
[36mjuno-admin_1  |[0m 
[36mjuno-admin_1  |[0m [35m(/home/runner/go/pkg/mod/github.com/douyu/jupiter@v0.3.3-0.20210826091832-c7a43d560176/pkg/store/gorm/interceptor.go:120)[0m 
[36mjuno-admin_1  |[0m [33m[2022-10-08 11:27:11][0m  [36;1m[1.35ms][0m  SELECT * FROM `configuration`  WHERE `configuration`.`deleted_at` IS NULL AND ((lock_at is not null and lock_at < '2022-10-08 11:27:05'))  
[36mjuno-admin_1  |[0m [36;31m[0 rows affected or returned ][0m 
[36mjuno-admin_1  |[0m 
[36mjuno-admin_1  |[0m [35m(/home/runner/go/pkg/mod/github.com/douyu/jupiter@v0.3.3-0.20210826091832-c7a43d560176/pkg/store/gorm/interceptor.go:120)[0m 
[36mjuno-admin_1  |[0m [33m[2022-10-08 11:27:14][0m  [36;1m[0.38ms][0m  SELECT * FROM `configuration`  WHERE `configuration`.`deleted_at` IS NULL AND ((lock_at is not null and lock_at < '2022-10-08 11:27:08'))  
[36mjuno-admin_1  |[0m [36;31m[0 rows affected or returned ][0m 
[36mjuno-admin_1  |[0m 1665228407	[32mINFO[0m	InitCfg                         	{"config": {"AppURL":"http://jupiterconsole.douyu.com/","AppSubURL":"","AuthProxyEnabled":false,"DisableUserSignUp":false,"App":{"Mode":"local","SecretKey":"ASDFASDFASDF","ProductionEnvs":null},"Auth":{"LoginCookieName":"juno_session","LoginMaximumInactiveLifetimeDays":7,"LoginMaximumLifetimeDays":30,"TokenRotationIntervalMinutes":10,"DisableLoginForm":false,"DisableSignoutMenu":false,"SignoutRedirectUrl":"","OauthAutoLogin":false,"OauthStateCookieMaxAge":60,"ApiKeyMaxSecondsToLive":-1},"Server":{"Http":{"Host":"0.0.0.0","Port":50002,"Domain":"localhost","RootUrl":"http://jupiterconsole.douyu.com/","StaticRootPath":"","EnableGzip":false},"Govern":{"Host":"0.0.0.0","Port":50004,"Domain":"","RootUrl":"","StaticRootPath":"","EnableGzip":false}},"GrafanaProxy":{"Enable":false,"Name":"grafana"},"Gateway":{"Enable":false,"Name":"gateway"},"ClientProxy":{"HttpRouter":{"GovernConfig":"/configs"},"SingleProxy":{"DefaultEtcd":{"enable":false,"listenAddr":"127.0.0.1:5379","endpoints":["127.0.0.1:2379"],"namespace":"","timeout":0,"tls":{"cert":"","key":"","cacert":""},"basicAuth":false,"password":"","userName":""},"RegisterEtcd":{"enable":false,"listenAddr":"127.0.0.1:62379","endpoints":["127.0.0.1:2379"],"namespace":"","timeout":0,"tls":{"cert":"","key":"","cacert":""},"basicAuth":false,"password":"","userName":""}},"MultiProxy":[{"Env":"dev","ZoneCode":"test","Stream":{"Enable":false,"ProxyAddr":null,"Debug":false},"HTTP":{"Enable":true,"ListenAddr":"127.0.0.1:50000","Scheme":"http","Backend":"","DisableKeepAlives":true,"MaxIdleConns":30,"MaxIdelPerHost":60,"Timeout":3},"DefaultEtcd":{"enable":false,"listenAddr":"","endpoints":null,"namespace":"","timeout":0,"tls":{"cert":"","key":"","cacert":""},"basicAuth":false,"password":"","userName":""},"RegisterEtcd":{"enable":false,"listenAddr":"","endpoints":null,"namespace":"","timeout":0,"tls":{"cert":"","key":"","cacert":""},"basicAuth":false,"password":"","userName":""}}]},"ServerProxy":{"Name":"_","Stream":{"Enable":false,"ProxyAddr":null,"Debug":false},"HTTPServer":{"Host":"","Port":0,"Domain":"","RootUrl":"","StaticRootPath":"","EnableGzip":false},"GrpcServer":{"Host":"","Port":0,"Domain":"","RootUrl":"","StaticRootPath":"","EnableGzip":false},"GovernServer":{"Host":"","Port":0,"Domain":"","RootUrl":"","StaticRootPath":"","EnableGzip":false},"HeartBeat":{"enable":true,"debug":false,"addr":"stream","internal":60000000000,"host_name":"fc64d73a2328","region_code":"","region_name":"","zone_code":"","zone_name":"","env":""},"DefaultEtcd":{"enable":false,"listenAddr":"","endpoints":null,"namespace":"","timeout":0,"tls":{"cert":"","key":"","cacert":""},"basicAuth":false,"password":"","userName":""},"RegisterEtcd":{"enable":false,"listenAddr":"","endpoints":null,"namespace":"","timeout":0,"tls":{"cert":"","key":"","cacert":""},"basicAuth":false,"password":"","userName":""},"Prometheus":{"Enable":true,"ListenAddr":"127.0.0.1:59090","Scheme":"","Backend":"127.0.0.1:9090","DisableKeepAlives":true,"MaxIdleConns":30,"MaxIdelPerHost":60,"Timeout":3}},"Database":{"Enable":true,"dsn":"root:root@tcp(mysql:3306)/juno?charset=utf8&parseTime=True&loc=Local&readTimeout=1s&timeout=1s&writeTimeout=3s","debug":true,"maxIdleConns":50,"maxOpenConns":100,"connMaxLifetime":300000000000,"level":"","slowThreshold":0,"dialTimeout":0,"disableMetric":false,"disableTrace":false},"Configure":{"dirs":["/tmp/www/server"],"prefixes":["juno-agent"],"agent":{"port":50010}},"Agent":{"Port":0,"Secret":""},"Casbin":{"Enable":false,"Debug":true,"Model":"./config/model.conf","AutoLoad":true,"AutoLoadInternal":60,"ResourceFile":"./config/resource.yaml"},"Pprof":{"TmpPath":"/tmp","TokenHeader":"X-JUNO-PPROF","Token":"juno666","Timeout":120000000000,"Debug":false,"StorePath":"data/pprof"},"Register":{"Enable":false,"Endpoints":["http://etcd:2379"],"connectTimeout":1000000000,"secure":false,"basicAuth":false,"password":"","userName":""},"Logger":{"Biz":{"Dir":"./logs","Name":"biz.json","Level":"debug","Fields":null,"AddCaller":false,"Interval":0,"CallerSkip":0,"Async":false,"Debug":true},"System":{"Dir":"./logs","Name":"system.json","Level":"debug","Fields":null,"AddCaller":false,"Interval":0,"CallerSkip":0,"Async":false,"Debug":true}},"Assist":{"Action":{"Enable":false,"URL":""}},"AppLog":{"Enable":true,"Mode":"default","Aliyun":{"Key":"","Secret":"","RoleArn":"","RoleSessionName":"","regionId":"","loginUrl":""},"Default":{"DashboardUrl":"","LogStoreUrl":"","Project":[{"Project":"","Env":[""],"LogStoreConsole":"","LogStoreJupiter":"","LogStoreBiz":""}]}},"GrpcTest":{"Enable":false,"ProtoDir":""},"ProxyAuth":{"Token":""},"CodePlatform":{"Token":""},"TestPlatform":{"Enable":false,"Worker":{"LocalQueueDir":"","HeartbeatTimeout":0}},"Notice":{"Email":{"serverHost":"","serverPort":0,"fromEmail":"","fromPasswd":"","subject":"","templatePath":"","toers":null,"cCers":null},"ding":{"webHook":""}},"JunoEvent":{"Rocketmq":{"Enable":false,"Addr":null,"Topic":"","Group":"","Retry":0,"DialTimeout":0}},"UserVisit":{"CleanDay":90},"LabelAid":"aid","Enable":false,"Prefix":[],"ExcludeSuffix":null,"Doc":""}}
[36mjuno-admin_1  |[0m 
[36mjuno-admin_1  |[0m [35m(/home/runner/go/pkg/mod/github.com/douyu/jupiter@v0.3.3-0.20210826091832-c7a43d560176/pkg/store/gorm/interceptor.go:120)[0m 
[36mjuno-admin_1  |[0m [33m[2022-10-08 11:27:17][0m  [36;1m[1.08ms][0m  SELECT * FROM `system_config`    
[36mjuno-admin_1  |[0m [36;31m[3 rows affected or returned ][0m 
[36mjuno-admin_1  |[0m 
[36mjuno-admin_1  |[0m [35m(/home/runner/go/pkg/mod/github.com/douyu/jupiter@v0.3.3-0.20210826091832-c7a43d560176/pkg/store/gorm/interceptor.go:120)[0m 
[36mjuno-admin_1  |[0m [33m[2022-10-08 11:27:17][0m  [36;1m[1.55ms][0m  SELECT * FROM `test_pipeline_task`  WHERE `test_pipeline_task`.`deleted_at` IS NULL AND ((status = 'running') AND (updated_at < '2022-10-08 10:57:17'))  
[36mjuno-admin_1  |[0m [36;31m[0 rows affected or returned ][0m 
[36mjuno-admin_1  |[0m 
[36mjuno-admin_1  |[0m [35m(/home/runner/go/pkg/mod/github.com/douyu/jupiter@v0.3.3-0.20210826091832-c7a43d560176/pkg/store/gorm/interceptor.go:120)[0m 
[36mjuno-admin_1  |[0m [33m[2022-10-08 11:27:17][0m  [36;1m[1.28ms][0m  SELECT * FROM `worker_node`  WHERE `worker_node`.`deleted_at` IS NULL AND ((last_heartbeat >= '2022-10-08 11:27:17'))  
[36mjuno-admin_1  |[0m [36;31m[0 rows affected or returned ][0m 
[36mjuno-admin_1  |[0m 
[36mjuno-admin_1  |[0m [35m(/home/runner/go/pkg/mod/github.com/douyu/jupiter@v0.3.3-0.20210826091832-c7a43d560176/pkg/store/gorm/interceptor.go:120)[0m 
[36mjuno-admin_1  |[0m [33m[2022-10-08 11:27:17][0m  [36;1m[1.21ms][0m  SELECT * FROM `configuration`  WHERE `configuration`.`deleted_at` IS NULL AND ((lock_at is not null and lock_at < '2022-10-08 11:27:11'))  
[36mjuno-admin_1  |[0m [36;31m[0 rows affected or returned ][0m 
[36mjuno-admin_1  |[0m 
[36mjuno-admin_1  |[0m [35m(/home/runner/go/pkg/mod/github.com/douyu/jupiter@v0.3.3-0.20210826091832-c7a43d560176/pkg/store/gorm/interceptor.go:120)[0m 
[36mjuno-admin_1  |[0m [33m[2022-10-08 11:27:20][0m  [36;1m[1.28ms][0m  SELECT * FROM `configuration`  WHERE `configuration`.`deleted_at` IS NULL AND ((lock_at is not null and lock_at < '2022-10-08 11:27:14'))  
[36mjuno-admin_1  |[0m [36;31m[0 rows affected or returned ][0m 
[36mjuno-admin_1  |[0m 
[36mjuno-admin_1  |[0m [35m(/home/runner/go/pkg/mod/github.com/douyu/jupiter@v0.3.3-0.20210826091832-c7a43d560176/pkg/store/gorm/interceptor.go:120)[0m 
[36mjuno-admin_1  |[0m [33m[2022-10-08 11:27:23][0m  [36;1m[1.36ms][0m  SELECT * FROM `configuration`  WHERE `configuration`.`deleted_at` IS NULL AND ((lock_at is not null and lock_at < '2022-10-08 11:27:17'))  
[36mjuno-admin_1  |[0m [36;31m[0 rows affected or returned ][0m 
[36mjuno-admin_1  |[0m 
[36mjuno-admin_1  |[0m [35m(/home/runner/go/pkg/mod/github.com/douyu/jupiter@v0.3.3-0.20210826091832-c7a43d560176/pkg/store/gorm/interceptor.go:120)[0m 
[36mjuno-admin_1  |[0m [33m[2022-10-08 11:27:26][0m  [36;1m[1.37ms][0m  SELECT * FROM `configuration`  WHERE `configuration`.`deleted_at` IS NULL AND ((lock_at is not null and lock_at < '2022-10-08 11:27:20'))  
[36mjuno-admin_1  |[0m [36;31m[0 rows affected or returned ][0m 
[36mjuno-admin_1  |[0m 
[36mjuno-admin_1  |[0m [35m(/home/runner/go/pkg/mod/github.com/douyu/jupiter@v0.3.3-0.20210826091832-c7a43d560176/pkg/store/gorm/interceptor.go:120)[0m 
[36mjuno-admin_1  |[0m [33m[2022-10-08 11:27:27][0m  [36;1m[1.55ms][0m  SELECT * FROM `worker_node`  WHERE `worker_node`.`deleted_at` IS NULL AND ((last_heartbeat >= '2022-10-08 11:27:27'))  
[36mjuno-admin_1  |[0m [36;31m[0 rows affected or returned ][0m 
[36mjuno-admin_1  |[0m 
[36mjuno-admin_1  |[0m [35m(/home/runner/go/pkg/mod/github.com/douyu/jupiter@v0.3.3-0.20210826091832-c7a43d560176/pkg/store/gorm/interceptor.go:120)[0m 
[36mjuno-admin_1  |[0m [33m[2022-10-08 11:27:29][0m  [36;1m[1.33ms][0m  SELECT * FROM `configuration`  WHERE `configuration`.`deleted_at` IS NULL AND ((lock_at is not null and lock_at < '2022-10-08 11:27:23'))  
[36mjuno-admin_1  |[0m [36;31m[0 rows affected or returned ][0m 
[36mjuno-admin_1  |[0m 
[36mjuno-admin_1  |[0m [35m(/home/runner/go/pkg/mod/github.com/douyu/jupiter@v0.3.3-0.20210826091832-c7a43d560176/pkg/store/gorm/interceptor.go:120)[0m 
[36mjuno-admin_1  |[0m [33m[2022-10-08 11:27:32][0m  [36;1m[1.42ms][0m  SELECT * FROM `configuration`  WHERE `configuration`.`deleted_at` IS NULL AND ((lock_at is not null and lock_at < '2022-10-08 11:27:26'))  
[36mjuno-admin_1  |[0m [36;31m[0 rows affected or returned ][0m 
[36mjuno-admin_1  |[0m 
[36mjuno-admin_1  |[0m [35m(/home/runner/go/pkg/mod/github.com/douyu/jupiter@v0.3.3-0.20210826091832-c7a43d560176/pkg/store/gorm/interceptor.go:120)[0m 
[36mjuno-admin_1  |[0m [33m[2022-10-08 11:27:35][0m  [36;1m[1.43ms][0m  SELECT * FROM `configuration`  WHERE `configuration`.`deleted_at` IS NULL AND ((lock_at is not null and lock_at < '2022-10-08 11:27:29'))  
[36mjuno-admin_1  |[0m [36;31m[0 rows affected or returned ][0m 
[36mjuno-admin_1  |[0m 
[36mjuno-admin_1  |[0m [35m(/home/runner/go/pkg/mod/github.com/douyu/jupiter@v0.3.3-0.20210826091832-c7a43d560176/pkg/store/gorm/interceptor.go:120)[0m 
[36mjuno-admin_1  |[0m [33m[2022-10-08 11:27:37][0m  [36;1m[1.46ms][0m  SELECT * FROM `worker_node`  WHERE `worker_node`.`deleted_at` IS NULL AND ((last_heartbeat >= '2022-10-08 11:27:37'))  
[36mjuno-admin_1  |[0m [36;31m[0 rows affected or returned ][0m 
[36mjuno-admin_1  |[0m 
[36mjuno-admin_1  |[0m [35m(/home/runner/go/pkg/mod/github.com/douyu/jupiter@v0.3.3-0.20210826091832-c7a43d560176/pkg/store/gorm/interceptor.go:120)[0m 
[36mjuno-admin_1  |[0m [33m[2022-10-08 11:27:38][0m  [36;1m[1.37ms][0m  SELECT * FROM `configuration`  WHERE `configuration`.`deleted_at` IS NULL AND ((lock_at is not null and lock_at < '2022-10-08 11:27:32'))  
[36mjuno-admin_1  |[0m [36;31m[0 rows affected or returned ][0m 
[36mjuno-admin_1  |[0m 
[36mjuno-admin_1  |[0m [35m(/home/runner/go/pkg/mod/github.com/douyu/jupiter@v0.3.3-0.20210826091832-c7a43d560176/pkg/store/gorm/interceptor.go:120)[0m 
[36mjuno-admin_1  |[0m [33m[2022-10-08 11:27:41][0m  [36;1m[1.25ms][0m  SELECT * FROM `configuration`  WHERE `configuration`.`deleted_at` IS NULL AND ((lock_at is not null and lock_at < '2022-10-08 11:27:35'))  
[36mjuno-admin_1  |[0m [36;31m[0 rows affected or returned ][0m 
[36mjuno-admin_1  |[0m 
[36mjuno-admin_1  |[0m [35m(/home/runner/go/pkg/mod/github.com/douyu/jupiter@v0.3.3-0.20210826091832-c7a43d560176/pkg/store/gorm/interceptor.go:120)[0m 
[36mjuno-admin_1  |[0m [33m[2022-10-08 11:27:44][0m  [36;1m[1.27ms][0m  SELECT * FROM `configuration`  WHERE `configuration`.`deleted_at` IS NULL AND ((lock_at is not null and lock_at < '2022-10-08 11:27:38'))  
[36mjuno-admin_1  |[0m [36;31m[0 rows affected or returned ][0m 
[36mjuno-admin_1  |[0m 1665228467	[32mINFO[0m	xcron/config.go:149	cron wake                       	{"aid": "1234567890", "iid": "3dfa3a4ea3049ea77ecf5bcfd59b2055", "mod": "worker.cron", "now": 1665228467}
[36mjuno-admin_1  |[0m 1665228467	[32mINFO[0m	xcron/config.go:149	cron run                        	{"aid": "1234567890", "iid": "3dfa3a4ea3049ea77ecf5bcfd59b2055", "mod": "worker.cron", "now": 1665228467, "entry": 1, "next": 1665228527}
[36mjuno-admin_1  |[0m 
[36mjuno-admin_1  |[0m [35m(/home/runner/go/pkg/mod/github.com/douyu/jupiter@v0.3.3-0.20210826091832-c7a43d560176/pkg/store/gorm/interceptor.go:120)[0m 
[36mjuno-admin_1  |[0m [33m[2022-10-08 11:27:47][0m  [36;1m[0.83ms][0m  SELECT * FROM `proxy_manage`  WHERE (delete_time = 0)  
[36mjuno-admin_1  |[0m [36;31m[0 rows affected or returned ][0m 
[36mjuno-admin_1  |[0m 1665228467	[32mINFO[0m	xcron/config.go:217	run                             	{"aid": "1234567890", "iid": "3dfa3a4ea3049ea77ecf5bcfd59b2055", "mod": "worker.cron", "name": "github.com/douyu/juno/internal/pkg/service/proxyintegrat.RefreshProxyConfig"}
[36mjuno-admin_1  |[0m 
[36mjuno-admin_1  |[0m [35m(/home/runner/go/pkg/mod/github.com/douyu/jupiter@v0.3.3-0.20210826091832-c7a43d560176/pkg/store/gorm/interceptor.go:120)[0m 
[36mjuno-admin_1  |[0m [33m[2022-10-08 11:27:47][0m  [36;1m[0.96ms][0m  SELECT * FROM `system_config`    
[36mjuno-admin_1  |[0m [36;31m[3 rows affected or returned ][0m 
[36mjuno-admin_1  |[0m 
[36mjuno-admin_1  |[0m [35m(/home/runner/go/pkg/mod/github.com/douyu/jupiter@v0.3.3-0.20210826091832-c7a43d560176/pkg/store/gorm/interceptor.go:120)[0m 
[36mjuno-admin_1  |[0m [33m[2022-10-08 11:27:47][0m  [36;1m[1.42ms][0m  SELECT * FROM `test_pipeline_task`  WHERE `test_pipeline_task`.`deleted_at` IS NULL AND ((status = 'running') AND (updated_at < '2022-10-08 10:57:47'))  
[36mjuno-admin_1  |[0m [36;31m[0 rows affected or returned ][0m 
[36mjuno-admin_1  |[0m 
[36mjuno-admin_1  |[0m [35m(/home/runner/go/pkg/mod/github.com/douyu/jupiter@v0.3.3-0.20210826091832-c7a43d560176/pkg/store/gorm/interceptor.go:120)[0m 
[36mjuno-admin_1  |[0m [33m[2022-10-08 11:27:47][0m  [36;1m[1.53ms][0m  SELECT * FROM `worker_node`  WHERE `worker_node`.`deleted_at` IS NULL AND ((last_heartbeat >= '2022-10-08 11:27:47'))  
[36mjuno-admin_1  |[0m [36;31m[0 rows affected or returned ][0m 
[36mjuno-admin_1  |[0m 
[36mjuno-admin_1  |[0m [35m(/home/runner/go/pkg/mod/github.com/douyu/jupiter@v0.3.3-0.20210826091832-c7a43d560176/pkg/store/gorm/interceptor.go:120)[0m 
[36mjuno-admin_1  |[0m [33m[2022-10-08 11:27:47][0m  [36;1m[1.36ms][0m  SELECT * FROM `configuration`  WHERE `configuration`.`deleted_at` IS NULL AND ((lock_at is not null and lock_at < '2022-10-08 11:27:41'))  
[36mjuno-admin_1  |[0m [36;31m[0 rows affected or returned ][0m 
[36mjuno-admin_1  |[0m 
[36mjuno-admin_1  |[0m [35m(/home/runner/go/pkg/mod/github.com/douyu/jupiter@v0.3.3-0.20210826091832-c7a43d560176/pkg/store/gorm/interceptor.go:120)[0m 
[36mjuno-admin_1  |[0m [33m[2022-10-08 11:27:50][0m  [36;1m[1.46ms][0m  SELECT * FROM `configuration`  WHERE `configuration`.`deleted_at` IS NULL AND ((lock_at is not null and lock_at < '2022-10-08 11:27:44'))  
[36mjuno-admin_1  |[0m [36;31m[0 rows affected or returned ][0m 
[36mjuno-admin_1  |[0m 
[36mjuno-admin_1  |[0m [35m(/home/runner/go/pkg/mod/github.com/douyu/jupiter@v0.3.3-0.20210826091832-c7a43d560176/pkg/store/gorm/interceptor.go:120)[0m 
[36mjuno-admin_1  |[0m [33m[2022-10-08 11:27:53][0m  [36;1m[1.32ms][0m  SELECT * FROM `configuration`  WHERE `configuration`.`deleted_at` IS NULL AND ((lock_at is not null and lock_at < '2022-10-08 11:27:47'))  
[36mjuno-admin_1  |[0m [36;31m[0 rows affected or returned ][0m 
[36mjuno-admin_1  |[0m 
[36mjuno-admin_1  |[0m [35m(/home/runner/go/pkg/mod/github.com/douyu/jupiter@v0.3.3-0.20210826091832-c7a43d560176/pkg/store/gorm/interceptor.go:120)[0m 
[36mjuno-admin_1  |[0m [33m[2022-10-08 11:27:56][0m  [36;1m[1.48ms][0m  SELECT * FROM `configuration`  WHERE `configuration`.`deleted_at` IS NULL AND ((lock_at is not null and lock_at < '2022-10-08 11:27:50'))  
[36mjuno-admin_1  |[0m [36;31m[0 rows affected or returned ][0m 
[36mjuno-admin_1  |[0m 
[36mjuno-admin_1  |[0m [35m(/home/runner/go/pkg/mod/github.com/douyu/jupiter@v0.3.3-0.20210826091832-c7a43d560176/pkg/store/gorm/interceptor.go:120)[0m 
[36mjuno-admin_1  |[0m [33m[2022-10-08 11:27:57][0m  [36;1m[1.46ms][0m  SELECT * FROM `worker_node`  WHERE `worker_node`.`deleted_at` IS NULL AND ((last_heartbeat >= '2022-10-08 11:27:57'))  
[36mjuno-admin_1  |[0m [36;31m[0 rows affected or returned ][0m 
[36mjuno-admin_1  |[0m 
[36mjuno-admin_1  |[0m [35m(/home/runner/go/pkg/mod/github.com/douyu/jupiter@v0.3.3-0.20210826091832-c7a43d560176/pkg/store/gorm/interceptor.go:120)[0m 
[36mjuno-admin_1  |[0m [33m[2022-10-08 11:27:59][0m  [36;1m[1.34ms][0m  SELECT * FROM `configuration`  WHERE `configuration`.`deleted_at` IS NULL AND ((lock_at is not null and lock_at < '2022-10-08 11:27:53'))  
[36mjuno-admin_1  |[0m [36;31m[0 rows affected or returned ][0m 
[36mjuno-admin_1  |[0m 
[36mjuno-admin_1  |[0m [35m(/home/runner/go/pkg/mod/github.com/douyu/jupiter@v0.3.3-0.20210826091832-c7a43d560176/pkg/store/gorm/interceptor.go:120)[0m 
[36mjuno-admin_1  |[0m [33m[2022-10-08 11:28:02][0m  [36;1m[1.38ms][0m  SELECT * FROM `configuration`  WHERE `configuration`.`deleted_at` IS NULL AND ((lock_at is not null and lock_at < '2022-10-08 11:27:56'))  
[36mjuno-admin_1  |[0m [36;31m[0 rows affected or returned ][0m 
[36mjuno-admin_1  |[0m 
[36mjuno-admin_1  |[0m [35m(/home/runner/go/pkg/mod/github.com/douyu/jupiter@v0.3.3-0.20210826091832-c7a43d560176/pkg/store/gorm/interceptor.go:120)[0m 
[36mjuno-admin_1  |[0m [33m[2022-10-08 11:28:05][0m  [36;1m[1.44ms][0m  SELECT * FROM `configuration`  WHERE `configuration`.`deleted_at` IS NULL AND ((lock_at is not null and lock_at < '2022-10-08 11:27:59'))  
[36mjuno-admin_1  |[0m [36;31m[0 rows affected or returned ][0m 
[36mjuno-admin_1  |[0m 
[36mjuno-admin_1  |[0m [35m(/home/runner/go/pkg/mod/github.com/douyu/jupiter@v0.3.3-0.20210826091832-c7a43d560176/pkg/store/gorm/interceptor.go:120)[0m 
[36mjuno-admin_1  |[0m [33m[2022-10-08 11:28:07][0m  [36;1m[1.52ms][0m  SELECT * FROM `worker_node`  WHERE `worker_node`.`deleted_at` IS NULL AND ((last_heartbeat >= '2022-10-08 11:28:07'))  
[36mjuno-admin_1  |[0m [36;31m[0 rows affected or returned ][0m 
[36mjuno-admin_1  |[0m 
[36mjuno-admin_1  |[0m [35m(/home/runner/go/pkg/mod/github.com/douyu/jupiter@v0.3.3-0.20210826091832-c7a43d560176/pkg/store/gorm/interceptor.go:120)[0m 
[36mjuno-admin_1  |[0m [33m[2022-10-08 11:28:08][0m  [36;1m[1.30ms][0m  SELECT * FROM `configuration`  WHERE `configuration`.`deleted_at` IS NULL AND ((lock_at is not null and lock_at < '2022-10-08 11:28:02'))  
[36mjuno-admin_1  |[0m [36;31m[0 rows affected or returned ][0m 
[36mjuno-admin_1  |[0m 
[36mjuno-admin_1  |[0m [35m(/home/runner/go/pkg/mod/github.com/douyu/jupiter@v0.3.3-0.20210826091832-c7a43d560176/pkg/store/gorm/interceptor.go:120)[0m 
[36mjuno-admin_1  |[0m [33m[2022-10-08 11:28:11][0m  [36;1m[1.35ms][0m  SELECT * FROM `configuration`  WHERE `configuration`.`deleted_at` IS NULL AND ((lock_at is not null and lock_at < '2022-10-08 11:28:05'))  
[36mjuno-admin_1  |[0m [36;31m[0 rows affected or returned ][0m 
[36mjuno-admin_1  |[0m 
[36mjuno-admin_1  |[0m [35m(/home/runner/go/pkg/mod/github.com/douyu/jupiter@v0.3.3-0.20210826091832-c7a43d560176/pkg/store/gorm/interceptor.go:120)[0m 
[36mjuno-admin_1  |[0m [33m[2022-10-08 11:28:14][0m  [36;1m[1.27ms][0m  SELECT * FROM `configuration`  WHERE `configuration`.`deleted_at` IS NULL AND ((lock_at is not null and lock_at < '2022-10-08 11:28:08'))  
[36mjuno-admin_1  |[0m [36;31m[0 rows affected or returned ][0m 
[36mjuno-admin_1  |[0m 
[36mjuno-admin_1  |[0m [35m(/home/runner/go/pkg/mod/github.com/douyu/jupiter@v0.3.3-0.20210826091832-c7a43d560176/pkg/store/gorm/interceptor.go:120)[0m 
[36mjuno-admin_1  |[0m [33m[2022-10-08 11:28:17][0m  [36;1m[0.92ms][0m  SELECT * FROM `system_config`    
[36mjuno-admin_1  |[0m [36;31m[3 rows affected or returned ][0m 
[36mjuno-admin_1  |[0m 
[36mjuno-admin_1  |[0m [35m(/home/runner/go/pkg/mod/github.com/douyu/jupiter@v0.3.3-0.20210826091832-c7a43d560176/pkg/store/gorm/interceptor.go:120)[0m 
[36mjuno-admin_1  |[0m [33m[2022-10-08 11:28:17][0m  [36;1m[1.36ms][0m  SELECT * FROM `test_pipeline_task`  WHERE `test_pipeline_task`.`deleted_at` IS NULL AND ((status = 'running') AND (updated_at < '2022-10-08 10:58:17'))  
[36mjuno-admin_1  |[0m [36;31m[0 rows affected or returned ][0m 
[36mjuno-admin_1  |[0m 
[36mjuno-admin_1  |[0m [35m(/home/runner/go/pkg/mod/github.com/douyu/jupiter@v0.3.3-0.20210826091832-c7a43d560176/pkg/store/gorm/interceptor.go:120)[0m 
[36mjuno-admin_1  |[0m [33m[2022-10-08 11:28:17][0m  [36;1m[1.41ms][0m  SELECT * FROM `worker_node`  WHERE `worker_node`.`deleted_at` IS NULL AND ((last_heartbeat >= '2022-10-08 11:28:17'))  
[36mjuno-admin_1  |[0m [36;31m[0 rows affected or returned ][0m 
[36mjuno-admin_1  |[0m 
[36mjuno-admin_1  |[0m [35m(/home/runner/go/pkg/mod/github.com/douyu/jupiter@v0.3.3-0.20210826091832-c7a43d560176/pkg/store/gorm/interceptor.go:120)[0m 
[36mjuno-admin_1  |[0m [33m[2022-10-08 11:28:17][0m  [36;1m[1.22ms][0m  SELECT * FROM `configuration`  WHERE `configuration`.`deleted_at` IS NULL AND ((lock_at is not null and lock_at < '2022-10-08 11:28:11'))  
[36mjuno-admin_1  |[0m [36;31m[0 rows affected or returned ][0m 
[36mjuno-admin_1  |[0m 
[36mjuno-admin_1  |[0m [35m(/home/runner/go/pkg/mod/github.com/douyu/jupiter@v0.3.3-0.20210826091832-c7a43d560176/pkg/store/gorm/interceptor.go:120)[0m 
[36mjuno-admin_1  |[0m [33m[2022-10-08 11:28:20][0m  [36;1m[1.30ms][0m  SELECT * FROM `configuration`  WHERE `configuration`.`deleted_at` IS NULL AND ((lock_at is not null and lock_at < '2022-10-08 11:28:14'))  
[36mjuno-admin_1  |[0m [36;31m[0 rows affected or returned ][0m 
[36mjuno-admin_1  |[0m 
[36mjuno-admin_1  |[0m [35m(/home/runner/go/pkg/mod/github.com/douyu/jupiter@v0.3.3-0.20210826091832-c7a43d560176/pkg/store/gorm/interceptor.go:120)[0m 
[36mjuno-admin_1  |[0m [33m[2022-10-08 11:28:23][0m  [36;1m[0.88ms][0m  SELECT * FROM `configuration`  WHERE `configuration`.`deleted_at` IS NULL AND ((lock_at is not null and lock_at < '2022-10-08 11:28:17'))  
[36mjuno-admin_1  |[0m [36;31m[0 rows affected or returned ][0m 
[36mjuno-admin_1  |[0m 
[36mjuno-admin_1  |[0m [35m(/home/runner/go/pkg/mod/github.com/douyu/jupiter@v0.3.3-0.20210826091832-c7a43d560176/pkg/store/gorm/interceptor.go:120)[0m 
[36mjuno-admin_1  |[0m [33m[2022-10-08 11:28:26][0m  [36;1m[1.30ms][0m  SELECT * FROM `configuration`  WHERE `configuration`.`deleted_at` IS NULL AND ((lock_at is not null and lock_at < '2022-10-08 11:28:20'))  
[36mjuno-admin_1  |[0m [36;31m[0 rows affected or returned ][0m 
[36mjuno-admin_1  |[0m 
[36mjuno-admin_1  |[0m [35m(/home/runner/go/pkg/mod/github.com/douyu/jupiter@v0.3.3-0.20210826091832-c7a43d560176/pkg/store/gorm/interceptor.go:120)[0m 
[36mjuno-admin_1  |[0m [33m[2022-10-08 11:28:27][0m  [36;1m[1.43ms][0m  SELECT * FROM `worker_node`  WHERE `worker_node`.`deleted_at` IS NULL AND ((last_heartbeat >= '2022-10-08 11:28:27'))  
[36mjuno-admin_1  |[0m [36;31m[0 rows affected or returned ][0m 
[36mjuno-admin_1  |[0m 
[36mjuno-admin_1  |[0m [35m(/home/runner/go/pkg/mod/github.com/douyu/jupiter@v0.3.3-0.20210826091832-c7a43d560176/pkg/store/gorm/interceptor.go:120)[0m 
[36mjuno-admin_1  |[0m [33m[2022-10-08 11:28:29][0m  [36;1m[1.40ms][0m  SELECT * FROM `configuration`  WHERE `configuration`.`deleted_at` IS NULL AND ((lock_at is not null and lock_at < '2022-10-08 11:28:23'))  
[36mjuno-admin_1  |[0m [36;31m[0 rows affected or returned ][0m 
[36mjuno-admin_1  |[0m 
[36mjuno-admin_1  |[0m [35m(/home/runner/go/pkg/mod/github.com/douyu/jupiter@v0.3.3-0.20210826091832-c7a43d560176/pkg/store/gorm/interceptor.go:120)[0m 
[36mjuno-admin_1  |[0m [33m[2022-10-08 11:28:32][0m  [36;1m[1.25ms][0m  SELECT * FROM `configuration`  WHERE `configuration`.`deleted_at` IS NULL AND ((lock_at is not null and lock_at < '2022-10-08 11:28:26'))  
[36mjuno-admin_1  |[0m [36;31m[0 rows affected or returned ][0m 
[36mjuno-admin_1  |[0m 
[36mjuno-admin_1  |[0m [35m(/home/runner/go/pkg/mod/github.com/douyu/jupiter@v0.3.3-0.20210826091832-c7a43d560176/pkg/store/gorm/interceptor.go:120)[0m 
[36mjuno-admin_1  |[0m [33m[2022-10-08 11:28:35][0m  [36;1m[1.31ms][0m  SELECT * FROM `configuration`  WHERE `configuration`.`deleted_at` IS NULL AND ((lock_at is not null and lock_at < '2022-10-08 11:28:29'))  
[36mjuno-admin_1  |[0m [36;31m[0 rows affected or returned ][0m 
[36mjuno-admin_1  |[0m 
[36mjuno-admin_1  |[0m [35m(/home/runner/go/pkg/mod/github.com/douyu/jupiter@v0.3.3-0.20210826091832-c7a43d560176/pkg/store/gorm/interceptor.go:120)[0m 
[36mjuno-admin_1  |[0m [33m[2022-10-08 11:28:37][0m  [36;1m[1.61ms][0m  SELECT * FROM `worker_node`  WHERE `worker_node`.`deleted_at` IS NULL AND ((last_heartbeat >= '2022-10-08 11:28:37'))  
[36mjuno-admin_1  |[0m [36;31m[0 rows affected or returned ][0m 
[36mjuno-admin_1  |[0m 
[36mjuno-admin_1  |[0m [35m(/home/runner/go/pkg/mod/github.com/douyu/jupiter@v0.3.3-0.20210826091832-c7a43d560176/pkg/store/gorm/interceptor.go:120)[0m 
[36mjuno-admin_1  |[0m [33m[2022-10-08 11:28:38][0m  [36;1m[1.45ms][0m  SELECT * FROM `configuration`  WHERE `configuration`.`deleted_at` IS NULL AND ((lock_at is not null and lock_at < '2022-10-08 11:28:32'))  
[36mjuno-admin_1  |[0m [36;31m[0 rows affected or returned ][0m 
[36mjuno-admin_1  |[0m 
[36mjuno-admin_1  |[0m [35m(/home/runner/go/pkg/mod/github.com/douyu/jupiter@v0.3.3-0.20210826091832-c7a43d560176/pkg/store/gorm/interceptor.go:120)[0m 
[36mjuno-admin_1  |[0m [33m[2022-10-08 11:28:41][0m  [36;1m[1.38ms][0m  SELECT * FROM `configuration`  WHERE `configuration`.`deleted_at` IS NULL AND ((lock_at is not null and lock_at < '2022-10-08 11:28:35'))  
[36mjuno-admin_1  |[0m [36;31m[0 rows affected or returned ][0m 
[36mjuno-admin_1  |[0m 
[36mjuno-admin_1  |[0m [35m(/home/runner/go/pkg/mod/github.com/douyu/jupiter@v0.3.3-0.20210826091832-c7a43d560176/pkg/store/gorm/interceptor.go:120)[0m 
[36mjuno-admin_1  |[0m [33m[2022-10-08 11:28:44][0m  [36;1m[1.44ms][0m  SELECT * FROM `configuration`  WHERE `configuration`.`deleted_at` IS NULL AND ((lock_at is not null and lock_at < '2022-10-08 11:28:38'))  
[36mjuno-admin_1  |[0m [36;31m[0 rows affected or returned ][0m 
[36mjuno-admin_1  |[0m 1665228527	[32mINFO[0m	xcron/config.go:149	cron wake                       	{"aid": "1234567890", "iid": "3dfa3a4ea3049ea77ecf5bcfd59b2055", "mod": "worker.cron", "now": 1665228527}
[36mjuno-admin_1  |[0m 1665228527	[32mINFO[0m	xcron/config.go:149	cron run                        	{"aid": "1234567890", "iid": "3dfa3a4ea3049ea77ecf5bcfd59b2055", "mod": "worker.cron", "now": 1665228527, "entry": 1, "next": 1665228587}
[36mjuno-admin_1  |[0m 
[36mjuno-admin_1  |[0m [35m(/home/runner/go/pkg/mod/github.com/douyu/jupiter@v0.3.3-0.20210826091832-c7a43d560176/pkg/store/gorm/interceptor.go:120)[0m 
[36mjuno-admin_1  |[0m [33m[2022-10-08 11:28:47][0m  [36;1m[4.44ms][0m  SELECT * FROM `proxy_manage`  WHERE (delete_time = 0)  
[36mjuno-admin_1  |[0m [36;31m[0 rows affected or returned ][0m 
[36mjuno-admin_1  |[0m 1665228527	[32mINFO[0m	xcron/config.go:217	run                             	{"aid": "1234567890", "iid": "3dfa3a4ea3049ea77ecf5bcfd59b2055", "mod": "worker.cron", "name": "github.com/douyu/juno/internal/pkg/service/proxyintegrat.RefreshProxyConfig"}
[36mjuno-admin_1  |[0m 
[36mjuno-admin_1  |[0m [35m(/home/runner/go/pkg/mod/github.com/douyu/jupiter@v0.3.3-0.20210826091832-c7a43d560176/pkg/store/gorm/interceptor.go:120)[0m 
[36mjuno-admin_1  |[0m [33m[2022-10-08 11:28:47][0m  [36;1m[1.52ms][0m  SELECT * FROM `system_config`    
[36mjuno-admin_1  |[0m [36;31m[3 rows affected or returned ][0m 
[36mjuno-admin_1  |[0m 
[36mjuno-admin_1  |[0m [35m(/home/runner/go/pkg/mod/github.com/douyu/jupiter@v0.3.3-0.20210826091832-c7a43d560176/pkg/store/gorm/interceptor.go:120)[0m 
[36mjuno-admin_1  |[0m [33m[2022-10-08 11:28:47][0m  [36;1m[1.65ms][0m  SELECT * FROM `test_pipeline_task`  WHERE `test_pipeline_task`.`deleted_at` IS NULL AND ((status = 'running') AND (updated_at < '2022-10-08 10:58:47'))  
[36mjuno-admin_1  |[0m [36;31m[0 rows affected or returned ][0m 
[36mjuno-admin_1  |[0m 
[36mjuno-admin_1  |[0m [35m(/home/runner/go/pkg/mod/github.com/douyu/jupiter@v0.3.3-0.20210826091832-c7a43d560176/pkg/store/gorm/interceptor.go:120)[0m 
[36mjuno-admin_1  |[0m [33m[2022-10-08 11:28:47][0m  [36;1m[1.57ms][0m  SELECT * FROM `worker_node`  WHERE `worker_node`.`deleted_at` IS NULL AND ((last_heartbeat >= '2022-10-08 11:28:47'))  
[36mjuno-admin_1  |[0m [36;31m[0 rows affected or returned ][0m 
[36mjuno-admin_1  |[0m 
[36mjuno-admin_1  |[0m [35m(/home/runner/go/pkg/mod/github.com/douyu/jupiter@v0.3.3-0.20210826091832-c7a43d560176/pkg/store/gorm/interceptor.go:120)[0m 
[36mjuno-admin_1  |[0m [33m[2022-10-08 11:28:47][0m  [36;1m[1.34ms][0m  SELECT * FROM `configuration`  WHERE `configuration`.`deleted_at` IS NULL AND ((lock_at is not null and lock_at < '2022-10-08 11:28:41'))  
[36mjuno-admin_1  |[0m [36;31m[0 rows affected or returned ][0m 
[36mjuno-admin_1  |[0m 
[36mjuno-admin_1  |[0m [35m(/home/runner/go/pkg/mod/github.com/douyu/jupiter@v0.3.3-0.20210826091832-c7a43d560176/pkg/store/gorm/interceptor.go:120)[0m 
[36mjuno-admin_1  |[0m [33m[2022-10-08 11:28:50][0m  [36;1m[0.51ms][0m  SELECT * FROM `configuration`  WHERE `configuration`.`deleted_at` IS NULL AND ((lock_at is not null and lock_at < '2022-10-08 11:28:44'))  
[36mjuno-admin_1  |[0m [36;31m[0 rows affected or returned ][0m 
[36mjuno-admin_1  |[0m 
[36mjuno-admin_1  |[0m [35m(/home/runner/go/pkg/mod/github.com/douyu/jupiter@v0.3.3-0.20210826091832-c7a43d560176/pkg/store/gorm/interceptor.go:120)[0m 
[36mjuno-admin_1  |[0m [33m[2022-10-08 11:28:53][0m  [36;1m[1.36ms][0m  SELECT * FROM `configuration`  WHERE `configuration`.`deleted_at` IS NULL AND ((lock_at is not null and lock_at < '2022-10-08 11:28:47'))  
[36mjuno-admin_1  |[0m [36;31m[0 rows affected or returned ][0m 
[36mjuno-admin_1  |[0m 
[36mjuno-admin_1  |[0m [35m(/home/runner/go/pkg/mod/github.com/douyu/jupiter@v0.3.3-0.20210826091832-c7a43d560176/pkg/store/gorm/interceptor.go:120)[0m 
[36mjuno-admin_1  |[0m [33m[2022-10-08 11:28:56][0m  [36;1m[1.40ms][0m  SELECT * FROM `configuration`  WHERE `configuration`.`deleted_at` IS NULL AND ((lock_at is not null and lock_at < '2022-10-08 11:28:50'))  
[36mjuno-admin_1  |[0m [36;31m[0 rows affected or returned ][0m 
[36mjuno-admin_1  |[0m 
[36mjuno-admin_1  |[0m [35m(/home/runner/go/pkg/mod/github.com/douyu/jupiter@v0.3.3-0.20210826091832-c7a43d560176/pkg/store/gorm/interceptor.go:120)[0m 
[36mjuno-admin_1  |[0m [33m[2022-10-08 11:28:57][0m  [36;1m[1.61ms][0m  SELECT * FROM `worker_node`  WHERE `worker_node`.`deleted_at` IS NULL AND ((last_heartbeat >= '2022-10-08 11:28:57'))  
[36mjuno-admin_1  |[0m [36;31m[0 rows affected or returned ][0m 
